[INFO] [1790745572.029171195] [exploration]: 探索节点已启动
[INFO] [1790745572.053492886] [exploration]: v=+0.20 w=+0.00 | 直行 d=1.70
[INFO] [1790745572.153198680] [exploration]: v=+0.20 w=+0.00 | 直行 d=1.68
[INFO] [1790745572.353405643] [exploration]: v=+0.20 w=+0.00 | 直行 d=1.67
[INFO] [1790745572.453418556] [exploration]: v=+0.20 w=+0.00 | 直行 d=1.66
[INFO] [1790745572.655526364] [exploration]: v=+0.20 w=+0.00 | 直行 d=1.61
[INFO] [1790745572.755121925] [exploration]: v=+0.20 w=+0.00 | 直行 d=1.64
[INFO] [1790745572.857364431] [exploration]: v=+0.20 w=+0.00 | 直行 d=1.61
[INFO] [1790745572.956565242] [exploration]: v=+0.20 w=+0.00 | 直行 d=1.59
[INFO] [1790745573.057950225] [exploration]: v=+0.20 w=+0.00 | 直行 d=1.60
[INFO] [1790745573.158539362] [exploration]: v=+0.20 w=+0.00 | 直行 d=1.58
[INFO] [1790745573.258021740] [exploration]: v=+0.20 w=+0.00 | 直行 d=1.55
[INFO] [1790745573.358717404] [exploration]: v=+0.20 w=+0.00 | 直行 d=1.59
[INFO] [1790745573.457915156] [exploration]: v=+0.20 w=+0.00 | 直行 d=1.57
[INFO] [1790745573.557638634] [exploration]: v=+0.20 w=+0.00 | 直行 d=1.56
[INFO] [1790745573.657966053] [exploration]: v=+0.20 w=+0.00 | 直行 d=1.54
[INFO] [1790745573.857765403] [exploration]: v=+0.20 w=+0.00 | 直行 d=1.52
[INFO] [1790745573.957923167] [exploration]: v=+0.20 w=+0.00 | 直行 d=1.53
[INFO] [1790745574.058598210] [exploration]: v=+0.20 w=+0.00 | 直行 d=1.50
[INFO] [1790745574.157715087] [exploration]: v=+0.20 w=+0.00 | 直行 d=1.47
[INFO] [1790745574.257841855] [exploration]: v=+0.20 w=+0.00 | 直行 d=1.46
[INFO] [1790745574.458796322] [exploration]: v=+0.20 w=+0.00 | 直行 d=1.43
[INFO] [1790745574.560194715] [exploration]: v=+0.20 w=+0.00 | 直行 d=1.42
[INFO] [1790745574.659104660] [exploration]: v=+0.20 w=+0.00 | 直行 d=1.43
[INFO] [1790745574.759206677] [exploration]: v=+0.20 w=+0.00 | 直行 d=1.40
[INFO] [1790745574.859714483] [exploration]: v=+0.20 w=+0.00 | 直行 d=1.39
[INFO] [1790745574.960177051] [exploration]: v=+0.20 w=+0.00 | 直行 d=1.38
[INFO] [1790745575.059446048] [exploration]: v=+0.20 w=+0.00 | 直行 d=1.37
[INFO] [1790745575.159564954] [exploration]: v=+0.20 w=+0.00 | 直行 d=1.34
[INFO] [1790745575.360759013] [exploration]: v=+0.20 w=+0.00 | 直行 d=1.30
[INFO] [1790745575.661514308] [exploration]: v=+0.20 w=+0.00 | 直行 d=1.27
[INFO] [1790745575.861996612] [exploration]: v=+0.20 w=+0.00 | 直行 d=1.26
[INFO] [1790745576.060286281] [exploration]: v=+0.20 w=+0.00 | 直行 d=1.21
[INFO] [1790745576.160841009] [exploration]: v=+0.20 w=+0.00 | 直行 d=1.19
[INFO] [1790745576.362068514] [exploration]: v=+0.20 w=+0.00 | 直行 d=1.18
[INFO] [1790745576.462716931] [exploration]: v=+0.20 w=+0.00 | 直行 d=1.17
[INFO] [1790745576.562702825] [exploration]: v=+0.20 w=+0.00 | 直行 d=1.16
[INFO] [1790745576.661859482] [exploration]: v=+0.20 w=+0.00 | 直行 d=1.13
[INFO] [1790745576.762676646] [exploration]: v=+0.20 w=+0.00 | 直行 d=1.12
[INFO] [1790745576.963327512] [exploration]: v=+0.20 w=+0.00 | 直行 d=1.10
[INFO] [1790745577.063631764] [exploration]: v=+0.20 w=+0.00 | 直行 d=1.08
[INFO] [1790745577.163480759] [exploration]: v=+0.20 w=+0.00 | 直行 d=1.07
[INFO] [1790745577.264897570] [exploration]: v=+0.20 w=+0.00 | 直行 d=1.05
[INFO] [1790745577.363193729] [exploration]: v=+0.20 w=+0.00 | 直行 d=1.06
[INFO] [1790745577.463338634] [exploration]: v=+0.20 w=+0.00 | 直行 d=1.04
[INFO] [1790745577.564379794] [exploration]: v=+0.20 w=+0.00 | 直行 d=1.03
[INFO] [1790745577.664573891] [exploration]: v=+0.20 w=+0.00 | 直行 d=1.00
[INFO] [1790745577.764159067] [exploration]: v=+0.20 w=+0.00 | 直行 d=0.99
[INFO] [1790745577.864139613] [exploration]: v=+0.20 w=+0.00 | 直行 d=0.97
[INFO] [1790745578.063771158] [exploration]: v=+0.20 w=+0.00 | 直行 d=0.94
[INFO] [1790745578.164400477] [exploration]: v=+0.20 w=+0.00 | 直行 d=0.93
[INFO] [1790745578.264689628] [exploration]: v=+0.20 w=+0.00 | 直行 d=0.92
[INFO] [1790745578.464501862] [exploration]: v=+0.20 w=+0.00 | 直行 d=0.89
[INFO] [1790745578.565799974] [exploration]: v=+0.20 w=+0.00 | 直行 d=0.87
[INFO] [1790745578.664307744] [exploration]: v=+0.20 w=+0.00 | 直行 d=0.89
[INFO] [1790745578.764132336] [exploration]: v=+0.20 w=+0.00 | 直行 d=0.86
[INFO] [1790745578.863943075] [exploration]: v=+0.20 w=+0.00 | 直行 d=0.84
[INFO] [1790745578.964645566] [exploration]: v=+0.20 w=+0.00 | 直行 d=0.82
[INFO] [1790745579.164772389] [exploration]: v=+0.20 w=+0.00 | 直行 d=0.81
[INFO] [1790745579.267862480] [exploration]: v=+0.08 w=+0.00 | 减速 d=0.78
[INFO] [1790745579.367486736] [exploration]: v=+0.00 w=+0.50 | 转向，由于危险 d=0.13
[INFO] [1790745579.465526881] [exploration]: v=+0.00 w=+0.50 | 转向中 front=0.14 目标>0.8
[INFO] [1790745579.565678892] [exploration]: v=+0.00 w=+0.50 | 转向中 front=0.13 目标>0.8
[INFO] [1790745579.665764878] [exploration]: v=+0.00 w=+0.50 | 转向中 front=0.15 目标>0.8
[INFO] [1790745579.765867534] [exploration]: v=+0.00 w=+0.50 | 转向中 front=0.16 目标>0.8
[INFO] [1790745579.865671987] [exploration]: v=+0.00 w=+0.50 | 转向中 front=0.14 目标>0.8
[INFO] [1790745579.966120792] [exploration]: v=+0.00 w=+0.50 | 转向中 front=0.13 目标>0.8
[INFO] [1790745580.066218848] [exploration]: v=+0.00 w=+0.00 | 转向完成，停稳 front=1.42
[INFO] [1790745580.165553213] [exploration]: v=+0.20 w=+0.00 | 直行 d=1.42
[INFO] [1790745580.266848637] [exploration]: v=+0.20 w=+0.00 | 直行 d=1.41
[INFO] [1790745580.367232693] [exploration]: v=+0.20 w=+0.00 | 直行 d=1.40
[INFO] [1790745580.466992731] [exploration]: v=+0.20 w=+0.00 | 直行 d=1.38
[INFO] [1790745580.667382806] [exploration]: v=+0.20 w=+0.00 | 直行 d=1.37
[INFO] [1790745580.867498843] [exploration]: v=+0.20 w=+0.00 | 直行 d=1.33
[INFO] [1790745580.966700746] [exploration]: v=+0.20 w=+0.00 | 直行 d=1.34
[INFO] [1790745581.068624528] [exploration]: v=+0.20 w=+0.00 | 直行 d=1.36
[INFO] [1790745581.167947495] [exploration]: v=+0.20 w=+0.00 | 直行 d=1.32
[INFO] [1790745581.268356367] [exploration]: v=+0.20 w=+0.00 | 直行 d=1.40
[INFO] [1790745581.569163269] [exploration]: v=+0.20 w=+0.00 | 直行 d=1.38
[INFO] [1790745581.670124276] [exploration]: v=+0.20 w=+0.00 | 直行 d=1.41
[INFO] [1790745581.769356688] [exploration]: v=+0.20 w=+0.00 | 直行 d=1.48
[INFO] [1790745581.868957653] [exploration]: v=+0.20 w=+0.00 | 直行 d=1.47
[INFO] [1790745582.069514118] [exploration]: v=+0.20 w=+0.00 | 直行 d=1.48
[INFO] [1790745582.168260265] [exploration]: v=+0.20 w=+0.00 | 直行 d=1.58
[INFO] [1790745582.369745535] [exploration]: v=+0.20 w=+0.00 | 直行 d=1.57
[INFO] [1790745582.569325354] [exploration]: v=+0.20 w=+0.00 | 直行 d=1.69
[INFO] [1790745582.669355649] [exploration]: v=+0.20 w=+0.00 | 直行 d=1.67
[INFO] [1790745582.770026907] [exploration]: v=+0.20 w=+0.00 | 直行 d=1.68
[INFO] [1790745582.869823981] [exploration]: v=+0.20 w=+0.00 | 直行 d=1.69
[INFO] [1790745582.970657051] [exploration]: v=+0.20 w=+0.00 | 直行 d=1.67
[INFO] [1790745583.271098681] [exploration]: v=+0.20 w=+0.00 | 直行 d=1.68
[INFO] [1790745583.370698880] [exploration]: v=+0.20 w=+0.00 | 直行 d=1.64
[INFO] [1790745583.471744378] [exploration]: v=+0.20 w=+0.00 | 直行 d=1.65
[INFO] [1790745583.570619213] [exploration]: v=+0.20 w=+0.00 | 直行 d=1.64
[INFO] [1790745583.771711748] [exploration]: v=+0.20 w=+0.00 | 直行 d=1.62
[INFO] [1790745583.872099025] [exploration]: v=+0.20 w=+0.00 | 直行 d=1.61
[INFO] [1790745583.971658775] [exploration]: v=+0.20 w=+0.00 | 直行 d=1.58
[INFO] [1790745584.071654305] [exploration]: v=+0.20 w=+0.00 | 直行 d=1.56
[INFO] [1790745584.171382367] [exploration]: v=+0.20 w=+0.00 | 直行 d=1.54
[INFO] [1790745584.271762366] [exploration]: v=+0.20 w=+0.00 | 直行 d=1.52
[INFO] [1790745584.372669604] [exploration]: v=+0.20 w=+0.00 | 直行 d=1.50
[INFO] [1790745584.473097488] [exploration]: v=+0.20 w=+0.00 | 直行 d=1.49
[INFO] [1790745584.573309999] [exploration]: v=+0.20 w=+0.00 | 直行 d=1.46
[INFO] [1790745584.672784482] [exploration]: v=+0.20 w=+0.00 | 直行 d=1.44
[INFO] [1790745584.773094534] [exploration]: v=+0.20 w=+0.00 | 直行 d=1.43
[INFO] [1790745584.873034663] [exploration]: v=+0.20 w=+0.00 | 直行 d=1.40
[INFO] [1790745584.973193305] [exploration]: v=+0.20 w=+0.00 | 直行 d=1.39
[INFO] [1790745585.073517154] [exploration]: v=+0.20 w=+0.00 | 直行 d=1.36
[INFO] [1790745585.173248002] [exploration]: v=+0.20 w=+0.00 | 直行 d=1.34
[INFO] [1790745585.273945733] [exploration]: v=+0.20 w=+0.00 | 直行 d=1.33
[INFO] [1790745585.373706717] [exploration]: v=+0.20 w=+0.00 | 直行 d=1.30
[INFO] [1790745585.473835487] [exploration]: v=+0.20 w=+0.00 | 直行 d=1.29
[INFO] [1790745585.573447174] [exploration]: v=+0.20 w=+0.00 | 直行 d=1.27
[INFO] [1790745585.673245360] [exploration]: v=+0.20 w=+0.00 | 直行 d=1.25
[INFO] [1790745585.773718767] [exploration]: v=+0.20 w=+0.00 | 直行 d=1.23
[INFO] [1790745585.874026729] [exploration]: v=+0.20 w=+0.00 | 直行 d=1.21
[INFO] [1790745585.974887102] [exploration]: v=+0.20 w=+0.00 | 直行 d=1.19
[INFO] [1790745586.074127934] [exploration]: v=+0.20 w=+0.00 | 直行 d=1.16
[INFO] [1790745586.173477442] [exploration]: v=+0.20 w=+0.00 | 直行 d=1.14
[INFO] [1790745586.274691563] [exploration]: v=+0.20 w=+0.00 | 直行 d=1.13
[INFO] [1790745586.374977476] [exploration]: v=+0.20 w=+0.00 | 直行 d=1.11
[INFO] [1790745586.475799196] [exploration]: v=+0.20 w=+0.00 | 直行 d=1.09
[INFO] [1790745586.575913182] [exploration]: v=+0.20 w=+0.00 | 直行 d=1.07
[INFO] [1790745586.675202708] [exploration]: v=+0.20 w=+0.00 | 直行 d=1.04
[INFO] [1790745586.775536740] [exploration]: v=+0.20 w=+0.00 | 直行 d=1.03
[INFO] [1790745586.874906361] [exploration]: v=+0.20 w=+0.00 | 直行 d=1.01
[INFO] [1790745586.975449945] [exploration]: v=+0.20 w=+0.00 | 直行 d=0.99
[INFO] [1790745587.075050591] [exploration]: v=+0.20 w=+0.00 | 直行 d=0.97
[INFO] [1790745587.176264495] [exploration]: v=+0.20 w=+0.00 | 直行 d=0.95
[INFO] [1790745587.276198532] [exploration]: v=+0.20 w=+0.00 | 直行 d=0.93
[INFO] [1790745587.376396135] [exploration]: v=+0.20 w=+0.00 | 直行 d=0.91
[INFO] [1790745587.477480836] [exploration]: v=+0.20 w=+0.00 | 直行 d=0.88
[INFO] [1790745587.576521811] [exploration]: v=+0.20 w=+0.00 | 直行 d=0.86
[INFO] [1790745587.676719917] [exploration]: v=+0.20 w=+0.00 | 直行 d=0.84
[INFO] [1790745587.777832410] [exploration]: v=+0.20 w=+0.00 | 直行 d=0.83
[INFO] [1790745587.877885365] [exploration]: v=+0.20 w=+0.00 | 直行 d=0.81
[INFO] [1790745587.977249336] [exploration]: v=+0.09 w=+0.00 | 减速 d=0.79
[INFO] [1790745588.076930099] [exploration]: v=+0.00 w=+0.50 | 转向，由于危险 d=0.13
[INFO] [1790745588.178046516] [exploration]: v=+0.00 w=+0.50 | 转向中 front=0.15 目标>0.8
[INFO] [1790745588.277798171] [exploration]: v=+0.00 w=+0.50 | 转向中 front=0.13 目标>0.8
[INFO] [1790745588.378301550] [exploration]: v=+0.00 w=+0.50 | 转向中 front=0.14 目标>0.8
[INFO] [1790745588.478043599] [exploration]: v=+0.00 w=+0.50 | 转向中 front=0.75 目标>0.8
[INFO] [1790745588.578454073] [exploration]: v=+0.00 w=+0.50 | 转向中 front=0.14 目标>0.8
[INFO] [1790745588.778048757] [exploration]: v=+0.00 w=+0.50 | 转向中 front=0.77 目标>0.8
[INFO] [1790745588.879078175] [exploration]: v=+0.00 w=+0.50 | 转向中 front=0.14 目标>0.8
[INFO] [1790745588.978961120] [exploration]: v=+0.00 w=+0.50 | 转向中 front=0.78 目标>0.8
[INFO] [1790745589.079145266] [exploration]: v=+0.00 w=+0.50 | 转向中 front=0.79 目标>0.8
[INFO] [1790745589.280333850] [exploration]: v=+0.00 w=+0.50 | 转向中 front=0.80 目标>0.8
[INFO] [1790745589.379386801] [exploration]: v=+0.00 w=+0.00 | 转向完成，停稳 front=0.82
[INFO] [1790745589.479893275] [exploration]: v=+0.20 w=+0.00 | 直行 d=0.82
[INFO] [1790745589.579484698] [exploration]: v=+0.20 w=+0.00 | 直行 d=0.81
[INFO] [1790745589.679577105] [exploration]: v=+0.20 w=+0.00 | 直行 d=0.80
[INFO] [1790745589.780652755] [exploration]: v=+0.08 w=+0.00 | 减速 d=0.77
[INFO] [1790745589.880308003] [exploration]: v=+0.00 w=+0.50 | 转向，由于危险 d=0.13
[INFO] [1790745589.980692654] [exploration]: v=+0.00 w=+0.50 | 转向中 front=0.13 目标>0.8
[INFO] [1790745590.080099901] [exploration]: v=+0.00 w=+0.50 | 转向中 front=0.14 目标>0.8
[INFO] [1790745590.179892176] [exploration]: v=+0.00 w=+0.50 | 转向中 front=0.78 目标>0.8
[INFO] [1790745590.280144294] [exploration]: v=+0.00 w=+0.50 | 转向中 front=0.13 目标>0.8
[INFO] [1790745590.379224396] [exploration]: v=+0.00 w=+0.00 | 转向完成，停稳 front=0.80
[INFO] [1790745590.480130839] [exploration]: v=+0.20 w=+0.00 | 直行 d=0.84
[INFO] [1790745590.580197203] [exploration]: v=+0.20 w=+0.00 | 直行 d=0.85
[INFO] [1790745590.680916491] [exploration]: v=+0.20 w=+0.00 | 直行 d=0.83
[INFO] [1790745590.780839238] [exploration]: v=+0.20 w=+0.00 | 直行 d=0.82
[INFO] [1790745590.881263950] [exploration]: v=+0.09 w=+0.00 | 减速 d=0.80
[INFO] [1790745590.981026546] [exploration]: v=+0.00 w=+0.50 | 转向，由于危险 d=0.13
[INFO] [1790745591.081286251] [exploration]: v=+0.00 w=+0.50 | 转向中 front=0.15 目标>0.8
[INFO] [1790745591.180993602] [exploration]: v=+0.00 w=+0.50 | 转向中 front=0.80 目标>0.8
[INFO] [1790745591.282028798] [exploration]: v=+0.00 w=+0.50 | 转向中 front=0.14 目标>0.8
[INFO] [1790745591.381362847] [exploration]: v=+0.00 w=+0.00 | 转向完成，停稳 front=0.85
[INFO] [1790745591.481574784] [exploration]: v=+0.00 w=+0.50 | 转向，由于危险 d=0.14
[INFO] [1790745591.582495191] [exploration]: v=+0.00 w=+0.00 | 转向完成，停稳 front=0.87
[INFO] [1790745591.683124548] [exploration]: v=+0.20 w=+0.00 | 直行 d=0.92
[INFO] [1790745591.783712333] [exploration]: v=+0.20 w=+0.00 | 直行 d=0.91
[INFO] [1790745591.982810323] [exploration]: v=+0.20 w=+0.00 | 直行 d=0.90
[INFO] [1790745592.083004488] [exploration]: v=+0.20 w=+0.00 | 直行 d=0.87
[INFO] [1790745592.182662806] [exploration]: v=+0.20 w=+0.00 | 直行 d=0.85
[INFO] [1790745592.283398611] [exploration]: v=+0.20 w=+0.00 | 直行 d=0.84
[INFO] [1790745592.383967172] [exploration]: v=+0.20 w=+0.00 | 直行 d=0.83
[INFO] [1790745592.484012787] [exploration]: v=+0.20 w=+0.00 | 直行 d=0.80
[INFO] [1790745592.584608391] [exploration]: v=+0.08 w=+0.00 | 减速 d=0.78
[INFO] [1790745592.684498234] [exploration]: v=+0.00 w=-0.50 | 转向，由于危险 d=0.40
[INFO] [1790745592.784505523] [exploration]: v=+0.00 w=-0.50 | 转向中 front=0.14 目标>0.8
[INFO] [1790745592.884534706] [exploration]: v=+0.00 w=-0.50 | 转向中 front=0.13 目标>0.8
[INFO] [1790745592.984780765] [exploration]: v=+0.00 w=-0.50 | 转向中 front=0.65 目标>0.8
[INFO] [1790745593.085801250] [exploration]: v=+0.00 w=-0.50 | 转向中 front=0.13 目标>0.8
[INFO] [1790745593.284883706] [exploration]: v=+0.00 w=-0.50 | 转向中 front=0.64 目标>0.8
[INFO] [1790745593.384683141] [exploration]: v=+0.00 w=-0.50 | 转向中 front=0.63 目标>0.8
[INFO] [1790745593.484422702] [exploration]: v=+0.00 w=-0.50 | 转向中 front=0.61 目标>0.8
[INFO] [1790745593.584971281] [exploration]: v=+0.00 w=-0.50 | 转向中 front=0.60 目标>0.8
[INFO] [1790745593.685948833] [exploration]: v=+0.00 w=-0.50 | 转向中 front=0.59 目标>0.8
[INFO] [1790745593.785419438] [exploration]: v=+0.00 w=-0.50 | 转向中 front=0.57 目标>0.8
[INFO] [1790745593.985430183] [exploration]: v=+0.00 w=-0.50 | 转向中 front=0.56 目标>0.8
[INFO] [1790745594.084853516] [exploration]: v=+0.00 w=-0.50 | 转向中 front=0.55 目标>0.8
[INFO] [1790745594.285916444] [exploration]: v=+0.00 w=-0.50 | 转向中 front=0.54 目标>0.8
[INFO] [1790745594.385427075] [exploration]: v=+0.00 w=-0.50 | 转向中 front=0.55 目标>0.8
[INFO] [1790745594.986166950] [exploration]: v=+0.00 w=-0.50 | 转向中 front=0.54 目标>0.8
[INFO] [1790745595.086153144] [exploration]: v=+0.00 w=-0.50 | 转向中 front=0.55 目标>0.8
[INFO] [1790745595.487105214] [exploration]: v=-0.08 w=+0.00 | 卡死：3.0s 内位移 < 0.05m，倒退脱困
[INFO] [1790745595.587938645] [exploration]: v=-0.08 w=+0.00 | 脱困：倒退
[INFO] [1790745597.489310623] [exploration]: v=+0.00 w=+0.00 | 脱困完成，停稳
[INFO] [1790745597.589006977] [exploration]: v=+0.00 w=-0.50 | 转向中 front=0.13 目标>0.8
[INFO] [1790745597.789859375] [exploration]: v=+0.00 w=-0.50 | 转向中 front=0.14 目标>0.8
[INFO] [1790745597.890860826] [exploration]: v=+0.00 w=-0.50 | 转向中 front=0.66 目标>0.8
[INFO] [1790745598.090282136] [exploration]: v=+0.00 w=-0.50 | 转向中 front=0.13 目标>0.8
[INFO] [1790745598.290391214] [exploration]: v=+0.00 w=-0.50 | 转向中 front=0.70 目标>0.8
[INFO] [1790745598.491672191] [exploration]: v=+0.00 w=-0.50 | 转向中 front=0.69 目标>0.8
[INFO] [1790745598.592481804] [exploration]: v=+0.00 w=-0.50 | 转向中 front=0.66 目标>0.8
[INFO] [1790745598.691113598] [exploration]: v=+0.00 w=-0.50 | 转向中 front=0.13 目标>0.8
[INFO] [1790745598.892517773] [exploration]: v=+0.00 w=-0.50 | 转向中 front=0.63 目标>0.8
[INFO] [1790745598.992756194] [exploration]: v=+0.00 w=-0.50 | 转向中 front=0.62 目标>0.8
[INFO] [1790745599.092320274] [exploration]: v=+0.00 w=-0.50 | 转向中 front=0.61 目标>0.8
[INFO] [1790745599.192393797] [exploration]: v=+0.00 w=-0.50 | 转向中 front=0.60 目标>0.8
[INFO] [1790745599.293898709] [exploration]: v=+0.00 w=-0.50 | 转向中 front=0.59 目标>0.8
[INFO] [1790745599.493342023] [exploration]: v=+0.00 w=-0.50 | 转向中 front=0.58 目标>0.8
[INFO] [1790745599.593584542] [exploration]: v=+0.00 w=-0.50 | 转向中 front=0.57 目标>0.8
[INFO] [1790745599.692996411] [exploration]: v=+0.00 w=-0.50 | 转向中 front=0.56 目标>0.8
[INFO] [1790745599.793940327] [exploration]: v=+0.00 w=-0.50 | 转向中 front=0.57 目标>0.8
[INFO] [1790745599.893851184] [exploration]: v=+0.00 w=-0.50 | 转向中 front=0.13 目标>0.8
[INFO] [1790745599.994893058] [exploration]: v=+0.00 w=-0.50 | 转向中 front=0.55 目标>0.8
[INFO] [1790745600.093772509] [exploration]: v=+0.00 w=-0.50 | 转向中 front=0.54 目标>0.8
[INFO] [1790745600.294130580] [exploration]: v=+0.00 w=-0.50 | 转向中 front=0.53 目标>0.8
[INFO] [1790745600.495155483] [exploration]: v=+0.00 w=-0.50 | 转向中 front=0.13 目标>0.8
[INFO] [1790745600.595145868] [exploration]: v=+0.00 w=-0.50 | 转向中 front=0.14 目标>0.8
[INFO] [1790745600.695407913] [exploration]: v=+0.00 w=-0.50 | 转向中 front=0.52 目标>0.8
[INFO] [1790745600.794946652] [exploration]: v=+0.00 w=-0.50 | 转向中 front=0.13 目标>0.8
[INFO] [1790745600.895660828] [exploration]: v=+0.00 w=-0.50 | 转向中 front=0.52 目标>0.8
[INFO] [1790745600.994641940] [exploration]: v=+0.00 w=-0.50 | 转向中 front=0.14 目标>0.8
[INFO] [1790745601.295015610] [exploration]: v=+0.00 w=-0.50 | 转向中 front=0.13 目标>0.8
[INFO] [1790745601.396115833] [exploration]: v=+0.00 w=-0.50 | 转向中 front=0.14 目标>0.8
