[INFO] [1791108433.548633326] [exploration]: 探索节点已启动，转向容差 10°，转向角速度 0.50 rad/s
[INFO] [1791108433.611170926] [exploration]: | 直行 d=1.90
[INFO] [1791108433.712414429] [exploration]: | 直行 d=1.92
[INFO] [1791108433.812156157] [exploration]: | 直行 d=1.90
[INFO] [1791108433.910985181] [exploration]: | 直行 d=1.88
[INFO] [1791108434.010482954] [exploration]: | 直行 d=1.86
[INFO] [1791108434.109901789] [exploration]: | 直行 d=1.84
[INFO] [1791108434.209751172] [exploration]: | 直行 d=1.82
[INFO] [1791108434.309749205] [exploration]: | 直行 d=1.80
[INFO] [1791108434.410188666] [exploration]: | 直行 d=1.78
[INFO] [1791108434.510627855] [exploration]: | 直行 d=1.75
[INFO] [1791108434.611224336] [exploration]: | 直行 d=1.73
[INFO] [1791108434.711638344] [exploration]: | 直行 d=1.72
[INFO] [1791108434.811323177] [exploration]: | 直行 d=1.70
[INFO] [1791108434.912208064] [exploration]: | 直行 d=1.67
[INFO] [1791108435.013244157] [exploration]: | 直行 d=1.66
[INFO] [1791108435.113851643] [exploration]: | 直行 d=1.64
[INFO] [1791108435.213946321] [exploration]: | 直行 d=1.62
[INFO] [1791108435.314319398] [exploration]: | 直行 d=1.59
[INFO] [1791108435.413921261] [exploration]: | 直行 d=1.58
[INFO] [1791108435.513321789] [exploration]: | 直行 d=1.56
[INFO] [1791108435.612847803] [exploration]: | 直行 d=1.53
[INFO] [1791108435.813192162] [exploration]: | 直行 d=1.50
[INFO] [1791108435.912994268] [exploration]: | 直行 d=1.48
[INFO] [1791108436.013763549] [exploration]: | 直行 d=1.46
[INFO] [1791108436.112921024] [exploration]: | 直行 d=1.44
[INFO] [1791108436.214112962] [exploration]: | 直行 d=1.42
[INFO] [1791108436.312559126] [exploration]: | 直行 d=1.41
[INFO] [1791108436.412544534] [exploration]: | 直行 d=1.38
[INFO] [1791108436.512910454] [exploration]: | 直行 d=1.36
[INFO] [1791108436.614230487] [exploration]: | 直行 d=1.35
[INFO] [1791108436.712769060] [exploration]: | 直行 d=1.32
[INFO] [1791108436.815292958] [exploration]: | 直行 d=1.30
[INFO] [1791108436.913236463] [exploration]: | 直行 d=1.28
[INFO] [1791108437.014328402] [exploration]: | 直行 d=1.26
[INFO] [1791108437.114961393] [exploration]: | 直行 d=1.25
[INFO] [1791108437.213561612] [exploration]: | 直行 d=1.22
[INFO] [1791108437.313245587] [exploration]: | 直行 d=1.20
[INFO] [1791108437.413670203] [exploration]: | 直行 d=1.18
[INFO] [1791108437.515461788] [exploration]: | 直行 d=1.16
[INFO] [1791108437.614921219] [exploration]: | 直行 d=1.13
[INFO] [1791108437.814432070] [exploration]: | 直行 d=1.10
[INFO] [1791108437.916060501] [exploration]: | 直行 d=1.08
[INFO] [1791108438.016477847] [exploration]: | 直行 d=1.07
[INFO] [1791108438.116336235] [exploration]: | 直行 d=1.04
[INFO] [1791108438.216427182] [exploration]: | 直行 d=1.02
[INFO] [1791108438.316098618] [exploration]: | 直行 d=1.00
[INFO] [1791108438.417934730] [exploration]: | 直行 d=0.99
[INFO] [1791108438.516894680] [exploration]: | 直行 d=0.95
[INFO] [1791108438.717369659] [exploration]: | 直行 d=0.93
[INFO] [1791108438.818493253] [exploration]: | 直行 d=0.90
[INFO] [1791108438.917188565] [exploration]: | 直行 d=0.88
[INFO] [1791108439.016807756] [exploration]: | 直行 d=0.87
[INFO] [1791108439.116207554] [exploration]: | 直行 d=0.85
[INFO] [1791108439.216882609] [exploration]: | 直行 d=0.82
[INFO] [1791108439.317810358] [exploration]: | 直行 d=0.80
[INFO] [1791108439.417909733] [exploration]: | 减速 d=0.78
[INFO] [1791108439.520501883] [exploration]: | 进入转向 goal=-72° 危险 d=0.14
[INFO] [1791108439.618630071] [exploration]: | 转向中 goal=-72°
[INFO] [1791108440.620478441] [exploration]: | 转向完成，停稳 front=1.15
[INFO] [1791108440.720735196] [exploration]: | 直行 d=1.09
[INFO] [1791108440.819773623] [exploration]: | 直行 d=1.08
[INFO] [1791108440.920507992] [exploration]: | 直行 d=1.06
[INFO] [1791108441.221579058] [exploration]: | 直行 d=1.04
[INFO] [1791108441.320560687] [exploration]: | 直行 d=1.00
[INFO] [1791108441.421540608] [exploration]: | 直行 d=0.99
[INFO] [1791108441.622041647] [exploration]: | 直行 d=0.97
[INFO] [1791108441.721258931] [exploration]: | 直行 d=0.96
[INFO] [1791108441.821642805] [exploration]: | 直行 d=0.95
[INFO] [1791108441.921299329] [exploration]: | 直行 d=0.92
[INFO] [1791108442.122516060] [exploration]: | 直行 d=0.89
[INFO] [1791108442.222959653] [exploration]: | 直行 d=0.87
[INFO] [1791108442.323288478] [exploration]: | 直行 d=0.85
[INFO] [1791108442.523195838] [exploration]: | 直行 d=0.84
[INFO] [1791108442.622782987] [exploration]: | 直行 d=0.80
[INFO] [1791108442.723433074] [exploration]: | 直行 d=0.81
[INFO] [1791108442.824280087] [exploration]: | 减速 d=0.78
[INFO] [1791108442.924339329] [exploration]: | 减速 d=0.76
[INFO] [1791108443.223812041] [exploration]: | 减速 d=0.75
[INFO] [1791108443.325325242] [exploration]: | 减速 d=0.76
[INFO] [1791108443.424736343] [exploration]: | 减速 d=0.74
[INFO] [1791108443.524559887] [exploration]: | 减速 d=0.75
[INFO] [1791108443.628649307] [exploration]: | 进入转向 goal=-68° 危险 d=0.13
[INFO] [1791108443.725939034] [exploration]: | 转向中 goal=-68°
[INFO] [1791108446.931256086] [exploration]: | 转向完成，停稳 front=0.87
[INFO] [1791108447.031488286] [exploration]: | 直行 d=0.87
[INFO] [1791108447.131305084] [exploration]: | 直行 d=0.95
[INFO] [1791108447.232954251] [exploration]: | 直行 d=1.12
[INFO] [1791108447.436192961] [exploration]: | 进入转向 goal=-88° 危险 d=0.13
[INFO] [1791108447.533464630] [exploration]: | 转向中 goal=-88°
[INFO] [1791108448.533844896] [exploration]: | 转向完成，停稳 front=1.09
[INFO] [1791108448.633166553] [exploration]: | 直行 d=1.10
[INFO] [1791108448.733301911] [exploration]: | 直行 d=1.09
[INFO] [1791108448.832856452] [exploration]: | 直行 d=1.08
[INFO] [1791108448.933848889] [exploration]: | 直行 d=1.06
[INFO] [1791108449.034100585] [exploration]: | 直行 d=1.04
[INFO] [1791108449.134726251] [exploration]: | 直行 d=1.02
[INFO] [1791108449.234940526] [exploration]: | 直行 d=1.00
[INFO] [1791108449.333101724] [exploration]: | 直行 d=0.99
[INFO] [1791108449.434997676] [exploration]: | 直行 d=0.97
[INFO] [1791108449.535314710] [exploration]: | 直行 d=0.95
[INFO] [1791108449.635818734] [exploration]: | 直行 d=0.93
[INFO] [1791108449.736149688] [exploration]: | 直行 d=0.91
[INFO] [1791108449.836782380] [exploration]: | 直行 d=0.90
[INFO] [1791108449.936381670] [exploration]: | 直行 d=0.86
[INFO] [1791108450.135838417] [exploration]: | 直行 d=0.83
[INFO] [1791108450.236319236] [exploration]: | 直行 d=0.82
[INFO] [1791108450.337200651] [exploration]: | 直行 d=0.80
[INFO] [1791108450.437235576] [exploration]: | 减速 d=0.77
[INFO] [1791108450.537218264] [exploration]: | 减速 d=0.75
[INFO] [1791108450.738548950] [exploration]: | 减速 d=0.74
[INFO] [1791108450.842190587] [exploration]: | 进入转向 goal=-90° 危险 d=0.13
[INFO] [1791108450.936879068] [exploration]: | 转向中 goal=-90°
[INFO] [1791108452.239079252] [exploration]: | 转向完成，停稳 front=1.04
[INFO] [1791108452.339606142] [exploration]: | 直行 d=1.08
[INFO] [1791108452.540220209] [exploration]: | 直行 d=1.07
[INFO] [1791108452.640791697] [exploration]: | 直行 d=1.06
[INFO] [1791108452.740585558] [exploration]: | 直行 d=1.04
[INFO] [1791108452.941241612] [exploration]: | 直行 d=1.02
[INFO] [1791108453.042447143] [exploration]: | 直行 d=1.00
[INFO] [1791108453.142537394] [exploration]: | 直行 d=0.99
[INFO] [1791108453.242379260] [exploration]: | 直行 d=0.96
[INFO] [1791108453.441406105] [exploration]: | 直行 d=0.92
[INFO] [1791108453.541976074] [exploration]: | 直行 d=0.94
[INFO] [1791108453.642902017] [exploration]: | 直行 d=0.89
[INFO] [1791108453.741624925] [exploration]: | 直行 d=0.88
[INFO] [1791108453.942689318] [exploration]: | 直行 d=0.85
[INFO] [1791108454.043673781] [exploration]: | 直行 d=0.84
[INFO] [1791108454.142996067] [exploration]: | 直行 d=0.83
[INFO] [1791108454.243392262] [exploration]: | 直行 d=0.81
[INFO] [1791108454.344642620] [exploration]: | 减速 d=0.80
[INFO] [1791108454.443676647] [exploration]: | 减速 d=0.78
[INFO] [1791108454.550593848] [exploration]: | 进入转向 goal=-84° 危险 d=0.14
[INFO] [1791108454.642958985] [exploration]: | 转向中 goal=-84°
[INFO] [1791108455.443825385] [exploration]: | 转向完成，停稳 front=1.30
[INFO] [1791108455.545576251] [exploration]: | 直行 d=1.37
[INFO] [1791108455.845602737] [exploration]: | 直行 d=1.36
[INFO] [1791108455.946082274] [exploration]: | 直行 d=1.34
[INFO] [1791108456.046095363] [exploration]: | 直行 d=1.33
[INFO] [1791108456.145745295] [exploration]: | 直行 d=1.32
[INFO] [1791108456.245355039] [exploration]: | 直行 d=1.34
[INFO] [1791108456.345742641] [exploration]: | 直行 d=1.31
[INFO] [1791108456.447050644] [exploration]: | 直行 d=1.30
[INFO] [1791108456.545638440] [exploration]: | 直行 d=1.31
[INFO] [1791108456.645787687] [exploration]: | 直行 d=1.32
[INFO] [1791108456.746342430] [exploration]: | 直行 d=1.29
[INFO] [1791108456.846004635] [exploration]: | 直行 d=1.30
[INFO] [1791108456.946545436] [exploration]: | 直行 d=1.31
[INFO] [1791108457.046913445] [exploration]: | 直行 d=1.29
[INFO] [1791108457.146418690] [exploration]: | 直行 d=1.28
[INFO] [1791108457.247523024] [exploration]: | 直行 d=1.29
[INFO] [1791108457.346626642] [exploration]: | 直行 d=1.27
[INFO] [1791108457.547248907] [exploration]: | 直行 d=1.26
[INFO] [1791108457.648250466] [exploration]: | 直行 d=1.25
[INFO] [1791108457.848193782] [exploration]: | 直行 d=1.24
[INFO] [1791108457.948645480] [exploration]: | 直行 d=1.23
[INFO] [1791108458.047564607] [exploration]: | 直行 d=1.24
[INFO] [1791108458.148204532] [exploration]: | 直行 d=1.20
[INFO] [1791108458.248326824] [exploration]: | 直行 d=1.22
[INFO] [1791108458.449084242] [exploration]: | 直行 d=1.20
[INFO] [1791108458.649605380] [exploration]: | 直行 d=1.19
[INFO] [1791108458.851186291] [exploration]: | 直行 d=1.18
[INFO] [1791108459.051607346] [exploration]: | 直行 d=1.15
[INFO] [1791108459.150287341] [exploration]: | 直行 d=3.40
[INFO] [1791108459.251225775] [exploration]: | 直行 d=3.36
[INFO] [1791108459.350428465] [exploration]: | 直行 d=3.35
[INFO] [1791108459.452014927] [exploration]: | 直行 d=3.32
[INFO] [1791108459.552079253] [exploration]: | 直行 d=3.31
[INFO] [1791108459.652591958] [exploration]: | 直行 d=3.27
[INFO] [1791108459.753382178] [exploration]: | 直行 d=3.26
[INFO] [1791108459.853891857] [exploration]: | 直行 d=3.25
[INFO] [1791108459.952216596] [exploration]: | 直行 d=3.24
[INFO] [1791108460.051654191] [exploration]: | 直行 d=3.21
[INFO] [1791108460.152437227] [exploration]: | 直行 d=3.18
[INFO] [1791108460.252501648] [exploration]: | 直行 d=3.17
[INFO] [1791108460.452827007] [exploration]: | 直行 d=3.14
[INFO] [1791108460.553614260] [exploration]: | 直行 d=3.11
[INFO] [1791108460.652676128] [exploration]: | 直行 d=3.10
[INFO] [1791108460.752832587] [exploration]: | 直行 d=3.09
[INFO] [1791108460.852933257] [exploration]: | 直行 d=3.05
[INFO] [1791108460.953382553] [exploration]: | 直行 d=3.04
[INFO] [1791108461.053450769] [exploration]: | 直行 d=3.00
[INFO] [1791108461.153866801] [exploration]: | 直行 d=2.98
[INFO] [1791108461.254008063] [exploration]: | 直行 d=2.99
[INFO] [1791108461.354518754] [exploration]: | 直行 d=2.94
[INFO] [1791108461.554030179] [exploration]: | 直行 d=2.92
[INFO] [1791108461.653747609] [exploration]: | 直行 d=2.89
[INFO] [1791108461.753873388] [exploration]: | 直行 d=2.87
[INFO] [1791108461.954793796] [exploration]: | 直行 d=2.84
[INFO] [1791108462.054775654] [exploration]: | 直行 d=2.82
[INFO] [1791108462.154599693] [exploration]: | 直行 d=2.81
[INFO] [1791108462.254894251] [exploration]: | 直行 d=2.78
[INFO] [1791108462.354708603] [exploration]: | 直行 d=2.76
[INFO] [1791108462.454650326] [exploration]: | 直行 d=2.73
[INFO] [1791108462.655445922] [exploration]: | 直行 d=2.70
[INFO] [1791108462.756921691] [exploration]: | 直行 d=2.73
[INFO] [1791108462.856345282] [exploration]: | 直行 d=3.45
[INFO] [1791108462.956608177] [exploration]: | 直行 d=3.42
[INFO] [1791108463.056474740] [exploration]: | 直行 d=3.41
[INFO] [1791108463.155906888] [exploration]: | 直行 d=3.38
[INFO] [1791108463.358064477] [exploration]: | 直行 d=3.35
[INFO] [1791108463.456993822] [exploration]: | 直行 d=3.33
[INFO] [1791108463.556817626] [exploration]: | 直行 d=3.32
[INFO] [1791108463.657465788] [exploration]: | 直行 d=3.30
[INFO] [1791108463.756773941] [exploration]: | 直行 d=3.27
[INFO] [1791108463.856655275] [exploration]: | 直行 d=3.26
[INFO] [1791108463.957225364] [exploration]: | 直行 d=3.23
[INFO] [1791108464.057080369] [exploration]: | 直行 d=3.22
[INFO] [1791108464.157403174] [exploration]: | 直行 d=3.19
[INFO] [1791108464.256932295] [exploration]: | 直行 d=3.18
[INFO] [1791108464.356771658] [exploration]: | 直行 d=3.16
[INFO] [1791108464.458095899] [exploration]: | 直行 d=3.14
[INFO] [1791108464.558963038] [exploration]: | 直行 d=3.12
[INFO] [1791108464.657729628] [exploration]: | 直行 d=3.10
[INFO] [1791108464.757857980] [exploration]: | 直行 d=3.08
[INFO] [1791108464.857917237] [exploration]: | 直行 d=3.06
[INFO] [1791108464.958439118] [exploration]: | 直行 d=3.05
[INFO] [1791108465.058077399] [exploration]: | 直行 d=3.03
[INFO] [1791108465.157730340] [exploration]: | 直行 d=3.00
[INFO] [1791108465.259658578] [exploration]: | 直行 d=2.98
[INFO] [1791108465.358727495] [exploration]: | 直行 d=2.96
[INFO] [1791108465.458994417] [exploration]: | 直行 d=2.94
[INFO] [1791108465.559822263] [exploration]: | 直行 d=2.93
[INFO] [1791108465.659571118] [exploration]: | 直行 d=2.90
[INFO] [1791108465.759656249] [exploration]: | 直行 d=2.88
[INFO] [1791108465.860434260] [exploration]: | 直行 d=2.86
[INFO] [1791108465.960606285] [exploration]: | 直行 d=2.85
[INFO] [1791108466.060423435] [exploration]: | 直行 d=2.82
[INFO] [1791108466.160634046] [exploration]: | 直行 d=2.81
[INFO] [1791108466.260886251] [exploration]: | 直行 d=2.78
[INFO] [1791108466.360800753] [exploration]: | 直行 d=2.77
[INFO] [1791108466.461050463] [exploration]: | 直行 d=2.75
[INFO] [1791108466.560980380] [exploration]: | 直行 d=2.73
[INFO] [1791108466.660950947] [exploration]: | 直行 d=2.71
[INFO] [1791108466.761004024] [exploration]: | 直行 d=2.68
[INFO] [1791108466.864016303] [exploration]: | 直行 d=2.67
[INFO] [1791108466.961962330] [exploration]: | 直行 d=2.65
[INFO] [1791108467.061934727] [exploration]: | 直行 d=2.63
[INFO] [1791108467.161546799] [exploration]: | 直行 d=2.60
[INFO] [1791108467.263224896] [exploration]: | 直行 d=2.58
[INFO] [1791108467.363540299] [exploration]: | 直行 d=2.57
[INFO] [1791108467.464336387] [exploration]: | 直行 d=2.55
[INFO] [1791108467.563175947] [exploration]: | 直行 d=2.53
[INFO] [1791108467.663356105] [exploration]: | 直行 d=2.51
[INFO] [1791108467.763312432] [exploration]: | 直行 d=2.48
[INFO] [1791108467.863768593] [exploration]: | 直行 d=2.47
[INFO] [1791108467.963083090] [exploration]: | 直行 d=2.45
[INFO] [1791108468.064990921] [exploration]: | 直行 d=2.43
[INFO] [1791108468.163403350] [exploration]: | 直行 d=2.41
[INFO] [1791108468.263114805] [exploration]: | 直行 d=2.39
[INFO] [1791108468.364111567] [exploration]: | 直行 d=2.36
[INFO] [1791108468.463086912] [exploration]: | 直行 d=2.35
[INFO] [1791108468.565152183] [exploration]: | 直行 d=2.33
[INFO] [1791108468.665302846] [exploration]: | 直行 d=2.30
[INFO] [1791108468.764502955] [exploration]: | 直行 d=2.28
[INFO] [1791108468.865499848] [exploration]: | 直行 d=2.27
[INFO] [1791108468.967021445] [exploration]: | 直行 d=2.24
[INFO] [1791108469.065987917] [exploration]: | 直行 d=2.22
[INFO] [1791108469.165560591] [exploration]: | 直行 d=2.21
[INFO] [1791108469.266592810] [exploration]: | 直行 d=2.19
[INFO] [1791108469.367625678] [exploration]: | 直行 d=2.17
[INFO] [1791108469.467793957] [exploration]: | 直行 d=2.14
[INFO] [1791108469.567766436] [exploration]: | 直行 d=2.13
[INFO] [1791108469.667227188] [exploration]: | 直行 d=2.11
[INFO] [1791108469.767278021] [exploration]: | 直行 d=2.09
[INFO] [1791108469.867790273] [exploration]: | 直行 d=2.07
[INFO] [1791108469.968529348] [exploration]: | 直行 d=2.05
[INFO] [1791108470.068298873] [exploration]: | 直行 d=2.02
[INFO] [1791108470.167945382] [exploration]: | 直行 d=2.01
[INFO] [1791108470.268399073] [exploration]: | 直行 d=1.99
[INFO] [1791108470.369436297] [exploration]: | 直行 d=1.96
[INFO] [1791108470.467758030] [exploration]: | 直行 d=1.95
[INFO] [1791108470.568106780] [exploration]: | 直行 d=1.93
[INFO] [1791108470.668231568] [exploration]: | 直行 d=1.91
[INFO] [1791108470.767615206] [exploration]: | 直行 d=1.88
[INFO] [1791108470.868578847] [exploration]: | 直行 d=1.87
[INFO] [1791108470.969098948] [exploration]: | 直行 d=1.85
[INFO] [1791108471.069529408] [exploration]: | 直行 d=1.83
[INFO] [1791108471.168334308] [exploration]: | 直行 d=1.81
[INFO] [1791108471.270589496] [exploration]: | 直行 d=1.79
[INFO] [1791108471.369632916] [exploration]: | 直行 d=1.77
[INFO] [1791108471.469377796] [exploration]: | 直行 d=1.75
[INFO] [1791108471.570507563] [exploration]: | 直行 d=1.73
[INFO] [1791108471.669346016] [exploration]: | 直行 d=1.70
[INFO] [1791108471.770205493] [exploration]: | 直行 d=1.68
[INFO] [1791108471.870294719] [exploration]: | 直行 d=1.66
[INFO] [1791108471.970498682] [exploration]: | 直行 d=1.65
[INFO] [1791108472.070180855] [exploration]: | 直行 d=1.63
[INFO] [1791108472.170790008] [exploration]: | 直行 d=1.61
[INFO] [1791108472.271576582] [exploration]: | 直行 d=1.59
[INFO] [1791108472.371103502] [exploration]: | 直行 d=1.57
[INFO] [1791108472.470711023] [exploration]: | 直行 d=1.55
[INFO] [1791108472.571335198] [exploration]: | 直行 d=1.53
[INFO] [1791108472.671858445] [exploration]: | 直行 d=1.50
[INFO] [1791108472.771855695] [exploration]: | 直行 d=1.49
[INFO] [1791108472.871872368] [exploration]: | 直行 d=1.47
[INFO] [1791108472.972229754] [exploration]: | 直行 d=1.45
[INFO] [1791108473.071899674] [exploration]: | 直行 d=1.43
[INFO] [1791108473.172232312] [exploration]: | 直行 d=1.41
[INFO] [1791108473.271791439] [exploration]: | 直行 d=1.39
[INFO] [1791108473.371150512] [exploration]: | 直行 d=1.37
[INFO] [1791108473.472802558] [exploration]: | 直行 d=1.35
[INFO] [1791108473.573244725] [exploration]: | 直行 d=1.32
[INFO] [1791108473.672016759] [exploration]: | 直行 d=1.31
[INFO] [1791108473.773769744] [exploration]: | 直行 d=1.29
[INFO] [1791108473.874022533] [exploration]: | 直行 d=1.26
[INFO] [1791108473.974152697] [exploration]: | 直行 d=1.25
[INFO] [1791108474.075004663] [exploration]: | 直行 d=1.23
[INFO] [1791108474.173782208] [exploration]: | 直行 d=1.21
[INFO] [1791108474.274236119] [exploration]: | 直行 d=1.19
[INFO] [1791108474.374006810] [exploration]: | 直行 d=1.16
[INFO] [1791108474.474352708] [exploration]: | 直行 d=1.14
[INFO] [1791108474.574733317] [exploration]: | 直行 d=1.13
[INFO] [1791108474.673913210] [exploration]: | 直行 d=1.11
[INFO] [1791108474.774844560] [exploration]: | 直行 d=1.09
[INFO] [1791108474.874173339] [exploration]: | 直行 d=1.07
[INFO] [1791108474.974268927] [exploration]: | 直行 d=1.05
[INFO] [1791108475.074095620] [exploration]: | 直行 d=1.03
[INFO] [1791108475.174484451] [exploration]: | 直行 d=1.00
[INFO] [1791108475.274800354] [exploration]: | 直行 d=0.99
[INFO] [1791108475.374678290] [exploration]: | 直行 d=0.97
[INFO] [1791108475.474749402] [exploration]: | 直行 d=0.95
[INFO] [1791108475.574655221] [exploration]: | 直行 d=0.93
[INFO] [1791108475.674726914] [exploration]: | 直行 d=0.90
[INFO] [1791108475.775514690] [exploration]: | 直行 d=0.89
[INFO] [1791108475.874956147] [exploration]: | 直行 d=0.87
[INFO] [1791108475.975585757] [exploration]: | 直行 d=0.85
[INFO] [1791108476.076969287] [exploration]: | 直行 d=0.83
[INFO] [1791108476.177421567] [exploration]: | 直行 d=0.81
[INFO] [1791108476.276918583] [exploration]: | 减速 d=0.79
[INFO] [1791108476.380649157] [exploration]: | 进入转向 goal=-84° 危险 d=0.40
[INFO] [1791108476.476998825] [exploration]: | 转向中 goal=-84°
[INFO] [1791108478.280480613] [exploration]: | 转向完成，停稳 front=0.93
[INFO] [1791108478.379529824] [exploration]: | 直行 d=0.96
[INFO] [1791108478.579021767] [exploration]: | 直行 d=0.95
[INFO] [1791108478.679414544] [exploration]: | 直行 d=0.93
[INFO] [1791108478.879673260] [exploration]: | 直行 d=0.90
[INFO] [1791108478.979714767] [exploration]: | 直行 d=0.88
[INFO] [1791108479.079661769] [exploration]: | 直行 d=0.87
[INFO] [1791108479.179354854] [exploration]: | 直行 d=0.85
[INFO] [1791108479.279750562] [exploration]: | 直行 d=0.84
[INFO] [1791108479.381111572] [exploration]: | 直行 d=0.81
[INFO] [1791108479.581517578] [exploration]: | 减速 d=0.79
[INFO] [1791108479.685715752] [exploration]: | 进入转向 goal=-90° 危险 d=0.14
[INFO] [1791108479.781156580] [exploration]: | 转向中 goal=-90°
[INFO] [1791108480.782565960] [exploration]: | 转向完成，停稳 front=1.35
[INFO] [1791108480.882754160] [exploration]: | 直行 d=1.38
[INFO] [1791108480.983239581] [exploration]: | 直行 d=1.40
[INFO] [1791108481.083118303] [exploration]: | 直行 d=1.39
[INFO] [1791108481.183925845] [exploration]: | 直行 d=1.37
[INFO] [1791108481.283707351] [exploration]: | 直行 d=1.35
[INFO] [1791108481.484998014] [exploration]: | 直行 d=1.32
[INFO] [1791108481.783982831] [exploration]: | 直行 d=1.29
[INFO] [1791108482.086963276] [exploration]: | 直行 d=1.28
[INFO] [1791108482.286028400] [exploration]: | 直行 d=1.27
[INFO] [1791108482.386519235] [exploration]: | 直行 d=1.25
