[INFO] [1790745515.786669375] [exploration]: 探索节点已启动
[INFO] [1790745515.787595716] [exploration]: v=+0.00 w=+0.00 | 尚未收到雷达数据
[INFO] [1790745515.872252119] [exploration]: v=+0.00 w=+0.50 | 转向，由于危险 d=0.40
[INFO] [1790745515.972202218] [exploration]: v=+0.00 w=+0.00 | 转向完成，停稳 front=1.39
[INFO] [1790745516.073795808] [exploration]: v=+0.20 w=+0.00 | 直行 d=1.40
[INFO] [1790745516.172991405] [exploration]: v=+0.20 w=+0.00 | 直行 d=1.39
[INFO] [1790745516.273067967] [exploration]: v=+0.20 w=+0.00 | 直行 d=1.38
[INFO] [1790745516.372790186] [exploration]: v=+0.20 w=+0.00 | 直行 d=1.35
[INFO] [1790745516.474695151] [exploration]: v=+0.20 w=+0.00 | 直行 d=1.34
[INFO] [1790745516.574628494] [exploration]: v=+0.20 w=+0.00 | 直行 d=1.32
[INFO] [1790745516.675188343] [exploration]: v=+0.20 w=+0.00 | 直行 d=1.30
[INFO] [1790745516.775507266] [exploration]: v=+0.20 w=+0.00 | 直行 d=1.27
[INFO] [1790745516.975827084] [exploration]: v=+0.20 w=+0.00 | 直行 d=1.24
[INFO] [1790745517.175214101] [exploration]: v=+0.20 w=+0.00 | 直行 d=1.23
[INFO] [1790745517.575485481] [exploration]: v=+0.20 w=+0.00 | 直行 d=1.21
[INFO] [1790745517.676137946] [exploration]: v=+0.20 w=+0.00 | 直行 d=1.20
[INFO] [1790745517.777036199] [exploration]: v=+0.20 w=+0.00 | 直行 d=1.19
[INFO] [1790745517.876329804] [exploration]: v=+0.00 w=+0.50 | 转向，由于危险 d=0.40
[INFO] [1790745517.975448848] [exploration]: v=+0.00 w=+0.50 | 转向中 front=0.23 目标>0.8
[INFO] [1790745518.075961453] [exploration]: v=+0.00 w=+0.50 | 转向中 front=0.24 目标>0.8
[INFO] [1790745518.177285537] [exploration]: v=+0.00 w=+0.50 | 转向中 front=0.25 目标>0.8
[INFO] [1790745518.276989008] [exploration]: v=+0.00 w=+0.00 | 转向完成，停稳 front=1.16
[INFO] [1790745518.377998587] [exploration]: v=+0.00 w=+0.50 | 转向，由于危险 d=0.40
[INFO] [1790745518.478787072] [exploration]: v=+0.00 w=+0.00 | 转向完成，停稳 front=1.17
[INFO] [1790745518.578992338] [exploration]: v=+0.20 w=+0.00 | 直行 d=1.18
[INFO] [1790745518.678949092] [exploration]: v=+0.00 w=+0.50 | 转向，由于危险 d=0.40
[INFO] [1790745518.778452493] [exploration]: v=+0.00 w=+0.00 | 转向完成，停稳 front=1.17
[INFO] [1790745518.878748020] [exploration]: v=+0.00 w=+0.50 | 转向，由于危险 d=0.40
[INFO] [1790745518.978808431] [exploration]: v=+0.00 w=+0.00 | 转向完成，停稳 front=1.17
[INFO] [1790745519.079416869] [exploration]: v=+0.20 w=+0.00 | 直行 d=1.17
[INFO] [1790745519.179248961] [exploration]: v=+0.20 w=+0.00 | 直行 d=1.18
[INFO] [1790745519.279524091] [exploration]: v=+0.00 w=+0.50 | 转向，由于危险 d=0.40
[INFO] [1790745519.379296451] [exploration]: v=+0.00 w=+0.00 | 转向完成，停稳 front=1.15
[INFO] [1790745519.479914037] [exploration]: v=+0.00 w=+0.50 | 转向，由于危险 d=0.40
[INFO] [1790745519.579743214] [exploration]: v=+0.00 w=+0.00 | 转向完成，停稳 front=1.16
[INFO] [1790745519.679637909] [exploration]: v=+0.00 w=+0.50 | 转向，由于危险 d=0.40
[INFO] [1790745519.778769874] [exploration]: v=+0.00 w=+0.00 | 转向完成，停稳 front=1.15
[INFO] [1790745519.879608645] [exploration]: v=+0.00 w=+0.50 | 转向，由于危险 d=0.40
[INFO] [1790745519.979159608] [exploration]: v=+0.00 w=+0.00 | 转向完成，停稳 front=1.17
[INFO] [1790745520.079883213] [exploration]: v=+0.20 w=+0.00 | 直行 d=1.17
[INFO] [1790745520.179879655] [exploration]: v=+0.20 w=+0.00 | 直行 d=1.16
[INFO] [1790745520.279213553] [exploration]: v=+0.00 w=+0.50 | 转向，由于危险 d=0.40
[INFO] [1790745520.379224453] [exploration]: v=+0.00 w=+0.00 | 转向完成，停稳 front=1.16
[INFO] [1790745520.480237465] [exploration]: v=+0.00 w=+0.50 | 转向，由于危险 d=0.40
[INFO] [1790745520.580023929] [exploration]: v=+0.00 w=+0.00 | 转向完成，停稳 front=1.15
[INFO] [1790745520.681047427] [exploration]: v=+0.00 w=+0.50 | 转向，由于危险 d=0.40
[INFO] [1790745520.780514210] [exploration]: v=-0.08 w=+0.00 | 卡死：3.0s 内位移 < 0.05m，倒退脱困
[INFO] [1790745520.881133977] [exploration]: v=-0.08 w=+0.00 | 脱困：倒退
[INFO] [1790745522.785156173] [exploration]: v=+0.00 w=+0.00 | 脱困完成，停稳
[INFO] [1790745522.884958888] [exploration]: v=+0.00 w=+0.50 | 转向中 front=0.37 目标>0.8
[INFO] [1790745522.984602625] [exploration]: v=+0.00 w=+0.50 | 转向中 front=0.38 目标>0.8
[INFO] [1790745523.083261961] [exploration]: v=+0.00 w=+0.00 | 转向完成，停稳 front=1.31
[INFO] [1790745523.184626489] [exploration]: v=+0.20 w=+0.00 | 直行 d=1.31
[INFO] [1790745523.385580304] [exploration]: v=+0.20 w=+0.00 | 直行 d=1.30
[INFO] [1790745523.485229665] [exploration]: v=+0.20 w=+0.00 | 直行 d=1.27
[INFO] [1790745523.585708284] [exploration]: v=+0.20 w=+0.00 | 直行 d=1.25
[INFO] [1790745523.685523222] [exploration]: v=+0.20 w=+0.00 | 直行 d=1.24
[INFO] [1790745523.786651667] [exploration]: v=+0.20 w=+0.00 | 直行 d=1.21
[INFO] [1790745523.886066005] [exploration]: v=+0.20 w=+0.00 | 直行 d=1.20
[INFO] [1790745523.985783788] [exploration]: v=+0.20 w=+0.00 | 直行 d=1.18
[INFO] [1790745524.085761798] [exploration]: v=+0.20 w=+0.00 | 直行 d=1.16
[INFO] [1790745524.185464272] [exploration]: v=+0.20 w=+0.00 | 直行 d=1.15
[INFO] [1790745524.285777010] [exploration]: v=+0.20 w=+0.00 | 直行 d=1.13
[INFO] [1790745524.386346765] [exploration]: v=+0.20 w=+0.00 | 直行 d=1.14
[INFO] [1790745524.586852882] [exploration]: v=+0.20 w=+0.00 | 直行 d=1.15
[INFO] [1790745524.787007974] [exploration]: v=+0.20 w=+0.00 | 直行 d=1.16
[INFO] [1790745524.887569160] [exploration]: v=+0.20 w=+0.00 | 直行 d=1.15
[INFO] [1790745524.987782912] [exploration]: v=+0.20 w=+0.00 | 直行 d=1.18
[INFO] [1790745525.087415155] [exploration]: v=+0.00 w=+0.50 | 转向，由于危险 d=0.40
[INFO] [1790745525.187993092] [exploration]: v=+0.00 w=+0.00 | 转向完成，停稳 front=1.17
[INFO] [1790745525.288236440] [exploration]: v=+0.00 w=+0.50 | 转向，由于危险 d=0.40
[INFO] [1790745525.388647044] [exploration]: v=+0.00 w=+0.00 | 转向完成，停稳 front=1.18
[INFO] [1790745525.488941637] [exploration]: v=+0.00 w=+0.50 | 转向，由于危险 d=0.40
[INFO] [1790745525.588998837] [exploration]: v=+0.00 w=+0.00 | 转向完成，停稳 front=1.19
[INFO] [1790745525.689223601] [exploration]: v=+0.00 w=+0.50 | 转向，由于危险 d=0.40
[INFO] [1790745525.788169672] [exploration]: v=+0.00 w=+0.00 | 转向完成，停稳 front=1.17
[INFO] [1790745525.889266306] [exploration]: v=+0.20 w=+0.00 | 直行 d=1.19
[INFO] [1790745525.990028143] [exploration]: v=+0.20 w=+0.00 | 直行 d=1.18
[INFO] [1790745526.089769226] [exploration]: v=+0.00 w=+0.50 | 转向，由于危险 d=0.40
[INFO] [1790745526.189963893] [exploration]: v=+0.00 w=+0.00 | 转向完成，停稳 front=1.20
[INFO] [1790745526.288678547] [exploration]: v=+0.00 w=+0.50 | 转向，由于危险 d=0.40
[INFO] [1790745526.388723116] [exploration]: v=+0.00 w=+0.00 | 转向完成，停稳 front=1.21
[INFO] [1790745526.489003390] [exploration]: v=+0.00 w=+0.50 | 转向，由于危险 d=0.40
[INFO] [1790745526.589520585] [exploration]: v=+0.00 w=+0.00 | 转向完成，停稳 front=1.20
[INFO] [1790745526.689434442] [exploration]: v=+0.20 w=+0.00 | 直行 d=1.19
[INFO] [1790745526.889841265] [exploration]: v=+0.00 w=+0.50 | 转向，由于危险 d=0.40
[INFO] [1790745526.989959549] [exploration]: v=+0.00 w=+0.00 | 转向完成，停稳 front=1.21
[INFO] [1790745527.091048863] [exploration]: v=+0.00 w=+0.50 | 转向，由于危险 d=0.40
