[INFO] [1790740053.754871976] [exploration]: 探索节点已启动
[INFO] [1790740053.761670951] [exploration]: v=+0.00 w=+0.00 | 尚未收到雷达数据
[INFO] [1790740053.861338951] [exploration]: v=+0.20 w=+0.00 | 直行 d=1.90
[INFO] [1790740053.961624305] [exploration]: v=+0.20 w=+0.00 | 直行 d=1.91
[INFO] [1790740054.161410674] [exploration]: v=+0.20 w=+0.00 | 直行 d=1.88
[INFO] [1790740054.361300084] [exploration]: v=+0.20 w=+0.00 | 直行 d=1.85
[INFO] [1790740054.463459402] [exploration]: v=+0.20 w=+0.00 | 直行 d=1.83
[INFO] [1790740054.563363906] [exploration]: v=+0.20 w=+0.00 | 直行 d=1.80
[INFO] [1790740054.662838267] [exploration]: v=+0.20 w=+0.00 | 直行 d=1.78
[INFO] [1790740054.762693860] [exploration]: v=+0.20 w=+0.00 | 直行 d=1.76
[INFO] [1790740054.862993313] [exploration]: v=+0.20 w=+0.00 | 直行 d=1.75
[INFO] [1790740054.963124658] [exploration]: v=+0.20 w=+0.00 | 直行 d=1.72
[INFO] [1790740055.064021717] [exploration]: v=+0.20 w=+0.00 | 直行 d=1.70
[INFO] [1790740055.163153848] [exploration]: v=+0.20 w=+0.00 | 直行 d=1.68
[INFO] [1790740055.265876811] [exploration]: v=+0.20 w=+0.00 | 直行 d=1.66
[INFO] [1790740055.365172488] [exploration]: v=+0.20 w=+0.00 | 直行 d=1.64
[INFO] [1790740055.465003446] [exploration]: v=+0.20 w=+0.00 | 直行 d=1.62
[INFO] [1790740055.565406652] [exploration]: v=+0.20 w=+0.00 | 直行 d=1.60
[INFO] [1790740055.666057722] [exploration]: v=+0.20 w=+0.00 | 直行 d=1.58
[INFO] [1790740055.764043504] [exploration]: v=+0.20 w=+0.00 | 直行 d=1.56
[INFO] [1790740055.865028645] [exploration]: v=+0.20 w=+0.00 | 直行 d=1.55
[INFO] [1790740055.964846454] [exploration]: v=+0.20 w=+0.00 | 直行 d=1.53
[INFO] [1790740056.064908806] [exploration]: v=+0.20 w=+0.00 | 直行 d=1.51
[INFO] [1790740056.165984400] [exploration]: v=+0.20 w=+0.00 | 直行 d=1.48
[INFO] [1790740056.265364667] [exploration]: v=+0.20 w=+0.00 | 直行 d=1.45
[INFO] [1790740056.365604074] [exploration]: v=+0.20 w=+0.00 | 直行 d=1.44
[INFO] [1790740056.465386487] [exploration]: v=+0.20 w=+0.00 | 直行 d=1.42
[INFO] [1790740056.564961866] [exploration]: v=+0.20 w=+0.00 | 直行 d=1.40
[INFO] [1790740056.666608580] [exploration]: v=+0.20 w=+0.00 | 直行 d=1.38
[INFO] [1790740056.766916880] [exploration]: v=+0.20 w=+0.00 | 直行 d=1.36
[INFO] [1790740056.866103302] [exploration]: v=+0.20 w=+0.00 | 直行 d=1.34
[INFO] [1790740056.966517846] [exploration]: v=+0.20 w=+0.00 | 直行 d=1.32
[INFO] [1790740057.065778149] [exploration]: v=+0.20 w=+0.00 | 直行 d=1.31
[INFO] [1790740057.167462007] [exploration]: v=+0.20 w=+0.00 | 直行 d=1.29
[INFO] [1790740057.268336220] [exploration]: v=+0.20 w=+0.00 | 直行 d=1.26
[INFO] [1790740057.367488138] [exploration]: v=+0.20 w=+0.00 | 直行 d=1.25
[INFO] [1790740057.468779812] [exploration]: v=+0.20 w=+0.00 | 直行 d=1.22
[INFO] [1790740057.568798095] [exploration]: v=+0.20 w=+0.00 | 直行 d=1.20
[INFO] [1790740057.667814201] [exploration]: v=+0.20 w=+0.00 | 直行 d=1.18
[INFO] [1790740057.768620053] [exploration]: v=+0.20 w=+0.00 | 直行 d=1.17
[INFO] [1790740057.869304278] [exploration]: v=+0.20 w=+0.00 | 直行 d=1.14
[INFO] [1790740057.968728814] [exploration]: v=+0.20 w=+0.00 | 直行 d=1.13
[INFO] [1790740058.069963418] [exploration]: v=+0.20 w=+0.00 | 直行 d=1.11
[INFO] [1790740058.168834150] [exploration]: v=+0.20 w=+0.00 | 直行 d=1.08
[INFO] [1790740058.269072214] [exploration]: v=+0.20 w=+0.00 | 直行 d=1.07
[INFO] [1790740058.369884471] [exploration]: v=+0.20 w=+0.00 | 直行 d=1.04
[INFO] [1790740058.469345384] [exploration]: v=+0.20 w=+0.00 | 直行 d=1.02
[INFO] [1790740058.569366344] [exploration]: v=+0.20 w=+0.00 | 直行 d=1.01
[INFO] [1790740058.670091541] [exploration]: v=+0.20 w=+0.00 | 直行 d=0.98
[INFO] [1790740058.769510795] [exploration]: v=+0.20 w=+0.00 | 直行 d=0.97
[INFO] [1790740058.869379886] [exploration]: v=+0.20 w=+0.00 | 直行 d=0.94
[INFO] [1790740058.969403825] [exploration]: v=+0.20 w=+0.00 | 直行 d=0.92
[INFO] [1790740059.069684873] [exploration]: v=+0.20 w=+0.00 | 直行 d=0.90
[INFO] [1790740059.169604787] [exploration]: v=+0.20 w=+0.00 | 直行 d=0.88
[INFO] [1790740059.269871240] [exploration]: v=+0.20 w=+0.00 | 直行 d=0.86
[INFO] [1790740059.369657350] [exploration]: v=+0.20 w=+0.00 | 直行 d=0.85
[INFO] [1790740059.469958689] [exploration]: v=+0.20 w=+0.00 | 直行 d=0.83
[INFO] [1790740059.570619720] [exploration]: v=+0.20 w=+0.00 | 直行 d=0.82
[INFO] [1790740059.670327865] [exploration]: v=+0.09 w=+0.00 | 减速 d=0.79
[INFO] [1790740059.770187283] [exploration]: v=+0.00 w=+0.50 | 转向，由于危险 d=0.14
[INFO] [1790740059.870052412] [exploration]: v=+0.00 w=+0.50 | 转向中 front=0.77 目标>0.8
[INFO] [1790740059.969301883] [exploration]: v=+0.00 w=+0.50 | 转向中 front=0.14 目标>0.8
[INFO] [1790740060.070248761] [exploration]: v=+0.00 w=+0.50 | 转向中 front=0.13 目标>0.8
[INFO] [1790740060.170688456] [exploration]: v=+0.00 w=+0.50 | 转向中 front=0.15 目标>0.8
[INFO] [1790740060.270590591] [exploration]: v=+0.00 w=+0.50 | 转向中 front=0.13 目标>0.8
[INFO] [1790740060.370708092] [exploration]: v=+0.00 w=+0.50 | 转向中 front=0.75 目标>0.8
[INFO] [1790740060.472742049] [exploration]: v=+0.00 w=+0.50 | 转向中 front=0.77 目标>0.8
[INFO] [1790740060.572439713] [exploration]: v=+0.00 w=+0.50 | 转向中 front=0.76 目标>0.8
[INFO] [1790740060.673768884] [exploration]: v=+0.00 w=+0.50 | 转向中 front=0.77 目标>0.8
[INFO] [1790740061.074730177] [exploration]: v=+0.00 w=+0.50 | 转向中 front=0.79 目标>0.8
[INFO] [1790740061.173611753] [exploration]: v=+0.00 w=+0.00 | 转向完成，停稳 front=0.81
[INFO] [1790740061.274582260] [exploration]: v=+0.20 w=+0.00 | 直行 d=0.82
[INFO] [1790740061.373642582] [exploration]: v=+0.20 w=+0.00 | 直行 d=0.80
[INFO] [1790740061.473468723] [exploration]: v=+0.20 w=+0.00 | 直行 d=0.81
[INFO] [1790740061.573701693] [exploration]: v=+0.09 w=+0.00 | 减速 d=0.79
[INFO] [1790740061.673793457] [exploration]: v=+0.00 w=+0.50 | 转向，由于危险 d=0.14
[INFO] [1790740061.774170968] [exploration]: v=+0.00 w=+0.50 | 转向中 front=0.76 目标>0.8
[INFO] [1790740062.074348176] [exploration]: v=+0.00 w=+0.50 | 转向中 front=0.15 目标>0.8
[INFO] [1790740062.176314698] [exploration]: v=+0.00 w=+0.50 | 转向中 front=0.13 目标>0.8
[INFO] [1790740062.374582236] [exploration]: v=+0.00 w=+0.00 | 转向完成，停稳 front=0.91
[INFO] [1790740062.474974354] [exploration]: v=+0.20 w=+0.00 | 直行 d=0.92
[INFO] [1790740062.575450888] [exploration]: v=+0.20 w=+0.00 | 直行 d=0.94
[INFO] [1790740062.675385385] [exploration]: v=+0.20 w=+0.00 | 直行 d=0.93
[INFO] [1790740062.775305590] [exploration]: v=+0.20 w=+0.00 | 直行 d=0.92
[INFO] [1790740062.875820548] [exploration]: v=+0.20 w=+0.00 | 直行 d=0.90
[INFO] [1790740062.976524500] [exploration]: v=+0.20 w=+0.00 | 直行 d=0.88
[INFO] [1790740063.177163323] [exploration]: v=+0.20 w=+0.00 | 直行 d=0.85
[INFO] [1790740063.276690596] [exploration]: v=+0.20 w=+0.00 | 直行 d=0.83
[INFO] [1790740063.475392129] [exploration]: v=+0.09 w=+0.00 | 减速 d=0.79
[INFO] [1790740063.576399845] [exploration]: v=+0.00 w=+0.50 | 转向，由于危险 d=0.14
[INFO] [1790740063.677226663] [exploration]: v=+0.00 w=+0.50 | 转向中 front=0.13 目标>0.8
[INFO] [1790740063.777931447] [exploration]: v=+0.00 w=+0.50 | 转向中 front=0.14 目标>0.8
[INFO] [1790740063.877764742] [exploration]: v=+0.00 w=+0.00 | 转向完成，停稳 front=0.82
[INFO] [1790740063.978031292] [exploration]: v=+0.20 w=+0.00 | 直行 d=0.88
[INFO] [1790740064.078733066] [exploration]: v=+0.00 w=+0.50 | 转向，由于危险 d=0.14
[INFO] [1790740064.177233731] [exploration]: v=+0.00 w=+0.50 | 转向中 front=0.14 目标>0.8
[INFO] [1790740064.479259074] [exploration]: v=+0.00 w=+0.50 | 转向中 front=0.13 目标>0.8
[INFO] [1790740064.678318234] [exploration]: v=+0.00 w=+0.50 | 转向中 front=0.15 目标>0.8
[INFO] [1790740064.778582767] [exploration]: v=+0.00 w=+0.50 | 转向中 front=0.14 目标>0.8
[INFO] [1790740064.878671009] [exploration]: v=+0.00 w=+0.50 | 转向中 front=0.13 目标>0.8
[INFO] [1790740064.979320336] [exploration]: v=+0.00 w=+0.00 | 转向完成，停稳 front=0.96
[INFO] [1790740065.080858292] [exploration]: v=+0.00 w=+0.50 | 转向，由于危险 d=0.14
[INFO] [1790740065.179504485] [exploration]: v=+0.00 w=+0.50 | 转向中 front=0.13 目标>0.8
[INFO] [1790740065.279703554] [exploration]: v=+0.00 w=+0.50 | 转向中 front=0.15 目标>0.8
[INFO] [1790740065.379759808] [exploration]: v=+0.00 w=+0.00 | 转向完成，停稳 front=0.97
[INFO] [1790740065.480311466] [exploration]: v=-0.08 w=+0.00 | 卡死：2.0s 内位移 < 0.05m，倒退脱困
[INFO] [1790740065.580361743] [exploration]: v=-0.08 w=+0.00 | 脱困：倒退
[INFO] [1790740066.480278179] [exploration]: v=+0.00 w=+0.00 | 脱困完成，停稳
[INFO] [1790740066.580789178] [exploration]: v=+0.20 w=+0.00 | 直行 d=0.94
[INFO] [1790740066.681951303] [exploration]: v=+0.00 w=-0.50 | 转向，由于危险 d=0.14
[INFO] [1790740066.783676799] [exploration]: v=+0.00 w=-0.50 | 转向中 front=0.13 目标>0.8
[INFO] [1790740066.882638916] [exploration]: v=+0.00 w=-0.50 | 转向中 front=0.14 目标>0.8
[INFO] [1790740066.981806379] [exploration]: v=+0.00 w=+0.00 | 转向完成，停稳 front=1.03
[INFO] [1790740067.083092332] [exploration]: v=+0.00 w=-0.50 | 转向，由于危险 d=0.14
[INFO] [1790740067.182395864] [exploration]: v=+0.00 w=-0.50 | 转向中 front=0.14 目标>0.8
[INFO] [1790740067.282976470] [exploration]: v=+0.00 w=+0.00 | 转向完成，停稳 front=1.04
[INFO] [1790740067.384712614] [exploration]: v=+0.20 w=+0.00 | 直行 d=1.03
[INFO] [1790740067.683372981] [exploration]: v=+0.20 w=+0.00 | 直行 d=1.01
[INFO] [1790740067.782496781] [exploration]: v=+0.20 w=+0.00 | 直行 d=0.99
[INFO] [1790740067.883497475] [exploration]: v=+0.20 w=+0.00 | 直行 d=0.96
[INFO] [1790740067.982470770] [exploration]: v=+0.20 w=+0.00 | 直行 d=0.95
[INFO] [1790740068.083999642] [exploration]: v=+0.20 w=+0.00 | 直行 d=0.92
[INFO] [1790740068.185184741] [exploration]: v=+0.20 w=+0.00 | 直行 d=0.90
[INFO] [1790740068.285503951] [exploration]: v=+0.20 w=+0.00 | 直行 d=0.88
[INFO] [1790740068.384895067] [exploration]: v=+0.20 w=+0.00 | 直行 d=0.86
[INFO] [1790740068.485209561] [exploration]: v=+0.20 w=+0.00 | 直行 d=0.84
[INFO] [1790740068.586225713] [exploration]: v=+0.20 w=+0.00 | 直行 d=0.83
[INFO] [1790740068.686607123] [exploration]: v=+0.20 w=+0.00 | 直行 d=0.81
[INFO] [1790740068.786142831] [exploration]: v=+0.09 w=+0.00 | 减速 d=0.79
[INFO] [1790740068.885703562] [exploration]: v=+0.00 w=+0.50 | 转向，由于危险 d=0.15
[INFO] [1790740068.986867224] [exploration]: v=+0.00 w=+0.50 | 转向中 front=0.13 目标>0.8
[INFO] [1790740069.086736921] [exploration]: v=+0.00 w=+0.50 | 转向中 front=0.14 目标>0.8
[INFO] [1790740069.185825890] [exploration]: v=+0.00 w=+0.50 | 转向中 front=0.13 目标>0.8
[INFO] [1790740069.286968479] [exploration]: v=+0.00 w=+0.50 | 转向中 front=0.76 目标>0.8
[INFO] [1790740069.387694986] [exploration]: v=+0.00 w=+0.50 | 转向中 front=0.14 目标>0.8
[INFO] [1790740069.487660119] [exploration]: v=+0.00 w=+0.50 | 转向中 front=0.75 目标>0.8
[INFO] [1790740069.588017021] [exploration]: v=+0.00 w=+0.50 | 转向中 front=0.76 目标>0.8
[INFO] [1790740069.687938427] [exploration]: v=+0.00 w=+0.50 | 转向中 front=0.75 目标>0.8
[INFO] [1790740069.787715662] [exploration]: v=+0.00 w=+0.50 | 转向中 front=0.76 目标>0.8
[INFO] [1790740069.988091707] [exploration]: v=+0.00 w=+0.50 | 转向中 front=0.77 目标>0.8
[INFO] [1790740070.088610591] [exploration]: v=+0.00 w=+0.50 | 转向中 front=0.78 目标>0.8
[INFO] [1790740070.188653599] [exploration]: v=+0.00 w=+0.50 | 转向中 front=0.79 目标>0.8
[INFO] [1790740070.289014470] [exploration]: v=+0.00 w=+0.50 | 转向中 front=0.80 目标>0.8
[INFO] [1790740070.388595432] [exploration]: v=+0.00 w=+0.00 | 转向完成，停稳 front=0.81
[INFO] [1790740070.489122028] [exploration]: v=+0.20 w=+0.00 | 直行 d=0.82
[INFO] [1790740070.789871307] [exploration]: v=+0.09 w=+0.00 | 减速 d=0.80
[INFO] [1790740070.891146708] [exploration]: v=+0.00 w=+0.50 | 转向，由于危险 d=0.14
[INFO] [1790740070.989894791] [exploration]: v=+0.00 w=+0.50 | 转向中 front=0.14 目标>0.8
[INFO] [1790740071.189823987] [exploration]: v=+0.00 w=+0.50 | 转向中 front=0.79 目标>0.8
[INFO] [1790740071.289214762] [exploration]: v=+0.00 w=+0.50 | 转向中 front=0.14 目标>0.8
[INFO] [1790740071.390589388] [exploration]: v=+0.00 w=+0.50 | 转向中 front=0.15 目标>0.8
[INFO] [1790740071.490611723] [exploration]: v=+0.00 w=+0.50 | 转向中 front=0.13 目标>0.8
[INFO] [1790740071.590654185] [exploration]: v=+0.00 w=+0.00 | 转向完成，停稳 front=0.91
[INFO] [1790740071.691580066] [exploration]: v=+0.20 w=+0.00 | 直行 d=0.93
[INFO] [1790740071.790471281] [exploration]: v=+0.20 w=+0.00 | 直行 d=0.92
[INFO] [1790740071.991677466] [exploration]: v=+0.20 w=+0.00 | 直行 d=0.90
[INFO] [1790740072.091859689] [exploration]: v=+0.20 w=+0.00 | 直行 d=0.88
[INFO] [1790740072.191414353] [exploration]: v=+0.20 w=+0.00 | 直行 d=0.87
[INFO] [1790740072.292655510] [exploration]: v=+0.20 w=+0.00 | 直行 d=0.85
[INFO] [1790740072.392748051] [exploration]: v=+0.20 w=+0.00 | 直行 d=0.82
[INFO] [1790740072.492852350] [exploration]: v=+0.20 w=+0.00 | 直行 d=0.80
[INFO] [1790740072.592723675] [exploration]: v=+0.20 w=+0.00 | 直行 d=0.81
[INFO] [1790740072.693529905] [exploration]: v=+0.09 w=+0.00 | 减速 d=0.80
[INFO] [1790740072.793608695] [exploration]: v=+0.08 w=+0.00 | 减速 d=0.76
[INFO] [1790740072.894641556] [exploration]: v=+0.00 w=+0.50 | 转向，由于危险 d=0.14
[INFO] [1790740072.993948295] [exploration]: v=+0.00 w=+0.50 | 转向中 front=0.14 目标>0.8
[INFO] [1790740073.194433621] [exploration]: v=+0.00 w=+0.50 | 转向中 front=0.79 目标>0.8
[INFO] [1790740073.293777297] [exploration]: v=+0.00 w=+0.00 | 转向完成，停稳 front=0.85
[INFO] [1790740073.393552624] [exploration]: v=+0.00 w=+0.50 | 转向，由于危险 d=0.14
[INFO] [1790740073.493391423] [exploration]: v=+0.00 w=+0.00 | 转向完成，停稳 front=0.92
[INFO] [1790740073.593712248] [exploration]: v=+0.20 w=+0.00 | 直行 d=0.96
[INFO] [1790740073.895703006] [exploration]: v=+0.20 w=+0.00 | 直行 d=0.92
[INFO] [1790740073.994942251] [exploration]: v=+0.20 w=+0.00 | 直行 d=0.91
[INFO] [1790740074.094991674] [exploration]: v=+0.20 w=+0.00 | 直行 d=0.89
[INFO] [1790740074.295442239] [exploration]: v=+0.20 w=+0.00 | 直行 d=0.87
[INFO] [1790740074.395226758] [exploration]: v=+0.20 w=+0.00 | 直行 d=0.86
[INFO] [1790740074.495509012] [exploration]: v=+0.20 w=+0.00 | 直行 d=0.83
[INFO] [1790740074.595082188] [exploration]: v=+0.20 w=+0.00 | 直行 d=0.82
[INFO] [1790740074.796034156] [exploration]: v=+0.08 w=+0.00 | 减速 d=0.76
[INFO] [1790740074.895578165] [exploration]: v=+0.00 w=+0.50 | 转向，由于危险 d=0.13
[INFO] [1790740074.995761700] [exploration]: v=+0.00 w=+0.50 | 转向中 front=0.13 目标>0.8
[INFO] [1790740075.096481473] [exploration]: v=+0.00 w=+0.50 | 转向中 front=0.14 目标>0.8
[INFO] [1790740075.196650302] [exploration]: v=+0.00 w=+0.50 | 转向中 front=0.15 目标>0.8
[INFO] [1790740075.296286844] [exploration]: v=+0.00 w=+0.50 | 转向中 front=0.14 目标>0.8
[INFO] [1790740075.396768085] [exploration]: v=+0.00 w=+0.50 | 转向中 front=0.13 目标>0.8
[INFO] [1790740075.496527760] [exploration]: v=+0.00 w=+0.00 | 转向完成，停稳 front=1.18
[INFO] [1790740075.598383882] [exploration]: v=+0.20 w=+0.00 | 直行 d=1.25
[INFO] [1790740075.996776602] [exploration]: v=+0.20 w=+0.00 | 直行 d=1.21
[INFO] [1790740076.097278992] [exploration]: v=+0.20 w=+0.00 | 直行 d=1.22
[INFO] [1790740076.197165589] [exploration]: v=+0.20 w=+0.00 | 直行 d=1.19
[INFO] [1790740076.297664236] [exploration]: v=+0.20 w=+0.00 | 直行 d=1.21
[INFO] [1790740076.398541757] [exploration]: v=+0.20 w=+0.00 | 直行 d=1.18
[INFO] [1790740076.498321597] [exploration]: v=+0.20 w=+0.00 | 直行 d=1.16
[INFO] [1790740076.597880386] [exploration]: v=+0.20 w=+0.00 | 直行 d=1.66
[INFO] [1790740076.697879917] [exploration]: v=+0.20 w=+0.00 | 直行 d=1.65
[INFO] [1790740076.798203498] [exploration]: v=+0.20 w=+0.00 | 直行 d=1.62
[INFO] [1790740076.898505514] [exploration]: v=+0.20 w=+0.00 | 直行 d=1.60
[INFO] [1790740076.998311926] [exploration]: v=+0.20 w=+0.00 | 直行 d=1.59
[INFO] [1790740077.097351464] [exploration]: v=+0.20 w=+0.00 | 直行 d=1.58
[INFO] [1790740077.198084154] [exploration]: v=+0.20 w=+0.00 | 直行 d=1.55
[INFO] [1790740077.398651358] [exploration]: v=+0.20 w=+0.00 | 直行 d=1.50
[INFO] [1790740077.499218759] [exploration]: v=+0.20 w=+0.00 | 直行 d=1.49
[INFO] [1790740077.598765539] [exploration]: v=+0.20 w=+0.00 | 直行 d=1.47
[INFO] [1790740077.699449076] [exploration]: v=+0.20 w=+0.00 | 直行 d=1.46
[INFO] [1790740077.798762248] [exploration]: v=+0.20 w=+0.00 | 直行 d=1.43
[INFO] [1790740078.000389595] [exploration]: v=+0.20 w=+0.00 | 直行 d=1.40
[INFO] [1790740078.101013215] [exploration]: v=+0.20 w=+0.00 | 直行 d=1.38
[INFO] [1790740078.200368921] [exploration]: v=+0.20 w=+0.00 | 直行 d=1.36
[INFO] [1790740078.301803446] [exploration]: v=+0.20 w=+0.00 | 直行 d=1.35
[INFO] [1790740078.402023186] [exploration]: v=+0.20 w=+0.00 | 直行 d=1.32
[INFO] [1790740078.501810193] [exploration]: v=+0.20 w=+0.00 | 直行 d=1.30
[INFO] [1790740078.601195061] [exploration]: v=+0.20 w=+0.00 | 直行 d=1.29
[INFO] [1790740078.702883208] [exploration]: v=+0.20 w=+0.00 | 直行 d=1.26
[INFO] [1790740078.801624403] [exploration]: v=+0.20 w=+0.00 | 直行 d=1.24
[INFO] [1790740078.901270113] [exploration]: v=+0.20 w=+0.00 | 直行 d=1.22
[INFO] [1790740079.002120071] [exploration]: v=+0.20 w=+0.00 | 直行 d=1.20
[INFO] [1790740079.102653674] [exploration]: v=+0.20 w=+0.00 | 直行 d=1.18
[INFO] [1790740079.202360876] [exploration]: v=+0.20 w=+0.00 | 直行 d=1.16
[INFO] [1790740079.302292521] [exploration]: v=+0.20 w=+0.00 | 直行 d=1.14
[INFO] [1790740079.402742766] [exploration]: v=+0.20 w=+0.00 | 直行 d=1.12
[INFO] [1790740079.502760916] [exploration]: v=+0.20 w=+0.00 | 直行 d=1.11
[INFO] [1790740079.602761443] [exploration]: v=+0.20 w=+0.00 | 直行 d=1.08
[INFO] [1790740079.703289057] [exploration]: v=+0.20 w=+0.00 | 直行 d=1.06
[INFO] [1790740079.802838019] [exploration]: v=+0.20 w=+0.00 | 直行 d=1.04
[INFO] [1790740079.903299203] [exploration]: v=+0.20 w=+0.00 | 直行 d=1.03
[INFO] [1790740080.003368033] [exploration]: v=+0.20 w=+0.00 | 直行 d=1.00
[INFO] [1790740080.103674890] [exploration]: v=+0.20 w=+0.00 | 直行 d=0.97
[INFO] [1790740080.204305979] [exploration]: v=+0.20 w=+0.00 | 直行 d=0.96
[INFO] [1790740080.304202104] [exploration]: v=+0.20 w=+0.00 | 直行 d=0.94
[INFO] [1790740080.404342745] [exploration]: v=+0.20 w=+0.00 | 直行 d=0.93
[INFO] [1790740080.504249078] [exploration]: v=+0.20 w=+0.00 | 直行 d=0.90
[INFO] [1790740080.603314037] [exploration]: v=+0.20 w=+0.00 | 直行 d=0.88
[INFO] [1790740080.704355007] [exploration]: v=+0.20 w=+0.00 | 直行 d=0.86
[INFO] [1790740080.805649276] [exploration]: v=+0.20 w=+0.00 | 直行 d=0.85
[INFO] [1790740080.905804298] [exploration]: v=+0.20 w=+0.00 | 直行 d=0.82
[INFO] [1790740081.005976513] [exploration]: v=+0.20 w=+0.00 | 直行 d=0.80
[INFO] [1790740081.106601652] [exploration]: v=+0.08 w=+0.00 | 减速 d=0.78
[INFO] [1790740081.206187579] [exploration]: v=+0.00 w=+0.50 | 转向，由于危险 d=0.13
[INFO] [1790740081.306648164] [exploration]: v=+0.00 w=+0.50 | 转向中 front=0.14 目标>0.8
[INFO] [1790740081.406367748] [exploration]: v=+0.00 w=+0.50 | 转向中 front=0.75 目标>0.8
[INFO] [1790740081.506596953] [exploration]: v=+0.00 w=+0.50 | 转向中 front=0.13 目标>0.8
[INFO] [1790740081.606121084] [exploration]: v=+0.00 w=+0.50 | 转向中 front=0.14 目标>0.8
[INFO] [1790740081.706060672] [exploration]: v=+0.00 w=+0.50 | 转向中 front=0.13 目标>0.8
[INFO] [1790740081.905958235] [exploration]: v=+0.00 w=+0.50 | 转向中 front=0.76 目标>0.8
[INFO] [1790740082.107733742] [exploration]: v=+0.00 w=+0.50 | 转向中 front=0.77 目标>0.8
[INFO] [1790740082.207689565] [exploration]: v=+0.00 w=+0.50 | 转向中 front=0.76 目标>0.8
[INFO] [1790740082.306665058] [exploration]: v=+0.00 w=+0.00 | 转向完成，停稳 front=1.51
[INFO] [1790740082.408362138] [exploration]: v=+0.20 w=+0.00 | 直行 d=1.54
[INFO] [1790740082.607210400] [exploration]: v=+0.20 w=+0.00 | 直行 d=1.53
[INFO] [1790740082.708984091] [exploration]: v=+0.20 w=+0.00 | 直行 d=1.50
[INFO] [1790740082.808682635] [exploration]: v=+0.20 w=+0.00 | 直行 d=1.49
[INFO] [1790740082.908523230] [exploration]: v=+0.20 w=+0.00 | 直行 d=1.47
[INFO] [1790740083.008616487] [exploration]: v=+0.20 w=+0.00 | 直行 d=1.45
[INFO] [1790740083.108624534] [exploration]: v=+0.20 w=+0.00 | 直行 d=1.43
[INFO] [1790740083.209900471] [exploration]: v=+0.20 w=+0.00 | 直行 d=1.42
[INFO] [1790740083.310281992] [exploration]: v=+0.20 w=+0.00 | 直行 d=1.40
[INFO] [1790740083.410615085] [exploration]: v=+0.20 w=+0.00 | 直行 d=1.38
[INFO] [1790740083.509561896] [exploration]: v=+0.20 w=+0.00 | 直行 d=1.36
[INFO] [1790740083.610112094] [exploration]: v=+0.20 w=+0.00 | 直行 d=1.34
[INFO] [1790740083.709816000] [exploration]: v=+0.20 w=+0.00 | 直行 d=1.32
[INFO] [1790740083.808969736] [exploration]: v=+0.20 w=+0.00 | 直行 d=1.31
[INFO] [1790740083.908897347] [exploration]: v=+0.20 w=+0.00 | 直行 d=1.28
[INFO] [1790740084.009743581] [exploration]: v=+0.20 w=+0.00 | 直行 d=1.26
[INFO] [1790740084.111289507] [exploration]: v=+0.20 w=+0.00 | 直行 d=1.24
[INFO] [1790740084.209991459] [exploration]: v=+0.20 w=+0.00 | 直行 d=1.22
[INFO] [1790740084.310410084] [exploration]: v=+0.20 w=+0.00 | 直行 d=1.21
[INFO] [1790740084.410388609] [exploration]: v=+0.20 w=+0.00 | 直行 d=1.19
[INFO] [1790740084.510896223] [exploration]: v=+0.20 w=+0.00 | 直行 d=1.15
[INFO] [1790740084.711256434] [exploration]: v=+0.20 w=+0.00 | 直行 d=1.14
[INFO] [1790740084.811907151] [exploration]: v=+0.20 w=+0.00 | 直行 d=1.11
[INFO] [1790740084.911811669] [exploration]: v=+0.20 w=+0.00 | 直行 d=1.09
[INFO] [1790740085.012087106] [exploration]: v=+0.20 w=+0.00 | 直行 d=1.07
[INFO] [1790740085.113932371] [exploration]: v=+0.20 w=+0.00 | 直行 d=1.05
[INFO] [1790740085.213650590] [exploration]: v=+0.20 w=+0.00 | 直行 d=1.04
[INFO] [1790740085.313712308] [exploration]: v=+0.20 w=+0.00 | 直行 d=1.02
[INFO] [1790740085.413055042] [exploration]: v=+0.20 w=+0.00 | 直行 d=0.99
[INFO] [1790740085.514080327] [exploration]: v=+0.20 w=+0.00 | 直行 d=0.98
[INFO] [1790740085.614970813] [exploration]: v=+0.20 w=+0.00 | 直行 d=0.96
[INFO] [1790740085.713425935] [exploration]: v=+0.20 w=+0.00 | 直行 d=0.93
[INFO] [1790740085.812449969] [exploration]: v=+0.20 w=+0.00 | 直行 d=0.91
[INFO] [1790740085.912997045] [exploration]: v=+0.20 w=+0.00 | 直行 d=0.90
[INFO] [1790740086.014321370] [exploration]: v=+0.20 w=+0.00 | 直行 d=0.87
[INFO] [1790740086.113395867] [exploration]: v=+0.20 w=+0.00 | 直行 d=0.86
[INFO] [1790740086.213819345] [exploration]: v=+0.20 w=+0.00 | 直行 d=0.84
[INFO] [1790740086.314430300] [exploration]: v=+0.20 w=+0.00 | 直行 d=0.82
[INFO] [1790740086.414673475] [exploration]: v=+0.09 w=+0.00 | 减速 d=0.80
[INFO] [1790740086.514283754] [exploration]: v=+0.00 w=+0.50 | 转向，由于危险 d=0.40
[INFO] [1790740086.614100975] [exploration]: v=+0.00 w=+0.50 | 转向中 front=0.78 目标>0.8
[INFO] [1790740086.714734001] [exploration]: v=+0.00 w=+0.50 | 转向中 front=0.14 目标>0.8
[INFO] [1790740086.814786866] [exploration]: v=+0.00 w=+0.50 | 转向中 front=0.13 目标>0.8
[INFO] [1790740086.915402153] [exploration]: v=+0.00 w=+0.00 | 转向完成，停稳 front=0.80
[INFO] [1790740087.015544101] [exploration]: v=+0.00 w=+0.50 | 转向，由于危险 d=0.14
[INFO] [1790740087.115889410] [exploration]: v=+0.00 w=+0.50 | 转向中 front=0.13 目标>0.8
[INFO] [1790740087.215601392] [exploration]: v=+0.00 w=+0.00 | 转向完成，停稳 front=0.84
[INFO] [1790740087.315147835] [exploration]: v=+0.00 w=+0.50 | 转向，由于危险 d=0.14
[INFO] [1790740087.415723399] [exploration]: v=+0.00 w=+0.00 | 转向完成，停稳 front=0.85
[INFO] [1790740087.516806655] [exploration]: v=+0.20 w=+0.00 | 直行 d=0.86
[INFO] [1790740087.616575714] [exploration]: v=+0.20 w=+0.00 | 直行 d=0.85
[INFO] [1790740087.815692190] [exploration]: v=+0.20 w=+0.00 | 直行 d=0.83
[INFO] [1790740087.915423586] [exploration]: v=+0.20 w=+0.00 | 直行 d=0.82
[INFO] [1790740088.017906047] [exploration]: v=+0.00 w=-0.50 | 右侧缺口 l=2.08 r=0.24
[INFO] [1790740088.117147358] [exploration]: v=+0.00 w=-0.50 | 转向中 front=0.15 目标>0.8
[INFO] [1790740088.216738634] [exploration]: v=+0.00 w=-0.50 | 转向中 front=0.76 目标>0.8
[INFO] [1790740088.318092329] [exploration]: v=+0.00 w=-0.50 | 转向中 front=0.13 目标>0.8
[INFO] [1790740088.517269733] [exploration]: v=+0.00 w=-0.50 | 转向中 front=0.15 目标>0.8
[INFO] [1790740088.617479517] [exploration]: v=+0.00 w=-0.50 | 转向中 front=0.13 目标>0.8
[INFO] [1790740088.717924990] [exploration]: v=+0.00 w=-0.50 | 转向中 front=0.70 目标>0.8
[INFO] [1790740088.818421999] [exploration]: v=+0.00 w=-0.50 | 转向中 front=0.14 目标>0.8
[INFO] [1790740088.918322584] [exploration]: v=+0.00 w=-0.50 | 转向中 front=0.69 目标>0.8
[INFO] [1790740089.218582441] [exploration]: v=+0.00 w=-0.50 | 转向中 front=0.68 目标>0.8
[INFO] [1790740090.019941470] [exploration]: v=+0.00 w=-0.50 | 转向中 front=0.69 目标>0.8
[INFO] [1790740090.222254138] [exploration]: v=+0.00 w=-0.50 | 转向中 front=0.70 目标>0.8
[INFO] [1790740090.421209613] [exploration]: v=+0.00 w=-0.50 | 转向中 front=0.71 目标>0.8
[INFO] [1790740090.521645333] [exploration]: v=+0.00 w=-0.50 | 转向中 front=0.72 目标>0.8
[INFO] [1790740090.621227949] [exploration]: v=+0.00 w=-0.50 | 转向中 front=0.73 目标>0.8
[INFO] [1790740090.820999128] [exploration]: v=+0.00 w=-0.50 | 转向中 front=0.33 目标>0.8
[INFO] [1790740090.922557661] [exploration]: v=+0.00 w=-0.50 | 转向中 front=0.31 目标>0.8
[INFO] [1790740091.022476050] [exploration]: v=+0.00 w=-0.50 | 转向中 front=0.29 目标>0.8
[INFO] [1790740091.223158920] [exploration]: v=+0.00 w=-0.50 | 转向中 front=0.28 目标>0.8
[INFO] [1790740091.423486920] [exploration]: v=+0.00 w=-0.50 | 转向中 front=0.26 目标>0.8
[INFO] [1790740091.723107326] [exploration]: v=+0.00 w=-0.50 | 转向中 front=0.25 目标>0.8
[INFO] [1790740092.023724297] [exploration]: v=+0.00 w=-0.50 | 转向中 front=0.24 目标>0.8
[INFO] [1790740092.925048683] [exploration]: v=+0.00 w=-0.50 | 转向中 front=0.25 目标>0.8
[INFO] [1790740093.025973194] [exploration]: v=+0.00 w=-0.50 | 转向中 front=0.24 目标>0.8
[INFO] [1790740093.325636889] [exploration]: v=+0.00 w=-0.50 | 转向中 front=0.25 目标>0.8
[INFO] [1790740093.526766095] [exploration]: v=+0.00 w=-0.50 | 转向中 front=0.26 目标>0.8
[INFO] [1790740093.626580850] [exploration]: v=+0.00 w=+0.00 | 转向完成，停稳 front=0.97
[INFO] [1790740093.727565240] [exploration]: v=+0.20 w=+0.00 | 直行 d=0.97
[INFO] [1790740093.827250601] [exploration]: v=-0.08 w=+0.00 | 卡死：2.0s 内位移 < 0.05m，倒退脱困
[INFO] [1790740093.927144309] [exploration]: v=-0.08 w=+0.00 | 脱困：倒退
[INFO] [1790740094.827376814] [exploration]: v=+0.00 w=+0.00 | 脱困完成，停稳
[INFO] [1790740094.927762042] [exploration]: v=+0.00 w=-0.50 | 转向，由于危险 d=0.13
[INFO] [1790740095.028350948] [exploration]: v=+0.00 w=-0.50 | 转向中 front=0.14 目标>0.8
[INFO] [1790740095.128738766] [exploration]: v=+0.00 w=-0.50 | 转向中 front=0.13 目标>0.8
[INFO] [1790740095.428137392] [exploration]: v=+0.00 w=+0.00 | 转向完成，停稳 front=1.00
[INFO] [1790740095.528853525] [exploration]: v=+0.20 w=+0.00 | 直行 d=1.00
[INFO] [1790740095.729038417] [exploration]: v=+0.20 w=+0.00 | 直行 d=0.98
[INFO] [1790740095.828356758] [exploration]: v=+0.20 w=+0.00 | 直行 d=0.95
[INFO] [1790740095.930033025] [exploration]: v=+0.20 w=+0.00 | 直行 d=0.94
[INFO] [1790740096.030210463] [exploration]: v=+0.20 w=+0.00 | 直行 d=0.92
[INFO] [1790740096.130254488] [exploration]: v=+0.20 w=+0.00 | 直行 d=0.90
[INFO] [1790740096.230124849] [exploration]: v=+0.20 w=+0.00 | 直行 d=0.88
[INFO] [1790740096.331066453] [exploration]: v=+0.20 w=+0.00 | 直行 d=0.86
[INFO] [1790740096.430965928] [exploration]: v=+0.20 w=+0.00 | 直行 d=0.83
[INFO] [1790740096.531687975] [exploration]: v=+0.20 w=+0.00 | 直行 d=0.82
[INFO] [1790740096.631848165] [exploration]: v=+0.09 w=+0.00 | 减速 d=0.80
[INFO] [1790740096.730750397] [exploration]: v=+0.00 w=-0.50 | 转向，由于危险 d=0.14
[INFO] [1790740096.830547833] [exploration]: v=+0.00 w=-0.50 | 转向中 front=0.77 目标>0.8
[INFO] [1790740096.931377814] [exploration]: v=+0.00 w=-0.50 | 转向中 front=0.13 目标>0.8
[INFO] [1790740097.030474357] [exploration]: v=+0.00 w=-0.50 | 转向中 front=0.14 目标>0.8
[INFO] [1790740097.131682767] [exploration]: v=+0.00 w=-0.50 | 转向中 front=0.75 目标>0.8
[INFO] [1790740097.231597494] [exploration]: v=+0.00 w=-0.50 | 转向中 front=0.76 目标>0.8
[INFO] [1790740097.332633705] [exploration]: v=+0.00 w=-0.50 | 转向中 front=0.74 目标>0.8
[INFO] [1790740097.432457896] [exploration]: v=+0.00 w=-0.50 | 转向中 front=0.79 目标>0.8
[INFO] [1790740097.532629603] [exploration]: v=+0.00 w=+0.00 | 转向完成，停稳 front=0.85
[INFO] [1790740097.633134888] [exploration]: v=+0.20 w=+0.00 | 直行 d=0.86
[INFO] [1790740097.732568037] [exploration]: v=+0.20 w=+0.00 | 直行 d=0.90
[INFO] [1790740097.832821368] [exploration]: v=+0.20 w=+0.00 | 直行 d=0.87
[INFO] [1790740097.931656967] [exploration]: v=+0.20 w=+0.00 | 直行 d=0.85
[INFO] [1790740098.132608478] [exploration]: v=+0.20 w=+0.00 | 直行 d=0.82
[INFO] [1790740098.233145226] [exploration]: v=+0.20 w=+0.00 | 直行 d=0.81
[INFO] [1790740098.434072081] [exploration]: v=+0.00 w=+0.50 | 左侧缺口 l=0.26 r=2.14
[INFO] [1790740098.533248300] [exploration]: v=+0.00 w=+0.50 | 转向中 front=0.13 目标>0.8
[INFO] [1790740098.633590300] [exploration]: v=+0.00 w=+0.50 | 转向中 front=0.14 目标>0.8
[INFO] [1790740098.733902638] [exploration]: v=+0.00 w=+0.50 | 转向中 front=0.15 目标>0.8
[INFO] [1790740098.833616027] [exploration]: v=+0.00 w=+0.50 | 转向中 front=0.14 目标>0.8
[INFO] [1790740098.934116719] [exploration]: v=+0.00 w=+0.50 | 转向中 front=0.64 目标>0.8
[INFO] [1790740099.034361594] [exploration]: v=+0.00 w=+0.50 | 转向中 front=0.14 目标>0.8
[INFO] [1790740099.135024791] [exploration]: v=+0.00 w=+0.50 | 转向中 front=0.62 目标>0.8
[INFO] [1790740099.233645356] [exploration]: v=+0.00 w=+0.50 | 转向中 front=0.61 目标>0.8
[INFO] [1790740099.334214956] [exploration]: v=+0.00 w=+0.50 | 转向中 front=0.60 目标>0.8
[INFO] [1790740099.435026866] [exploration]: v=+0.00 w=+0.50 | 转向中 front=0.62 目标>0.8
[INFO] [1790740099.535485595] [exploration]: v=+0.00 w=+0.50 | 转向中 front=0.60 目标>0.8
[INFO] [1790740099.635228664] [exploration]: v=+0.00 w=+0.50 | 转向中 front=0.61 目标>0.8
[INFO] [1790740099.836253120] [exploration]: v=+0.00 w=+0.50 | 转向中 front=0.60 目标>0.8
[INFO] [1790740099.936397866] [exploration]: v=+0.00 w=+0.50 | 转向中 front=0.62 目标>0.8
[INFO] [1790740100.037279232] [exploration]: v=+0.00 w=+0.50 | 转向中 front=0.60 目标>0.8
[INFO] [1790740100.136809274] [exploration]: v=+0.00 w=+0.50 | 转向中 front=0.64 目标>0.8
[INFO] [1790740100.238174509] [exploration]: v=+0.00 w=+0.50 | 转向中 front=0.69 目标>0.8
[INFO] [1790740100.338465702] [exploration]: v=+0.00 w=+0.50 | 转向中 front=0.73 目标>0.8
[INFO] [1790740100.437339459] [exploration]: v=+0.00 w=+0.50 | 转向中 front=0.80 目标>0.8
[INFO] [1790740100.537400791] [exploration]: v=+0.00 w=+0.00 | 转向完成，停稳 front=0.89
[INFO] [1790740100.637734494] [exploration]: v=+0.20 w=+0.00 | 直行 d=0.92
[INFO] [1790740100.736134131] [exploration]: v=-0.08 w=+0.00 | 卡死：2.0s 内位移 < 0.05m，倒退脱困
[INFO] [1790740100.837917414] [exploration]: v=-0.08 w=+0.00 | 脱困：倒退
[INFO] [1790740101.739123367] [exploration]: v=+0.00 w=+0.00 | 脱困完成，停稳
[INFO] [1790740101.839336844] [exploration]: v=+0.20 w=+0.00 | 直行 d=0.94
[INFO] [1790740101.939773384] [exploration]: v=+0.00 w=-0.50 | 转向，由于危险 d=0.13
[INFO] [1790740102.040576417] [exploration]: v=+0.00 w=+0.00 | 转向完成，停稳 front=0.97
[INFO] [1790740102.140827199] [exploration]: v=+0.00 w=-0.50 | 转向，由于危险 d=0.14
[INFO] [1790740102.241801245] [exploration]: v=+0.00 w=-0.50 | 转向中 front=0.14 目标>0.8
[INFO] [1790740102.342276220] [exploration]: v=+0.00 w=-0.50 | 转向中 front=0.79 目标>0.8
[INFO] [1790740102.442219247] [exploration]: v=+0.00 w=-0.50 | 转向中 front=0.69 目标>0.8
[INFO] [1790740102.541709880] [exploration]: v=+0.00 w=-0.50 | 转向中 front=0.70 目标>0.8
[INFO] [1790740102.641485479] [exploration]: v=+0.00 w=-0.50 | 转向中 front=0.13 目标>0.8
[INFO] [1790740102.742375330] [exploration]: v=+0.00 w=-0.50 | 转向中 front=0.65 目标>0.8
[INFO] [1790740103.142346384] [exploration]: v=+0.00 w=-0.50 | 转向中 front=0.66 目标>0.8
[INFO] [1790740103.241029302] [exploration]: v=+0.00 w=-0.50 | 转向中 front=0.65 目标>0.8
[INFO] [1790740103.341631212] [exploration]: v=+0.00 w=-0.50 | 转向中 front=0.67 目标>0.8
[INFO] [1790740103.441972805] [exploration]: v=+0.00 w=-0.50 | 转向中 front=0.66 目标>0.8
[INFO] [1790740103.541754327] [exploration]: v=+0.00 w=-0.50 | 转向中 front=0.65 目标>0.8
[INFO] [1790740103.641218768] [exploration]: v=+0.00 w=-0.50 | 转向中 front=0.70 目标>0.8
[INFO] [1790740103.742002559] [exploration]: v=+0.00 w=-0.50 | 转向中 front=0.73 目标>0.8
[INFO] [1790740103.841205821] [exploration]: v=+0.00 w=-0.50 | 转向中 front=0.77 目标>0.8
[INFO] [1790740103.941565209] [exploration]: v=+0.00 w=+0.00 | 转向完成，停稳 front=0.82
[INFO] [1790740104.042084080] [exploration]: v=+0.20 w=+0.00 | 直行 d=0.87
[INFO] [1790740104.142424343] [exploration]: v=-0.08 w=+0.00 | 卡死：2.0s 内位移 < 0.05m，倒退脱困
[INFO] [1790740104.241732112] [exploration]: v=-0.08 w=+0.00 | 脱困：倒退
[INFO] [1790740105.143586795] [exploration]: v=+0.00 w=+0.00 | 脱困完成，停稳
[INFO] [1790740105.246068146] [exploration]: v=+0.00 w=-0.50 | 转向，由于危险 d=0.15
[INFO] [1790740105.345301110] [exploration]: v=+0.00 w=+0.00 | 转向完成，停稳 front=0.85
[INFO] [1790740105.445346522] [exploration]: v=+0.20 w=+0.00 | 直行 d=0.99
[INFO] [1790740105.545685120] [exploration]: v=+0.20 w=+0.00 | 直行 d=0.96
[INFO] [1790740105.645798081] [exploration]: v=+0.20 w=+0.00 | 直行 d=0.99
[INFO] [1790740105.946255361] [exploration]: v=+0.20 w=+0.00 | 直行 d=0.95
[INFO] [1790740106.046632728] [exploration]: v=+0.20 w=+0.00 | 直行 d=0.94
[INFO] [1790740106.345895416] [exploration]: v=+0.20 w=+0.00 | 直行 d=0.90
[INFO] [1790740106.546266793] [exploration]: v=+0.20 w=+0.00 | 直行 d=0.89
[INFO] [1790740106.646543851] [exploration]: v=+0.20 w=+0.00 | 直行 d=0.86
[INFO] [1790740106.747424198] [exploration]: v=+0.20 w=+0.00 | 直行 d=0.85
[INFO] [1790740106.848083927] [exploration]: v=+0.20 w=+0.00 | 直行 d=0.86
[INFO] [1790740106.947716215] [exploration]: v=+0.20 w=+0.00 | 直行 d=0.85
[INFO] [1790740107.047421042] [exploration]: v=+0.20 w=+0.00 | 直行 d=0.82
[INFO] [1790740107.147420671] [exploration]: v=+0.20 w=+0.00 | 直行 d=0.81
[INFO] [1790740107.248790306] [exploration]: v=+0.09 w=+0.00 | 减速 d=0.79
[INFO] [1790740107.347706479] [exploration]: v=+0.00 w=-0.50 | 转向，由于危险 d=0.13
[INFO] [1790740107.448980753] [exploration]: v=+0.00 w=-0.50 | 转向中 front=0.79 目标>0.8
[INFO] [1790740107.549368318] [exploration]: v=+0.00 w=-0.50 | 转向中 front=0.13 目标>0.8
[INFO] [1790740107.648378087] [exploration]: v=+0.00 w=+0.00 | 转向完成，停稳 front=0.91
[INFO] [1790740107.748472756] [exploration]: v=+0.00 w=-0.50 | 转向，由于危险 d=0.14
[INFO] [1790740107.848496382] [exploration]: v=+0.00 w=-0.50 | 转向中 front=0.15 目标>0.8
[INFO] [1790740107.948765389] [exploration]: v=+0.00 w=-0.50 | 转向中 front=0.14 目标>0.8
[INFO] [1790740108.047503408] [exploration]: v=+0.00 w=+0.00 | 转向完成，停稳 front=1.38
[INFO] [1790740108.149478005] [exploration]: v=+0.20 w=+0.00 | 直行 d=1.55
[INFO] [1790740108.249841275] [exploration]: v=+0.20 w=+0.00 | 直行 d=1.54
[INFO] [1790740108.349672465] [exploration]: v=+0.20 w=+0.00 | 直行 d=1.56
[INFO] [1790740108.449497087] [exploration]: v=+0.20 w=+0.00 | 直行 d=1.55
[INFO] [1790740108.549144862] [exploration]: v=+0.20 w=+0.00 | 直行 d=1.54
[INFO] [1790740108.850293816] [exploration]: v=+0.20 w=+0.00 | 直行 d=1.53
[INFO] [1790740108.950323672] [exploration]: v=+0.20 w=+0.00 | 直行 d=1.52
[INFO] [1790740109.050232301] [exploration]: v=+0.20 w=+0.00 | 直行 d=1.53
[INFO] [1790740109.149750458] [exploration]: v=+0.20 w=+0.00 | 直行 d=1.49
[INFO] [1790740109.251896518] [exploration]: v=+0.20 w=+0.00 | 直行 d=1.52
[INFO] [1790740109.452350230] [exploration]: v=+0.20 w=+0.00 | 直行 d=1.51
[INFO] [1790740109.552843243] [exploration]: v=+0.20 w=+0.00 | 直行 d=1.50
[INFO] [1790740109.752248709] [exploration]: v=+0.20 w=+0.00 | 直行 d=1.51
[INFO] [1790740109.852995388] [exploration]: v=+0.20 w=+0.00 | 直行 d=1.49
[INFO] [1790740110.151922776] [exploration]: v=+0.20 w=+0.00 | 直行 d=1.47
[INFO] [1790740110.553572843] [exploration]: v=+0.20 w=+0.00 | 直行 d=1.45
[INFO] [1790740110.753088548] [exploration]: v=+0.20 w=+0.00 | 直行 d=1.46
[INFO] [1790740110.853357127] [exploration]: v=+0.20 w=+0.00 | 直行 d=1.44
[INFO] [1790740111.153762944] [exploration]: v=+0.20 w=+0.00 | 直行 d=1.43
[INFO] [1790740111.254744926] [exploration]: v=+0.20 w=+0.00 | 直行 d=1.44
[INFO] [1790740111.354201096] [exploration]: v=+0.20 w=+0.00 | 直行 d=1.43
[INFO] [1790740111.455872898] [exploration]: v=+0.20 w=+0.00 | 直行 d=1.42
[INFO] [1790740111.555490282] [exploration]: v=+0.20 w=+0.00 | 直行 d=1.43
[INFO] [1790740111.655563227] [exploration]: v=+0.20 w=+0.00 | 直行 d=1.40
[INFO] [1790740111.955079477] [exploration]: v=+0.20 w=+0.00 | 直行 d=1.41
[INFO] [1790740112.055272976] [exploration]: v=+0.20 w=+0.00 | 直行 d=1.40
[INFO] [1790740112.155136191] [exploration]: v=+0.20 w=+0.00 | 直行 d=1.42
[INFO] [1790740112.256553977] [exploration]: v=+0.20 w=+0.00 | 直行 d=1.39
[INFO] [1790740112.355580538] [exploration]: v=+0.20 w=+0.00 | 直行 d=1.38
[INFO] [1790740112.456757955] [exploration]: v=+0.20 w=+0.00 | 直行 d=1.40
[INFO] [1790740112.556894294] [exploration]: v=+0.20 w=+0.00 | 直行 d=1.38
[INFO] [1790740112.656480642] [exploration]: v=+0.20 w=+0.00 | 直行 d=1.36
[INFO] [1790740112.756666411] [exploration]: v=+0.20 w=+0.00 | 直行 d=1.37
[INFO] [1790740112.856281436] [exploration]: v=+0.20 w=+0.00 | 直行 d=1.35
[INFO] [1790740112.957723625] [exploration]: v=+0.20 w=+0.00 | 直行 d=1.33
[INFO] [1790740113.057765487] [exploration]: v=+0.20 w=+0.00 | 直行 d=1.30
[INFO] [1790740113.158214481] [exploration]: v=+0.20 w=+0.00 | 直行 d=1.29
[INFO] [1790740113.257360112] [exploration]: v=+0.20 w=+0.00 | 直行 d=1.27
[INFO] [1790740113.359189472] [exploration]: v=+0.20 w=+0.00 | 直行 d=1.25
[INFO] [1790740113.459412459] [exploration]: v=+0.20 w=+0.00 | 直行 d=1.23
[INFO] [1790740113.558145748] [exploration]: v=+0.20 w=+0.00 | 直行 d=1.20
[INFO] [1790740113.757729576] [exploration]: v=+0.20 w=+0.00 | 直行 d=1.17
[INFO] [1790740113.856900890] [exploration]: v=+0.20 w=+0.00 | 直行 d=1.15
[INFO] [1790740113.958383748] [exploration]: v=+0.20 w=+0.00 | 直行 d=1.13
[INFO] [1790740114.057819287] [exploration]: v=+0.20 w=+0.00 | 直行 d=1.11
[INFO] [1790740114.158778121] [exploration]: v=+0.20 w=+0.00 | 直行 d=1.10
[INFO] [1790740114.257251982] [exploration]: v=+0.20 w=+0.00 | 直行 d=1.08
[INFO] [1790740114.358326169] [exploration]: v=+0.20 w=+0.00 | 直行 d=1.06
[INFO] [1790740114.459039791] [exploration]: v=+0.20 w=+0.00 | 直行 d=1.03
[INFO] [1790740114.559150347] [exploration]: v=+0.20 w=+0.00 | 直行 d=1.02
[INFO] [1790740114.659030892] [exploration]: v=+0.20 w=+0.00 | 直行 d=1.00
[INFO] [1790740114.760016180] [exploration]: v=+0.20 w=+0.00 | 直行 d=0.98
[INFO] [1790740114.861643820] [exploration]: v=+0.20 w=+0.00 | 直行 d=0.96
[INFO] [1790740114.960485171] [exploration]: v=+0.20 w=+0.00 | 直行 d=0.94
[INFO] [1790740115.060042211] [exploration]: v=+0.20 w=+0.00 | 直行 d=0.92
[INFO] [1790740115.160541760] [exploration]: v=+0.20 w=+0.00 | 直行 d=0.89
[INFO] [1790740115.260397300] [exploration]: v=+0.20 w=+0.00 | 直行 d=0.87
[INFO] [1790740115.360936202] [exploration]: v=+0.20 w=+0.00 | 直行 d=0.86
[INFO] [1790740115.460375470] [exploration]: v=+0.20 w=+0.00 | 直行 d=0.84
[INFO] [1790740115.561093343] [exploration]: v=+0.20 w=+0.00 | 直行 d=0.82
[INFO] [1790740115.661189489] [exploration]: v=+0.09 w=+0.00 | 减速 d=0.80
[INFO] [1790740115.761067622] [exploration]: v=+0.00 w=-0.50 | 转向，由于危险 d=0.14
[INFO] [1790740115.861394491] [exploration]: v=+0.00 w=-0.50 | 转向中 front=0.75 目标>0.8
[INFO] [1790740115.960511976] [exploration]: v=+0.00 w=-0.50 | 转向中 front=0.16 目标>0.8
[INFO] [1790740116.061764369] [exploration]: v=+0.00 w=-0.50 | 转向中 front=0.13 目标>0.8
[INFO] [1790740116.162496549] [exploration]: v=+0.00 w=-0.50 | 转向中 front=0.76 目标>0.8
[INFO] [1790740116.262629776] [exploration]: v=+0.00 w=-0.50 | 转向中 front=0.14 目标>0.8
[INFO] [1790740116.363399872] [exploration]: v=+0.00 w=-0.50 | 转向中 front=0.13 目标>0.8
[INFO] [1790740116.463475855] [exploration]: v=+0.00 w=-0.50 | 转向中 front=0.77 目标>0.8
[INFO] [1790740116.662413581] [exploration]: v=+0.00 w=-0.50 | 转向中 front=0.78 目标>0.8
[INFO] [1790740116.863012891] [exploration]: v=+0.00 w=-0.50 | 转向中 front=0.79 目标>0.8
[INFO] [1790740116.964295676] [exploration]: v=+0.00 w=+0.00 | 转向完成，停稳 front=0.80
[INFO] [1790740117.063843795] [exploration]: v=+0.09 w=+0.00 | 减速 d=0.80
[INFO] [1790740117.263852202] [exploration]: v=+0.09 w=+0.00 | 减速 d=0.79
[INFO] [1790740117.363731691] [exploration]: v=+0.08 w=+0.00 | 减速 d=0.78
[INFO] [1790740117.464511879] [exploration]: v=+0.08 w=+0.00 | 减速 d=0.77
[INFO] [1790740117.665728412] [exploration]: v=+0.08 w=+0.00 | 减速 d=0.76
[INFO] [1790740117.764923965] [exploration]: v=+0.08 w=+0.00 | 减速 d=0.75
[INFO] [1790740117.864535223] [exploration]: v=+0.08 w=+0.00 | 减速 d=0.74
[INFO] [1790740118.065740548] [exploration]: v=+0.07 w=+0.00 | 减速 d=0.73
[INFO] [1790740118.166512598] [exploration]: v=+0.07 w=+0.00 | 减速 d=0.72
[INFO] [1790740118.366391337] [exploration]: v=+0.07 w=+0.00 | 减速 d=0.71
[INFO] [1790740118.566395772] [exploration]: v=+0.06 w=+0.00 | 减速 d=0.69
[INFO] [1790740118.767585986] [exploration]: v=+0.06 w=+0.00 | 减速 d=0.68
[INFO] [1790740118.966222791] [exploration]: v=+0.06 w=+0.00 | 减速 d=0.67
[INFO] [1790740119.166364172] [exploration]: v=+0.06 w=+0.00 | 减速 d=0.66
[INFO] [1790740119.467607215] [exploration]: v=+0.05 w=+0.00 | 减速 d=0.64
[INFO] [1790740119.767536784] [exploration]: v=+0.05 w=+0.00 | 减速 d=0.63
[INFO] [1790740119.868713106] [exploration]: v=+0.05 w=+0.00 | 减速 d=0.62
[INFO] [1790740120.168904626] [exploration]: v=+0.05 w=+0.00 | 减速 d=0.61
[INFO] [1790740120.569447456] [exploration]: v=+0.05 w=+0.00 | 减速 d=0.60
[INFO] [1790740120.669851544] [exploration]: v=+0.05 w=+0.00 | 减速 d=0.59
[INFO] [1790740120.770244956] [exploration]: v=+0.05 w=+0.00 | 减速 d=0.58
[INFO] [1790740120.970633328] [exploration]: v=+0.05 w=+0.00 | 减速 d=0.57
[INFO] [1790740121.170396281] [exploration]: v=+0.05 w=+0.00 | 减速 d=0.56
[INFO] [1790740121.271220520] [exploration]: v=+0.05 w=+0.00 | 减速 d=0.57
[INFO] [1790740121.371190725] [exploration]: v=+0.05 w=+0.00 | 减速 d=0.56
[INFO] [1790740121.570842242] [exploration]: v=+0.05 w=+0.00 | 减速 d=0.55
[INFO] [1790740121.772055880] [exploration]: v=+0.05 w=+0.00 | 减速 d=0.54
[INFO] [1790740121.870025794] [exploration]: v=+0.05 w=+0.00 | 减速 d=0.53
[INFO] [1790740122.172337646] [exploration]: v=+0.05 w=+0.00 | 减速 d=0.52
[INFO] [1790740122.272262420] [exploration]: v=+0.05 w=+0.00 | 减速 d=0.51
[INFO] [1790740122.372301561] [exploration]: v=+0.05 w=+0.00 | 减速 d=0.52
[INFO] [1790740122.472802980] [exploration]: v=+0.05 w=+0.00 | 减速 d=0.50
[INFO] [1790740122.772692509] [exploration]: v=+0.05 w=+0.00 | 减速 d=0.49
[INFO] [1790740122.873982522] [exploration]: v=+0.05 w=+0.00 | 减速 d=0.48
[INFO] [1790740122.974502369] [exploration]: v=+0.05 w=+0.00 | 减速 d=0.49
[INFO] [1790740123.073151568] [exploration]: v=+0.05 w=+0.00 | 减速 d=0.48
[INFO] [1790740123.173272137] [exploration]: v=+0.05 w=+0.00 | 减速 d=0.47
[INFO] [1790740123.373466694] [exploration]: v=+0.05 w=+0.00 | 减速 d=0.46
[INFO] [1790740123.675912145] [exploration]: v=+0.05 w=+0.00 | 减速 d=0.45
[INFO] [1790740123.875679732] [exploration]: v=+0.05 w=+0.00 | 减速 d=0.44
[INFO] [1790740124.074966654] [exploration]: v=+0.05 w=+0.00 | 减速 d=0.43
[INFO] [1790740124.175485501] [exploration]: v=+0.05 w=+0.00 | 减速 d=0.42
[INFO] [1790740124.475886987] [exploration]: v=+0.05 w=+0.00 | 减速 d=0.41
[INFO] [1790740124.676804719] [exploration]: v=+0.00 w=-0.50 | 转向，由于危险 d=0.40
[INFO] [1790740124.776417475] [exploration]: v=+0.00 w=-0.50 | 转向中 front=0.15 目标>0.8
[INFO] [1790740124.876070657] [exploration]: v=+0.00 w=-0.50 | 转向中 front=0.14 目标>0.8
[INFO] [1790740125.077120530] [exploration]: v=+0.00 w=-0.50 | 转向中 front=0.17 目标>0.8
[INFO] [1790740125.176221420] [exploration]: v=+0.00 w=-0.50 | 转向中 front=0.14 目标>0.8
[INFO] [1790740125.676898475] [exploration]: v=+0.00 w=-0.50 | 转向中 front=0.13 目标>0.8
[INFO] [1790740125.777587187] [exploration]: v=+0.00 w=-0.50 | 转向中 front=0.15 目标>0.8
[INFO] [1790740125.878512633] [exploration]: v=+0.00 w=-0.50 | 转向中 front=0.52 目标>0.8
[INFO] [1790740125.979258487] [exploration]: v=+0.00 w=-0.50 | 转向中 front=0.15 目标>0.8
[INFO] [1790740126.078471740] [exploration]: v=+0.00 w=-0.50 | 转向中 front=0.55 目标>0.8
[INFO] [1790740126.179347663] [exploration]: v=+0.00 w=-0.50 | 转向中 front=0.13 目标>0.8
[INFO] [1790740126.278171054] [exploration]: v=+0.00 w=+0.00 | 转向完成，停稳 front=0.87
[INFO] [1790740126.379619623] [exploration]: v=+0.00 w=-0.50 | 转向，由于危险 d=0.13
[INFO] [1790740126.480799625] [exploration]: v=+0.00 w=+0.00 | 转向完成，停稳 front=0.87
[INFO] [1790740126.580465984] [exploration]: v=+0.00 w=-0.50 | 转向，由于危险 d=0.13
[INFO] [1790740126.680988218] [exploration]: v=+0.00 w=+0.00 | 转向完成，停稳 front=0.87
[INFO] [1790740126.780375079] [exploration]: v=+0.00 w=-0.50 | 转向，由于危险 d=0.13
[INFO] [1790740126.882145941] [exploration]: v=+0.00 w=+0.00 | 转向完成，停稳 front=0.87
[INFO] [1790740126.981687457] [exploration]: v=+0.00 w=-0.50 | 转向，由于危险 d=0.40
[INFO] [1790740127.081718574] [exploration]: v=+0.00 w=+0.00 | 转向完成，停稳 front=0.87
[INFO] [1790740127.181460424] [exploration]: v=+0.00 w=-0.50 | 转向，由于危险 d=0.13
[INFO] [1790740127.279949181] [exploration]: v=+0.00 w=-0.50 | 转向中 front=0.14 目标>0.8
[INFO] [1790740127.381844685] [exploration]: v=+0.00 w=+0.00 | 转向完成，停稳 front=0.87
[INFO] [1790740127.481583436] [exploration]: v=+0.20 w=+0.00 | 直行 d=0.87
[INFO] [1790740127.580906651] [exploration]: v=-0.08 w=+0.00 | 卡死：2.0s 内位移 < 0.05m，倒退脱困
[INFO] [1790740127.681645721] [exploration]: v=-0.08 w=+0.00 | 脱困：倒退
[INFO] [1790740128.582836917] [exploration]: v=+0.00 w=+0.00 | 脱困完成，停稳
[INFO] [1790740128.682903613] [exploration]: v=+0.20 w=+0.00 | 直行 d=0.95
[INFO] [1790740128.783605552] [exploration]: v=+0.20 w=+0.00 | 直行 d=1.40
[INFO] [1790740128.884583574] [exploration]: v=+0.20 w=+0.00 | 直行 d=1.60
[INFO] [1790740128.984826700] [exploration]: v=+0.20 w=+0.00 | 直行 d=1.58
[INFO] [1790740129.284542754] [exploration]: v=+0.20 w=+0.00 | 直行 d=1.56
[INFO] [1790740129.384481021] [exploration]: v=+0.20 w=+0.00 | 直行 d=1.57
[INFO] [1790740129.483936009] [exploration]: v=+0.20 w=+0.00 | 直行 d=1.56
[INFO] [1790740129.585129007] [exploration]: v=+0.20 w=+0.00 | 直行 d=1.53
[INFO] [1790740129.685899075] [exploration]: v=+0.20 w=+0.00 | 直行 d=1.56
[INFO] [1790740129.786583208] [exploration]: v=+0.20 w=+0.00 | 直行 d=1.55
[INFO] [1790740129.885009340] [exploration]: v=+0.20 w=+0.00 | 直行 d=1.53
[INFO] [1790740130.086798592] [exploration]: v=+0.20 w=+0.00 | 直行 d=1.54
[INFO] [1790740130.185142052] [exploration]: v=+0.20 w=+0.00 | 直行 d=1.52
[INFO] [1790740130.287311446] [exploration]: v=+0.20 w=+0.00 | 直行 d=1.53
[INFO] [1790740130.488568523] [exploration]: v=+0.20 w=+0.00 | 直行 d=1.52
[INFO] [1790740130.687645924] [exploration]: v=+0.20 w=+0.00 | 直行 d=1.50
[INFO] [1790740130.887974921] [exploration]: v=+0.20 w=+0.00 | 直行 d=1.49
[INFO] [1790740130.987172152] [exploration]: v=+0.20 w=+0.00 | 直行 d=1.48
[INFO] [1790740131.088742304] [exploration]: v=+0.20 w=+0.00 | 直行 d=1.49
[INFO] [1790740131.187473322] [exploration]: v=+0.20 w=+0.00 | 直行 d=1.50
[INFO] [1790740131.288544274] [exploration]: v=+0.20 w=+0.00 | 直行 d=1.49
[INFO] [1790740131.388063651] [exploration]: v=+0.20 w=+0.00 | 直行 d=1.47
[INFO] [1790740131.788462825] [exploration]: v=+0.20 w=+0.00 | 直行 d=1.48
[INFO] [1790740131.888048277] [exploration]: v=+0.20 w=+0.00 | 直行 d=1.45
[INFO] [1790740131.988106062] [exploration]: v=+0.20 w=+0.00 | 直行 d=1.46
[INFO] [1790740132.088416502] [exploration]: v=+0.20 w=+0.00 | 直行 d=1.43
[INFO] [1790740132.190588163] [exploration]: v=+0.20 w=+0.00 | 直行 d=1.42
[INFO] [1790740132.291074824] [exploration]: v=+0.20 w=+0.00 | 直行 d=1.41
[INFO] [1790740132.390669845] [exploration]: v=+0.20 w=+0.00 | 直行 d=1.37
[INFO] [1790740132.491108131] [exploration]: v=+0.20 w=+0.00 | 直行 d=1.36
[INFO] [1790740132.590221045] [exploration]: v=+0.20 w=+0.00 | 直行 d=1.35
[INFO] [1790740132.691716324] [exploration]: v=+0.20 w=+0.00 | 直行 d=1.33
[INFO] [1790740132.792670619] [exploration]: v=+0.20 w=+0.00 | 直行 d=1.30
[INFO] [1790740132.891838785] [exploration]: v=+0.20 w=+0.00 | 直行 d=1.28
[INFO] [1790740132.992043941] [exploration]: v=+0.20 w=+0.00 | 直行 d=1.26
[INFO] [1790740133.091488550] [exploration]: v=+0.20 w=+0.00 | 直行 d=1.24
[INFO] [1790740133.191106807] [exploration]: v=+0.20 w=+0.00 | 直行 d=1.23
[INFO] [1790740133.291844742] [exploration]: v=+0.20 w=+0.00 | 直行 d=1.20
[INFO] [1790740133.390982194] [exploration]: v=+0.20 w=+0.00 | 直行 d=1.19
[INFO] [1790740133.491390877] [exploration]: v=+0.20 w=+0.00 | 直行 d=1.17
[INFO] [1790740133.590880563] [exploration]: v=+0.20 w=+0.00 | 直行 d=1.15
[INFO] [1790740133.691207146] [exploration]: v=+0.20 w=+0.00 | 直行 d=1.13
[INFO] [1790740133.791593919] [exploration]: v=+0.20 w=+0.00 | 直行 d=1.11
[INFO] [1790740133.892438282] [exploration]: v=+0.20 w=+0.00 | 直行 d=1.09
[INFO] [1790740133.992754742] [exploration]: v=+0.20 w=+0.00 | 直行 d=1.07
[INFO] [1790740134.092027851] [exploration]: v=+0.20 w=+0.00 | 直行 d=1.05
[INFO] [1790740134.192127864] [exploration]: v=+0.20 w=+0.00 | 直行 d=1.03
[INFO] [1790740134.292276434] [exploration]: v=+0.20 w=+0.00 | 直行 d=1.01
[INFO] [1790740134.392595539] [exploration]: v=+0.20 w=+0.00 | 直行 d=0.99
[INFO] [1790740134.492711821] [exploration]: v=+0.20 w=+0.00 | 直行 d=0.97
[INFO] [1790740134.592971828] [exploration]: v=+0.20 w=+0.00 | 直行 d=0.94
[INFO] [1790740134.692669797] [exploration]: v=+0.20 w=+0.00 | 直行 d=0.93
[INFO] [1790740134.792882279] [exploration]: v=+0.20 w=+0.00 | 直行 d=0.91
[INFO] [1790740134.893155347] [exploration]: v=+0.20 w=+0.00 | 直行 d=0.89
[INFO] [1790740134.993009825] [exploration]: v=+0.20 w=+0.00 | 直行 d=0.87
[INFO] [1790740135.092905489] [exploration]: v=+0.20 w=+0.00 | 直行 d=0.85
[INFO] [1790740135.194779176] [exploration]: v=+0.20 w=+0.00 | 直行 d=0.82
[INFO] [1790740135.294529833] [exploration]: v=+0.20 w=+0.00 | 直行 d=0.81
[INFO] [1790740135.394521043] [exploration]: v=+0.09 w=+0.00 | 减速 d=0.79
[INFO] [1790740135.494735122] [exploration]: v=+0.00 w=-0.50 | 转向，由于危险 d=0.13
[INFO] [1790740135.595250342] [exploration]: v=+0.00 w=-0.50 | 转向中 front=0.15 目标>0.8
[INFO] [1790740135.696458558] [exploration]: v=+0.00 w=-0.50 | 转向中 front=0.14 目标>0.8
[INFO] [1790740135.896155109] [exploration]: v=+0.00 w=-0.50 | 转向中 front=0.15 目标>0.8
[INFO] [1790740135.996892636] [exploration]: v=+0.00 w=-0.50 | 转向中 front=0.13 目标>0.8
[INFO] [1790740136.097206418] [exploration]: v=+0.00 w=-0.50 | 转向中 front=0.76 目标>0.8
[INFO] [1790740136.197622262] [exploration]: v=+0.00 w=-0.50 | 转向中 front=0.14 目标>0.8
[INFO] [1790740136.296158876] [exploration]: v=+0.00 w=-0.50 | 转向中 front=0.77 目标>0.8
[INFO] [1790740136.496795119] [exploration]: v=+0.00 w=-0.50 | 转向中 front=0.78 目标>0.8
[INFO] [1790740136.796481278] [exploration]: v=+0.00 w=-0.50 | 转向中 front=0.80 目标>0.8
[INFO] [1790740136.895610393] [exploration]: v=+0.00 w=+0.00 | 转向完成，停稳 front=0.82
[INFO] [1790740136.997304268] [exploration]: v=+0.20 w=+0.00 | 直行 d=0.82
[INFO] [1790740137.096717884] [exploration]: v=+0.20 w=+0.00 | 直行 d=0.81
[INFO] [1790740137.198382078] [exploration]: v=+0.20 w=+0.00 | 直行 d=0.80
[INFO] [1790740137.297729916] [exploration]: v=+0.09 w=+0.00 | 减速 d=0.79
[INFO] [1790740137.398036077] [exploration]: v=+0.00 w=-0.50 | 转向，由于危险 d=0.13
[INFO] [1790740137.497945550] [exploration]: v=+0.00 w=-0.50 | 转向中 front=0.15 目标>0.8
[INFO] [1790740137.598138602] [exploration]: v=+0.00 w=-0.50 | 转向中 front=0.13 目标>0.8
[INFO] [1790740137.698481838] [exploration]: v=+0.00 w=-0.50 | 转向中 front=0.79 目标>0.8
[INFO] [1790740137.797662346] [exploration]: v=+0.00 w=-0.50 | 转向中 front=0.14 目标>0.8
[INFO] [1790740137.898365481] [exploration]: v=+0.00 w=+0.00 | 转向完成，停稳 front=0.82
[INFO] [1790740137.997513015] [exploration]: v=+0.00 w=-0.50 | 转向，由于危险 d=0.40
[INFO] [1790740138.098893253] [exploration]: v=+0.00 w=+0.00 | 转向完成，停稳 front=0.85
[INFO] [1790740138.199068258] [exploration]: v=+0.20 w=+0.00 | 直行 d=0.87
[INFO] [1790740138.298250695] [exploration]: v=+0.20 w=+0.00 | 直行 d=0.88
[INFO] [1790740138.398664864] [exploration]: v=+0.20 w=+0.00 | 直行 d=0.87
[INFO] [1790740138.499996090] [exploration]: v=+0.20 w=+0.00 | 直行 d=0.84
[INFO] [1790740138.599194397] [exploration]: v=+0.20 w=+0.00 | 直行 d=0.83
[INFO] [1790740138.699476707] [exploration]: v=+0.20 w=+0.00 | 直行 d=0.82
[INFO] [1790740138.799661297] [exploration]: v=+0.09 w=+0.00 | 减速 d=0.79
[INFO] [1790740138.900362488] [exploration]: v=+0.00 w=-0.50 | 转向，由于危险 d=0.13
[INFO] [1790740139.000822738] [exploration]: v=+0.00 w=-0.50 | 转向中 front=0.76 目标>0.8
[INFO] [1790740139.101454683] [exploration]: v=+0.00 w=-0.50 | 转向中 front=0.78 目标>0.8
[INFO] [1790740139.201084161] [exploration]: v=+0.00 w=+0.00 | 转向完成，停稳 front=0.83
[INFO] [1790740139.301726551] [exploration]: v=+0.00 w=-0.50 | 转向，由于危险 d=0.15
[INFO] [1790740139.401776804] [exploration]: v=+0.00 w=-0.50 | 转向中 front=0.16 目标>0.8
[INFO] [1790740139.501566287] [exploration]: v=+0.00 w=-0.50 | 转向中 front=0.14 目标>0.8
[INFO] [1790740139.601693643] [exploration]: v=+0.00 w=+0.00 | 转向完成，停稳 front=0.97
[INFO] [1790740139.701975224] [exploration]: v=+0.20 w=+0.00 | 直行 d=0.97
[INFO] [1790740139.802173952] [exploration]: v=+0.20 w=+0.00 | 直行 d=0.99
[INFO] [1790740140.001765574] [exploration]: v=+0.20 w=+0.00 | 直行 d=0.96
[INFO] [1790740140.102568098] [exploration]: v=+0.20 w=+0.00 | 直行 d=0.95
[INFO] [1790740140.202507080] [exploration]: v=+0.20 w=+0.00 | 直行 d=0.92
[INFO] [1790740140.303848891] [exploration]: v=+0.20 w=+0.00 | 直行 d=0.93
[INFO] [1790740140.403267706] [exploration]: v=+0.20 w=+0.00 | 直行 d=0.91
[INFO] [1790740140.503342735] [exploration]: v=+0.20 w=+0.00 | 直行 d=0.89
[INFO] [1790740140.603502854] [exploration]: v=+0.20 w=+0.00 | 直行 d=0.87
[INFO] [1790740140.704695228] [exploration]: v=+0.20 w=+0.00 | 直行 d=0.85
[INFO] [1790740140.804645544] [exploration]: v=+0.20 w=+0.00 | 直行 d=0.84
[INFO] [1790740141.004298053] [exploration]: v=+0.20 w=+0.00 | 直行 d=0.81
[INFO] [1790740141.304654160] [exploration]: v=+0.08 w=+0.00 | 减速 d=0.77
[INFO] [1790740141.506832945] [exploration]: v=+0.00 w=-0.50 | 转向，由于危险 d=0.14
[INFO] [1790740141.605981051] [exploration]: v=+0.00 w=-0.50 | 转向中 front=0.14 目标>0.8
[INFO] [1790740141.705961213] [exploration]: v=+0.00 w=-0.50 | 转向中 front=0.76 目标>0.8
[INFO] [1790740141.805521164] [exploration]: v=+0.00 w=+0.00 | 转向完成，停稳 front=0.82
[INFO] [1790740141.906339736] [exploration]: v=+0.00 w=-0.50 | 转向，由于危险 d=0.13
[INFO] [1790740142.007560522] [exploration]: v=+0.00 w=+0.00 | 转向完成，停稳 front=0.87
[INFO] [1790740142.107266548] [exploration]: v=+0.20 w=+0.00 | 直行 d=0.90
[INFO] [1790740142.206043708] [exploration]: v=+0.20 w=+0.00 | 直行 d=0.91
[INFO] [1790740142.306885416] [exploration]: v=+0.20 w=+0.00 | 直行 d=0.93
[INFO] [1790740142.406336069] [exploration]: v=+0.20 w=+0.00 | 直行 d=0.92
[INFO] [1790740142.506052092] [exploration]: v=+0.20 w=+0.00 | 直行 d=0.90
[INFO] [1790740142.606224782] [exploration]: v=+0.20 w=+0.00 | 直行 d=0.91
[INFO] [1790740142.706733297] [exploration]: v=+0.20 w=+0.00 | 直行 d=0.87
[INFO] [1790740142.806876340] [exploration]: v=+0.20 w=+0.00 | 直行 d=0.85
[INFO] [1790740142.907731029] [exploration]: v=+0.20 w=+0.00 | 直行 d=0.84
[INFO] [1790740143.108345057] [exploration]: v=+0.20 w=+0.00 | 直行 d=0.82
[INFO] [1790740143.207364651] [exploration]: v=+0.20 w=+0.00 | 直行 d=0.81
[INFO] [1790740143.409199616] [exploration]: v=+0.09 w=+0.00 | 减速 d=0.79
[INFO] [1790740143.508981035] [exploration]: v=+0.00 w=-0.50 | 转向，由于危险 d=0.14
[INFO] [1790740143.608519970] [exploration]: v=+0.00 w=-0.50 | 转向中 front=0.75 目标>0.8
[INFO] [1790740143.710263968] [exploration]: v=+0.00 w=+0.00 | 转向完成，停稳 front=0.83
[INFO] [1790740143.809065751] [exploration]: v=+0.20 w=+0.00 | 直行 d=0.89
[INFO] [1790740143.909885298] [exploration]: v=+0.00 w=-0.50 | 转向，由于危险 d=0.15
[INFO] [1790740144.009536769] [exploration]: v=+0.00 w=-0.50 | 转向中 front=0.14 目标>0.8
[INFO] [1790740144.310166451] [exploration]: v=+0.00 w=+0.00 | 转向完成，停稳 front=1.16
[INFO] [1790740144.410419959] [exploration]: v=+0.00 w=-0.50 | 转向，由于危险 d=0.13
[INFO] [1790740144.509605090] [exploration]: v=+0.00 w=-0.50 | 转向中 front=0.14 目标>0.8
[INFO] [1790740144.610710288] [exploration]: v=+0.00 w=-0.50 | 转向中 front=0.13 目标>0.8
[INFO] [1790740144.709832225] [exploration]: v=+0.00 w=-0.50 | 转向中 front=0.14 目标>0.8
[INFO] [1790740145.112103627] [exploration]: v=+0.00 w=-0.50 | 转向中 front=0.15 目标>0.8
[INFO] [1790740145.210874218] [exploration]: v=+0.00 w=-0.50 | 转向中 front=0.16 目标>0.8
[INFO] [1790740145.310769007] [exploration]: v=+0.00 w=-0.50 | 转向中 front=0.15 目标>0.8
[INFO] [1790740145.411418664] [exploration]: v=-0.08 w=+0.00 | 卡死：2.0s 内位移 < 0.05m，倒退脱困
[INFO] [1790740145.511394990] [exploration]: v=-0.08 w=+0.00 | 脱困：倒退
[INFO] [1790740146.412025850] [exploration]: v=+0.00 w=+0.00 | 脱困完成，停稳
[INFO] [1790740146.512378510] [exploration]: v=+0.00 w=+0.00 | 转向完成，停稳 front=0.95
[INFO] [1790740146.612193643] [exploration]: v=+0.00 w=-0.50 | 转向，由于危险 d=0.40
[INFO] [1790740146.712204921] [exploration]: v=+0.00 w=-0.50 | 转向中 front=0.13 目标>0.8
[INFO] [1790740146.913659912] [exploration]: v=+0.00 w=+0.00 | 转向完成，停稳 front=2.70
[INFO] [1790740147.012187379] [exploration]: v=+0.20 w=+0.00 | 直行 d=2.73
[INFO] [1790740147.113337674] [exploration]: v=+0.20 w=+0.00 | 直行 d=2.71
[INFO] [1790740147.214295818] [exploration]: v=+0.20 w=+0.00 | 直行 d=2.67
[INFO] [1790740147.414954375] [exploration]: v=+0.20 w=+0.00 | 直行 d=2.65
[INFO] [1790740147.515179232] [exploration]: v=+0.20 w=+0.00 | 直行 d=2.66
[INFO] [1790740147.615440377] [exploration]: v=+0.20 w=+0.00 | 直行 d=2.60
[INFO] [1790740147.715901053] [exploration]: v=+0.20 w=+0.00 | 直行 d=2.59
[INFO] [1790740147.815674931] [exploration]: v=+0.20 w=+0.00 | 直行 d=2.57
[INFO] [1790740147.915998628] [exploration]: v=+0.20 w=+0.00 | 直行 d=2.54
[INFO] [1790740148.016665332] [exploration]: v=+0.20 w=+0.00 | 直行 d=2.55
[INFO] [1790740148.116620060] [exploration]: v=+0.20 w=+0.00 | 直行 d=2.52
[INFO] [1790740148.216339362] [exploration]: v=+0.20 w=+0.00 | 直行 d=2.50
[INFO] [1790740148.316093683] [exploration]: v=+0.20 w=+0.00 | 直行 d=2.48
[INFO] [1790740148.415993454] [exploration]: v=+0.20 w=+0.00 | 直行 d=2.46
[INFO] [1790740148.517084620] [exploration]: v=+0.20 w=+0.00 | 直行 d=2.44
[INFO] [1790740148.616337569] [exploration]: v=+0.20 w=+0.00 | 直行 d=2.41
[INFO] [1790740148.715718028] [exploration]: v=+0.20 w=+0.00 | 直行 d=2.38
[INFO] [1790740148.817317493] [exploration]: v=+0.20 w=+0.00 | 直行 d=2.35
[INFO] [1790740148.917196244] [exploration]: v=+0.20 w=+0.00 | 直行 d=2.36
[INFO] [1790740149.016870807] [exploration]: v=+0.20 w=+0.00 | 直行 d=2.32
[INFO] [1790740149.117287993] [exploration]: v=+0.20 w=+0.00 | 直行 d=2.29
[INFO] [1790740149.317901975] [exploration]: v=+0.20 w=+0.00 | 直行 d=2.27
[INFO] [1790740149.416981450] [exploration]: v=+0.20 w=+0.00 | 直行 d=2.25
[INFO] [1790740149.518121972] [exploration]: v=+0.20 w=+0.00 | 直行 d=2.22
[INFO] [1790740149.718639914] [exploration]: v=+0.20 w=+0.00 | 直行 d=2.19
[INFO] [1790740149.818713259] [exploration]: v=+0.20 w=+0.00 | 直行 d=2.16
[INFO] [1790740149.919798623] [exploration]: v=+0.20 w=+0.00 | 直行 d=2.14
[INFO] [1790740150.118406181] [exploration]: v=+0.20 w=+0.00 | 直行 d=2.11
[INFO] [1790740150.218027648] [exploration]: v=+0.20 w=+0.00 | 直行 d=2.10
[INFO] [1790740150.318691666] [exploration]: v=+0.20 w=+0.00 | 直行 d=2.07
[INFO] [1790740150.419333941] [exploration]: v=+0.20 w=+0.00 | 直行 d=2.06
[INFO] [1790740150.519990272] [exploration]: v=+0.20 w=+0.00 | 直行 d=2.05
[INFO] [1790740150.620186560] [exploration]: v=+0.20 w=+0.00 | 直行 d=2.02
[INFO] [1790740150.819935044] [exploration]: v=+0.20 w=+0.00 | 直行 d=2.00
[INFO] [1790740151.020284611] [exploration]: v=+0.20 w=+0.00 | 直行 d=1.96
[INFO] [1790740151.121263324] [exploration]: v=+0.20 w=+0.00 | 直行 d=1.97
[INFO] [1790740151.221734295] [exploration]: v=+0.20 w=+0.00 | 直行 d=1.94
[INFO] [1790740151.321925212] [exploration]: v=+0.20 w=+0.00 | 直行 d=1.92
[INFO] [1790740151.422695193] [exploration]: v=+0.20 w=+0.00 | 直行 d=1.88
[INFO] [1790740151.521178242] [exploration]: v=+0.20 w=+0.00 | 直行 d=1.90
[INFO] [1790740151.621481004] [exploration]: v=+0.20 w=+0.00 | 直行 d=1.86
[INFO] [1790740151.723461080] [exploration]: v=+0.20 w=+0.00 | 直行 d=1.85
[INFO] [1790740151.922893835] [exploration]: v=+0.20 w=+0.00 | 直行 d=1.83
[INFO] [1790740152.022126155] [exploration]: v=+0.20 w=+0.00 | 直行 d=1.80
[INFO] [1790740152.122811387] [exploration]: v=+0.20 w=+0.00 | 直行 d=1.79
[INFO] [1790740152.224978422] [exploration]: v=+0.20 w=+0.00 | 直行 d=1.77
[INFO] [1790740152.324908888] [exploration]: v=+0.20 w=+0.00 | 直行 d=1.76
[INFO] [1790740152.423699455] [exploration]: v=+0.20 w=+0.00 | 直行 d=1.73
[INFO] [1790740152.624210035] [exploration]: v=+0.20 w=+0.00 | 直行 d=1.69
[INFO] [1790740152.824902605] [exploration]: v=+0.20 w=+0.00 | 直行 d=1.68
[INFO] [1790740152.926229033] [exploration]: v=+0.20 w=+0.00 | 直行 d=1.66
[INFO] [1790740153.027934975] [exploration]: v=+0.20 w=+0.00 | 直行 d=1.65
[INFO] [1790740153.226722623] [exploration]: v=+0.20 w=+0.00 | 直行 d=1.61
[INFO] [1790740153.327113588] [exploration]: v=+0.20 w=+0.00 | 直行 d=1.60
[INFO] [1790740153.428166139] [exploration]: v=+0.20 w=+0.00 | 直行 d=1.64
[INFO] [1790740153.526926268] [exploration]: v=+0.20 w=+0.00 | 直行 d=1.61
[INFO] [1790740153.629404844] [exploration]: v=+0.20 w=+0.00 | 直行 d=1.62
[INFO] [1790740153.728223713] [exploration]: v=+0.20 w=+0.00 | 直行 d=1.61
[INFO] [1790740153.826997921] [exploration]: v=+0.20 w=+0.00 | 直行 d=1.59
[INFO] [1790740153.927231487] [exploration]: v=+0.20 w=+0.00 | 直行 d=1.56
[INFO] [1790740154.028069814] [exploration]: v=+0.20 w=+0.00 | 直行 d=1.54
[INFO] [1790740154.226016480] [exploration]: v=+0.20 w=+0.00 | 直行 d=1.53
[INFO] [1790740154.327232934] [exploration]: v=+0.20 w=+0.00 | 直行 d=1.52
[INFO] [1790740154.427353741] [exploration]: v=+0.20 w=+0.00 | 直行 d=1.49
[INFO] [1790740154.627404681] [exploration]: v=+0.20 w=+0.00 | 直行 d=1.47
[INFO] [1790740154.727397505] [exploration]: v=+0.20 w=+0.00 | 直行 d=1.46
[INFO] [1790740154.828069716] [exploration]: v=+0.20 w=+0.00 | 直行 d=1.43
[INFO] [1790740154.927695208] [exploration]: v=+0.20 w=+0.00 | 直行 d=1.42
[INFO] [1790740155.029891311] [exploration]: v=+0.20 w=+0.00 | 直行 d=1.40
[INFO] [1790740155.129251911] [exploration]: v=+0.20 w=+0.00 | 直行 d=1.38
[INFO] [1790740155.329949898] [exploration]: v=+0.20 w=+0.00 | 直行 d=1.34
[INFO] [1790740155.528936789] [exploration]: v=+0.20 w=+0.00 | 直行 d=1.33
[INFO] [1790740155.630942838] [exploration]: v=+0.20 w=+0.00 | 直行 d=1.32
[INFO] [1790740155.730465480] [exploration]: v=+0.20 w=+0.00 | 直行 d=1.29
[INFO] [1790740155.829772349] [exploration]: v=+0.20 w=+0.00 | 直行 d=1.28
[INFO] [1790740155.930682846] [exploration]: v=+0.20 w=+0.00 | 直行 d=1.25
[INFO] [1790740156.029246749] [exploration]: v=+0.20 w=+0.00 | 直行 d=1.23
[INFO] [1790740156.231337325] [exploration]: v=+0.20 w=+0.00 | 直行 d=1.21
[INFO] [1790740156.330243388] [exploration]: v=+0.20 w=+0.00 | 直行 d=1.18
[INFO] [1790740156.430408044] [exploration]: v=+0.20 w=+0.00 | 直行 d=1.17
[INFO] [1790740156.530555635] [exploration]: v=+0.20 w=+0.00 | 直行 d=1.16
[INFO] [1790740156.630954060] [exploration]: v=+0.20 w=+0.00 | 直行 d=1.13
[INFO] [1790740156.730398373] [exploration]: v=+0.20 w=+0.00 | 直行 d=1.12
[INFO] [1790740156.830582612] [exploration]: v=+0.20 w=+0.00 | 直行 d=1.09
[INFO] [1790740156.932422198] [exploration]: v=+0.20 w=+0.00 | 直行 d=1.08
[INFO] [1790740157.032958614] [exploration]: v=+0.20 w=+0.00 | 直行 d=1.06
[INFO] [1790740157.131697265] [exploration]: v=+0.20 w=+0.00 | 直行 d=1.04
[INFO] [1790740157.231425153] [exploration]: v=+0.20 w=+0.00 | 直行 d=1.02
[INFO] [1790740157.334002544] [exploration]: v=+0.20 w=+0.00 | 直行 d=0.99
[INFO] [1790740157.533732225] [exploration]: v=+0.20 w=+0.00 | 直行 d=0.97
[INFO] [1790740157.633038354] [exploration]: v=+0.20 w=+0.00 | 直行 d=0.95
[INFO] [1790740157.732490387] [exploration]: v=+0.20 w=+0.00 | 直行 d=0.93
[INFO] [1790740157.832963467] [exploration]: v=+0.20 w=+0.00 | 直行 d=0.92
[INFO] [1790740157.933351294] [exploration]: v=+0.20 w=+0.00 | 直行 d=0.89
[INFO] [1790740158.134173206] [exploration]: v=+0.20 w=+0.00 | 直行 d=0.87
[INFO] [1790740158.232990216] [exploration]: v=+0.20 w=+0.00 | 直行 d=0.83
[INFO] [1790740158.333256870] [exploration]: v=+0.20 w=+0.00 | 直行 d=0.82
[INFO] [1790740158.434609903] [exploration]: v=+0.20 w=+0.00 | 直行 d=0.81
[INFO] [1790740158.534025250] [exploration]: v=+0.20 w=+0.00 | 直行 d=0.80
[INFO] [1790740158.635031624] [exploration]: v=+0.08 w=+0.00 | 减速 d=0.78
[INFO] [1790740158.735268624] [exploration]: v=+0.00 w=-0.50 | 转向，由于危险 d=0.14
[INFO] [1790740158.835296585] [exploration]: v=+0.00 w=-0.50 | 转向中 front=0.13 目标>0.8
[INFO] [1790740158.935381957] [exploration]: v=+0.00 w=-0.50 | 转向中 front=0.74 目标>0.8
[INFO] [1790740159.035344303] [exploration]: v=+0.00 w=-0.50 | 转向中 front=0.14 目标>0.8
[INFO] [1790740159.135356144] [exploration]: v=+0.00 w=-0.50 | 转向中 front=0.15 目标>0.8
[INFO] [1790740159.234358299] [exploration]: v=+0.00 w=+0.00 | 转向完成，停稳 front=0.81
[INFO] [1790740159.335095774] [exploration]: v=+0.00 w=-0.50 | 转向，由于危险 d=0.40
[INFO] [1790740159.435315338] [exploration]: v=+0.00 w=+0.00 | 转向完成，停稳 front=0.87
[INFO] [1790740159.536391324] [exploration]: v=+0.20 w=+0.00 | 直行 d=0.88
[INFO] [1790740159.635859811] [exploration]: v=+0.20 w=+0.00 | 直行 d=0.89
[INFO] [1790740159.735978948] [exploration]: v=+0.20 w=+0.00 | 直行 d=0.85
[INFO] [1790740159.936581386] [exploration]: v=+0.20 w=+0.00 | 直行 d=0.83
[INFO] [1790740160.036961936] [exploration]: v=+0.20 w=+0.00 | 直行 d=0.82
[INFO] [1790740160.137121435] [exploration]: v=+0.09 w=+0.00 | 减速 d=0.79
[INFO] [1790740160.236831192] [exploration]: v=+0.00 w=-0.50 | 转向，由于危险 d=0.14
[INFO] [1790740160.338366249] [exploration]: v=+0.00 w=-0.50 | 转向中 front=0.14 目标>0.8
[INFO] [1790740160.437611606] [exploration]: v=+0.00 w=-0.50 | 转向中 front=0.80 目标>0.8
[INFO] [1790740160.536904658] [exploration]: v=+0.00 w=+0.00 | 转向完成，停稳 front=0.84
[INFO] [1790740160.637125188] [exploration]: v=+0.00 w=-0.50 | 转向，由于危险 d=0.14
[INFO] [1790740160.736623314] [exploration]: v=+0.00 w=+0.00 | 转向完成，停稳 front=0.87
[INFO] [1790740160.839118317] [exploration]: v=+0.00 w=-0.50 | 转向，由于危险 d=0.16
[INFO] [1790740160.938902779] [exploration]: v=+0.00 w=+0.00 | 转向完成，停稳 front=0.85
[INFO] [1790740161.038811422] [exploration]: v=+0.05 w=+0.00 | 减速 d=0.44
[INFO] [1790740161.139036150] [exploration]: v=+0.05 w=+0.00 | 减速 d=0.43
[INFO] [1790740161.238661060] [exploration]: v=+0.05 w=+0.00 | 减速 d=0.44
[INFO] [1790740161.438852947] [exploration]: v=+0.05 w=+0.00 | 减速 d=0.43
[INFO] [1790740161.639658883] [exploration]: v=+0.05 w=+0.00 | 减速 d=0.42
[INFO] [1790740161.739788152] [exploration]: v=+0.00 w=-0.50 | 转向，由于危险 d=0.40
[INFO] [1790740161.839852960] [exploration]: v=+0.00 w=-0.50 | 转向中 front=0.41 目标>0.8
[INFO] [1790740161.939605832] [exploration]: v=+0.00 w=-0.50 | 转向中 front=0.14 目标>0.8
[INFO] [1790740162.040136748] [exploration]: v=+0.00 w=-0.50 | 转向中 front=0.15 目标>0.8
[INFO] [1790740162.141593508] [exploration]: v=+0.00 w=-0.50 | 转向中 front=0.14 目标>0.8
[INFO] [1790740162.241616980] [exploration]: v=+0.00 w=-0.50 | 转向中 front=0.38 目标>0.8
[INFO] [1790740162.340734368] [exploration]: v=+0.00 w=-0.50 | 转向中 front=0.15 目标>0.8
[INFO] [1790740162.439312454] [exploration]: v=+0.00 w=-0.50 | 转向中 front=0.38 目标>0.8
[INFO] [1790740163.244431388] [exploration]: v=+0.00 w=-0.50 | 转向中 front=0.39 目标>0.8
[INFO] [1790740163.543053359] [exploration]: v=+0.00 w=-0.50 | 转向中 front=0.40 目标>0.8
[INFO] [1790740163.743451864] [exploration]: v=+0.00 w=-0.50 | 转向中 front=0.41 目标>0.8
[INFO] [1790740163.944046139] [exploration]: v=+0.00 w=-0.50 | 转向中 front=0.42 目标>0.8
[INFO] [1790740164.043463677] [exploration]: v=+0.00 w=+0.00 | 转向完成，停稳 front=1.09
[INFO] [1790740164.143850525] [exploration]: v=+0.20 w=+0.00 | 直行 d=1.11
[INFO] [1790740164.243353928] [exploration]: v=-0.08 w=+0.00 | 卡死：2.0s 内位移 < 0.05m，倒退脱困
[INFO] [1790740164.343849599] [exploration]: v=-0.08 w=+0.00 | 脱困：倒退
[INFO] [1790740165.245496796] [exploration]: v=+0.00 w=+0.00 | 脱困完成，停稳
[INFO] [1790740165.346035729] [exploration]: v=+0.20 w=+0.00 | 直行 d=0.96
[INFO] [1790740165.448874021] [exploration]: v=+0.00 w=-0.50 | 转向，由于危险 d=0.16
[INFO] [1790740165.546930610] [exploration]: v=+0.00 w=-0.50 | 转向中 front=0.47 目标>0.8
[INFO] [1790740165.645608674] [exploration]: v=+0.00 w=-0.50 | 转向中 front=0.13 目标>0.8
[INFO] [1790740165.747111116] [exploration]: v=+0.00 w=-0.50 | 转向中 front=0.14 目标>0.8
[INFO] [1790740166.046310473] [exploration]: v=+0.00 w=+0.00 | 转向完成，停稳 front=1.15
[INFO] [1790740166.147532477] [exploration]: v=+0.20 w=+0.00 | 直行 d=1.16
[INFO] [1790740166.347746439] [exploration]: v=+0.20 w=+0.00 | 直行 d=1.15
[INFO] [1790740166.448121695] [exploration]: v=+0.20 w=+0.00 | 直行 d=1.13
[INFO] [1790740166.548267333] [exploration]: v=+0.20 w=+0.00 | 直行 d=1.10
[INFO] [1790740166.648155033] [exploration]: v=+0.20 w=+0.00 | 直行 d=1.08
[INFO] [1790740166.749453725] [exploration]: v=+0.20 w=+0.00 | 直行 d=1.06
[INFO] [1790740166.849732821] [exploration]: v=+0.20 w=+0.00 | 直行 d=1.04
[INFO] [1790740166.949200966] [exploration]: v=+0.20 w=+0.00 | 直行 d=1.01
[INFO] [1790740167.049512460] [exploration]: v=+0.20 w=+0.00 | 直行 d=1.00
[INFO] [1790740167.148066669] [exploration]: v=+0.20 w=+0.00 | 直行 d=0.98
[INFO] [1790740167.249986803] [exploration]: v=+0.20 w=+0.00 | 直行 d=0.95
[INFO] [1790740167.349592857] [exploration]: v=+0.20 w=+0.00 | 直行 d=0.93
[INFO] [1790740167.449079950] [exploration]: v=+0.20 w=+0.00 | 直行 d=0.91
[INFO] [1790740167.549772872] [exploration]: v=+0.20 w=+0.00 | 直行 d=0.89
[INFO] [1790740167.650416456] [exploration]: v=+0.20 w=+0.00 | 直行 d=0.88
[INFO] [1790740167.750649694] [exploration]: v=+0.20 w=+0.00 | 直行 d=0.85
[INFO] [1790740167.849864202] [exploration]: v=+0.20 w=+0.00 | 直行 d=0.83
[INFO] [1790740167.950951284] [exploration]: v=+0.20 w=+0.00 | 直行 d=0.82
[INFO] [1790740168.051777525] [exploration]: v=+0.00 w=+0.50 | 左侧缺口 l=0.26 r=2.05
[INFO] [1790740168.152106295] [exploration]: v=+0.00 w=+0.50 | 转向中 front=0.13 目标>0.8
[INFO] [1790740168.652819736] [exploration]: v=+0.00 w=+0.50 | 转向中 front=0.15 目标>0.8
[INFO] [1790740168.752057612] [exploration]: v=+0.00 w=+0.50 | 转向中 front=0.13 目标>0.8
[INFO] [1790740168.852676018] [exploration]: v=+0.00 w=+0.50 | 转向中 front=0.76 目标>0.8
[INFO] [1790740168.953376633] [exploration]: v=+0.00 w=+0.50 | 转向中 front=0.77 目标>0.8
[INFO] [1790740169.053419275] [exploration]: v=+0.00 w=+0.50 | 转向中 front=0.76 目标>0.8
[INFO] [1790740169.252206342] [exploration]: v=+0.00 w=+0.50 | 转向中 front=0.77 目标>0.8
[INFO] [1790740169.354654036] [exploration]: v=+0.00 w=+0.00 | 转向完成，停稳 front=0.81
[INFO] [1790740169.453301810] [exploration]: v=+0.20 w=+0.00 | 直行 d=0.85
[INFO] [1790740169.753294519] [exploration]: v=+0.20 w=+0.00 | 直行 d=0.83
[INFO] [1790740169.853994184] [exploration]: v=+0.20 w=+0.00 | 直行 d=0.82
[INFO] [1790740169.953353561] [exploration]: v=+0.09 w=+0.00 | 减速 d=0.80
[INFO] [1790740170.053132149] [exploration]: v=+0.00 w=+0.50 | 转向，由于危险 d=0.16
[INFO] [1790740170.153276262] [exploration]: v=+0.00 w=+0.50 | 转向中 front=0.13 目标>0.8
[INFO] [1790740170.253291712] [exploration]: v=+0.00 w=+0.50 | 转向中 front=0.77 目标>0.8
[INFO] [1790740170.353330907] [exploration]: v=+0.00 w=+0.50 | 转向中 front=0.16 目标>0.8
[INFO] [1790740170.453516098] [exploration]: v=+0.00 w=+0.50 | 转向中 front=0.14 目标>0.8
[INFO] [1790740170.553623932] [exploration]: v=+0.00 w=+0.00 | 转向完成，停稳 front=1.95
[INFO] [1790740170.653498865] [exploration]: v=+0.00 w=+0.50 | 转向，由于危险 d=0.14
[INFO] [1790740170.753213050] [exploration]: v=+0.00 w=+0.00 | 转向完成，停稳 front=1.96
[INFO] [1790740170.855907430] [exploration]: v=+0.20 w=+0.00 | 直行 d=1.95
[INFO] [1790740170.955413971] [exploration]: v=+0.20 w=+0.00 | 直行 d=1.96
[INFO] [1790740171.056070171] [exploration]: v=+0.20 w=+0.00 | 直行 d=1.95
[INFO] [1790740171.155532589] [exploration]: v=+0.20 w=+0.00 | 直行 d=1.93
[INFO] [1790740171.255189185] [exploration]: v=+0.20 w=+0.00 | 直行 d=1.91
[INFO] [1790740171.355651475] [exploration]: v=+0.20 w=+0.00 | 直行 d=1.89
[INFO] [1790740171.455207045] [exploration]: v=+0.20 w=+0.00 | 直行 d=1.87
[INFO] [1790740171.556740887] [exploration]: v=+0.20 w=+0.00 | 直行 d=1.85
[INFO] [1790740171.656695598] [exploration]: v=+0.20 w=+0.00 | 直行 d=1.83
[INFO] [1790740171.756541703] [exploration]: v=+0.20 w=+0.00 | 直行 d=1.81
[INFO] [1790740171.856653066] [exploration]: v=+0.20 w=+0.00 | 直行 d=1.78
[INFO] [1790740171.957741655] [exploration]: v=+0.20 w=+0.00 | 直行 d=1.77
[INFO] [1790740172.056220005] [exploration]: v=+0.20 w=+0.00 | 直行 d=1.75
[INFO] [1790740172.158631961] [exploration]: v=+0.20 w=+0.00 | 直行 d=1.73
[INFO] [1790740172.258573413] [exploration]: v=+0.20 w=+0.00 | 直行 d=1.71
[INFO] [1790740172.357168477] [exploration]: v=+0.20 w=+0.00 | 直行 d=1.69
[INFO] [1790740172.457839201] [exploration]: v=+0.20 w=+0.00 | 直行 d=1.67
[INFO] [1790740172.559597654] [exploration]: v=+0.20 w=+0.00 | 直行 d=1.65
[INFO] [1790740172.659853399] [exploration]: v=+0.20 w=+0.00 | 直行 d=1.63
[INFO] [1790740172.758571500] [exploration]: v=+0.20 w=+0.00 | 直行 d=1.61
[INFO] [1790740172.859811212] [exploration]: v=+0.20 w=+0.00 | 直行 d=1.60
[INFO] [1790740172.960014328] [exploration]: v=+0.20 w=+0.00 | 直行 d=1.57
[INFO] [1790740173.057470508] [exploration]: v=+0.20 w=+0.00 | 直行 d=1.56
[INFO] [1790740173.158415447] [exploration]: v=+0.20 w=+0.00 | 直行 d=1.53
[INFO] [1790740173.258712880] [exploration]: v=+0.20 w=+0.00 | 直行 d=1.51
[INFO] [1790740173.360533037] [exploration]: v=+0.20 w=+0.00 | 直行 d=1.50
[INFO] [1790740173.458982435] [exploration]: v=+0.20 w=+0.00 | 直行 d=1.48
[INFO] [1790740173.559102896] [exploration]: v=+0.20 w=+0.00 | 直行 d=1.45
[INFO] [1790740173.660212285] [exploration]: v=+0.20 w=+0.00 | 直行 d=1.44
[INFO] [1790740173.758428598] [exploration]: v=+0.20 w=+0.00 | 直行 d=1.42
[INFO] [1790740173.858449153] [exploration]: v=+0.20 w=+0.00 | 直行 d=1.39
[INFO] [1790740173.959735525] [exploration]: v=+0.20 w=+0.00 | 直行 d=1.38
[INFO] [1790740174.059642518] [exploration]: v=+0.20 w=+0.00 | 直行 d=1.35
[INFO] [1790740174.159467436] [exploration]: v=+0.20 w=+0.00 | 直行 d=1.33
[INFO] [1790740174.259108629] [exploration]: v=+0.20 w=+0.00 | 直行 d=1.31
[INFO] [1790740174.359962957] [exploration]: v=+0.20 w=+0.00 | 直行 d=1.30
[INFO] [1790740174.462459280] [exploration]: v=+0.20 w=+0.00 | 直行 d=1.28
[INFO] [1790740174.562565758] [exploration]: v=+0.20 w=+0.00 | 直行 d=1.26
[INFO] [1790740174.661148878] [exploration]: v=+0.20 w=+0.00 | 直行 d=1.24
[INFO] [1790740174.762045206] [exploration]: v=+0.20 w=+0.00 | 直行 d=1.21
[INFO] [1790740174.861247691] [exploration]: v=+0.20 w=+0.00 | 直行 d=1.20
[INFO] [1790740174.961407465] [exploration]: v=+0.20 w=+0.00 | 直行 d=1.17
[INFO] [1790740175.062966845] [exploration]: v=+0.20 w=+0.00 | 直行 d=1.16
[INFO] [1790740175.162479140] [exploration]: v=+0.20 w=+0.00 | 直行 d=1.13
[INFO] [1790740175.262206242] [exploration]: v=+0.20 w=+0.00 | 直行 d=1.11
[INFO] [1790740175.361941835] [exploration]: v=+0.20 w=+0.00 | 直行 d=1.10
[INFO] [1790740175.462494027] [exploration]: v=+0.20 w=+0.00 | 直行 d=1.08
[INFO] [1790740175.562149176] [exploration]: v=+0.20 w=+0.00 | 直行 d=1.06
[INFO] [1790740175.662982686] [exploration]: v=+0.20 w=+0.00 | 直行 d=1.04
[INFO] [1790740175.762337748] [exploration]: v=+0.20 w=+0.00 | 直行 d=1.02
[INFO] [1790740175.861607818] [exploration]: v=+0.20 w=+0.00 | 直行 d=0.99
[INFO] [1790740175.964798218] [exploration]: v=+0.20 w=+0.00 | 直行 d=0.98
[INFO] [1790740176.063529463] [exploration]: v=+0.20 w=+0.00 | 直行 d=0.96
[INFO] [1790740176.164327136] [exploration]: v=+0.20 w=+0.00 | 直行 d=0.94
[INFO] [1790740176.263684302] [exploration]: v=+0.20 w=+0.00 | 直行 d=0.92
[INFO] [1790740176.364189695] [exploration]: v=+0.20 w=+0.00 | 直行 d=0.90
[INFO] [1790740176.465277332] [exploration]: v=+0.20 w=+0.00 | 直行 d=0.88
[INFO] [1790740176.565950736] [exploration]: v=+0.20 w=+0.00 | 直行 d=0.86
[INFO] [1790740176.664584676] [exploration]: v=+0.20 w=+0.00 | 直行 d=0.84
[INFO] [1790740176.765606611] [exploration]: v=+0.20 w=+0.00 | 直行 d=0.82
[INFO] [1790740176.865492699] [exploration]: v=+0.20 w=+0.00 | 直行 d=0.80
[INFO] [1790740176.965365801] [exploration]: v=+0.00 w=-0.50 | 右侧缺口 l=1.12 r=0.46
[INFO] [1790740177.065221774] [exploration]: v=+0.00 w=-0.50 | 转向中 front=0.76 目标>0.8
[INFO] [1790740177.165026579] [exploration]: v=+0.00 w=-0.50 | 转向中 front=0.13 目标>0.8
[INFO] [1790740177.265625241] [exploration]: v=+0.00 w=-0.50 | 转向中 front=0.14 目标>0.8
[INFO] [1790740177.364764656] [exploration]: v=+0.00 w=-0.50 | 转向中 front=0.13 目标>0.8
[INFO] [1790740177.466824534] [exploration]: v=+0.00 w=-0.50 | 转向中 front=0.14 目标>0.8
[INFO] [1790740177.565564745] [exploration]: v=+0.00 w=-0.50 | 转向中 front=0.76 目标>0.8
[INFO] [1790740177.766934987] [exploration]: v=+0.00 w=-0.50 | 转向中 front=0.78 目标>0.8
[INFO] [1790740177.967041763] [exploration]: v=+0.00 w=-0.50 | 转向中 front=0.80 目标>0.8
[INFO] [1790740178.067354175] [exploration]: v=+0.00 w=+0.00 | 转向完成，停稳 front=0.82
[INFO] [1790740178.166951172] [exploration]: v=+0.20 w=+0.00 | 直行 d=0.82
[INFO] [1790740178.467040374] [exploration]: v=+0.08 w=+0.00 | 减速 d=0.78
[INFO] [1790740178.567779014] [exploration]: v=+0.00 w=+0.50 | 转向，由于危险 d=0.14
[INFO] [1790740178.667531355] [exploration]: v=+0.00 w=+0.50 | 转向中 front=0.14 目标>0.8
[INFO] [1790740178.768768086] [exploration]: v=+0.00 w=+0.50 | 转向中 front=0.15 目标>0.8
[INFO] [1790740178.867941820] [exploration]: v=+0.00 w=+0.50 | 转向中 front=0.14 目标>0.8
[INFO] [1790740178.968390851] [exploration]: v=+0.00 w=+0.50 | 转向中 front=0.13 目标>0.8
[INFO] [1790740179.068408988] [exploration]: v=+0.00 w=+0.50 | 转向中 front=0.71 目标>0.8
[INFO] [1790740179.168301507] [exploration]: v=+0.00 w=+0.50 | 转向中 front=0.14 目标>0.8
[INFO] [1790740179.269438520] [exploration]: v=+0.00 w=+0.50 | 转向中 front=0.71 目标>0.8
[INFO] [1790740179.569984212] [exploration]: v=+0.00 w=+0.50 | 转向中 front=0.70 目标>0.8
[INFO] [1790740180.373885929] [exploration]: v=-0.08 w=+0.00 | 卡死：2.0s 内位移 < 0.05m，倒退脱困
[INFO] [1790740180.473294179] [exploration]: v=-0.08 w=+0.00 | 脱困：倒退
[INFO] [1790740181.373077713] [exploration]: v=+0.00 w=+0.00 | 脱困完成，停稳
[INFO] [1790740181.474906360] [exploration]: v=+0.00 w=+0.50 | 转向中 front=0.77 目标>0.8
[INFO] [1790740181.575706120] [exploration]: v=+0.00 w=+0.50 | 转向中 front=0.79 目标>0.8
[INFO] [1790740181.673660437] [exploration]: v=+0.00 w=+0.50 | 转向中 front=0.78 目标>0.8
[INFO] [1790740181.774590117] [exploration]: v=+0.00 w=+0.00 | 转向完成，停稳 front=0.80
[INFO] [1790740181.874351313] [exploration]: v=+0.00 w=+0.50 | 转向，由于危险 d=0.13
[INFO] [1790740181.975251522] [exploration]: v=+0.00 w=+0.50 | 转向中 front=0.15 目标>0.8
[INFO] [1790740182.075182912] [exploration]: v=+0.00 w=+0.00 | 转向完成，停稳 front=0.82
[INFO] [1790740182.174895951] [exploration]: v=+0.20 w=+0.00 | 直行 d=0.83
[INFO] [1790740182.374641761] [exploration]: v=+0.20 w=+0.00 | 直行 d=0.82
[INFO] [1790740182.475136905] [exploration]: v=+0.20 w=+0.00 | 直行 d=0.80
[INFO] [1790740182.575558808] [exploration]: v=+0.08 w=+0.00 | 减速 d=0.78
[INFO] [1790740182.675535261] [exploration]: v=+0.08 w=+0.00 | 减速 d=0.77
[INFO] [1790740182.775223907] [exploration]: v=+0.00 w=+0.50 | 转向，由于危险 d=0.15
[INFO] [1790740182.875218503] [exploration]: v=+0.00 w=+0.50 | 转向中 front=0.14 目标>0.8
[INFO] [1790740183.075820715] [exploration]: v=+0.00 w=+0.50 | 转向中 front=0.78 目标>0.8
[INFO] [1790740183.176349085] [exploration]: v=+0.00 w=+0.50 | 转向中 front=0.80 目标>0.8
[INFO] [1790740183.275017933] [exploration]: v=+0.00 w=+0.50 | 转向中 front=0.15 目标>0.8
[INFO] [1790740183.376109888] [exploration]: v=+0.00 w=+0.00 | 转向完成，停稳 front=0.84
[INFO] [1790740183.477106459] [exploration]: v=+0.20 w=+0.00 | 直行 d=0.86
[INFO] [1790740183.676963409] [exploration]: v=+0.20 w=+0.00 | 直行 d=0.85
[INFO] [1790740183.775922092] [exploration]: v=+0.20 w=+0.00 | 直行 d=0.83
[INFO] [1790740183.876635314] [exploration]: v=+0.20 w=+0.00 | 直行 d=0.81
[INFO] [1790740183.978970512] [exploration]: v=+0.20 w=+0.00 | 直行 d=0.80
[INFO] [1790740184.078071837] [exploration]: v=+0.08 w=+0.00 | 减速 d=0.79
[INFO] [1790740184.178299822] [exploration]: v=+0.00 w=+0.50 | 转向，由于危险 d=0.13
[INFO] [1790740184.278878808] [exploration]: v=+0.00 w=+0.50 | 转向中 front=0.76 目标>0.8
[INFO] [1790740184.378900459] [exploration]: v=+0.00 w=+0.50 | 转向中 front=0.14 目标>0.8
[INFO] [1790740184.479153035] [exploration]: v=+0.00 w=+0.50 | 转向中 front=0.15 目标>0.8
[INFO] [1790740184.578763045] [exploration]: v=+0.00 w=+0.50 | 转向中 front=0.80 目标>0.8
[INFO] [1790740184.679155816] [exploration]: v=+0.00 w=+0.50 | 转向中 front=0.15 目标>0.8
[INFO] [1790740184.879875769] [exploration]: v=+0.00 w=+0.00 | 转向完成，停稳 front=0.99
[INFO] [1790740184.978376551] [exploration]: v=+0.20 w=+0.00 | 直行 d=1.03
[INFO] [1790740185.077538555] [exploration]: v=+0.20 w=+0.00 | 直行 d=1.05
[INFO] [1790740185.178515321] [exploration]: v=+0.20 w=+0.00 | 直行 d=1.01
[INFO] [1790740185.278127822] [exploration]: v=+0.20 w=+0.00 | 直行 d=1.00
[INFO] [1790740185.379090987] [exploration]: v=+0.20 w=+0.00 | 直行 d=1.01
[INFO] [1790740185.478869090] [exploration]: v=+0.20 w=+0.00 | 直行 d=0.98
[INFO] [1790740185.578408020] [exploration]: v=+0.20 w=+0.00 | 直行 d=0.96
[INFO] [1790740185.778050156] [exploration]: v=+0.20 w=+0.00 | 直行 d=0.92
[INFO] [1790740185.878556459] [exploration]: v=+0.20 w=+0.00 | 直行 d=0.91
[INFO] [1790740186.079701726] [exploration]: v=+0.20 w=+0.00 | 直行 d=0.88
[INFO] [1790740186.179757633] [exploration]: v=+0.20 w=+0.00 | 直行 d=0.85
[INFO] [1790740186.279637793] [exploration]: v=+0.20 w=+0.00 | 直行 d=0.84
[INFO] [1790740186.381255293] [exploration]: v=+0.20 w=+0.00 | 直行 d=0.82
[INFO] [1790740186.579230145] [exploration]: v=+0.09 w=+0.00 | 减速 d=0.79
[INFO] [1790740186.681312596] [exploration]: v=+0.00 w=+0.50 | 转向，由于危险 d=0.13
[INFO] [1790740186.781112660] [exploration]: v=+0.00 w=+0.50 | 转向中 front=0.14 目标>0.8
[INFO] [1790740186.880282727] [exploration]: v=+0.00 w=+0.50 | 转向中 front=0.13 目标>0.8
[INFO] [1790740186.980758707] [exploration]: v=+0.00 w=+0.50 | 转向中 front=0.77 目标>0.8
[INFO] [1790740187.081915897] [exploration]: v=+0.00 w=+0.50 | 转向中 front=0.14 目标>0.8
[INFO] [1790740187.181819968] [exploration]: v=+0.00 w=+0.50 | 转向中 front=0.76 目标>0.8
[INFO] [1790740187.282690967] [exploration]: v=+0.00 w=+0.50 | 转向中 front=0.13 目标>0.8
[INFO] [1790740187.381697661] [exploration]: v=+0.00 w=+0.50 | 转向中 front=0.76 目标>0.8
[INFO] [1790740187.582213108] [exploration]: v=+0.00 w=+0.50 | 转向中 front=0.75 目标>0.8
[INFO] [1790740187.683387223] [exploration]: v=+0.00 w=+0.50 | 转向中 front=0.76 目标>0.8
[INFO] [1790740187.781739647] [exploration]: v=+0.00 w=+0.50 | 转向中 front=0.75 目标>0.8
[INFO] [1790740187.882013389] [exploration]: v=+0.00 w=+0.50 | 转向中 front=0.76 目标>0.8
[INFO] [1790740188.284311967] [exploration]: v=+0.00 w=+0.50 | 转向中 front=0.77 目标>0.8
[INFO] [1790740188.483947335] [exploration]: v=-0.08 w=+0.00 | 卡死：2.0s 内位移 < 0.05m，倒退脱困
[INFO] [1790740188.582827134] [exploration]: v=-0.08 w=+0.00 | 脱困：倒退
[INFO] [1790740189.487048371] [exploration]: v=+0.00 w=+0.00 | 脱困完成，停稳
[INFO] [1790740189.585946808] [exploration]: v=+0.00 w=+0.00 | 转向完成，停稳 front=0.86
[INFO] [1790740189.686725154] [exploration]: v=+0.20 w=+0.00 | 直行 d=0.86
[INFO] [1790740189.885681236] [exploration]: v=+0.20 w=+0.00 | 直行 d=0.85
[INFO] [1790740189.987508943] [exploration]: v=+0.20 w=+0.00 | 直行 d=0.84
[INFO] [1790740190.085706006] [exploration]: v=+0.20 w=+0.00 | 直行 d=0.81
[INFO] [1790740190.186142304] [exploration]: v=+0.09 w=+0.00 | 减速 d=0.79
[INFO] [1790740190.287851790] [exploration]: v=+0.00 w=+0.50 | 转向，由于危险 d=0.14
[INFO] [1790740190.387522019] [exploration]: v=+0.00 w=+0.50 | 转向中 front=0.14 目标>0.8
[INFO] [1790740190.488432393] [exploration]: v=+0.00 w=+0.50 | 转向中 front=0.13 目标>0.8
[INFO] [1790740190.588954321] [exploration]: v=+0.00 w=+0.50 | 转向中 front=0.80 目标>0.8
[INFO] [1790740190.688675269] [exploration]: v=+0.00 w=+0.50 | 转向中 front=0.13 目标>0.8
[INFO] [1790740190.789030498] [exploration]: v=+0.00 w=+0.00 | 转向完成，停稳 front=0.82
[INFO] [1790740190.888986104] [exploration]: v=+0.00 w=+0.50 | 转向，由于危险 d=0.13
[INFO] [1790740190.987380751] [exploration]: v=+0.00 w=+0.00 | 转向完成，停稳 front=0.86
[INFO] [1790740191.088214317] [exploration]: v=+0.20 w=+0.00 | 直行 d=0.86
[INFO] [1790740191.188771445] [exploration]: v=+0.20 w=+0.00 | 直行 d=0.87
[INFO] [1790740191.289017021] [exploration]: v=+0.20 w=+0.00 | 直行 d=0.84
[INFO] [1790740191.488872912] [exploration]: v=+0.20 w=+0.00 | 直行 d=0.83
[INFO] [1790740191.589836836] [exploration]: v=+0.20 w=+0.00 | 直行 d=0.81
[INFO] [1790740191.690039548] [exploration]: v=+0.08 w=+0.00 | 减速 d=0.78
[INFO] [1790740191.790175391] [exploration]: v=+0.00 w=+0.50 | 转向，由于危险 d=0.40
[INFO] [1790740191.888370169] [exploration]: v=+0.00 w=+0.50 | 转向中 front=0.13 目标>0.8
[INFO] [1790740191.991160019] [exploration]: v=+0.00 w=+0.50 | 转向中 front=0.76 目标>0.8
[INFO] [1790740192.088878826] [exploration]: v=+0.00 w=+0.50 | 转向中 front=0.15 目标>0.8
[INFO] [1790740192.190345027] [exploration]: v=+0.00 w=+0.50 | 转向中 front=0.13 目标>0.8
[INFO] [1790740192.289561131] [exploration]: v=+0.00 w=+0.00 | 转向完成，停稳 front=0.85
[INFO] [1790740192.390139344] [exploration]: v=+0.00 w=+0.50 | 转向，由于危险 d=0.14
[INFO] [1790740192.491905650] [exploration]: v=+0.00 w=+0.00 | 转向完成，停稳 front=0.91
[INFO] [1790740192.589990667] [exploration]: v=+0.20 w=+0.00 | 直行 d=0.93
[INFO] [1790740192.690592307] [exploration]: v=+0.20 w=+0.00 | 直行 d=0.94
[INFO] [1790740192.789925254] [exploration]: v=+0.20 w=+0.00 | 直行 d=0.92
[INFO] [1790740192.890935966] [exploration]: v=+0.20 w=+0.00 | 直行 d=0.90
[INFO] [1790740193.092151294] [exploration]: v=+0.20 w=+0.00 | 直行 d=0.87
[INFO] [1790740193.291820682] [exploration]: v=+0.20 w=+0.00 | 直行 d=0.85
[INFO] [1790740193.391490455] [exploration]: v=+0.20 w=+0.00 | 直行 d=0.82
[INFO] [1790740193.591671677] [exploration]: v=+0.20 w=+0.00 | 直行 d=0.80
[INFO] [1790740193.693236141] [exploration]: v=+0.08 w=+0.00 | 减速 d=0.78
[INFO] [1790740193.794488792] [exploration]: v=+0.08 w=+0.00 | 减速 d=0.76
[INFO] [1790740193.892647894] [exploration]: v=+0.08 w=+0.00 | 减速 d=0.77
[INFO] [1790740193.993744953] [exploration]: v=+0.08 w=+0.00 | 减速 d=0.75
[INFO] [1790740194.092957621] [exploration]: v=+0.00 w=+0.50 | 转向，由于危险 d=0.15
[INFO] [1790740194.194232396] [exploration]: v=+0.00 w=+0.50 | 转向中 front=0.73 目标>0.8
[INFO] [1790740194.295392980] [exploration]: v=+0.00 w=+0.50 | 转向中 front=0.14 目标>0.8
[INFO] [1790740194.396002356] [exploration]: v=+0.00 w=+0.00 | 转向完成，停稳 front=0.84
[INFO] [1790740194.493619930] [exploration]: v=+0.20 w=+0.00 | 直行 d=0.88
[INFO] [1790740194.594395523] [exploration]: v=+0.20 w=+0.00 | 直行 d=0.87
[INFO] [1790740194.694190309] [exploration]: v=+0.20 w=+0.00 | 直行 d=0.86
[INFO] [1790740194.794399499] [exploration]: v=+0.20 w=+0.00 | 直行 d=0.85
[INFO] [1790740194.997476558] [exploration]: v=+0.20 w=+0.00 | 直行 d=0.83
[INFO] [1790740195.095844412] [exploration]: v=+0.20 w=+0.00 | 直行 d=0.80
[INFO] [1790740195.196521457] [exploration]: v=+0.09 w=+0.00 | 减速 d=0.80
[INFO] [1790740195.294622920] [exploration]: v=+0.08 w=+0.00 | 减速 d=0.74
[INFO] [1790740195.394558103] [exploration]: v=+0.00 w=+0.50 | 转向，由于危险 d=0.40
[INFO] [1790740195.496727771] [exploration]: v=+0.00 w=+0.50 | 转向中 front=0.13 目标>0.8
[INFO] [1790740195.596271840] [exploration]: v=+0.00 w=+0.50 | 转向中 front=0.77 目标>0.8
[INFO] [1790740195.696587034] [exploration]: v=+0.00 w=+0.00 | 转向完成，停稳 front=0.90
[INFO] [1790740195.796173015] [exploration]: v=+0.00 w=+0.50 | 转向，由于危险 d=0.14
[INFO] [1790740195.896073815] [exploration]: v=+0.00 w=+0.50 | 转向中 front=0.14 目标>0.8
[INFO] [1790740195.996293267] [exploration]: v=+0.00 w=+0.00 | 转向完成，停稳 front=0.95
[INFO] [1790740196.095512850] [exploration]: v=+0.05 w=+0.00 | 减速 d=0.64
[INFO] [1790740196.296865148] [exploration]: v=+0.06 w=+0.00 | 减速 d=0.67
[INFO] [1790740196.396234587] [exploration]: v=+0.07 w=+0.00 | 减速 d=0.71
[INFO] [1790740196.497919771] [exploration]: v=+0.08 w=+0.00 | 减速 d=0.77
[INFO] [1790740196.598823515] [exploration]: v=+0.20 w=+0.00 | 直行 d=0.83
[INFO] [1790740196.699192374] [exploration]: v=+0.20 w=+0.00 | 直行 d=0.85
[INFO] [1790740196.798734308] [exploration]: v=+0.20 w=+0.00 | 直行 d=0.98
[INFO] [1790740196.898001583] [exploration]: v=+0.20 w=+0.00 | 直行 d=0.97
[INFO] [1790740196.999879992] [exploration]: v=+0.20 w=+0.00 | 直行 d=0.96
[INFO] [1790740197.098942973] [exploration]: v=+0.20 w=+0.00 | 直行 d=1.00
[INFO] [1790740197.198432846] [exploration]: v=+0.20 w=+0.00 | 直行 d=0.95
[INFO] [1790740197.298742272] [exploration]: v=+0.20 w=+0.00 | 直行 d=0.98
[INFO] [1790740197.397882880] [exploration]: v=+0.20 w=+0.00 | 直行 d=1.00
[INFO] [1790740197.598592501] [exploration]: v=+0.20 w=+0.00 | 直行 d=0.97
[INFO] [1790740197.798429963] [exploration]: v=+0.20 w=+0.00 | 直行 d=0.95
[INFO] [1790740198.000518440] [exploration]: v=+0.20 w=+0.00 | 直行 d=0.94
[INFO] [1790740198.100339470] [exploration]: v=+0.20 w=+0.00 | 直行 d=0.93
[INFO] [1790740198.199233716] [exploration]: v=+0.20 w=+0.00 | 直行 d=0.92
[INFO] [1790740198.299144923] [exploration]: v=+0.20 w=+0.00 | 直行 d=0.90
[INFO] [1790740198.400860182] [exploration]: v=+0.20 w=+0.00 | 直行 d=0.88
[INFO] [1790740198.701149644] [exploration]: v=+0.20 w=+0.00 | 直行 d=0.87
[INFO] [1790740198.801409715] [exploration]: v=+0.20 w=+0.00 | 直行 d=0.84
[INFO] [1790740199.000884198] [exploration]: v=+0.20 w=+0.00 | 直行 d=0.83
[INFO] [1790740199.200808337] [exploration]: v=+0.20 w=+0.00 | 直行 d=0.81
[INFO] [1790740199.502008868] [exploration]: v=+0.20 w=+0.00 | 直行 d=0.83
[INFO] [1790740199.600993958] [exploration]: v=+0.20 w=+0.00 | 直行 d=0.98
[INFO] [1790740199.702784586] [exploration]: v=+0.20 w=+0.00 | 直行 d=1.22
[INFO] [1790740199.803669625] [exploration]: v=+0.20 w=+0.00 | 直行 d=2.63
[INFO] [1790740199.902367578] [exploration]: v=+0.20 w=+0.00 | 直行 d=2.62
[INFO] [1790740200.004495234] [exploration]: v=+0.20 w=+0.00 | 直行 d=2.64
[INFO] [1790740200.203418169] [exploration]: v=+0.20 w=+0.00 | 直行 d=2.62
[INFO] [1790740200.302128173] [exploration]: v=+0.00 w=+0.50 | 转向，由于危险 d=0.40
[INFO] [1790740200.404340422] [exploration]: v=+0.00 w=+0.00 | 转向完成，停稳 front=2.60
[INFO] [1790740200.503565882] [exploration]: v=+0.00 w=+0.50 | 转向，由于危险 d=0.33
[INFO] [1790740200.603468319] [exploration]: v=+0.00 w=+0.50 | 转向中 front=0.31 目标>0.8
[INFO] [1790740200.904628857] [exploration]: v=+0.00 w=+0.50 | 转向中 front=0.29 目标>0.8
[INFO] [1790740201.006483180] [exploration]: v=+0.00 w=+0.50 | 转向中 front=0.30 目标>0.8
[INFO] [1790740201.104135849] [exploration]: v=+0.00 w=+0.50 | 转向中 front=0.14 目标>0.8
[INFO] [1790740201.404796396] [exploration]: v=+0.00 w=+0.50 | 转向中 front=0.13 目标>0.8
[INFO] [1790740201.504971115] [exploration]: v=+0.00 w=+0.50 | 转向中 front=0.26 目标>0.8
[INFO] [1790740201.606697429] [exploration]: v=+0.00 w=+0.50 | 转向中 front=0.15 目标>0.8
[INFO] [1790740201.706062550] [exploration]: v=+0.00 w=+0.50 | 转向中 front=0.14 目标>0.8
[INFO] [1790740201.807295155] [exploration]: v=+0.00 w=+0.50 | 转向中 front=0.13 目标>0.8
[INFO] [1790740201.905382587] [exploration]: v=+0.00 w=+0.50 | 转向中 front=0.16 目标>0.8
[INFO] [1790740202.205145966] [exploration]: v=+0.00 w=+0.50 | 转向中 front=0.23 目标>0.8
[INFO] [1790740202.306655321] [exploration]: v=+0.00 w=+0.50 | 转向中 front=0.21 目标>0.8
[INFO] [1790740202.606571188] [exploration]: v=+0.00 w=+0.50 | 转向中 front=0.20 目标>0.8
[INFO] [1790740203.006907261] [exploration]: v=+0.00 w=+0.50 | 转向中 front=0.19 目标>0.8
[INFO] [1790740203.207914949] [exploration]: v=+0.00 w=+0.50 | 转向中 front=0.18 目标>0.8
[INFO] [1790740203.307759227] [exploration]: v=+0.00 w=+0.50 | 转向中 front=0.19 目标>0.8
[INFO] [1790740203.908457820] [exploration]: v=+0.00 w=+0.50 | 转向中 front=0.20 目标>0.8
[INFO] [1790740204.108686061] [exploration]: v=+0.00 w=+0.50 | 转向中 front=0.19 目标>0.8
[INFO] [1790740204.209475625] [exploration]: v=+0.00 w=+0.50 | 转向中 front=0.20 目标>0.8
[INFO] [1790740204.409475824] [exploration]: v=+0.00 w=+0.50 | 转向中 front=0.21 目标>0.8
[INFO] [1790740204.510543102] [exploration]: v=+0.00 w=+0.50 | 转向中 front=0.23 目标>0.8
[INFO] [1790740204.609969448] [exploration]: v=+0.00 w=+0.00 | 转向完成，停稳 front=1.19
[INFO] [1790740204.710765378] [exploration]: v=+0.20 w=+0.00 | 直行 d=1.21
[INFO] [1790740204.810909793] [exploration]: v=-0.08 w=+0.00 | 卡死：2.0s 内位移 < 0.05m，倒退脱困
[INFO] [1790740204.910491177] [exploration]: v=-0.08 w=+0.00 | 脱困：倒退
[INFO] [1790740205.811889208] [exploration]: v=+0.00 w=+0.00 | 脱困完成，停稳
[INFO] [1790740205.911300506] [exploration]: v=+0.00 w=+0.50 | 转向，由于危险 d=0.13
[INFO] [1790740206.012664579] [exploration]: v=+0.00 w=+0.00 | 转向完成，停稳 front=1.23
[INFO] [1790740206.112148372] [exploration]: v=+0.00 w=+0.50 | 转向，由于危险 d=0.14
[INFO] [1790740206.211492796] [exploration]: v=+0.00 w=+0.50 | 转向中 front=0.14 目标>0.8
[INFO] [1790740206.412381854] [exploration]: v=+0.00 w=+0.00 | 转向完成，停稳 front=1.99
[INFO] [1790740206.513903578] [exploration]: v=+0.20 w=+0.00 | 直行 d=1.95
[INFO] [1790740206.614131446] [exploration]: v=+0.20 w=+0.00 | 直行 d=1.98
[INFO] [1790740206.714195877] [exploration]: v=+0.20 w=+0.00 | 直行 d=1.93
[INFO] [1790740206.915643567] [exploration]: v=+0.20 w=+0.00 | 直行 d=1.92
[INFO] [1790740207.014112456] [exploration]: v=+0.20 w=+0.00 | 直行 d=1.91
[INFO] [1790740207.114444456] [exploration]: v=+0.20 w=+0.00 | 直行 d=1.93
[INFO] [1790740207.214547864] [exploration]: v=+0.20 w=+0.00 | 直行 d=1.97
[INFO] [1790740207.313827371] [exploration]: v=+0.20 w=+0.00 | 直行 d=1.95
[INFO] [1790740207.414952693] [exploration]: v=+0.20 w=+0.00 | 直行 d=1.98
[INFO] [1790740207.514263718] [exploration]: v=+0.20 w=+0.00 | 直行 d=1.19
[INFO] [1790740207.715528355] [exploration]: v=+0.20 w=+0.00 | 直行 d=1.16
[INFO] [1790740207.816001812] [exploration]: v=+0.20 w=+0.00 | 直行 d=1.15
[INFO] [1790740207.914766729] [exploration]: v=+0.20 w=+0.00 | 直行 d=1.14
[INFO] [1790740208.014853249] [exploration]: v=+0.20 w=+0.00 | 直行 d=1.12
[INFO] [1790740208.115797122] [exploration]: v=+0.20 w=+0.00 | 直行 d=1.11
[INFO] [1790740208.215779280] [exploration]: v=+0.20 w=+0.00 | 直行 d=1.10
[INFO] [1790740208.315611675] [exploration]: v=+0.20 w=+0.00 | 直行 d=1.09
[INFO] [1790740208.416432953] [exploration]: v=+0.20 w=+0.00 | 直行 d=1.08
[INFO] [1790740208.616380557] [exploration]: v=+0.20 w=+0.00 | 直行 d=1.07
[INFO] [1790740208.717172201] [exploration]: v=+0.20 w=+0.00 | 直行 d=1.06
[INFO] [1790740209.118163749] [exploration]: v=+0.20 w=+0.00 | 直行 d=1.03
[INFO] [1790740209.219922245] [exploration]: v=+0.00 w=+0.50 | 转向，由于危险 d=0.40
[INFO] [1790740209.319633368] [exploration]: v=+0.00 w=+0.50 | 转向中 front=0.38 目标>0.8
[INFO] [1790740209.419231370] [exploration]: v=+0.00 w=+0.50 | 转向中 front=0.39 目标>0.8
[INFO] [1790740209.518646356] [exploration]: v=+0.00 w=+0.50 | 转向中 front=0.43 目标>0.8
[INFO] [1790740209.618196560] [exploration]: v=+0.00 w=+0.00 | 转向完成，停稳 front=1.03
[INFO] [1790740209.719581532] [exploration]: v=+0.20 w=+0.00 | 直行 d=1.04
[INFO] [1790740209.820579659] [exploration]: v=+0.20 w=+0.00 | 直行 d=1.03
[INFO] [1790740209.918734350] [exploration]: v=+0.00 w=+0.50 | 转向，由于危险 d=0.40
[INFO] [1790740210.020509736] [exploration]: v=+0.00 w=+0.00 | 转向完成，停稳 front=1.03
[INFO] [1790740210.119467564] [exploration]: v=+0.00 w=+0.50 | 转向，由于危险 d=0.40
[INFO] [1790740210.220022924] [exploration]: v=+0.00 w=+0.00 | 转向完成，停稳 front=1.04
[INFO] [1790740210.319618265] [exploration]: v=-0.08 w=+0.00 | 卡死：2.0s 内位移 < 0.05m，倒退脱困
[INFO] [1790740210.421620302] [exploration]: v=-0.08 w=+0.00 | 脱困：倒退
[INFO] [1790740211.321846555] [exploration]: v=+0.00 w=+0.00 | 脱困完成，停稳
[INFO] [1790740211.421839657] [exploration]: v=+0.20 w=+0.00 | 直行 d=0.95
[INFO] [1790740211.522798504] [exploration]: v=+0.00 w=-0.50 | 转向，由于危险 d=0.15
[INFO] [1790740211.621830548] [exploration]: v=+0.00 w=-0.50 | 转向中 front=0.15 目标>0.8
[INFO] [1790740211.721535264] [exploration]: v=+0.00 w=-0.50 | 转向中 front=0.13 目标>0.8
[INFO] [1790740211.921796991] [exploration]: v=+0.00 w=-0.50 | 转向中 front=0.15 目标>0.8
[INFO] [1790740212.021343540] [exploration]: v=+0.00 w=-0.50 | 转向中 front=0.14 目标>0.8
[INFO] [1790740212.122124564] [exploration]: v=+0.00 w=-0.50 | 转向中 front=0.15 目标>0.8
[INFO] [1790740212.322104355] [exploration]: v=+0.00 w=-0.50 | 转向中 front=0.14 目标>0.8
[INFO] [1790740212.422925606] [exploration]: v=+0.00 w=-0.50 | 转向中 front=0.24 目标>0.8
[INFO] [1790740212.523972892] [exploration]: v=+0.00 w=-0.50 | 转向中 front=0.23 目标>0.8
[INFO] [1790740212.924011942] [exploration]: v=+0.00 w=-0.50 | 转向中 front=0.24 目标>0.8
[INFO] [1790740213.427119778] [exploration]: v=+0.00 w=-0.50 | 转向中 front=0.25 目标>0.8
[INFO] [1790740213.526159797] [exploration]: v=+0.00 w=-0.50 | 转向中 front=0.28 目标>0.8
[INFO] [1790740213.828016416] [exploration]: v=+0.00 w=-0.50 | 转向中 front=0.30 目标>0.8
[INFO] [1790740213.927197956] [exploration]: v=+0.00 w=-0.50 | 转向中 front=0.32 目标>0.8
[INFO] [1790740214.026980363] [exploration]: v=+0.00 w=-0.50 | 转向中 front=0.34 目标>0.8
[INFO] [1790740214.127389441] [exploration]: v=+0.00 w=-0.50 | 转向中 front=0.37 目标>0.8
[INFO] [1790740214.228869078] [exploration]: v=+0.00 w=-0.50 | 转向中 front=0.38 目标>0.8
[INFO] [1790740214.327129397] [exploration]: v=+0.00 w=-0.50 | 转向中 front=0.42 目标>0.8
[INFO] [1790740214.428336956] [exploration]: v=+0.00 w=+0.00 | 转向完成，停稳 front=2.72
[INFO] [1790740214.527470178] [exploration]: v=+0.20 w=+0.00 | 直行 d=2.72
[INFO] [1790740214.627449315] [exploration]: v=-0.08 w=+0.00 | 卡死：2.0s 内位移 < 0.05m，倒退脱困
[INFO] [1790740214.726742035] [exploration]: v=-0.08 w=+0.00 | 脱困：倒退
