[INFO] [1791108971.625876545] [exploration]: 探索节点已启动，转向容差 10°，转向角速度 0.50 rad/s
[INFO] [1791108971.684127650] [exploration]: | 直行 d=1.92
[INFO] [1791108971.784962479] [exploration]: | 直行 d=1.91
[INFO] [1791108971.885616001] [exploration]: | 直行 d=1.90
[INFO] [1791108971.985642235] [exploration]: | 直行 d=1.87
[INFO] [1791108972.085301177] [exploration]: | 直行 d=1.86
[INFO] [1791108972.184664763] [exploration]: | 直行 d=1.85
[INFO] [1791108972.285384037] [exploration]: | 直行 d=1.81
[INFO] [1791108972.386610983] [exploration]: | 直行 d=1.79
[INFO] [1791108972.586435713] [exploration]: | 直行 d=1.77
[INFO] [1791108972.687401855] [exploration]: | 直行 d=1.74
[INFO] [1791108972.785305259] [exploration]: | 直行 d=1.72
[INFO] [1791108972.885588988] [exploration]: | 直行 d=1.70
[INFO] [1791108972.986800104] [exploration]: | 直行 d=1.67
[INFO] [1791108973.086296404] [exploration]: | 直行 d=1.65
[INFO] [1791108973.286545923] [exploration]: | 直行 d=1.61
[INFO] [1791108973.385887997] [exploration]: | 直行 d=1.60
[INFO] [1791108973.486851293] [exploration]: | 直行 d=1.57
[INFO] [1791108973.586031577] [exploration]: | 直行 d=1.56
[INFO] [1791108973.685463131] [exploration]: | 直行 d=1.53
[INFO] [1791108973.786858907] [exploration]: | 直行 d=1.52
[INFO] [1791108973.887915770] [exploration]: | 直行 d=1.49
[INFO] [1791108973.986698881] [exploration]: | 直行 d=1.48
[INFO] [1791108974.087990068] [exploration]: | 直行 d=1.46
[INFO] [1791108974.188000020] [exploration]: | 直行 d=1.44
[INFO] [1791108974.288769818] [exploration]: | 直行 d=1.43
[INFO] [1791108974.387345901] [exploration]: | 直行 d=1.39
[INFO] [1791108974.487925618] [exploration]: | 直行 d=1.38
[INFO] [1791108974.588853796] [exploration]: | 直行 d=1.35
[INFO] [1791108974.689343320] [exploration]: | 直行 d=1.34
[INFO] [1791108974.789939353] [exploration]: | 直行 d=1.31
[INFO] [1791108974.889589201] [exploration]: | 直行 d=1.30
[INFO] [1791108974.988813814] [exploration]: | 直行 d=1.28
[INFO] [1791108975.089727587] [exploration]: | 直行 d=1.26
[INFO] [1791108975.190876743] [exploration]: | 直行 d=1.23
[INFO] [1791108975.289152577] [exploration]: | 直行 d=1.22
[INFO] [1791108975.390201020] [exploration]: | 直行 d=1.20
[INFO] [1791108975.490420310] [exploration]: | 直行 d=1.19
[INFO] [1791108975.591004536] [exploration]: | 直行 d=1.16
[INFO] [1791108975.690932838] [exploration]: | 直行 d=1.15
[INFO] [1791108975.790890065] [exploration]: | 直行 d=1.12
[INFO] [1791108975.891557671] [exploration]: | 直行 d=1.09
[INFO] [1791108976.091185895] [exploration]: | 直行 d=1.07
[INFO] [1791108976.190925720] [exploration]: | 直行 d=1.05
[INFO] [1791108976.291106689] [exploration]: | 直行 d=1.02
[INFO] [1791108976.391660978] [exploration]: | 直行 d=1.00
[INFO] [1791108976.491035926] [exploration]: | 直行 d=0.98
[INFO] [1791108976.592887591] [exploration]: | 直行 d=0.97
[INFO] [1791108976.692535941] [exploration]: | 直行 d=0.94
[INFO] [1791108976.792241626] [exploration]: | 直行 d=0.93
[INFO] [1791108976.893200523] [exploration]: | 直行 d=0.90
[INFO] [1791108976.993671021] [exploration]: | 直行 d=0.88
[INFO] [1791108977.093194560] [exploration]: | 直行 d=0.86
[INFO] [1791108977.193278102] [exploration]: | 直行 d=0.85
[INFO] [1791108977.293608069] [exploration]: | 直行 d=0.83
[INFO] [1791108977.394465068] [exploration]: | 减速 d=0.80
[INFO] [1791108977.495949153] [exploration]: | 前方 180° 无出路，倒退
[INFO] [1791108977.593261500] [exploration]: | 持续倒退
[INFO] [1791108978.998449543] [exploration]: | 倒退结束，前方已有出路
[INFO] [1791108979.097900493] [exploration]: | 前方 180° 无出路，倒退
[INFO] [1791108979.195702590] [exploration]: | 持续倒退
[INFO] [1791108980.604165950] [exploration]: | 倒退结束，前方已有出路
[INFO] [1791108980.701310185] [exploration]: | 直行 d=0.93
[INFO] [1791108980.802143735] [exploration]: | 直行 d=1.22
[INFO] [1791108980.903176270] [exploration]: | 进入转向 goal=90° 危险 d=0.14
[INFO] [1791108981.001264312] [exploration]: | 转向中 goal=90°
[INFO] [1791108981.802255414] [exploration]: | 转向完成，停稳 front=1.26
[INFO] [1791108981.903221069] [exploration]: | 直行 d=1.26
[INFO] [1791108982.004334023] [exploration]: | 直行 d=1.25
[INFO] [1791108982.103312033] [exploration]: | 直行 d=1.24
[INFO] [1791108982.203894911] [exploration]: | 直行 d=1.23
[INFO] [1791108982.304021317] [exploration]: | 直行 d=1.21
[INFO] [1791108982.403395505] [exploration]: | 直行 d=1.18
[INFO] [1791108982.503213905] [exploration]: | 直行 d=1.17
[INFO] [1791108982.603236435] [exploration]: | 直行 d=1.15
[INFO] [1791108982.703802654] [exploration]: | 直行 d=1.13
[INFO] [1791108982.803584121] [exploration]: | 直行 d=1.11
[INFO] [1791108982.903376831] [exploration]: | 直行 d=1.09
[INFO] [1791108983.003252356] [exploration]: | 直行 d=1.07
[INFO] [1791108983.103094639] [exploration]: | 直行 d=1.05
[INFO] [1791108983.203412437] [exploration]: | 直行 d=1.03
[INFO] [1791108983.303411744] [exploration]: | 直行 d=1.01
[INFO] [1791108983.404116547] [exploration]: | 直行 d=0.99
[INFO] [1791108983.503480507] [exploration]: | 直行 d=0.98
[INFO] [1791108983.603232961] [exploration]: | 直行 d=0.94
[INFO] [1791108983.804163960] [exploration]: | 直行 d=0.91
[INFO] [1791108983.904165276] [exploration]: | 直行 d=0.90
[INFO] [1791108984.004896768] [exploration]: | 直行 d=0.89
[INFO] [1791108984.104006629] [exploration]: | 直行 d=0.86
[INFO] [1791108984.204582330] [exploration]: | 直行 d=0.84
[INFO] [1791108984.305008528] [exploration]: | 直行 d=0.82
[INFO] [1791108984.405340537] [exploration]: | 减速 d=0.80
[INFO] [1791108984.507809608] [exploration]: | 进入转向 goal=90° 危险 d=0.13
[INFO] [1791108984.604548588] [exploration]: | 转向中 goal=90°
[INFO] [1791108986.509551528] [exploration]: | 转向完成，停稳 front=0.86
[INFO] [1791108986.610629667] [exploration]: | 直行 d=0.88
[INFO] [1791108986.809940121] [exploration]: | 直行 d=0.86
[INFO] [1791108986.909337954] [exploration]: | 直行 d=0.85
[INFO] [1791108987.010199350] [exploration]: | 直行 d=0.83
[INFO] [1791108987.109629690] [exploration]: | 直行 d=0.82
[INFO] [1791108987.209858896] [exploration]: | 减速 d=0.79
[INFO] [1791108987.310097673] [exploration]: | 减速 d=0.78
[INFO] [1791108987.513255719] [exploration]: | 进入转向 goal=-90° 危险 d=0.14
[INFO] [1791108987.611954373] [exploration]: | 转向中 goal=-90°
[INFO] [1791108991.517297279] [exploration]: | 转向失败，倒退
[INFO] [1791108991.614845268] [exploration]: | 持续倒退
[INFO] [1791108993.121217931] [exploration]: | 倒退结束，前方已有出路
[INFO] [1791108993.218543589] [exploration]: | 直行 d=0.94
[INFO] [1791108993.319553544] [exploration]: | 直行 d=0.97
[INFO] [1791108993.418237223] [exploration]: | 直行 d=0.98
[INFO] [1791108993.517381946] [exploration]: | 直行 d=0.96
[INFO] [1791108993.618266283] [exploration]: | 直行 d=0.94
[INFO] [1791108993.718487767] [exploration]: | 直行 d=0.92
[INFO] [1791108993.818712677] [exploration]: | 直行 d=0.90
[INFO] [1791108993.919087271] [exploration]: | 直行 d=0.88
[INFO] [1791108994.019631875] [exploration]: | 直行 d=0.86
[INFO] [1791108994.120761432] [exploration]: | 直行 d=0.84
[INFO] [1791108994.219861237] [exploration]: | 直行 d=0.81
[INFO] [1791108994.320979916] [exploration]: | 减速 d=0.80
[INFO] [1791108994.423072504] [exploration]: | 进入转向 goal=-64° 危险 d=0.15
[INFO] [1791108994.520518648] [exploration]: | 转向中 goal=-64°
[INFO] [1791108996.423694689] [exploration]: | 转向完成，停稳 front=1.50
[INFO] [1791108996.523679894] [exploration]: | 直行 d=1.48
[INFO] [1791108996.624172526] [exploration]: | 直行 d=1.51
[INFO] [1791108996.723909219] [exploration]: | 直行 d=1.49
[INFO] [1791108996.824261907] [exploration]: | 直行 d=1.48
[INFO] [1791108996.923646723] [exploration]: | 直行 d=1.46
[INFO] [1791108997.024753717] [exploration]: | 直行 d=1.45
[INFO] [1791108997.124474019] [exploration]: | 直行 d=1.42
[INFO] [1791108997.224554642] [exploration]: | 直行 d=1.40
[INFO] [1791108997.325062297] [exploration]: | 直行 d=1.39
[INFO] [1791108997.426378728] [exploration]: | 直行 d=1.37
[INFO] [1791108997.524447222] [exploration]: | 直行 d=1.35
[INFO] [1791108997.624754735] [exploration]: | 直行 d=1.34
[INFO] [1791108997.725966992] [exploration]: | 直行 d=1.31
[INFO] [1791108997.924823179] [exploration]: | 直行 d=1.28
[INFO] [1791108998.025499534] [exploration]: | 直行 d=1.25
[INFO] [1791108998.226494980] [exploration]: | 直行 d=1.22
[INFO] [1791108998.426992474] [exploration]: | 直行 d=1.20
[INFO] [1791108998.527920688] [exploration]: | 直行 d=1.19
[INFO] [1791108998.627883605] [exploration]: | 直行 d=1.16
[INFO] [1791108998.728087261] [exploration]: | 直行 d=1.14
[INFO] [1791108999.028490608] [exploration]: | 直行 d=1.10
[INFO] [1791108999.127853337] [exploration]: | 直行 d=1.08
[INFO] [1791108999.227924734] [exploration]: | 直行 d=1.07
[INFO] [1791108999.429013566] [exploration]: | 直行 d=1.04
[INFO] [1791108999.529255418] [exploration]: | 直行 d=1.00
[INFO] [1791108999.628550860] [exploration]: | 直行 d=1.02
[INFO] [1791108999.729607113] [exploration]: | 直行 d=0.98
[INFO] [1791108999.928817879] [exploration]: | 直行 d=0.95
[INFO] [1791109000.029218359] [exploration]: | 直行 d=0.94
[INFO] [1791109000.129554326] [exploration]: | 直行 d=0.93
[INFO] [1791109000.230141524] [exploration]: | 直行 d=0.91
[INFO] [1791109000.329994921] [exploration]: | 直行 d=0.90
[INFO] [1791109000.430598545] [exploration]: | 直行 d=0.86
[INFO] [1791109000.530589791] [exploration]: | 直行 d=0.85
[INFO] [1791109000.630018540] [exploration]: | 直行 d=0.84
[INFO] [1791109000.730331394] [exploration]: | 直行 d=0.81
[INFO] [1791109000.830613713] [exploration]: | 减速 d=0.80
[INFO] [1791109000.930463101] [exploration]: | 减速 d=0.78
[INFO] [1791109001.130572912] [exploration]: | 减速 d=0.77
[INFO] [1791109001.232680030] [exploration]: | 进入转向 goal=-84° 危险 d=0.14
[INFO] [1791109001.330776632] [exploration]: | 转向中 goal=-84°
[INFO] [1791109003.736454420] [exploration]: | 转向完成，停稳 front=1.32
[INFO] [1791109003.836360869] [exploration]: | 直行 d=1.32
[INFO] [1791109004.136650349] [exploration]: | 直行 d=1.29
[INFO] [1791109004.237150958] [exploration]: | 直行 d=1.28
[INFO] [1791109004.336401767] [exploration]: | 直行 d=1.25
[INFO] [1791109004.436359139] [exploration]: | 直行 d=1.24
[INFO] [1791109004.535923199] [exploration]: | 直行 d=1.23
[INFO] [1791109004.636212780] [exploration]: | 直行 d=1.21
[INFO] [1791109004.736448062] [exploration]: | 直行 d=1.17
[INFO] [1791109004.837820572] [exploration]: | 直行 d=1.16
[INFO] [1791109004.937863710] [exploration]: | 直行 d=1.14
[INFO] [1791109005.037266754] [exploration]: | 直行 d=1.11
[INFO] [1791109005.137222986] [exploration]: | 直行 d=1.10
[INFO] [1791109005.237248968] [exploration]: | 直行 d=1.08
[INFO] [1791109005.336309672] [exploration]: | 直行 d=1.06
[INFO] [1791109005.436109997] [exploration]: | 直行 d=1.04
[INFO] [1791109005.536583358] [exploration]: | 直行 d=1.03
[INFO] [1791109005.636094026] [exploration]: | 直行 d=1.01
[INFO] [1791109005.737063971] [exploration]: | 直行 d=0.99
[INFO] [1791109005.838162003] [exploration]: | 直行 d=0.97
[INFO] [1791109005.938778227] [exploration]: | 直行 d=0.96
[INFO] [1791109006.037646646] [exploration]: | 直行 d=0.93
[INFO] [1791109006.137958067] [exploration]: | 直行 d=0.92
[INFO] [1791109006.238530759] [exploration]: | 直行 d=0.89
[INFO] [1791109006.338517544] [exploration]: | 直行 d=0.87
[INFO] [1791109006.438675767] [exploration]: | 直行 d=0.86
[INFO] [1791109006.539372821] [exploration]: | 直行 d=0.84
[INFO] [1791109006.638906961] [exploration]: | 直行 d=0.82
[INFO] [1791109006.739406912] [exploration]: | 直行 d=0.81
[INFO] [1791109006.840503255] [exploration]: | 减速 d=0.78
[INFO] [1791109006.939897062] [exploration]: | 减速 d=0.77
[INFO] [1791109007.043216767] [exploration]: | 前方 180° 无出路，倒退
[INFO] [1791109007.139888466] [exploration]: | 持续倒退
[INFO] [1791109008.746297257] [exploration]: | 倒退结束，前方已有出路
[INFO] [1791109008.844161019] [exploration]: | 直行 d=0.86
[INFO] [1791109008.944393822] [exploration]: | 直行 d=0.85
[INFO] [1791109009.145042198] [exploration]: | 进入转向 goal=-90° 危险 d=0.14
[INFO] [1791109009.243096600] [exploration]: | 转向中 goal=-90°
[INFO] [1791109010.344225981] [exploration]: | 转向完成，停稳 front=0.82
[INFO] [1791109010.445279519] [exploration]: | 直行 d=0.83
[INFO] [1791109010.645404894] [exploration]: | 直行 d=0.82
[INFO] [1791109010.744952195] [exploration]: | 减速 d=0.80
[INFO] [1791109010.844956760] [exploration]: | 减速 d=0.78
[INFO] [1791109010.945445231] [exploration]: | 减速 d=0.77
[INFO] [1791109011.045446697] [exploration]: | 减速 d=0.76
[INFO] [1791109011.148978467] [exploration]: | 进入转向 goal=-90° 危险 d=0.14
[INFO] [1791109011.245485090] [exploration]: | 转向中 goal=-90°
[INFO] [1791109012.245919187] [exploration]: | 转向完成，停稳 front=0.95
[INFO] [1791109012.345972401] [exploration]: | 直行 d=0.98
[INFO] [1791109012.446295049] [exploration]: | 直行 d=0.97
[INFO] [1791109012.545869526] [exploration]: | 直行 d=0.94
[INFO] [1791109012.647332707] [exploration]: | 直行 d=0.95
[INFO] [1791109012.746933204] [exploration]: | 直行 d=0.92
[INFO] [1791109012.846486371] [exploration]: | 直行 d=0.90
[INFO] [1791109012.947025356] [exploration]: | 直行 d=0.91
[INFO] [1791109013.046665165] [exploration]: | 直行 d=0.88
[INFO] [1791109013.147075991] [exploration]: | 直行 d=0.87
[INFO] [1791109013.246553908] [exploration]: | 直行 d=0.84
[INFO] [1791109013.346785424] [exploration]: | 直行 d=0.83
[INFO] [1791109013.447449592] [exploration]: | 直行 d=0.81
[INFO] [1791109013.546867580] [exploration]: | 直行 d=0.80
[INFO] [1791109013.646291355] [exploration]: | 减速 d=0.77
[INFO] [1791109013.749857702] [exploration]: | 进入转向 goal=-88° 危险 d=0.14
[INFO] [1791109013.848746648] [exploration]: | 转向中 goal=-88°
[INFO] [1791109014.848881690] [exploration]: | 转向完成，停稳 front=1.40
[INFO] [1791109014.948751426] [exploration]: | 直行 d=1.49
[INFO] [1791109015.051405975] [exploration]: | 直行 d=1.48
[INFO] [1791109015.251079455] [exploration]: | 直行 d=1.49
[INFO] [1791109015.351247953] [exploration]: | 直行 d=1.48
[INFO] [1791109015.550633676] [exploration]: | 直行 d=1.46
[INFO] [1791109015.650668103] [exploration]: | 直行 d=1.47
[INFO] [1791109015.750798872] [exploration]: | 直行 d=1.43
[INFO] [1791109015.851576239] [exploration]: | 直行 d=1.46
[INFO] [1791109015.951194237] [exploration]: | 直行 d=1.43
[INFO] [1791109016.050228824] [exploration]: | 直行 d=1.42
[INFO] [1791109016.150685103] [exploration]: | 直行 d=1.44
[INFO] [1791109016.251310659] [exploration]: | 直行 d=1.43
[INFO] [1791109016.352146774] [exploration]: | 直行 d=1.41
[INFO] [1791109016.652191616] [exploration]: | 直行 d=1.38
[INFO] [1791109016.752891957] [exploration]: | 直行 d=1.37
[INFO] [1791109016.853017181] [exploration]: | 直行 d=1.32
[INFO] [1791109017.154244961] [exploration]: | 直行 d=1.27
[INFO] [1791109017.254027685] [exploration]: | 直行 d=1.26
[INFO] [1791109017.353674301] [exploration]: | 直行 d=1.28
[INFO] [1791109017.554996423] [exploration]: | 直行 d=1.26
[INFO] [1791109017.654077290] [exploration]: | 直行 d=1.27
[INFO] [1791109017.755562441] [exploration]: | 直行 d=1.26
[INFO] [1791109017.854882420] [exploration]: | 直行 d=1.23
[INFO] [1791109017.955119266] [exploration]: | 直行 d=1.25
[INFO] [1791109018.053855429] [exploration]: | 直行 d=1.22
[INFO] [1791109018.254394487] [exploration]: | 直行 d=1.21
[INFO] [1791109018.355630791] [exploration]: | 直行 d=1.22
[INFO] [1791109018.455539958] [exploration]: | 直行 d=1.20
[INFO] [1791109018.555405476] [exploration]: | 直行 d=1.19
[INFO] [1791109018.755846207] [exploration]: | 直行 d=1.18
[INFO] [1791109018.855511568] [exploration]: | 直行 d=1.16
[INFO] [1791109018.955637223] [exploration]: | 直行 d=1.17
[INFO] [1791109019.055581994] [exploration]: | 直行 d=1.15
[INFO] [1791109019.555923782] [exploration]: | 直行 d=1.12
[INFO] [1791109019.656324580] [exploration]: | 直行 d=1.13
[INFO] [1791109019.756137118] [exploration]: | 直行 d=1.11
[INFO] [1791109019.855149777] [exploration]: | 直行 d=1.12
[INFO] [1791109019.957099032] [exploration]: | 直行 d=1.10
[INFO] [1791109020.056707315] [exploration]: | 直行 d=1.08
[INFO] [1791109020.257011950] [exploration]: | 直行 d=1.09
[INFO] [1791109020.357097925] [exploration]: | 直行 d=3.28
[INFO] [1791109020.557160760] [exploration]: | 直行 d=3.27
[INFO] [1791109020.657233648] [exploration]: | 直行 d=3.25
[INFO] [1791109020.757353363] [exploration]: | 直行 d=3.23
[INFO] [1791109020.857786682] [exploration]: | 直行 d=3.20
[INFO] [1791109020.958208653] [exploration]: | 直行 d=3.18
[INFO] [1791109021.058601334] [exploration]: | 直行 d=3.17
[INFO] [1791109021.157746446] [exploration]: | 直行 d=3.14
[INFO] [1791109021.258040494] [exploration]: | 直行 d=3.13
[INFO] [1791109021.358516607] [exploration]: | 直行 d=3.09
[INFO] [1791109021.458931854] [exploration]: | 直行 d=3.08
[INFO] [1791109021.557933873] [exploration]: | 直行 d=3.07
[INFO] [1791109021.658715559] [exploration]: | 直行 d=3.05
[INFO] [1791109021.759796211] [exploration]: | 直行 d=3.03
[INFO] [1791109021.860142875] [exploration]: | 直行 d=2.99
[INFO] [1791109021.958795094] [exploration]: | 直行 d=2.97
[INFO] [1791109022.059469160] [exploration]: | 直行 d=2.96
[INFO] [1791109022.158970006] [exploration]: | 直行 d=2.95
[INFO] [1791109022.258707545] [exploration]: | 直行 d=2.92
[INFO] [1791109022.360400178] [exploration]: | 直行 d=2.91
[INFO] [1791109022.460178046] [exploration]: | 直行 d=2.88
[INFO] [1791109022.560009480] [exploration]: | 直行 d=2.86
[INFO] [1791109022.660561330] [exploration]: | 直行 d=2.84
[INFO] [1791109022.760391676] [exploration]: | 直行 d=2.81
[INFO] [1791109022.859067935] [exploration]: | 直行 d=2.82
[INFO] [1791109022.961425908] [exploration]: | 直行 d=2.79
[INFO] [1791109023.061324750] [exploration]: | 直行 d=2.76
[INFO] [1791109023.161000495] [exploration]: | 直行 d=2.77
[INFO] [1791109023.260739068] [exploration]: | 直行 d=2.73
[INFO] [1791109023.361427371] [exploration]: | 直行 d=2.71
[INFO] [1791109023.460971873] [exploration]: | 直行 d=2.69
[INFO] [1791109023.661250179] [exploration]: | 直行 d=2.71
[INFO] [1791109023.762209746] [exploration]: | 直行 d=2.69
[INFO] [1791109023.862025882] [exploration]: | 直行 d=2.68
[INFO] [1791109023.962851295] [exploration]: | 直行 d=2.66
[INFO] [1791109024.062783028] [exploration]: | 直行 d=3.36
[INFO] [1791109024.162864964] [exploration]: | 直行 d=3.34
[INFO] [1791109024.263742677] [exploration]: | 直行 d=3.31
[INFO] [1791109024.363501255] [exploration]: | 直行 d=3.28
[INFO] [1791109024.563401321] [exploration]: | 直行 d=3.25
[INFO] [1791109024.663049964] [exploration]: | 直行 d=3.22
[INFO] [1791109024.863363757] [exploration]: | 直行 d=3.19
[INFO] [1791109024.963962043] [exploration]: | 直行 d=3.18
[INFO] [1791109025.064624627] [exploration]: | 直行 d=3.17
[INFO] [1791109025.165487056] [exploration]: | 直行 d=3.14
[INFO] [1791109025.265241048] [exploration]: | 直行 d=3.13
[INFO] [1791109025.365044417] [exploration]: | 直行 d=3.11
[INFO] [1791109025.465601506] [exploration]: | 直行 d=3.09
[INFO] [1791109025.564692357] [exploration]: | 直行 d=3.06
[INFO] [1791109025.664803926] [exploration]: | 直行 d=3.05
[INFO] [1791109025.765597013] [exploration]: | 直行 d=3.03
[INFO] [1791109025.864884388] [exploration]: | 直行 d=3.01
[INFO] [1791109025.966673324] [exploration]: | 直行 d=2.99
[INFO] [1791109026.066545747] [exploration]: | 直行 d=2.97
[INFO] [1791109026.166194195] [exploration]: | 直行 d=2.94
[INFO] [1791109026.266002466] [exploration]: | 直行 d=2.93
[INFO] [1791109026.366046727] [exploration]: | 直行 d=2.91
[INFO] [1791109026.465670336] [exploration]: | 直行 d=2.90
[INFO] [1791109026.566675024] [exploration]: | 直行 d=2.87
[INFO] [1791109026.667202580] [exploration]: | 直行 d=2.85
[INFO] [1791109026.767197520] [exploration]: | 直行 d=2.83
[INFO] [1791109026.866986868] [exploration]: | 直行 d=2.80
[INFO] [1791109026.966973429] [exploration]: | 直行 d=2.79
[INFO] [1791109027.067786472] [exploration]: | 直行 d=2.78
[INFO] [1791109027.167516269] [exploration]: | 直行 d=2.76
[INFO] [1791109027.267136381] [exploration]: | 直行 d=2.73
[INFO] [1791109027.366996300] [exploration]: | 直行 d=2.71
[INFO] [1791109027.467355584] [exploration]: | 直行 d=2.70
[INFO] [1791109027.567956154] [exploration]: | 直行 d=2.68
[INFO] [1791109027.667617773] [exploration]: | 直行 d=2.65
[INFO] [1791109027.767626739] [exploration]: | 直行 d=2.63
[INFO] [1791109027.868073522] [exploration]: | 直行 d=2.62
[INFO] [1791109027.968361622] [exploration]: | 直行 d=2.60
[INFO] [1791109028.068876942] [exploration]: | 直行 d=2.58
[INFO] [1791109028.169244721] [exploration]: | 直行 d=2.56
[INFO] [1791109028.269498305] [exploration]: | 直行 d=2.54
[INFO] [1791109028.370685194] [exploration]: | 直行 d=2.52
[INFO] [1791109028.469228947] [exploration]: | 直行 d=2.50
[INFO] [1791109028.571073565] [exploration]: | 直行 d=2.48
[INFO] [1791109028.669799730] [exploration]: | 直行 d=2.46
[INFO] [1791109028.770700834] [exploration]: | 直行 d=2.43
[INFO] [1791109028.870729712] [exploration]: | 直行 d=2.42
[INFO] [1791109028.970599695] [exploration]: | 直行 d=2.40
[INFO] [1791109029.071709261] [exploration]: | 直行 d=2.38
[INFO] [1791109029.170222272] [exploration]: | 直行 d=2.36
[INFO] [1791109029.270241617] [exploration]: | 直行 d=2.34
[INFO] [1791109029.370114685] [exploration]: | 直行 d=2.32
[INFO] [1791109029.470728324] [exploration]: | 直行 d=2.30
[INFO] [1791109029.570879930] [exploration]: | 直行 d=2.28
[INFO] [1791109029.670057297] [exploration]: | 直行 d=2.26
[INFO] [1791109029.773538708] [exploration]: | 直行 d=2.24
[INFO] [1791109029.871972004] [exploration]: | 直行 d=2.21
[INFO] [1791109029.971322603] [exploration]: | 直行 d=2.20
[INFO] [1791109030.072521312] [exploration]: | 直行 d=2.18
[INFO] [1791109030.172390856] [exploration]: | 直行 d=2.16
[INFO] [1791109030.272552911] [exploration]: | 直行 d=2.14
[INFO] [1791109030.372990836] [exploration]: | 直行 d=2.12
[INFO] [1791109030.472013263] [exploration]: | 直行 d=2.09
[INFO] [1791109030.572753941] [exploration]: | 直行 d=2.08
[INFO] [1791109030.673240663] [exploration]: | 直行 d=2.07
[INFO] [1791109030.772663913] [exploration]: | 直行 d=2.04
[INFO] [1791109030.872279810] [exploration]: | 直行 d=2.02
[INFO] [1791109030.973145021] [exploration]: | 直行 d=2.00
[INFO] [1791109031.074216013] [exploration]: | 直行 d=1.98
[INFO] [1791109031.172648967] [exploration]: | 直行 d=1.96
[INFO] [1791109031.272859324] [exploration]: | 直行 d=1.94
[INFO] [1791109031.373639212] [exploration]: | 直行 d=1.92
[INFO] [1791109031.474006636] [exploration]: | 直行 d=1.90
[INFO] [1791109031.572809945] [exploration]: | 直行 d=1.88
[INFO] [1791109031.672578875] [exploration]: | 直行 d=1.87
[INFO] [1791109031.773207126] [exploration]: | 直行 d=1.85
[INFO] [1791109031.873377110] [exploration]: | 直行 d=1.82
[INFO] [1791109031.974522656] [exploration]: | 直行 d=1.80
[INFO] [1791109032.074538461] [exploration]: | 直行 d=1.79
[INFO] [1791109032.174314191] [exploration]: | 直行 d=1.77
[INFO] [1791109032.275322787] [exploration]: | 直行 d=1.74
[INFO] [1791109032.374332131] [exploration]: | 直行 d=1.73
[INFO] [1791109032.475599343] [exploration]: | 直行 d=1.70
[INFO] [1791109032.575152876] [exploration]: | 直行 d=1.69
[INFO] [1791109032.675338774] [exploration]: | 直行 d=1.67
[INFO] [1791109032.776637528] [exploration]: | 直行 d=1.64
[INFO] [1791109032.876840641] [exploration]: | 直行 d=1.62
[INFO] [1791109032.976463599] [exploration]: | 直行 d=1.61
[INFO] [1791109033.075741634] [exploration]: | 直行 d=1.58
[INFO] [1791109033.176309393] [exploration]: | 直行 d=1.56
[INFO] [1791109033.276958035] [exploration]: | 直行 d=1.54
[INFO] [1791109033.376981263] [exploration]: | 直行 d=1.52
[INFO] [1791109033.476549112] [exploration]: | 直行 d=1.51
[INFO] [1791109033.576700855] [exploration]: | 直行 d=1.49
[INFO] [1791109033.676198753] [exploration]: | 直行 d=1.46
[INFO] [1791109033.777555036] [exploration]: | 直行 d=1.45
[INFO] [1791109033.876624894] [exploration]: | 直行 d=1.43
[INFO] [1791109033.977672872] [exploration]: | 直行 d=1.41
[INFO] [1791109034.078133982] [exploration]: | 直行 d=1.39
[INFO] [1791109034.178455288] [exploration]: | 直行 d=1.37
[INFO] [1791109034.277752858] [exploration]: | 直行 d=1.35
[INFO] [1791109034.378974969] [exploration]: | 直行 d=1.32
[INFO] [1791109034.478775891] [exploration]: | 直行 d=1.31
[INFO] [1791109034.578354230] [exploration]: | 直行 d=1.29
[INFO] [1791109034.679266983] [exploration]: | 直行 d=1.26
[INFO] [1791109034.779871900] [exploration]: | 直行 d=1.25
[INFO] [1791109034.879751511] [exploration]: | 直行 d=1.22
[INFO] [1791109034.980731782] [exploration]: | 直行 d=1.20
[INFO] [1791109035.079573595] [exploration]: | 直行 d=1.19
[INFO] [1791109035.179811088] [exploration]: | 直行 d=1.17
[INFO] [1791109035.280139959] [exploration]: | 直行 d=1.15
[INFO] [1791109035.379891613] [exploration]: | 直行 d=1.12
[INFO] [1791109035.481444391] [exploration]: | 直行 d=1.11
[INFO] [1791109035.580658358] [exploration]: | 直行 d=1.09
[INFO] [1791109035.680038678] [exploration]: | 直行 d=1.07
[INFO] [1791109035.780885238] [exploration]: | 直行 d=1.05
[INFO] [1791109035.881666716] [exploration]: | 直行 d=1.03
[INFO] [1791109035.981092621] [exploration]: | 直行 d=1.01
[INFO] [1791109036.080902613] [exploration]: | 直行 d=0.99
[INFO] [1791109036.181004010] [exploration]: | 直行 d=0.97
[INFO] [1791109036.280934734] [exploration]: | 直行 d=0.95
[INFO] [1791109036.381044828] [exploration]: | 直行 d=0.93
[INFO] [1791109036.481973057] [exploration]: | 直行 d=0.91
[INFO] [1791109036.581494337] [exploration]: | 直行 d=0.89
[INFO] [1791109036.681759761] [exploration]: | 直行 d=0.87
[INFO] [1791109036.781168044] [exploration]: | 直行 d=0.85
[INFO] [1791109036.881817789] [exploration]: | 直行 d=0.83
[INFO] [1791109036.981873877] [exploration]: | 直行 d=0.81
[INFO] [1791109037.082060869] [exploration]: | 减速 d=0.79
[INFO] [1791109037.186915816] [exploration]: | 进入转向 goal=-88° 危险 d=0.40
[INFO] [1791109037.282930493] [exploration]: | 转向中 goal=-88°
[INFO] [1791109038.986877224] [exploration]: | 转向完成，停稳 front=0.89
[INFO] [1791109039.085577885] [exploration]: | 直行 d=0.90
[INFO] [1791109039.185970434] [exploration]: | 直行 d=0.92
[INFO] [1791109039.286096051] [exploration]: | 直行 d=0.89
[INFO] [1791109039.385614295] [exploration]: | 直行 d=0.88
[INFO] [1791109039.485902754] [exploration]: | 直行 d=0.87
[INFO] [1791109039.585712827] [exploration]: | 直行 d=0.84
[INFO] [1791109039.685069836] [exploration]: | 直行 d=0.81
[INFO] [1791109039.785899965] [exploration]: | 直行 d=0.80
[INFO] [1791109039.886847756] [exploration]: | 减速 d=0.80
[INFO] [1791109039.990571869] [exploration]: | 进入转向 goal=-90° 危险 d=0.14
[INFO] [1791109040.088038042] [exploration]: | 转向中 goal=-90°
[INFO] [1791109041.188647597] [exploration]: | 转向完成，停稳 front=1.36
[INFO] [1791109041.290658460] [exploration]: | 直行 d=1.42
[INFO] [1791109041.490754243] [exploration]: | 直行 d=1.39
[INFO] [1791109041.590190882] [exploration]: | 直行 d=1.44
[INFO] [1791109041.689945507] [exploration]: | 直行 d=1.43
[INFO] [1791109041.790131007] [exploration]: | 直行 d=1.39
[INFO] [1791109041.890138752] [exploration]: | 直行 d=1.41
[INFO] [1791109041.990039410] [exploration]: | 直行 d=1.39
[INFO] [1791109042.091447737] [exploration]: | 直行 d=1.36
[INFO] [1791109042.391793082] [exploration]: | 直行 d=1.34
[INFO] [1791109042.492391130] [exploration]: | 直行 d=1.31
[INFO] [1791109042.592808606] [exploration]: | 直行 d=1.32
[INFO] [1791109042.691773040] [exploration]: | 直行 d=1.33
[INFO] [1791109042.792442298] [exploration]: | 直行 d=1.28
[INFO] [1791109042.891809967] [exploration]: | 直行 d=1.26
[INFO] [1791109043.092163008] [exploration]: | 直行 d=1.25
[INFO] [1791109043.292981615] [exploration]: | 直行 d=1.24
[INFO] [1791109043.493546567] [exploration]: | 直行 d=1.22
[INFO] [1791109043.595225091] [exploration]: | 直行 d=1.20
[INFO] [1791109043.692321745] [exploration]: | 直行 d=1.19
[INFO] [1791109043.893274524] [exploration]: | 直行 d=1.18
[INFO] [1791109043.994186743] [exploration]: | 直行 d=1.16
[INFO] [1791109044.094192754] [exploration]: | 直行 d=1.19
[INFO] [1791109044.193221013] [exploration]: | 直行 d=1.20
[INFO] [1791109044.293934383] [exploration]: | 直行 d=1.18
[INFO] [1791109044.395179911] [exploration]: | 直行 d=1.17
[INFO] [1791109044.494431023] [exploration]: | 直行 d=1.16
[INFO] [1791109044.595995916] [exploration]: | 直行 d=1.14
[INFO] [1791109044.695963649] [exploration]: | 直行 d=1.12
[INFO] [1791109044.795398740] [exploration]: | 直行 d=1.11
[INFO] [1791109044.895453168] [exploration]: | 直行 d=1.12
[INFO] [1791109044.994946069] [exploration]: | 直行 d=1.10
[INFO] [1791109045.094722212] [exploration]: | 直行 d=1.07
[INFO] [1791109045.194784335] [exploration]: | 直行 d=1.08
[INFO] [1791109045.396352435] [exploration]: | 直行 d=1.05
[INFO] [1791109045.496526737] [exploration]: | 直行 d=1.04
[INFO] [1791109045.595927182] [exploration]: | 直行 d=1.03
[INFO] [1791109045.695472831] [exploration]: | 直行 d=1.00
[INFO] [1791109045.796029838] [exploration]: | 直行 d=0.99
[INFO] [1791109045.896394789] [exploration]: | 直行 d=1.01
[INFO] [1791109045.997188775] [exploration]: | 直行 d=0.98
[INFO] [1791109046.196780333] [exploration]: | 直行 d=0.94
[INFO] [1791109046.297065086] [exploration]: | 直行 d=0.95
[INFO] [1791109046.397694597] [exploration]: | 直行 d=0.92
[INFO] [1791109046.597737945] [exploration]: | 直行 d=0.91
[INFO] [1791109046.798537786] [exploration]: | 直行 d=0.89
[INFO] [1791109046.899040176] [exploration]: | 直行 d=0.88
[INFO] [1791109046.998625784] [exploration]: | 直行 d=0.86
[INFO] [1791109047.197939666] [exploration]: | 直行 d=0.84
[INFO] [1791109047.299210464] [exploration]: | 直行 d=0.83
[INFO] [1791109047.400277748] [exploration]: | 直行 d=0.82
[INFO] [1791109047.598686724] [exploration]: | 减速 d=0.78
[INFO] [1791109047.701221606] [exploration]: | 进入转向 goal=-90° 危险 d=0.14
[INFO] [1791109047.799199388] [exploration]: | 转向中 goal=-90°
[INFO] [1791109048.901190796] [exploration]: | 转向完成，停稳 front=1.39
[INFO] [1791109049.001223763] [exploration]: | 直行 d=1.31
[INFO] [1791109049.301818162] [exploration]: | 直行 d=1.29
[INFO] [1791109049.401243380] [exploration]: | 直行 d=1.27
[INFO] [1791109049.501214687] [exploration]: | 直行 d=1.26
[INFO] [1791109049.603063433] [exploration]: | 直行 d=1.23
[INFO] [1791109049.703658131] [exploration]: | 直行 d=1.25
[INFO] [1791109049.804050880] [exploration]: | 直行 d=1.22
[INFO] [1791109050.003859856] [exploration]: | 直行 d=1.20
[INFO] [1791109050.103953136] [exploration]: | 直行 d=1.18
[INFO] [1791109050.204201815] [exploration]: | 直行 d=1.17
[INFO] [1791109050.304838707] [exploration]: | 直行 d=1.15
[INFO] [1791109050.506182798] [exploration]: | 直行 d=1.13
[INFO] [1791109050.605205847] [exploration]: | 直行 d=1.14
[INFO] [1791109050.704970518] [exploration]: | 直行 d=1.11
[INFO] [1791109050.805085973] [exploration]: | 直行 d=1.09
[INFO] [1791109051.006438211] [exploration]: | 直行 d=1.10
[INFO] [1791109051.106293133] [exploration]: | 直行 d=1.07
[INFO] [1791109051.205944176] [exploration]: | 直行 d=1.04
[INFO] [1791109051.507442241] [exploration]: | 直行 d=1.01
[INFO] [1791109051.606141011] [exploration]: | 直行 d=0.99
[INFO] [1791109051.807094807] [exploration]: | 直行 d=0.98
[INFO] [1791109051.907069112] [exploration]: | 直行 d=0.96
[INFO] [1791109052.107792551] [exploration]: | 直行 d=0.92
[INFO] [1791109052.208485780] [exploration]: | 直行 d=0.93
[INFO] [1791109052.308432363] [exploration]: | 直行 d=0.92
[INFO] [1791109052.409142600] [exploration]: | 直行 d=0.90
[INFO] [1791109052.509087602] [exploration]: | 直行 d=0.88
[INFO] [1791109052.709581836] [exploration]: | 直行 d=0.86
[INFO] [1791109052.809510553] [exploration]: | 直行 d=0.85
[INFO] [1791109052.909641213] [exploration]: | 直行 d=0.84
[INFO] [1791109053.009798004] [exploration]: | 直行 d=0.83
[INFO] [1791109053.109387149] [exploration]: | 减速 d=0.80
[INFO] [1791109053.213441638] [exploration]: | 进入转向 goal=12° 危险 d=0.40
[INFO] [1791109053.308733045] [exploration]: | 转向中 goal=12°
[INFO] [1791109054.413709574] [exploration]: | 转向完成，停稳 front=1.97
[INFO] [1791109054.512564617] [exploration]: | 直行 d=1.98
[INFO] [1791109054.612974728] [exploration]: | 直行 d=1.97
[INFO] [1791109054.711981268] [exploration]: | 直行 d=1.96
[INFO] [1791109054.812378079] [exploration]: | 直行 d=1.95
[INFO] [1791109054.912190577] [exploration]: | 直行 d=1.93
[INFO] [1791109055.012902230] [exploration]: | 直行 d=1.91
[INFO] [1791109055.114601921] [exploration]: | 直行 d=1.89
[INFO] [1791109055.213861634] [exploration]: | 直行 d=1.87
[INFO] [1791109055.314562202] [exploration]: | 直行 d=1.85
[INFO] [1791109055.413865839] [exploration]: | 直行 d=1.82
[INFO] [1791109055.513774348] [exploration]: | 直行 d=1.81
[INFO] [1791109055.614168407] [exploration]: | 直行 d=1.80
[INFO] [1791109055.713311075] [exploration]: | 直行 d=1.77
[INFO] [1791109055.815876452] [exploration]: | 直行 d=1.75
[INFO] [1791109055.915135449] [exploration]: | 直行 d=1.73
[INFO] [1791109056.015538651] [exploration]: | 直行 d=1.72
[INFO] [1791109056.114618709] [exploration]: | 直行 d=1.69
[INFO] [1791109056.215921013] [exploration]: | 直行 d=1.67
[INFO] [1791109056.316226759] [exploration]: | 直行 d=1.65
[INFO] [1791109056.415982173] [exploration]: | 直行 d=1.63
[INFO] [1791109056.516928786] [exploration]: | 直行 d=1.61
[INFO] [1791109056.615908153] [exploration]: | 直行 d=1.59
[INFO] [1791109056.716832911] [exploration]: | 直行 d=1.57
[INFO] [1791109056.817364503] [exploration]: | 直行 d=1.55
[INFO] [1791109056.917025915] [exploration]: | 直行 d=1.53
[INFO] [1791109057.017370927] [exploration]: | 直行 d=1.52
[INFO] [1791109057.117692359] [exploration]: | 直行 d=1.50
[INFO] [1791109057.217623764] [exploration]: | 直行 d=1.47
[INFO] [1791109057.317508692] [exploration]: | 直行 d=1.46
[INFO] [1791109057.417258200] [exploration]: | 直行 d=1.44
[INFO] [1791109057.518251905] [exploration]: | 直行 d=1.42
[INFO] [1791109057.617412626] [exploration]: | 直行 d=1.39
[INFO] [1791109057.718558514] [exploration]: | 直行 d=1.38
[INFO] [1791109057.818899943] [exploration]: | 直行 d=1.36
[INFO] [1791109057.918202922] [exploration]: | 直行 d=1.34
[INFO] [1791109058.017727533] [exploration]: | 直行 d=1.32
[INFO] [1791109058.118364354] [exploration]: | 直行 d=1.30
[INFO] [1791109058.219371490] [exploration]: | 直行 d=1.28
[INFO] [1791109058.319516575] [exploration]: | 直行 d=1.26
[INFO] [1791109058.420536502] [exploration]: | 直行 d=1.24
[INFO] [1791109058.519102825] [exploration]: | 直行 d=1.22
[INFO] [1791109058.619327176] [exploration]: | 直行 d=1.21
[INFO] [1791109058.720355637] [exploration]: | 直行 d=1.18
[INFO] [1791109058.819452844] [exploration]: | 直行 d=1.16
[INFO] [1791109058.920613919] [exploration]: | 直行 d=1.14
[INFO] [1791109059.021400254] [exploration]: | 直行 d=1.12
[INFO] [1791109059.120242048] [exploration]: | 直行 d=1.10
[INFO] [1791109059.220664445] [exploration]: | 直行 d=1.08
[INFO] [1791109059.321161247] [exploration]: | 直行 d=1.07
[INFO] [1791109059.422087541] [exploration]: | 直行 d=1.05
[INFO] [1791109059.520925220] [exploration]: | 直行 d=1.03
[INFO] [1791109059.620331193] [exploration]: | 直行 d=1.00
[INFO] [1791109059.721066764] [exploration]: | 直行 d=0.99
[INFO] [1791109059.821021242] [exploration]: | 直行 d=0.96
[INFO] [1791109059.920700908] [exploration]: | 直行 d=0.94
[INFO] [1791109060.021543675] [exploration]: | 直行 d=0.93
[INFO] [1791109060.121920226] [exploration]: | 直行 d=0.91
[INFO] [1791109060.222543473] [exploration]: | 直行 d=0.89
[INFO] [1791109060.323210393] [exploration]: | 直行 d=0.87
[INFO] [1791109060.422181861] [exploration]: | 直行 d=0.85
