[INFO] [1790738519.057663933] [exploration]: 探索节点已启动
[INFO] [1790738519.125314937] [exploration]: v=+0.00 w=+0.00 | 尚未收到雷达数据
[INFO] [1790738519.224774159] [exploration]: v=+0.05 w=+0.00 | 减速 d=0.42
[INFO] [1790738519.523762279] [exploration]: v=+0.05 w=+0.00 | 减速 d=0.41
[INFO] [1790738519.726785852] [exploration]: v=+0.00 w=-0.70 | 转向，由于危险 d=0.40
[INFO] [1790738519.827011435] [exploration]: v=+0.00 w=-0.70 | 转向中 front=0.39 目标>0.8
[INFO] [1790738519.927337290] [exploration]: v=+0.00 w=-0.70 | 转向中 front=0.40 目标>0.8
[INFO] [1790738520.025865108] [exploration]: v=+0.00 w=-0.70 | 转向中 front=0.13 目标>0.8
[INFO] [1790738520.127106761] [exploration]: v=+0.00 w=-0.70 | 转向中 front=0.39 目标>0.8
[INFO] [1790738520.229434395] [exploration]: v=+0.00 w=-0.70 | 转向中 front=0.14 目标>0.8
[INFO] [1790738520.328745340] [exploration]: v=+0.00 w=-0.70 | 转向中 front=0.13 目标>0.8
[INFO] [1790738520.428223538] [exploration]: v=+0.00 w=-0.70 | 转向中 front=0.42 目标>0.8
[INFO] [1790738520.527442217] [exploration]: v=+0.00 w=+0.00 | 转向完成，停稳 front=1.28
[INFO] [1790738520.625680607] [exploration]: v=+0.20 w=+0.00 | 直行 d=1.27
[INFO] [1790738520.727227702] [exploration]: v=+0.20 w=+0.00 | 直行 d=1.23
[INFO] [1790738520.927873458] [exploration]: v=+0.20 w=+0.00 | 直行 d=1.22
[INFO] [1790738521.027521798] [exploration]: v=+0.20 w=+0.00 | 直行 d=1.20
[INFO] [1790738521.129201085] [exploration]: v=+0.20 w=+0.00 | 直行 d=1.18
[INFO] [1790738521.229022853] [exploration]: v=+0.20 w=+0.00 | 直行 d=1.15
[INFO] [1790738521.328826487] [exploration]: v=+0.20 w=+0.00 | 直行 d=1.14
[INFO] [1790738521.529042309] [exploration]: v=+0.20 w=+0.00 | 直行 d=1.12
[INFO] [1790738521.629523661] [exploration]: v=+0.20 w=+0.00 | 直行 d=1.10
[INFO] [1790738521.729347169] [exploration]: v=+0.20 w=+0.00 | 直行 d=1.08
[INFO] [1790738521.829850598] [exploration]: v=+0.20 w=+0.00 | 直行 d=1.07
[INFO] [1790738521.929424709] [exploration]: v=+0.20 w=+0.00 | 直行 d=1.04
[INFO] [1790738522.129032649] [exploration]: v=+0.20 w=+0.00 | 直行 d=1.01
[INFO] [1790738522.229376452] [exploration]: v=+0.20 w=+0.00 | 直行 d=1.02
[INFO] [1790738522.330554727] [exploration]: v=+0.20 w=+0.00 | 直行 d=1.05
[INFO] [1790738522.430451494] [exploration]: v=+0.20 w=+0.00 | 直行 d=1.07
[INFO] [1790738522.530544401] [exploration]: v=+0.20 w=+0.00 | 直行 d=1.08
[INFO] [1790738522.630669079] [exploration]: v=+0.20 w=+0.00 | 直行 d=1.11
[INFO] [1790738522.831071456] [exploration]: v=+0.20 w=+0.00 | 直行 d=1.09
[INFO] [1790738523.031761569] [exploration]: v=+0.20 w=+0.00 | 直行 d=1.07
[INFO] [1790738523.131638492] [exploration]: v=+0.20 w=+0.00 | 直行 d=1.05
[INFO] [1790738523.230546328] [exploration]: v=+0.20 w=+0.00 | 直行 d=1.10
[INFO] [1790738523.331340482] [exploration]: v=+0.00 w=-0.70 | 转向，由于危险 d=0.17
[INFO] [1790738523.432098943] [exploration]: v=+0.00 w=+0.00 | 转向完成，停稳 front=1.32
[INFO] [1790738523.533041538] [exploration]: v=+0.20 w=+0.00 | 直行 d=1.37
[INFO] [1790738523.633131790] [exploration]: v=+0.20 w=+0.00 | 直行 d=1.44
[INFO] [1790738523.732525870] [exploration]: v=+0.20 w=+0.00 | 直行 d=1.48
[INFO] [1790738523.833036293] [exploration]: v=+0.20 w=+0.00 | 直行 d=1.57
[INFO] [1790738523.932811417] [exploration]: v=+0.20 w=+0.00 | 直行 d=1.55
[INFO] [1790738524.032869944] [exploration]: v=+0.20 w=+0.00 | 直行 d=0.90
[INFO] [1790738524.134498391] [exploration]: v=+0.00 w=+0.70 | 左侧缺口 l=0.15 r=0.70
[INFO] [1790738524.233677866] [exploration]: v=+0.00 w=+0.70 | 转向中 front=0.53 目标>0.8
[INFO] [1790738524.333429091] [exploration]: v=+0.00 w=+0.70 | 转向中 front=0.46 目标>0.8
[INFO] [1790738524.432736745] [exploration]: v=+0.00 w=+0.70 | 转向中 front=0.47 目标>0.8
[INFO] [1790738524.533472925] [exploration]: v=+0.00 w=+0.70 | 转向中 front=0.44 目标>0.8
[INFO] [1790738524.632897375] [exploration]: v=+0.00 w=+0.70 | 转向中 front=0.42 目标>0.8
[INFO] [1790738524.732844101] [exploration]: v=+0.00 w=+0.70 | 转向中 front=0.39 目标>0.8
[INFO] [1790738524.833880072] [exploration]: v=+0.00 w=+0.70 | 转向中 front=0.38 目标>0.8
[INFO] [1790738524.933941991] [exploration]: v=+0.00 w=+0.70 | 转向中 front=0.36 目标>0.8
[INFO] [1790738525.033568443] [exploration]: v=+0.00 w=+0.70 | 转向中 front=0.34 目标>0.8
[INFO] [1790738525.236081212] [exploration]: v=+0.00 w=+0.70 | 转向中 front=0.33 目标>0.8
[INFO] [1790738525.337068765] [exploration]: v=+0.00 w=+0.70 | 转向中 front=0.31 目标>0.8
[INFO] [1790738525.435514485] [exploration]: v=+0.00 w=+0.70 | 转向中 front=0.32 目标>0.8
[INFO] [1790738525.535186008] [exploration]: v=+0.00 w=+0.70 | 转向中 front=0.29 目标>0.8
[INFO] [1790738525.637018534] [exploration]: v=+0.00 w=+0.70 | 转向中 front=0.30 目标>0.8
[INFO] [1790738525.737206691] [exploration]: v=+0.00 w=+0.70 | 转向中 front=0.14 目标>0.8
[INFO] [1790738525.836082903] [exploration]: v=+0.00 w=+0.70 | 转向中 front=0.13 目标>0.8
[INFO] [1790738525.937139544] [exploration]: v=+0.00 w=+0.70 | 转向中 front=0.15 目标>0.8
[INFO] [1790738526.036822411] [exploration]: v=+0.00 w=+0.70 | 转向中 front=0.14 目标>0.8
[INFO] [1790738526.236299644] [exploration]: v=+0.00 w=+0.70 | 转向中 front=0.13 目标>0.8
[INFO] [1790738526.438848753] [exploration]: v=+0.00 w=+0.70 | 转向中 front=0.14 目标>0.8
[INFO] [1790738526.539042786] [exploration]: v=+0.00 w=+0.70 | 转向中 front=0.23 目标>0.8
[INFO] [1790738526.638826461] [exploration]: v=+0.00 w=+0.70 | 转向中 front=0.21 目标>0.8
[INFO] [1790738526.838972371] [exploration]: v=+0.00 w=+0.70 | 转向中 front=0.20 目标>0.8
[INFO] [1790738527.040171676] [exploration]: v=+0.00 w=+0.70 | 转向中 front=0.19 目标>0.8
[INFO] [1790738527.137816855] [exploration]: v=+0.00 w=+0.70 | 转向中 front=0.20 目标>0.8
[INFO] [1790738527.238967109] [exploration]: v=+0.00 w=+0.70 | 转向中 front=0.19 目标>0.8
[INFO] [1790738527.742438690] [exploration]: v=+0.00 w=+0.70 | 转向中 front=0.20 目标>0.8
[INFO] [1790738527.842393534] [exploration]: v=+0.00 w=+0.70 | 转向中 front=0.19 目标>0.8
[INFO] [1790738528.041335840] [exploration]: v=+0.00 w=+0.70 | 转向中 front=0.20 目标>0.8
[INFO] [1790738528.242615079] [exploration]: v=+0.00 w=+0.70 | 转向中 front=0.21 目标>0.8
[INFO] [1790738528.341195258] [exploration]: v=+0.00 w=+0.00 | 转向完成，停稳 front=1.29
[INFO] [1790738528.442389325] [exploration]: v=+0.20 w=+0.00 | 直行 d=1.33
[INFO] [1790738528.543278395] [exploration]: v=+0.20 w=+0.00 | 直行 d=1.36
[INFO] [1790738528.742702468] [exploration]: v=+0.20 w=+0.00 | 直行 d=1.33
[INFO] [1790738528.843292054] [exploration]: v=+0.20 w=+0.00 | 直行 d=1.31
[INFO] [1790738528.943848236] [exploration]: v=+0.20 w=+0.00 | 直行 d=1.29
[INFO] [1790738529.043696044] [exploration]: v=+0.20 w=+0.00 | 直行 d=1.27
[INFO] [1790738529.144085062] [exploration]: v=+0.20 w=+0.00 | 直行 d=1.26
[INFO] [1790738529.243654194] [exploration]: v=+0.20 w=+0.00 | 直行 d=1.24
[INFO] [1790738529.344105740] [exploration]: v=+0.20 w=+0.00 | 直行 d=1.23
[INFO] [1790738529.444824540] [exploration]: v=+0.20 w=+0.00 | 直行 d=1.21
[INFO] [1790738529.543979819] [exploration]: v=+0.20 w=+0.00 | 直行 d=1.22
[INFO] [1790738529.645510695] [exploration]: v=+0.20 w=+0.00 | 直行 d=1.20
[INFO] [1790738529.745093881] [exploration]: v=+0.20 w=+0.00 | 直行 d=1.19
[INFO] [1790738529.846335656] [exploration]: v=+0.20 w=+0.00 | 直行 d=1.17
[INFO] [1790738529.946012322] [exploration]: v=+0.00 w=+0.70 | 转向，由于危险 d=0.40
[INFO] [1790738530.045817486] [exploration]: v=+0.00 w=+0.70 | 转向中 front=0.48 目标>0.8
[INFO] [1790738530.146159588] [exploration]: v=+0.00 w=+0.70 | 转向中 front=0.33 目标>0.8
[INFO] [1790738530.246085028] [exploration]: v=+0.00 w=+0.70 | 转向中 front=0.30 目标>0.8
[INFO] [1790738530.345893875] [exploration]: v=+0.00 w=+0.70 | 转向中 front=0.38 目标>0.8
[INFO] [1790738530.446256289] [exploration]: v=+0.00 w=+0.70 | 转向中 front=0.66 目标>0.8
[INFO] [1790738530.545976510] [exploration]: v=+0.00 w=+0.00 | 转向完成，停稳 front=1.17
[INFO] [1790738530.645478604] [exploration]: v=+0.20 w=+0.00 | 直行 d=1.18
[INFO] [1790738530.745111768] [exploration]: v=+0.20 w=+0.00 | 直行 d=1.20
[INFO] [1790738530.946941781] [exploration]: v=+0.20 w=+0.00 | 直行 d=1.18
[INFO] [1790738531.047210755] [exploration]: v=+0.20 w=+0.00 | 直行 d=1.17
[INFO] [1790738531.147254098] [exploration]: v=+0.06 w=+0.00 | 减速 d=0.69
[INFO] [1790738531.247755739] [exploration]: v=+0.00 w=+0.70 | 转向，由于危险 d=0.36
[INFO] [1790738531.346701516] [exploration]: v=+0.00 w=+0.70 | 转向中 front=0.28 目标>0.8
[INFO] [1790738531.447726919] [exploration]: v=+0.00 w=+0.70 | 转向中 front=0.26 目标>0.8
[INFO] [1790738531.549346312] [exploration]: v=+0.00 w=+0.70 | 转向中 front=0.29 目标>0.8
[INFO] [1790738531.649557247] [exploration]: v=+0.00 w=+0.70 | 转向中 front=0.36 目标>0.8
[INFO] [1790738531.749332402] [exploration]: v=+0.00 w=+0.70 | 转向中 front=0.48 目标>0.8
[INFO] [1790738531.849070379] [exploration]: v=+0.00 w=+0.70 | 转向中 front=0.76 目标>0.8
[INFO] [1790738531.948597534] [exploration]: v=+0.00 w=+0.00 | 转向完成，停稳 front=1.18
[INFO] [1790738532.048744851] [exploration]: v=+0.20 w=+0.00 | 直行 d=1.20
[INFO] [1790738532.249292786] [exploration]: v=+0.20 w=+0.00 | 直行 d=1.19
[INFO] [1790738532.349550899] [exploration]: v=+0.20 w=+0.00 | 直行 d=1.18
[INFO] [1790738532.548590963] [exploration]: v=+0.20 w=+0.00 | 直行 d=1.12
[INFO] [1790738532.650515292] [exploration]: v=+0.20 w=+0.00 | 直行 d=0.85
[INFO] [1790738532.751098917] [exploration]: v=+0.00 w=-0.70 | 右侧缺口 l=2.76 r=0.32
[INFO] [1790738532.848807376] [exploration]: v=+0.00 w=-0.70 | 转向中 front=0.34 目标>0.8
[INFO] [1790738532.951015536] [exploration]: v=+0.00 w=-0.70 | 转向中 front=0.35 目标>0.8
[INFO] [1790738533.150874009] [exploration]: v=+0.00 w=-0.70 | 转向中 front=0.28 目标>0.8
[INFO] [1790738533.251826295] [exploration]: v=+0.00 w=-0.70 | 转向中 front=0.14 目标>0.8
[INFO] [1790738533.351082503] [exploration]: v=+0.00 w=-0.70 | 转向中 front=0.17 目标>0.8
[INFO] [1790738533.751185446] [exploration]: v=+0.00 w=-0.70 | 转向中 front=0.18 目标>0.8
[INFO] [1790738533.851436596] [exploration]: v=+0.00 w=-0.70 | 转向中 front=0.17 目标>0.8
[INFO] [1790738533.951415252] [exploration]: v=+0.00 w=-0.70 | 转向中 front=0.18 目标>0.8
[INFO] [1790738534.152590605] [exploration]: v=+0.00 w=-0.70 | 转向中 front=0.17 目标>0.8
[INFO] [1790738534.252578970] [exploration]: v=+0.00 w=-0.70 | 转向中 front=0.18 目标>0.8
[INFO] [1790738534.352742402] [exploration]: v=+0.00 w=-0.70 | 转向中 front=0.17 目标>0.8
[INFO] [1790738534.553453340] [exploration]: v=+0.00 w=-0.70 | 转向中 front=0.18 目标>0.8
[INFO] [1790738534.653866361] [exploration]: v=+0.00 w=-0.70 | 转向中 front=0.17 目标>0.8
[INFO] [1790738534.752241069] [exploration]: v=+0.00 w=-0.70 | 转向中 front=0.18 目标>0.8
[INFO] [1790738535.654691191] [exploration]: v=+0.00 w=-0.70 | 转向中 front=0.17 目标>0.8
[INFO] [1790738535.754604740] [exploration]: v=+0.00 w=-0.70 | 转向中 front=0.18 目标>0.8
[INFO] [1790738535.853963144] [exploration]: v=+0.00 w=-0.70 | 转向中 front=0.17 目标>0.8
[INFO] [1790738535.954733578] [exploration]: v=+0.00 w=-0.70 | 转向中 front=0.18 目标>0.8
[INFO] [1790738536.255078692] [exploration]: v=+0.00 w=-0.70 | 转向中 front=0.19 目标>0.8
[INFO] [1790738536.355564581] [exploration]: v=+0.00 w=-0.70 | 转向中 front=0.18 目标>0.8
[INFO] [1790738537.356488525] [exploration]: v=+0.00 w=-0.70 | 转向中 front=0.17 目标>0.8
[INFO] [1790738537.456741898] [exploration]: v=+0.00 w=-0.70 | 转向中 front=0.19 目标>0.8
[INFO] [1790738537.556870709] [exploration]: v=+0.00 w=-0.70 | 转向中 front=0.20 目标>0.8
[INFO] [1790738537.655985385] [exploration]: v=+0.00 w=-0.70 | 转向中 front=0.46 目标>0.8
[INFO] [1790738537.756010347] [exploration]: v=+0.00 w=+0.00 | 转向完成，停稳 front=1.66
[INFO] [1790738537.856163169] [exploration]: v=+0.20 w=+0.00 | 直行 d=1.57
[INFO] [1790738537.957311273] [exploration]: v=+0.20 w=+0.00 | 直行 d=1.50
[INFO] [1790738538.056296893] [exploration]: v=+0.20 w=+0.00 | 直行 d=1.51
[INFO] [1790738538.157130858] [exploration]: v=+0.20 w=+0.00 | 直行 d=1.61
[INFO] [1790738538.257931581] [exploration]: v=+0.20 w=+0.00 | 直行 d=1.66
[INFO] [1790738538.358127382] [exploration]: v=+0.20 w=+0.00 | 直行 d=1.67
[INFO] [1790738538.456762979] [exploration]: v=+0.20 w=+0.00 | 直行 d=0.99
[INFO] [1790738538.558099483] [exploration]: v=+0.07 w=+0.00 | 减速 d=0.73
[INFO] [1790738538.658873391] [exploration]: v=+0.05 w=+0.00 | 减速 d=0.60
[INFO] [1790738538.759163041] [exploration]: v=+0.05 w=+0.00 | 减速 d=0.51
[INFO] [1790738538.859356724] [exploration]: v=+0.05 w=+0.00 | 减速 d=0.44
[INFO] [1790738538.959526392] [exploration]: v=+0.05 w=+0.00 | 减速 d=0.43
[INFO] [1790738539.059693668] [exploration]: v=+0.00 w=-0.70 | 转向，由于危险 d=0.38
[INFO] [1790738539.160077307] [exploration]: v=+0.00 w=-0.70 | 转向中 front=0.36 目标>0.8
[INFO] [1790738539.259394372] [exploration]: v=+0.00 w=-0.70 | 转向中 front=0.33 目标>0.8
[INFO] [1790738539.359735403] [exploration]: v=+0.00 w=-0.70 | 转向中 front=0.41 目标>0.8
[INFO] [1790738539.459998983] [exploration]: v=+0.00 w=-0.70 | 转向中 front=0.50 目标>0.8
[INFO] [1790738539.559935718] [exploration]: v=+0.00 w=-0.70 | 转向中 front=0.67 目标>0.8
[INFO] [1790738539.660604723] [exploration]: v=+0.00 w=+0.00 | 转向完成，停稳 front=1.04
[INFO] [1790738539.760619032] [exploration]: v=+0.20 w=+0.00 | 直行 d=1.65
[INFO] [1790738539.962750843] [exploration]: v=+0.20 w=+0.00 | 直行 d=1.62
[INFO] [1790738540.061708845] [exploration]: v=+0.20 w=+0.00 | 直行 d=1.41
[INFO] [1790738540.161512243] [exploration]: v=+0.20 w=+0.00 | 直行 d=0.97
[INFO] [1790738540.262112495] [exploration]: v=+0.08 w=+0.00 | 减速 d=0.77
[INFO] [1790738540.362653209] [exploration]: v=+0.06 w=+0.00 | 减速 d=0.69
[INFO] [1790738540.461353811] [exploration]: v=+0.05 w=+0.00 | 减速 d=0.51
[INFO] [1790738540.560973557] [exploration]: v=+0.05 w=+0.00 | 减速 d=0.46
[INFO] [1790738540.661082496] [exploration]: v=+0.05 w=+0.00 | 减速 d=0.44
[INFO] [1790738540.761482365] [exploration]: v=+0.00 w=-0.70 | 转向，由于危险 d=0.40
[INFO] [1790738540.862707367] [exploration]: v=+0.00 w=-0.70 | 转向中 front=0.36 目标>0.8
[INFO] [1790738540.960998132] [exploration]: v=+0.00 w=-0.70 | 转向中 front=0.37 目标>0.8
[INFO] [1790738541.063228444] [exploration]: v=+0.00 w=-0.70 | 转向中 front=0.44 目标>0.8
[INFO] [1790738541.163845267] [exploration]: v=+0.00 w=-0.70 | 转向中 front=0.53 目标>0.8
[INFO] [1790738541.263834358] [exploration]: v=+0.00 w=-0.70 | 转向中 front=0.66 目标>0.8
[INFO] [1790738541.362500295] [exploration]: v=+0.00 w=+0.00 | 转向完成，停稳 front=0.87
[INFO] [1790738541.464140236] [exploration]: v=+0.20 w=+0.00 | 直行 d=1.42
[INFO] [1790738541.564422415] [exploration]: v=+0.20 w=+0.00 | 直行 d=1.67
[INFO] [1790738541.663757223] [exploration]: v=+0.20 w=+0.00 | 直行 d=1.49
[INFO] [1790738541.763939433] [exploration]: v=+0.20 w=+0.00 | 直行 d=1.14
[INFO] [1790738541.865781880] [exploration]: v=+0.20 w=+0.00 | 直行 d=0.91
[INFO] [1790738541.964961859] [exploration]: v=+0.08 w=+0.00 | 减速 d=0.79
[INFO] [1790738542.066033280] [exploration]: v=+0.05 w=+0.00 | 减速 d=0.56
[INFO] [1790738542.165062495] [exploration]: v=+0.05 w=+0.00 | 减速 d=0.44
[INFO] [1790738542.264710620] [exploration]: v=+0.05 w=+0.00 | 减速 d=0.43
[INFO] [1790738542.365295734] [exploration]: v=+0.00 w=-0.70 | 转向，由于危险 d=0.39
[INFO] [1790738542.465908572] [exploration]: v=+0.00 w=-0.70 | 转向中 front=0.40 目标>0.8
[INFO] [1790738542.564902211] [exploration]: v=+0.00 w=-0.70 | 转向中 front=0.39 目标>0.8
[INFO] [1790738542.664785045] [exploration]: v=+0.00 w=-0.70 | 转向中 front=0.44 目标>0.8
[INFO] [1790738542.764450773] [exploration]: v=+0.00 w=-0.70 | 转向中 front=0.51 目标>0.8
[INFO] [1790738542.865930524] [exploration]: v=+0.00 w=-0.70 | 转向中 front=0.59 目标>0.8
[INFO] [1790738542.966432356] [exploration]: v=+0.00 w=-0.70 | 转向中 front=0.75 目标>0.8
[INFO] [1790738543.066200549] [exploration]: v=+0.00 w=+0.00 | 转向完成，停稳 front=1.02
[INFO] [1790738543.166683572] [exploration]: v=+0.20 w=+0.00 | 直行 d=1.56
[INFO] [1790738543.267136795] [exploration]: v=+0.20 w=+0.00 | 直行 d=1.64
[INFO] [1790738543.367773045] [exploration]: v=+0.20 w=+0.00 | 直行 d=1.67
[INFO] [1790738543.466550254] [exploration]: v=+0.20 w=+0.00 | 直行 d=1.29
[INFO] [1790738543.567738409] [exploration]: v=+0.20 w=+0.00 | 直行 d=1.04
[INFO] [1790738543.668326005] [exploration]: v=+0.20 w=+0.00 | 直行 d=0.84
[INFO] [1790738543.767372362] [exploration]: v=+0.05 w=+0.00 | 减速 d=0.58
[INFO] [1790738543.867960092] [exploration]: v=+0.00 w=+0.70 | 左侧缺口 l=0.40 r=0.75
[INFO] [1790738543.967969905] [exploration]: v=+0.00 w=+0.70 | 转向中 front=0.37 目标>0.8
[INFO] [1790738544.068078100] [exploration]: v=+0.00 w=+0.70 | 转向中 front=0.36 目标>0.8
[INFO] [1790738544.167308844] [exploration]: v=+0.00 w=+0.70 | 转向中 front=0.14 目标>0.8
[INFO] [1790738544.267603306] [exploration]: v=+0.00 w=+0.70 | 转向中 front=0.13 目标>0.8
[INFO] [1790738544.369055089] [exploration]: v=+0.00 w=+0.70 | 转向中 front=0.14 目标>0.8
[INFO] [1790738544.568898525] [exploration]: v=+0.00 w=+0.70 | 转向中 front=0.20 目标>0.8
[INFO] [1790738544.669611179] [exploration]: v=+0.00 w=+0.70 | 转向中 front=0.19 目标>0.8
[INFO] [1790738544.769145557] [exploration]: v=+0.00 w=+0.70 | 转向中 front=0.18 目标>0.8
[INFO] [1790738544.869415689] [exploration]: v=+0.00 w=+0.70 | 转向中 front=0.17 目标>0.8
[INFO] [1790738544.969597993] [exploration]: v=+0.00 w=+0.70 | 转向中 front=0.18 目标>0.8
[INFO] [1790738545.669663580] [exploration]: v=+0.00 w=+0.70 | 转向中 front=0.19 目标>0.8
[INFO] [1790738545.769977700] [exploration]: v=+0.00 w=+0.70 | 转向中 front=0.18 目标>0.8
[INFO] [1790738545.970166445] [exploration]: v=+0.00 w=+0.70 | 转向中 front=0.19 目标>0.8
[INFO] [1790738546.071216013] [exploration]: v=+0.00 w=+0.70 | 转向中 front=0.18 目标>0.8
[INFO] [1790738546.170455456] [exploration]: v=+0.00 w=+0.70 | 转向中 front=0.19 目标>0.8
[INFO] [1790738546.270885050] [exploration]: v=+0.00 w=+0.70 | 转向中 front=0.18 目标>0.8
[INFO] [1790738546.370824251] [exploration]: v=+0.00 w=+0.70 | 转向中 front=0.19 目标>0.8
[INFO] [1790738546.472137387] [exploration]: v=+0.00 w=+0.70 | 转向中 front=0.18 目标>0.8
[INFO] [1790738546.672448104] [exploration]: v=+0.00 w=+0.70 | 转向中 front=0.19 目标>0.8
[INFO] [1790738546.872763433] [exploration]: v=+0.00 w=+0.70 | 转向中 front=0.20 目标>0.8
[INFO] [1790738546.971957670] [exploration]: v=+0.00 w=+0.70 | 转向中 front=0.23 目标>0.8
[INFO] [1790738547.072015644] [exploration]: v=+0.00 w=+0.70 | 转向中 front=0.27 目标>0.8
[INFO] [1790738547.173208876] [exploration]: v=+0.00 w=+0.70 | 转向中 front=0.42 目标>0.8
[INFO] [1790738547.273079914] [exploration]: v=+0.00 w=+0.70 | 转向中 front=0.65 目标>0.8
[INFO] [1790738547.372398799] [exploration]: v=+0.00 w=+0.00 | 转向完成，停稳 front=1.19
[INFO] [1790738547.472272032] [exploration]: v=+0.20 w=+0.00 | 直行 d=1.21
[INFO] [1790738547.673140472] [exploration]: v=+0.20 w=+0.00 | 直行 d=1.20
[INFO] [1790738547.874061306] [exploration]: v=+0.20 w=+0.00 | 直行 d=1.19
[INFO] [1790738547.974102908] [exploration]: v=+0.20 w=+0.00 | 直行 d=1.18
[INFO] [1790738548.074059580] [exploration]: v=+0.20 w=+0.00 | 直行 d=1.17
[INFO] [1790738548.273919583] [exploration]: v=+0.20 w=+0.00 | 直行 d=0.97
[INFO] [1790738548.373768642] [exploration]: v=+0.00 w=-0.70 | 右侧缺口 l=2.81 r=0.35
[INFO] [1790738548.473299041] [exploration]: v=+0.00 w=-0.70 | 转向中 front=0.46 目标>0.8
[INFO] [1790738548.572359991] [exploration]: v=+0.00 w=-0.70 | 转向中 front=0.43 目标>0.8
[INFO] [1790738548.673815410] [exploration]: v=+0.00 w=-0.70 | 转向中 front=0.37 目标>0.8
[INFO] [1790738548.775805271] [exploration]: v=+0.00 w=-0.70 | 转向中 front=0.13 目标>0.8
[INFO] [1790738548.974675320] [exploration]: v=+0.00 w=-0.70 | 转向中 front=0.14 目标>0.8
[INFO] [1790738549.175842609] [exploration]: v=+0.00 w=-0.70 | 转向中 front=0.20 目标>0.8
[INFO] [1790738549.275311242] [exploration]: v=+0.00 w=-0.70 | 转向中 front=0.18 目标>0.8
[INFO] [1790738549.375743663] [exploration]: v=+0.00 w=-0.70 | 转向中 front=0.17 目标>0.8
[INFO] [1790738549.576337820] [exploration]: v=+0.00 w=-0.70 | 转向中 front=0.18 目标>0.8
[INFO] [1790738549.676646095] [exploration]: v=+0.00 w=-0.70 | 转向中 front=0.19 目标>0.8
[INFO] [1790738549.776154717] [exploration]: v=+0.00 w=-0.70 | 转向中 front=0.18 目标>0.8
[INFO] [1790738550.376847544] [exploration]: v=+0.00 w=-0.70 | 转向中 front=0.19 目标>0.8
[INFO] [1790738550.476919881] [exploration]: v=+0.00 w=-0.70 | 转向中 front=0.18 目标>0.8
[INFO] [1790738550.576848707] [exploration]: v=+0.00 w=-0.70 | 转向中 front=0.17 目标>0.8
[INFO] [1790738550.677041599] [exploration]: v=+0.00 w=-0.70 | 转向中 front=0.18 目标>0.8
[INFO] [1790738550.877976274] [exploration]: v=+0.00 w=-0.70 | 转向中 front=0.19 目标>0.8
[INFO] [1790738551.078691256] [exploration]: v=+0.00 w=-0.70 | 转向中 front=0.18 目标>0.8
[INFO] [1790738551.178771417] [exploration]: v=+0.00 w=-0.70 | 转向中 front=0.19 目标>0.8
[INFO] [1790738551.279868462] [exploration]: v=+0.00 w=-0.70 | 转向中 front=0.18 目标>0.8
[INFO] [1790738551.479303849] [exploration]: v=+0.00 w=-0.70 | 转向中 front=0.19 目标>0.8
[INFO] [1790738551.880724377] [exploration]: v=+0.00 w=-0.70 | 转向中 front=0.18 目标>0.8
[INFO] [1790738551.978548259] [exploration]: v=+0.00 w=-0.70 | 转向中 front=0.21 目标>0.8
[INFO] [1790738552.079280652] [exploration]: v=+0.00 w=-0.70 | 转向中 front=0.29 目标>0.8
[INFO] [1790738552.179423137] [exploration]: v=+0.00 w=-0.70 | 转向中 front=0.41 目标>0.8
[INFO] [1790738552.280106515] [exploration]: v=+0.00 w=-0.70 | 转向中 front=0.76 目标>0.8
[INFO] [1790738552.381188793] [exploration]: v=+0.00 w=+0.00 | 转向完成，停稳 front=1.66
[INFO] [1790738552.482536651] [exploration]: v=+0.20 w=+0.00 | 直行 d=1.53
[INFO] [1790738552.580781973] [exploration]: v=+0.20 w=+0.00 | 直行 d=1.54
[INFO] [1790738552.681898196] [exploration]: v=+0.20 w=+0.00 | 直行 d=1.59
[INFO] [1790738552.781045037] [exploration]: v=+0.20 w=+0.00 | 直行 d=1.62
[INFO] [1790738552.881567006] [exploration]: v=+0.20 w=+0.00 | 直行 d=1.65
[INFO] [1790738552.981508845] [exploration]: v=+0.20 w=+0.00 | 直行 d=1.47
[INFO] [1790738553.081722072] [exploration]: v=+0.20 w=+0.00 | 直行 d=1.02
[INFO] [1790738553.181225707] [exploration]: v=+0.20 w=+0.00 | 直行 d=0.83
[INFO] [1790738553.281337522] [exploration]: v=+0.07 w=+0.00 | 减速 d=0.71
[INFO] [1790738553.383797412] [exploration]: v=+0.05 w=+0.00 | 减速 d=0.50
[INFO] [1790738553.482719463] [exploration]: v=+0.05 w=+0.00 | 减速 d=0.40
[INFO] [1790738553.582222642] [exploration]: v=+0.00 w=-0.70 | 转向，由于危险 d=0.38
[INFO] [1790738553.682574622] [exploration]: v=+0.00 w=-0.70 | 转向中 front=0.38 目标>0.8
[INFO] [1790738553.782914018] [exploration]: v=+0.00 w=-0.70 | 转向中 front=0.39 目标>0.8
[INFO] [1790738553.883097288] [exploration]: v=+0.00 w=-0.70 | 转向中 front=0.43 目标>0.8
[INFO] [1790738553.983954936] [exploration]: v=+0.00 w=-0.70 | 转向中 front=0.50 目标>0.8
[INFO] [1790738554.083570063] [exploration]: v=+0.00 w=-0.70 | 转向中 front=0.63 目标>0.8
[INFO] [1790738554.183672015] [exploration]: v=+0.00 w=+0.00 | 转向完成，停稳 front=0.83
[INFO] [1790738554.283010495] [exploration]: v=+0.20 w=+0.00 | 直行 d=1.21
[INFO] [1790738554.383410554] [exploration]: v=+0.20 w=+0.00 | 直行 d=1.49
[INFO] [1790738554.483615445] [exploration]: v=+0.20 w=+0.00 | 直行 d=1.19
[INFO] [1790738554.583321555] [exploration]: v=+0.20 w=+0.00 | 直行 d=0.93
[INFO] [1790738554.683100206] [exploration]: v=+0.09 w=+0.00 | 减速 d=0.79
[INFO] [1790738554.785468449] [exploration]: v=+0.05 w=+0.00 | 减速 d=0.57
[INFO] [1790738554.884521482] [exploration]: v=+0.05 w=+0.00 | 减速 d=0.43
[INFO] [1790738554.985252842] [exploration]: v=+0.05 w=+0.00 | 减速 d=0.41
[INFO] [1790738555.084305040] [exploration]: v=+0.00 w=-0.70 | 转向，由于危险 d=0.40
[INFO] [1790738555.184635003] [exploration]: v=+0.00 w=-0.70 | 转向中 front=0.37 目标>0.8
[INFO] [1790738555.285825085] [exploration]: v=+0.00 w=-0.70 | 转向中 front=0.38 目标>0.8
[INFO] [1790738555.384481492] [exploration]: v=+0.00 w=-0.70 | 转向中 front=0.45 目标>0.8
[INFO] [1790738555.484306884] [exploration]: v=+0.00 w=-0.70 | 转向中 front=0.51 目标>0.8
[INFO] [1790738555.584702783] [exploration]: v=+0.00 w=-0.70 | 转向中 front=0.59 目标>0.8
[INFO] [1790738555.685283941] [exploration]: v=+0.00 w=-0.70 | 转向中 front=0.72 目标>0.8
[INFO] [1790738555.785552209] [exploration]: v=+0.00 w=+0.00 | 转向完成，停稳 front=0.95
[INFO] [1790738555.886017085] [exploration]: v=+0.20 w=+0.00 | 直行 d=1.66
[INFO] [1790738556.086812585] [exploration]: v=+0.20 w=+0.00 | 直行 d=1.38
[INFO] [1790738556.185946736] [exploration]: v=+0.20 w=+0.00 | 直行 d=1.09
[INFO] [1790738556.286318207] [exploration]: v=+0.20 w=+0.00 | 直行 d=0.94
[INFO] [1790738556.386504759] [exploration]: v=+0.06 w=+0.00 | 减速 d=0.69
[INFO] [1790738556.487033040] [exploration]: v=+0.05 w=+0.00 | 减速 d=0.48
[INFO] [1790738556.588187849] [exploration]: v=+0.00 w=+0.70 | 左侧缺口 l=0.41 r=0.74
[INFO] [1790738556.688105772] [exploration]: v=+0.00 w=+0.70 | 转向中 front=0.36 目标>0.8
[INFO] [1790738556.886649454] [exploration]: v=+0.00 w=+0.70 | 转向中 front=0.13 目标>0.8
[INFO] [1790738556.987982650] [exploration]: v=+0.00 w=+0.70 | 转向中 front=0.15 目标>0.8
[INFO] [1790738557.088082060] [exploration]: v=+0.00 w=+0.70 | 转向中 front=0.14 目标>0.8
[INFO] [1790738557.286615046] [exploration]: v=+0.00 w=+0.70 | 转向中 front=0.19 目标>0.8
[INFO] [1790738557.487943696] [exploration]: v=+0.00 w=+0.70 | 转向中 front=0.18 目标>0.8
[INFO] [1790738557.787634371] [exploration]: v=+0.00 w=+0.70 | 转向中 front=0.19 目标>0.8
[INFO] [1790738557.889470392] [exploration]: v=+0.00 w=+0.70 | 转向中 front=0.18 目标>0.8
[INFO] [1790738558.390181100] [exploration]: v=+0.00 w=+0.70 | 转向中 front=0.19 目标>0.8
[INFO] [1790738558.889942250] [exploration]: v=+0.00 w=+0.70 | 转向中 front=0.18 目标>0.8
[INFO] [1790738558.991159626] [exploration]: v=+0.00 w=+0.70 | 转向中 front=0.19 目标>0.8
[INFO] [1790738559.090436237] [exploration]: v=+0.00 w=+0.70 | 转向中 front=0.18 目标>0.8
[INFO] [1790738559.190468122] [exploration]: v=+0.00 w=+0.70 | 转向中 front=0.19 目标>0.8
[INFO] [1790738559.290400983] [exploration]: v=+0.00 w=+0.70 | 转向中 front=0.18 目标>0.8
[INFO] [1790738559.390998652] [exploration]: v=+0.00 w=+0.70 | 转向中 front=0.20 目标>0.8
[INFO] [1790738559.491247959] [exploration]: v=+0.00 w=+0.70 | 转向中 front=0.22 目标>0.8
[INFO] [1790738559.591660362] [exploration]: v=+0.00 w=+0.70 | 转向中 front=0.27 目标>0.8
[INFO] [1790738559.691431802] [exploration]: v=+0.00 w=+0.70 | 转向中 front=0.36 目标>0.8
[INFO] [1790738559.791623980] [exploration]: v=+0.00 w=+0.70 | 转向中 front=0.50 目标>0.8
[INFO] [1790738559.891564295] [exploration]: v=+0.00 w=+0.00 | 转向完成，停稳 front=0.85
[INFO] [1790738559.990327570] [exploration]: v=+0.20 w=+0.00 | 直行 d=1.18
[INFO] [1790738560.091327371] [exploration]: v=+0.20 w=+0.00 | 直行 d=1.20
[INFO] [1790738560.192463045] [exploration]: v=+0.20 w=+0.00 | 直行 d=1.19
[INFO] [1790738560.292653862] [exploration]: v=+0.20 w=+0.00 | 直行 d=1.18
[INFO] [1790738560.392438515] [exploration]: v=+0.20 w=+0.00 | 直行 d=1.17
[INFO] [1790738560.492109168] [exploration]: v=+0.00 w=-0.70 | 右侧缺口 l=2.79 r=0.32
[INFO] [1790738560.592615879] [exploration]: v=+0.00 w=-0.70 | 转向中 front=0.48 目标>0.8
[INFO] [1790738560.692488220] [exploration]: v=+0.00 w=-0.70 | 转向中 front=0.42 目标>0.8
[INFO] [1790738560.792638778] [exploration]: v=+0.00 w=-0.70 | 转向中 front=0.39 目标>0.8
[INFO] [1790738560.892343961] [exploration]: v=+0.00 w=-0.70 | 转向中 front=0.14 目标>0.8
[INFO] [1790738561.194376268] [exploration]: v=+0.00 w=-0.70 | 转向中 front=0.21 目标>0.8
[INFO] [1790738561.293474519] [exploration]: v=+0.00 w=-0.70 | 转向中 front=0.19 目标>0.8
[INFO] [1790738561.393474924] [exploration]: v=+0.00 w=-0.70 | 转向中 front=0.17 目标>0.8
[INFO] [1790738561.493432135] [exploration]: v=+0.00 w=-0.70 | 转向中 front=0.18 目标>0.8
[INFO] [1790738561.593978869] [exploration]: v=+0.00 w=-0.70 | 转向中 front=0.17 目标>0.8
[INFO] [1790738561.693277588] [exploration]: v=+0.00 w=-0.70 | 转向中 front=0.18 目标>0.8
[INFO] [1790738561.893819219] [exploration]: v=+0.00 w=-0.70 | 转向中 front=0.17 目标>0.8
[INFO] [1790738561.994344215] [exploration]: v=+0.00 w=-0.70 | 转向中 front=0.18 目标>0.8
[INFO] [1790738562.495849694] [exploration]: v=+0.00 w=-0.70 | 转向中 front=0.19 目标>0.8
[INFO] [1790738562.596170040] [exploration]: v=+0.00 w=-0.70 | 转向中 front=0.18 目标>0.8
[INFO] [1790738562.797361125] [exploration]: v=+0.00 w=-0.70 | 转向中 front=0.19 目标>0.8
[INFO] [1790738562.895259421] [exploration]: v=+0.00 w=-0.70 | 转向中 front=0.17 目标>0.8
[INFO] [1790738562.995365267] [exploration]: v=+0.00 w=-0.70 | 转向中 front=0.18 目标>0.8
[INFO] [1790738563.095199649] [exploration]: v=+0.00 w=-0.70 | 转向中 front=0.19 目标>0.8
[INFO] [1790738563.196414007] [exploration]: v=+0.00 w=-0.70 | 转向中 front=0.18 目标>0.8
[INFO] [1790738563.498969871] [exploration]: v=+0.00 w=-0.70 | 转向中 front=0.19 目标>0.8
[INFO] [1790738563.598740945] [exploration]: v=+0.00 w=-0.70 | 转向中 front=0.18 目标>0.8
[INFO] [1790738563.698958467] [exploration]: v=+0.00 w=-0.70 | 转向中 front=0.19 目标>0.8
[INFO] [1790738563.797410677] [exploration]: v=+0.00 w=-0.70 | 转向中 front=0.18 目标>0.8
[INFO] [1790738564.099040015] [exploration]: v=+0.00 w=-0.70 | 转向中 front=0.19 目标>0.8
[INFO] [1790738564.199023985] [exploration]: v=+0.00 w=-0.70 | 转向中 front=0.25 目标>0.8
[INFO] [1790738564.299414028] [exploration]: v=+0.00 w=-0.70 | 转向中 front=0.33 目标>0.8
[INFO] [1790738564.398973127] [exploration]: v=+0.00 w=-0.70 | 转向中 front=0.53 目标>0.8
[INFO] [1790738564.499121241] [exploration]: v=+0.00 w=+0.00 | 转向完成，停稳 front=1.23
