[INFO] [1791109081.434859735] [exploration]: 探索节点已启动，转向容差 10°，转向角速度 0.50 rad/s
[INFO] [1791109081.457241398] [exploration]: | 直行 d=1.91
[INFO] [1791109081.657279918] [exploration]: | 直行 d=1.90
[INFO] [1791109081.758276149] [exploration]: | 直行 d=1.89
[INFO] [1791109081.857294994] [exploration]: | 直行 d=1.85
[INFO] [1791109081.958243446] [exploration]: | 直行 d=1.84
[INFO] [1791109082.058249327] [exploration]: | 直行 d=1.82
[INFO] [1791109082.159432954] [exploration]: | 直行 d=1.81
[INFO] [1791109082.259321362] [exploration]: | 直行 d=1.78
[INFO] [1791109082.359218808] [exploration]: | 直行 d=1.75
[INFO] [1791109082.459163849] [exploration]: | 直行 d=1.74
[INFO] [1791109082.558315173] [exploration]: | 直行 d=1.72
[INFO] [1791109082.759614650] [exploration]: | 直行 d=1.68
[INFO] [1791109082.858803265] [exploration]: | 直行 d=1.67
[INFO] [1791109082.960379099] [exploration]: | 直行 d=1.64
[INFO] [1791109083.060083446] [exploration]: | 直行 d=1.62
[INFO] [1791109083.160131030] [exploration]: | 直行 d=1.60
[INFO] [1791109083.260556847] [exploration]: | 直行 d=1.58
[INFO] [1791109083.360371209] [exploration]: | 直行 d=1.55
[INFO] [1791109083.459013400] [exploration]: | 直行 d=1.54
[INFO] [1791109083.559483676] [exploration]: | 直行 d=1.52
[INFO] [1791109083.660371146] [exploration]: | 直行 d=1.50
[INFO] [1791109083.760040057] [exploration]: | 直行 d=1.47
[INFO] [1791109083.859855433] [exploration]: | 直行 d=1.46
[INFO] [1791109083.960822292] [exploration]: | 直行 d=1.44
[INFO] [1791109084.061301844] [exploration]: | 直行 d=1.42
[INFO] [1791109084.162490782] [exploration]: | 直行 d=1.40
[INFO] [1791109084.263429331] [exploration]: | 直行 d=1.38
[INFO] [1791109084.361644998] [exploration]: | 直行 d=1.35
[INFO] [1791109084.462593444] [exploration]: | 直行 d=1.34
[INFO] [1791109084.562378147] [exploration]: | 直行 d=1.32
[INFO] [1791109084.663791620] [exploration]: | 直行 d=1.31
[INFO] [1791109084.765802754] [exploration]: | 直行 d=1.28
[INFO] [1791109084.865634497] [exploration]: | 直行 d=1.26
[INFO] [1791109084.965736442] [exploration]: | 直行 d=1.24
[INFO] [1791109085.065286463] [exploration]: | 直行 d=1.21
[INFO] [1791109085.165356671] [exploration]: | 直行 d=1.19
[INFO] [1791109085.366338003] [exploration]: | 直行 d=1.17
[INFO] [1791109085.466467968] [exploration]: | 直行 d=1.14
[INFO] [1791109085.566311869] [exploration]: | 直行 d=1.12
[INFO] [1791109085.666013498] [exploration]: | 直行 d=1.10
[INFO] [1791109085.765826987] [exploration]: | 直行 d=1.08
[INFO] [1791109085.866517932] [exploration]: | 直行 d=1.06
[INFO] [1791109085.966717545] [exploration]: | 直行 d=1.04
[INFO] [1791109086.067747210] [exploration]: | 直行 d=1.01
[INFO] [1791109086.167740321] [exploration]: | 直行 d=1.00
[INFO] [1791109086.269585077] [exploration]: | 直行 d=0.98
[INFO] [1791109086.368166902] [exploration]: | 直行 d=0.96
[INFO] [1791109086.468566582] [exploration]: | 直行 d=0.95
[INFO] [1791109086.568111368] [exploration]: | 直行 d=0.92
[INFO] [1791109086.668661405] [exploration]: | 直行 d=0.91
[INFO] [1791109086.769654019] [exploration]: | 直行 d=0.88
[INFO] [1791109086.868031441] [exploration]: | 直行 d=0.86
[INFO] [1791109086.969445870] [exploration]: | 直行 d=0.84
[INFO] [1791109087.070060488] [exploration]: | 直行 d=0.82
[INFO] [1791109087.168749207] [exploration]: | 直行 d=0.80
[INFO] [1791109087.269390879] [exploration]: | 减速 d=0.78
[INFO] [1791109087.372048848] [exploration]: | 进入转向 goal=-84° 危险 d=0.14
[INFO] [1791109087.470360576] [exploration]: | 转向中 goal=-84°
[INFO] [1791109088.373280636] [exploration]: | 转向完成，停稳 front=1.20
[INFO] [1791109088.472093181] [exploration]: | 直行 d=1.19
[INFO] [1791109088.572924124] [exploration]: | 直行 d=1.17
[INFO] [1791109088.672640034] [exploration]: | 直行 d=1.15
[INFO] [1791109088.774319948] [exploration]: | 直行 d=1.14
[INFO] [1791109088.874725167] [exploration]: | 直行 d=1.11
[INFO] [1791109088.975164620] [exploration]: | 直行 d=1.10
[INFO] [1791109089.073643225] [exploration]: | 直行 d=1.08
[INFO] [1791109089.174963103] [exploration]: | 直行 d=1.07
[INFO] [1791109089.274507528] [exploration]: | 直行 d=1.06
[INFO] [1791109089.374815379] [exploration]: | 直行 d=1.05
[INFO] [1791109089.473779748] [exploration]: | 直行 d=1.03
[INFO] [1791109089.575378825] [exploration]: | 直行 d=1.02
[INFO] [1791109089.674664235] [exploration]: | 直行 d=0.99
[INFO] [1791109089.775399620] [exploration]: | 直行 d=1.00
[INFO] [1791109089.874631877] [exploration]: | 直行 d=0.98
[INFO] [1791109089.975364116] [exploration]: | 直行 d=0.96
[INFO] [1791109090.075732509] [exploration]: | 直行 d=0.95
[INFO] [1791109090.176681888] [exploration]: | 直行 d=0.94
[INFO] [1791109090.276450568] [exploration]: | 直行 d=0.91
[INFO] [1791109090.376240411] [exploration]: | 直行 d=0.90
[INFO] [1791109090.476440144] [exploration]: | 直行 d=0.89
[INFO] [1791109090.577965270] [exploration]: | 直行 d=0.87
[INFO] [1791109090.678666500] [exploration]: | 直行 d=0.85
[INFO] [1791109090.777392137] [exploration]: | 直行 d=0.84
[INFO] [1791109090.878597215] [exploration]: | 直行 d=0.83
[INFO] [1791109090.978986913] [exploration]: | 直行 d=0.82
[INFO] [1791109091.079214694] [exploration]: | 直行 d=0.80
[INFO] [1791109091.178058307] [exploration]: | 减速 d=0.78
[INFO] [1791109091.284561499] [exploration]: | 进入转向 goal=-90° 危险 d=0.14
[INFO] [1791109091.379805233] [exploration]: | 转向中 goal=-90°
[INFO] [1791109093.985022777] [exploration]: | 转向完成，停稳 front=1.14
[INFO] [1791109094.086534945] [exploration]: | 直行 d=1.14
[INFO] [1791109094.286487915] [exploration]: | 直行 d=1.13
[INFO] [1791109094.385614453] [exploration]: | 直行 d=1.11
[INFO] [1791109094.486766220] [exploration]: | 直行 d=1.09
[INFO] [1791109094.586432973] [exploration]: | 直行 d=1.07
[INFO] [1791109094.687200003] [exploration]: | 直行 d=1.05
[INFO] [1791109094.786128826] [exploration]: | 直行 d=1.03
[INFO] [1791109094.887039303] [exploration]: | 直行 d=1.01
[INFO] [1791109094.988706125] [exploration]: | 直行 d=0.99
[INFO] [1791109095.087548497] [exploration]: | 直行 d=0.97
[INFO] [1791109095.186510642] [exploration]: | 直行 d=0.95
[INFO] [1791109095.288042035] [exploration]: | 直行 d=0.93
[INFO] [1791109095.388220001] [exploration]: | 直行 d=0.91
[INFO] [1791109095.487866490] [exploration]: | 直行 d=0.90
[INFO] [1791109095.587210195] [exploration]: | 直行 d=0.87
[INFO] [1791109095.687957662] [exploration]: | 直行 d=0.86
[INFO] [1791109095.786906137] [exploration]: | 直行 d=0.83
[INFO] [1791109095.888228333] [exploration]: | 直行 d=0.81
[INFO] [1791109095.986779381] [exploration]: | 减速 d=0.79
[INFO] [1791109096.088535092] [exploration]: | 减速 d=0.78
[INFO] [1791109096.189145589] [exploration]: | 减速 d=0.77
[INFO] [1791109096.290692207] [exploration]: | 减速 d=0.75
[INFO] [1791109096.489709143] [exploration]: | 减速 d=0.74
[INFO] [1791109096.691331222] [exploration]: | 减速 d=0.73
[INFO] [1791109096.790879189] [exploration]: | 减速 d=0.72
[INFO] [1791109096.890925854] [exploration]: | 减速 d=0.71
[INFO] [1791109097.091717979] [exploration]: | 减速 d=0.70
[INFO] [1791109097.290490714] [exploration]: | 减速 d=0.68
[INFO] [1791109097.592121692] [exploration]: | 减速 d=0.67
[INFO] [1791109097.693108765] [exploration]: | 减速 d=0.66
[INFO] [1791109097.893031781] [exploration]: | 减速 d=0.65
[INFO] [1791109098.093504294] [exploration]: | 减速 d=0.64
[INFO] [1791109098.295364208] [exploration]: | 减速 d=0.63
[INFO] [1791109098.494813984] [exploration]: | 减速 d=0.62
[INFO] [1791109098.694981848] [exploration]: | 减速 d=0.61
[INFO] [1791109098.894553024] [exploration]: | 减速 d=0.60
[INFO] [1791109099.197338269] [exploration]: | 减速 d=0.59
[INFO] [1791109099.397128391] [exploration]: | 减速 d=0.58
[INFO] [1791109099.497027859] [exploration]: | 减速 d=0.57
[INFO] [1791109099.597491881] [exploration]: | 减速 d=0.56
[INFO] [1791109099.898759331] [exploration]: | 减速 d=0.55
[INFO] [1791109100.199551787] [exploration]: | 减速 d=0.54
[INFO] [1791109100.398597928] [exploration]: | 减速 d=0.53
[INFO] [1791109100.499406561] [exploration]: | 减速 d=0.52
[INFO] [1791109100.700099705] [exploration]: | 减速 d=0.51
[INFO] [1791109100.799649284] [exploration]: | 减速 d=0.50
[INFO] [1791109100.899354931] [exploration]: | 减速 d=0.51
[INFO] [1791109100.999371888] [exploration]: | 减速 d=0.50
[INFO] [1791109101.100312070] [exploration]: | 减速 d=0.49
[INFO] [1791109101.300785663] [exploration]: | 减速 d=0.48
[INFO] [1791109101.500815998] [exploration]: | 减速 d=0.47
[INFO] [1791109101.701724547] [exploration]: | 减速 d=0.46
[INFO] [1791109102.002610353] [exploration]: | 减速 d=0.45
[INFO] [1791109102.103395881] [exploration]: | 减速 d=0.44
[INFO] [1791109102.303022346] [exploration]: | 减速 d=0.43
[INFO] [1791109102.504039177] [exploration]: | 减速 d=0.42
[INFO] [1791109102.704378079] [exploration]: | 减速 d=0.41
[INFO] [1791109102.805656943] [exploration]: | 进入转向 goal=-90° 危险 d=0.40
[INFO] [1791109102.904006849] [exploration]: | 转向中 goal=-90°
[INFO] [1791109105.609935265] [exploration]: | 转向完成，停稳 front=0.87
[INFO] [1791109105.709425875] [exploration]: | 直行 d=0.88
[INFO] [1791109105.813832276] [exploration]: | 进入转向 goal=-10° 危险 d=0.16
[INFO] [1791109105.911420643] [exploration]: | 转向中 goal=-10°
[INFO] [1791109106.312084786] [exploration]: | 转向完成，停稳 front=0.91
[INFO] [1791109106.411416885] [exploration]: | 直行 d=0.89
[INFO] [1791109106.513506715] [exploration]: | 直行 d=0.98
[INFO] [1791109106.612661414] [exploration]: | 直行 d=1.61
[INFO] [1791109106.713678845] [exploration]: | 直行 d=1.33
[INFO] [1791109106.818884911] [exploration]: | 进入转向 goal=-48° 危险 d=0.14
[INFO] [1791109106.914747931] [exploration]: | 转向中 goal=-48°
[INFO] [1791109107.314244355] [exploration]: | 转向完成，停稳 front=1.61
[INFO] [1791109107.414373116] [exploration]: | 进入转向 goal=-46° 危险 d=0.15
[INFO] [1791109107.513757722] [exploration]: | 转向中 goal=-46°
[INFO] [1791109107.913298084] [exploration]: | 转向完成，停稳 front=3.15
[INFO] [1791109108.013667596] [exploration]: | 直行 d=3.15
[INFO] [1791109108.213770485] [exploration]: | 直行 d=3.13
[INFO] [1791109108.416591128] [exploration]: | 直行 d=3.10
[INFO] [1791109108.515734208] [exploration]: | 直行 d=3.08
[INFO] [1791109108.616762415] [exploration]: | 直行 d=3.06
[INFO] [1791109108.717409636] [exploration]: | 直行 d=3.04
[INFO] [1791109108.816713086] [exploration]: | 直行 d=3.01
[INFO] [1791109108.915748554] [exploration]: | 直行 d=2.99
[INFO] [1791109109.016805914] [exploration]: | 直行 d=2.97
[INFO] [1791109109.218499397] [exploration]: | 直行 d=2.95
[INFO] [1791109109.318436489] [exploration]: | 直行 d=2.94
[INFO] [1791109109.417216344] [exploration]: | 直行 d=2.92
[INFO] [1791109109.517870100] [exploration]: | 直行 d=2.90
[INFO] [1791109109.619145189] [exploration]: | 直行 d=2.87
[INFO] [1791109109.717059991] [exploration]: | 直行 d=2.86
[INFO] [1791109109.818357063] [exploration]: | 直行 d=2.84
[INFO] [1791109109.919593127] [exploration]: | 直行 d=2.81
[INFO] [1791109110.020137510] [exploration]: | 直行 d=2.80
[INFO] [1791109110.119538580] [exploration]: | 直行 d=2.79
[INFO] [1791109110.219678126] [exploration]: | 直行 d=2.76
[INFO] [1791109110.421554606] [exploration]: | 直行 d=2.73
[INFO] [1791109110.520551031] [exploration]: | 直行 d=2.72
[INFO] [1791109110.621285343] [exploration]: | 直行 d=2.69
[INFO] [1791109110.721421123] [exploration]: | 直行 d=2.66
[INFO] [1791109110.821528220] [exploration]: | 直行 d=2.64
[INFO] [1791109110.921029822] [exploration]: | 直行 d=2.61
[INFO] [1791109111.120336703] [exploration]: | 直行 d=2.57
[INFO] [1791109111.220155109] [exploration]: | 直行 d=2.56
[INFO] [1791109111.321472747] [exploration]: | 直行 d=2.54
[INFO] [1791109111.421994232] [exploration]: | 直行 d=2.52
[INFO] [1791109111.523173320] [exploration]: | 直行 d=2.50
[INFO] [1791109111.622819981] [exploration]: | 直行 d=2.49
[INFO] [1791109111.722027088] [exploration]: | 直行 d=2.47
[INFO] [1791109111.823674066] [exploration]: | 直行 d=2.45
[INFO] [1791109111.922373920] [exploration]: | 直行 d=2.42
[INFO] [1791109112.023936879] [exploration]: | 直行 d=2.39
[INFO] [1791109112.124010594] [exploration]: | 直行 d=2.38
[INFO] [1791109112.324469060] [exploration]: | 直行 d=2.34
[INFO] [1791109112.424232028] [exploration]: | 直行 d=2.33
[INFO] [1791109112.524690108] [exploration]: | 直行 d=2.29
[INFO] [1791109112.625201698] [exploration]: | 直行 d=2.28
[INFO] [1791109112.724901519] [exploration]: | 直行 d=2.26
[INFO] [1791109112.824652413] [exploration]: | 直行 d=2.22
[INFO] [1791109112.925506757] [exploration]: | 直行 d=2.21
[INFO] [1791109113.025501457] [exploration]: | 直行 d=2.19
[INFO] [1791109113.128451676] [exploration]: | 直行 d=2.17
[INFO] [1791109113.228126284] [exploration]: | 直行 d=2.15
[INFO] [1791109113.328015684] [exploration]: | 直行 d=2.13
[INFO] [1791109113.428800228] [exploration]: | 直行 d=2.11
[INFO] [1791109113.529155711] [exploration]: | 直行 d=2.10
[INFO] [1791109113.630119371] [exploration]: | 直行 d=2.07
[INFO] [1791109113.728647519] [exploration]: | 直行 d=2.05
[INFO] [1791109113.928631779] [exploration]: | 直行 d=2.02
[INFO] [1791109114.030238593] [exploration]: | 直行 d=2.00
[INFO] [1791109114.130868093] [exploration]: | 直行 d=1.99
[INFO] [1791109114.230485079] [exploration]: | 直行 d=1.96
[INFO] [1791109114.329612040] [exploration]: | 直行 d=1.94
[INFO] [1791109114.428780557] [exploration]: | 直行 d=1.92
[INFO] [1791109114.529095001] [exploration]: | 直行 d=1.90
[INFO] [1791109114.632644025] [exploration]: | 直行 d=1.88
[INFO] [1791109114.731355522] [exploration]: | 直行 d=1.85
[INFO] [1791109114.833042221] [exploration]: | 直行 d=1.83
[INFO] [1791109114.933359253] [exploration]: | 直行 d=1.82
[INFO] [1791109115.032546173] [exploration]: | 直行 d=1.81
[INFO] [1791109115.132478814] [exploration]: | 直行 d=1.78
[INFO] [1791109115.232419277] [exploration]: | 直行 d=1.77
[INFO] [1791109115.333695849] [exploration]: | 直行 d=1.75
[INFO] [1791109115.433582183] [exploration]: | 直行 d=1.73
[INFO] [1791109115.534987133] [exploration]: | 直行 d=1.72
[INFO] [1791109115.634635799] [exploration]: | 直行 d=1.69
[INFO] [1791109115.732634726] [exploration]: | 直行 d=1.67
[INFO] [1791109115.833352195] [exploration]: | 直行 d=1.65
[INFO] [1791109115.933120356] [exploration]: | 直行 d=1.63
[INFO] [1791109116.034868578] [exploration]: | 直行 d=1.61
[INFO] [1791109116.134503654] [exploration]: | 直行 d=1.59
[INFO] [1791109116.234222348] [exploration]: | 直行 d=1.57
[INFO] [1791109116.336507388] [exploration]: | 直行 d=1.56
[INFO] [1791109116.436106607] [exploration]: | 直行 d=1.54
[INFO] [1791109116.536790924] [exploration]: | 直行 d=1.52
[INFO] [1791109116.637730727] [exploration]: | 直行 d=1.50
[INFO] [1791109116.736433201] [exploration]: | 直行 d=1.47
[INFO] [1791109116.935477797] [exploration]: | 直行 d=1.45
[INFO] [1791109117.035709736] [exploration]: | 直行 d=1.43
[INFO] [1791109117.137368064] [exploration]: | 直行 d=1.41
[INFO] [1791109117.236289972] [exploration]: | 直行 d=1.39
[INFO] [1791109117.336209553] [exploration]: | 直行 d=1.37
[INFO] [1791109117.437599044] [exploration]: | 直行 d=1.34
[INFO] [1791109117.538531014] [exploration]: | 直行 d=1.32
[INFO] [1791109117.638018527] [exploration]: | 直行 d=1.31
[INFO] [1791109117.759627321] [exploration]: | 直行 d=1.30
[INFO] [1791109117.847839867] [exploration]: | 直行 d=1.27
[INFO] [1791109117.942634505] [exploration]: | 直行 d=1.26
[INFO] [1791109118.040643910] [exploration]: | 直行 d=1.23
[INFO] [1791109118.141554908] [exploration]: | 直行 d=1.22
[INFO] [1791109118.241750725] [exploration]: | 直行 d=1.19
[INFO] [1791109118.341103237] [exploration]: | 直行 d=1.18
[INFO] [1791109118.440913086] [exploration]: | 直行 d=1.16
[INFO] [1791109118.541390788] [exploration]: | 直行 d=1.15
[INFO] [1791109118.641074787] [exploration]: | 直行 d=1.12
[INFO] [1791109118.742790452] [exploration]: | 直行 d=1.11
[INFO] [1791109118.840491708] [exploration]: | 直行 d=1.09
[INFO] [1791109118.942354839] [exploration]: | 直行 d=1.06
[INFO] [1791109119.040847195] [exploration]: | 直行 d=1.04
[INFO] [1791109119.141382107] [exploration]: | 直行 d=1.03
[INFO] [1791109119.244125801] [exploration]: | 直行 d=1.01
[INFO] [1791109119.343633926] [exploration]: | 直行 d=0.99
[INFO] [1791109119.443365296] [exploration]: | 直行 d=0.97
[INFO] [1791109119.546010834] [exploration]: | 直行 d=0.95
[INFO] [1791109119.645834577] [exploration]: | 直行 d=0.93
[INFO] [1791109119.745575612] [exploration]: | 直行 d=0.92
[INFO] [1791109119.845331865] [exploration]: | 直行 d=0.90
[INFO] [1791109119.944261523] [exploration]: | 直行 d=0.88
[INFO] [1791109120.043382051] [exploration]: | 直行 d=0.86
[INFO] [1791109120.145539486] [exploration]: | 直行 d=0.84
[INFO] [1791109120.245999105] [exploration]: | 直行 d=0.82
[INFO] [1791109120.345544615] [exploration]: | 减速 d=0.80
[INFO] [1791109120.447176787] [exploration]: | 进入转向 goal=88° 危险 d=0.15
[INFO] [1791109120.544763986] [exploration]: | 转向中 goal=88°
[INFO] [1791109122.750802224] [exploration]: | 转向完成，停稳 front=2.76
[INFO] [1791109122.851234111] [exploration]: | 直行 d=2.77
[INFO] [1791109122.950354473] [exploration]: | 直行 d=2.75
[INFO] [1791109123.050962123] [exploration]: | 直行 d=2.76
[INFO] [1791109123.151463622] [exploration]: | 直行 d=2.74
[INFO] [1791109123.252624554] [exploration]: | 直行 d=2.71
[INFO] [1791109123.352580810] [exploration]: | 直行 d=2.68
[INFO] [1791109123.451539903] [exploration]: | 直行 d=2.69
[INFO] [1791109123.551546401] [exploration]: | 直行 d=2.68
[INFO] [1791109123.652713297] [exploration]: | 直行 d=2.64
[INFO] [1791109123.752461015] [exploration]: | 直行 d=2.62
[INFO] [1791109123.852233165] [exploration]: | 直行 d=2.60
[INFO] [1791109123.954229872] [exploration]: | 直行 d=2.59
[INFO] [1791109124.152818503] [exploration]: | 直行 d=2.55
[INFO] [1791109124.253503581] [exploration]: | 直行 d=2.54
[INFO] [1791109124.354861007] [exploration]: | 直行 d=2.53
[INFO] [1791109124.454284975] [exploration]: | 直行 d=2.52
[INFO] [1791109124.554057428] [exploration]: | 直行 d=2.47
[INFO] [1791109124.654646280] [exploration]: | 直行 d=2.46
[INFO] [1791109124.755190410] [exploration]: | 直行 d=2.44
[INFO] [1791109124.854648691] [exploration]: | 直行 d=2.43
[INFO] [1791109124.955080688] [exploration]: | 直行 d=2.40
[INFO] [1791109125.154616686] [exploration]: | 直行 d=2.38
[INFO] [1791109125.255860520] [exploration]: | 直行 d=2.36
[INFO] [1791109125.356010398] [exploration]: | 直行 d=2.35
[INFO] [1791109125.456880611] [exploration]: | 直行 d=2.31
[INFO] [1791109125.556825845] [exploration]: | 直行 d=2.29
[INFO] [1791109125.657179764] [exploration]: | 直行 d=2.26
[INFO] [1791109125.756092574] [exploration]: | 直行 d=2.24
[INFO] [1791109125.857264942] [exploration]: | 直行 d=2.23
[INFO] [1791109125.957849185] [exploration]: | 直行 d=2.20
[INFO] [1791109126.056439652] [exploration]: | 直行 d=2.19
[INFO] [1791109126.156960883] [exploration]: | 直行 d=2.17
[INFO] [1791109126.258466753] [exploration]: | 直行 d=2.15
[INFO] [1791109126.356991155] [exploration]: | 直行 d=2.12
[INFO] [1791109126.457734701] [exploration]: | 直行 d=2.11
[INFO] [1791109126.557858808] [exploration]: | 直行 d=2.08
[INFO] [1791109126.759060652] [exploration]: | 直行 d=2.05
[INFO] [1791109126.859012549] [exploration]: | 直行 d=2.03
[INFO] [1791109126.958966089] [exploration]: | 直行 d=2.00
[INFO] [1791109127.060476680] [exploration]: | 直行 d=1.99
[INFO] [1791109127.160259851] [exploration]: | 直行 d=1.95
[INFO] [1791109127.361940966] [exploration]: | 直行 d=1.92
[INFO] [1791109127.461064408] [exploration]: | 直行 d=1.91
[INFO] [1791109127.561636228] [exploration]: | 直行 d=1.89
[INFO] [1791109127.662163896] [exploration]: | 直行 d=1.86
[INFO] [1791109127.760314495] [exploration]: | 直行 d=1.85
[INFO] [1791109127.862179213] [exploration]: | 直行 d=1.81
[INFO] [1791109127.961381782] [exploration]: | 直行 d=1.79
[INFO] [1791109128.062754678] [exploration]: | 直行 d=1.77
[INFO] [1791109128.163212212] [exploration]: | 直行 d=1.74
[INFO] [1791109128.362835302] [exploration]: | 直行 d=1.71
[INFO] [1791109128.462416373] [exploration]: | 直行 d=1.68
[INFO] [1791109128.563850398] [exploration]: | 直行 d=1.66
[INFO] [1791109128.663384608] [exploration]: | 直行 d=1.64
[INFO] [1791109128.763525297] [exploration]: | 直行 d=1.63
[INFO] [1791109128.864466443] [exploration]: | 直行 d=1.61
[INFO] [1791109128.965457859] [exploration]: | 直行 d=1.58
[INFO] [1791109129.063522933] [exploration]: | 直行 d=1.59
[INFO] [1791109129.164656916] [exploration]: | 直行 d=1.55
[INFO] [1791109129.264100313] [exploration]: | 直行 d=1.53
[INFO] [1791109129.365605291] [exploration]: | 直行 d=1.50
[INFO] [1791109129.465388641] [exploration]: | 直行 d=1.49
[INFO] [1791109129.563616469] [exploration]: | 直行 d=1.47
[INFO] [1791109129.665375744] [exploration]: | 直行 d=1.44
[INFO] [1791109129.865222578] [exploration]: | 直行 d=1.40
[INFO] [1791109129.964689583] [exploration]: | 直行 d=1.38
[INFO] [1791109130.065430208] [exploration]: | 直行 d=1.36
[INFO] [1791109130.165742060] [exploration]: | 直行 d=1.34
[INFO] [1791109130.266516505] [exploration]: | 直行 d=1.32
[INFO] [1791109130.368666031] [exploration]: | 直行 d=1.29
[INFO] [1791109130.467153129] [exploration]: | 直行 d=1.28
[INFO] [1791109130.567736882] [exploration]: | 直行 d=1.26
[INFO] [1791109130.668729040] [exploration]: | 直行 d=1.23
[INFO] [1791109130.768457895] [exploration]: | 直行 d=1.22
[INFO] [1791109130.868784720] [exploration]: | 直行 d=1.21
[INFO] [1791109130.968136867] [exploration]: | 直行 d=1.18
[INFO] [1791109131.069842682] [exploration]: | 直行 d=1.15
[INFO] [1791109131.170319854] [exploration]: | 直行 d=1.13
[INFO] [1791109131.269047167] [exploration]: | 直行 d=1.11
[INFO] [1791109131.368561292] [exploration]: | 直行 d=1.10
[INFO] [1791109131.469313604] [exploration]: | 直行 d=1.07
[INFO] [1791109131.571086883] [exploration]: | 直行 d=1.05
[INFO] [1791109131.671181042] [exploration]: | 直行 d=1.04
[INFO] [1791109131.769689173] [exploration]: | 直行 d=1.02
[INFO] [1791109131.869950152] [exploration]: | 直行 d=1.00
[INFO] [1791109131.969947612] [exploration]: | 直行 d=0.98
[INFO] [1791109132.070984743] [exploration]: | 直行 d=0.95
[INFO] [1791109132.171679117] [exploration]: | 直行 d=0.94
[INFO] [1791109132.271725852] [exploration]: | 直行 d=0.91
[INFO] [1791109132.371481338] [exploration]: | 直行 d=0.89
[INFO] [1791109132.472147689] [exploration]: | 直行 d=0.87
[INFO] [1791109132.571720780] [exploration]: | 直行 d=0.86
[INFO] [1791109132.673039064] [exploration]: | 直行 d=0.83
[INFO] [1791109132.771155740] [exploration]: | 直行 d=0.81
[INFO] [1791109132.871250347] [exploration]: | 减速 d=0.79
[INFO] [1791109132.973770130] [exploration]: | 进入转向 goal=90° 危险 d=0.13
[INFO] [1791109133.071333815] [exploration]: | 转向中 goal=90°
[INFO] [1791109134.075750039] [exploration]: | 转向完成，停稳 front=1.54
[INFO] [1791109134.175498969] [exploration]: | 直行 d=1.54
[INFO] [1791109134.376840372] [exploration]: | 直行 d=1.53
[INFO] [1791109134.476704837] [exploration]: | 直行 d=1.50
[INFO] [1791109134.575922387] [exploration]: | 直行 d=1.49
[INFO] [1791109134.677154759] [exploration]: | 直行 d=1.46
[INFO] [1791109134.777379892] [exploration]: | 直行 d=1.45
[INFO] [1791109134.878227271] [exploration]: | 直行 d=1.43
[INFO] [1791109134.978430874] [exploration]: | 直行 d=1.42
[INFO] [1791109135.077829691] [exploration]: | 直行 d=1.39
[INFO] [1791109135.178128559] [exploration]: | 直行 d=1.37
[INFO] [1791109135.277067763] [exploration]: | 直行 d=1.35
[INFO] [1791109135.377941421] [exploration]: | 直行 d=1.33
[INFO] [1791109135.478822709] [exploration]: | 直行 d=1.32
[INFO] [1791109135.577944020] [exploration]: | 直行 d=1.30
[INFO] [1791109135.678288448] [exploration]: | 直行 d=1.27
[INFO] [1791109135.777890923] [exploration]: | 直行 d=1.25
[INFO] [1791109135.879145034] [exploration]: | 直行 d=1.24
[INFO] [1791109135.979746222] [exploration]: | 直行 d=1.21
[INFO] [1791109136.081036202] [exploration]: | 直行 d=1.20
[INFO] [1791109136.179520012] [exploration]: | 直行 d=1.18
[INFO] [1791109136.280985876] [exploration]: | 直行 d=1.15
[INFO] [1791109136.381639540] [exploration]: | 直行 d=1.14
[INFO] [1791109136.482734180] [exploration]: | 直行 d=1.12
[INFO] [1791109136.581922256] [exploration]: | 直行 d=1.10
[INFO] [1791109136.681154381] [exploration]: | 直行 d=1.08
[INFO] [1791109136.783162074] [exploration]: | 直行 d=1.06
[INFO] [1791109136.882910470] [exploration]: | 直行 d=1.04
[INFO] [1791109136.983065848] [exploration]: | 直行 d=1.02
[INFO] [1791109137.081915213] [exploration]: | 直行 d=1.01
[INFO] [1791109137.182507864] [exploration]: | 直行 d=0.98
[INFO] [1791109137.283201439] [exploration]: | 直行 d=0.96
[INFO] [1791109137.382693185] [exploration]: | 直行 d=0.94
[INFO] [1791109137.482694946] [exploration]: | 直行 d=0.92
[INFO] [1791109137.584579772] [exploration]: | 直行 d=0.90
[INFO] [1791109137.683581093] [exploration]: | 直行 d=0.89
[INFO] [1791109137.785479476] [exploration]: | 直行 d=0.87
[INFO] [1791109137.883994847] [exploration]: | 直行 d=0.85
[INFO] [1791109137.984812065] [exploration]: | 直行 d=0.82
[INFO] [1791109138.085654443] [exploration]: | 直行 d=0.81
[INFO] [1791109138.184870012] [exploration]: | 减速 d=0.78
[INFO] [1791109138.290496224] [exploration]: | 进入转向 goal=90° 危险 d=0.13
[INFO] [1791109138.386139446] [exploration]: | 转向中 goal=90°
[INFO] [1791109140.491115168] [exploration]: | 转向完成，停稳 front=0.88
[INFO] [1791109140.590357923] [exploration]: | 直行 d=0.89
[INFO] [1791109140.691471183] [exploration]: | 直行 d=0.90
[INFO] [1791109140.889766050] [exploration]: | 直行 d=0.89
[INFO] [1791109140.991007002] [exploration]: | 直行 d=0.86
[INFO] [1791109141.090971212] [exploration]: | 直行 d=0.84
[INFO] [1791109141.190825724] [exploration]: | 直行 d=0.83
[INFO] [1791109141.292427577] [exploration]: | 直行 d=0.81
[INFO] [1791109141.392407867] [exploration]: | 减速 d=0.80
[INFO] [1791109141.495148818] [exploration]: | 进入转向 goal=-90° 危险 d=0.15
[INFO] [1791109141.592947632] [exploration]: | 转向中 goal=-90°
[INFO] [1791109145.500748762] [exploration]: | 转向失败，倒退
[INFO] [1791109145.600827688] [exploration]: | 持续倒退
[INFO] [1791109147.106788194] [exploration]: | 倒退结束，前方已有出路
[INFO] [1791109147.208336654] [exploration]: | 进入转向 goal=-68° 危险 d=0.40
[INFO] [1791109147.305977802] [exploration]: | 转向中 goal=-68°
[INFO] [1791109148.408277228] [exploration]: | 转向完成，停稳 front=0.88
[INFO] [1791109148.506564324] [exploration]: | 直行 d=0.91
[INFO] [1791109148.606970522] [exploration]: | 直行 d=0.90
[INFO] [1791109148.706965824] [exploration]: | 直行 d=0.89
[INFO] [1791109148.807122860] [exploration]: | 直行 d=0.88
[INFO] [1791109148.907370790] [exploration]: | 直行 d=0.85
[INFO] [1791109149.007354460] [exploration]: | 直行 d=0.84
[INFO] [1791109149.107778089] [exploration]: | 直行 d=0.83
[INFO] [1791109149.209181287] [exploration]: | 减速 d=0.80
[INFO] [1791109149.309648505] [exploration]: | 进入转向 goal=90° 危险 d=0.14
[INFO] [1791109149.408611217] [exploration]: | 转向中 goal=90°
[INFO] [1791109153.318791586] [exploration]: | 转向失败，倒退
[INFO] [1791109153.418446006] [exploration]: | 持续倒退
[INFO] [1791109154.826421272] [exploration]: | 倒退结束，前方已有出路
[INFO] [1791109154.921167533] [exploration]: | 直行 d=0.94
[INFO] [1791109155.022086522] [exploration]: | 直行 d=1.21
[INFO] [1791109155.120896444] [exploration]: | 直行 d=1.24
[INFO] [1791109155.221312677] [exploration]: | 直行 d=1.23
[INFO] [1791109155.321463423] [exploration]: | 直行 d=1.22
[INFO] [1791109155.422724309] [exploration]: | 直行 d=1.21
[INFO] [1791109155.522943994] [exploration]: | 直行 d=1.18
[INFO] [1791109155.722753391] [exploration]: | 直行 d=1.17
[INFO] [1791109155.824505346] [exploration]: | 直行 d=1.15
[INFO] [1791109156.023328680] [exploration]: | 直行 d=1.13
[INFO] [1791109156.123013143] [exploration]: | 直行 d=1.11
[INFO] [1791109156.223032183] [exploration]: | 直行 d=1.08
[INFO] [1791109156.324590959] [exploration]: | 直行 d=1.10
[INFO] [1791109156.422964822] [exploration]: | 直行 d=1.05
[INFO] [1791109156.523737941] [exploration]: | 直行 d=1.04
[INFO] [1791109156.623648625] [exploration]: | 直行 d=1.03
[INFO] [1791109156.823958981] [exploration]: | 直行 d=1.00
[INFO] [1791109157.025063771] [exploration]: | 直行 d=0.98
[INFO] [1791109157.124264314] [exploration]: | 直行 d=0.97
[INFO] [1791109157.224218849] [exploration]: | 直行 d=0.96
[INFO] [1791109157.324089383] [exploration]: | 直行 d=0.95
[INFO] [1791109157.424106128] [exploration]: | 直行 d=0.90
[INFO] [1791109157.524027514] [exploration]: | 直行 d=0.91
[INFO] [1791109157.625895400] [exploration]: | 直行 d=0.87
[INFO] [1791109157.726130775] [exploration]: | 直行 d=0.88
[INFO] [1791109157.826284663] [exploration]: | 直行 d=0.86
[INFO] [1791109157.926292243] [exploration]: | 直行 d=0.84
[INFO] [1791109158.026398114] [exploration]: | 直行 d=0.83
[INFO] [1791109158.126690017] [exploration]: | 直行 d=0.81
[INFO] [1791109158.227336616] [exploration]: | 减速 d=0.78
[INFO] [1791109158.328184337] [exploration]: | 减速 d=0.79
[INFO] [1791109158.429128666] [exploration]: | 进入转向 goal=24° 危险 d=0.40
[INFO] [1791109158.528396439] [exploration]: | 转向中 goal=24°
[INFO] [1791109159.229834180] [exploration]: | 转向完成，停稳 front=1.26
[INFO] [1791109159.329527231] [exploration]: | 直行 d=1.27
[INFO] [1791109159.430140983] [exploration]: | 直行 d=1.28
[INFO] [1791109159.629497522] [exploration]: | 直行 d=1.26
[INFO] [1791109159.842191281] [exploration]: | 直行 d=1.25
[INFO] [1791109159.935328567] [exploration]: | 直行 d=1.26
[INFO] [1791109160.033088133] [exploration]: | 直行 d=1.24
[INFO] [1791109160.131595659] [exploration]: | 直行 d=1.23
[INFO] [1791109160.230410739] [exploration]: | 直行 d=1.21
[INFO] [1791109160.631891781] [exploration]: | 直行 d=1.18
[INFO] [1791109160.733528061] [exploration]: | 直行 d=1.20
[INFO] [1791109160.833180551] [exploration]: | 直行 d=1.18
[INFO] [1791109160.933405390] [exploration]: | 直行 d=1.16
[INFO] [1791109161.032925722] [exploration]: | 直行 d=1.20
[INFO] [1791109161.334617711] [exploration]: | 直行 d=1.18
[INFO] [1791109161.434110442] [exploration]: | 直行 d=1.17
[INFO] [1791109161.534747807] [exploration]: | 直行 d=1.16
[INFO] [1791109161.634003655] [exploration]: | 直行 d=1.18
[INFO] [1791109161.734582502] [exploration]: | 直行 d=1.15
[INFO] [1791109161.934178667] [exploration]: | 直行 d=1.12
[INFO] [1791109162.035888287] [exploration]: | 直行 d=1.11
[INFO] [1791109162.136377888] [exploration]: | 直行 d=1.12
[INFO] [1791109162.335431395] [exploration]: | 直行 d=1.07
[INFO] [1791109162.636866288] [exploration]: | 直行 d=1.08
[INFO] [1791109162.737304277] [exploration]: | 直行 d=1.06
[INFO] [1791109162.837452979] [exploration]: | 直行 d=1.05
[INFO] [1791109162.936952185] [exploration]: | 直行 d=1.04
[INFO] [1791109163.037050510] [exploration]: | 直行 d=1.03
[INFO] [1791109163.138571405] [exploration]: | 直行 d=1.02
[INFO] [1791109163.337249311] [exploration]: | 直行 d=0.98
[INFO] [1791109163.438259315] [exploration]: | 直行 d=1.00
[INFO] [1791109163.538740051] [exploration]: | 直行 d=0.97
[INFO] [1791109163.638516113] [exploration]: | 直行 d=0.98
[INFO] [1791109163.837510776] [exploration]: | 直行 d=0.95
[INFO] [1791109164.039143835] [exploration]: | 直行 d=0.93
[INFO] [1791109164.340416529] [exploration]: | 直行 d=0.90
[INFO] [1791109164.440455005] [exploration]: | 直行 d=0.89
[INFO] [1791109164.541039466] [exploration]: | 直行 d=0.90
[INFO] [1791109164.641272483] [exploration]: | 直行 d=0.89
[INFO] [1791109164.740413326] [exploration]: | 直行 d=0.88
[INFO] [1791109164.942301273] [exploration]: | 直行 d=0.86
[INFO] [1791109165.042008902] [exploration]: | 直行 d=0.84
[INFO] [1791109165.142261115] [exploration]: | 直行 d=0.83
[INFO] [1791109165.242277034] [exploration]: | 直行 d=0.82
[INFO] [1791109165.343484088] [exploration]: | 直行 d=0.80
[INFO] [1791109165.442338635] [exploration]: | 减速 d=0.80
[INFO] [1791109165.545037242] [exploration]: | 进入转向 goal=0° 危险 d=0.40
[INFO] [1791109165.642159476] [exploration]: | 转向中 goal=0°
[INFO] [1791109169.550932165] [exploration]: | 转向失败，倒退
[INFO] [1791109169.652013442] [exploration]: | 持续倒退
[INFO] [1791109171.056395636] [exploration]: | 倒退结束，前方已有出路
[INFO] [1791109171.158518344] [exploration]: | 进入转向 goal=0° 危险 d=0.40
[INFO] [1791109171.255560009] [exploration]: | 转向中 goal=0°
[INFO] [1791109172.057168093] [exploration]: | 转向完成，停稳 front=1.81
[INFO] [1791109172.156989715] [exploration]: | 直行 d=1.80
[INFO] [1791109172.356744272] [exploration]: | 直行 d=1.79
[INFO] [1791109172.457564231] [exploration]: | 直行 d=1.76
[INFO] [1791109172.557841013] [exploration]: | 直行 d=1.74
[INFO] [1791109172.658716196] [exploration]: | 直行 d=1.73
[INFO] [1791109172.757871523] [exploration]: | 直行 d=1.70
[INFO] [1791109172.958350346] [exploration]: | 直行 d=1.67
[INFO] [1791109173.058755499] [exploration]: | 直行 d=1.64
[INFO] [1791109173.158967306] [exploration]: | 直行 d=1.62
[INFO] [1791109173.259581641] [exploration]: | 直行 d=1.61
[INFO] [1791109173.359041605] [exploration]: | 直行 d=1.59
[INFO] [1791109173.459642039] [exploration]: | 直行 d=1.57
[INFO] [1791109173.559545494] [exploration]: | 直行 d=1.54
[INFO] [1791109173.659642591] [exploration]: | 直行 d=1.52
[INFO] [1791109173.759111956] [exploration]: | 直行 d=1.51
[INFO] [1791109173.859931382] [exploration]: | 直行 d=1.49
[INFO] [1791109173.961064927] [exploration]: | 直行 d=1.46
[INFO] [1791109174.060830430] [exploration]: | 直行 d=1.44
[INFO] [1791109174.161014672] [exploration]: | 直行 d=1.42
[INFO] [1791109174.261296244] [exploration]: | 直行 d=1.40
[INFO] [1791109174.360994569] [exploration]: | 直行 d=1.38
[INFO] [1791109174.463491259] [exploration]: | 直行 d=1.36
[INFO] [1791109174.562863138] [exploration]: | 直行 d=1.33
[INFO] [1791109174.662326505] [exploration]: | 直行 d=1.32
[INFO] [1791109174.761996144] [exploration]: | 直行 d=1.30
[INFO] [1791109174.862584346] [exploration]: | 直行 d=1.28
[INFO] [1791109174.962881080] [exploration]: | 直行 d=1.26
[INFO] [1791109175.062698170] [exploration]: | 直行 d=1.24
[INFO] [1791109175.163276281] [exploration]: | 直行 d=1.22
[INFO] [1791109175.264223911] [exploration]: | 直行 d=1.19
[INFO] [1791109175.363579886] [exploration]: | 直行 d=1.17
[INFO] [1791109175.464550032] [exploration]: | 直行 d=1.15
[INFO] [1791109175.563124469] [exploration]: | 直行 d=1.14
[INFO] [1791109175.663189471] [exploration]: | 直行 d=1.12
[INFO] [1791109175.764676845] [exploration]: | 直行 d=1.09
[INFO] [1791109175.864541058] [exploration]: | 直行 d=1.08
[INFO] [1791109175.965190322] [exploration]: | 直行 d=1.05
[INFO] [1791109176.066049365] [exploration]: | 直行 d=1.03
[INFO] [1791109176.166637955] [exploration]: | 直行 d=1.02
[INFO] [1791109176.266510176] [exploration]: | 直行 d=0.99
[INFO] [1791109176.366632902] [exploration]: | 直行 d=0.98
[INFO] [1791109176.465043227] [exploration]: | 直行 d=0.95
[INFO] [1791109176.566479913] [exploration]: | 直行 d=0.93
[INFO] [1791109176.666637413] [exploration]: | 直行 d=0.91
[INFO] [1791109176.767597573] [exploration]: | 直行 d=0.89
[INFO] [1791109176.866243238] [exploration]: | 直行 d=0.87
[INFO] [1791109176.966034248] [exploration]: | 直行 d=0.85
[INFO] [1791109177.066820367] [exploration]: | 直行 d=0.83
[INFO] [1791109177.167549037] [exploration]: | 直行 d=0.81
[INFO] [1791109177.268309848] [exploration]: | 减速 d=0.79
[INFO] [1791109177.370086835] [exploration]: | 进入转向 goal=88° 危险 d=0.14
[INFO] [1791109177.466943800] [exploration]: | 转向中 goal=88°
[INFO] [1791109178.570208293] [exploration]: | 转向完成，停稳 front=1.17
[INFO] [1791109178.669581277] [exploration]: | 直行 d=1.13
[INFO] [1791109178.772050347] [exploration]: | 直行 d=1.14
[INFO] [1791109178.871569302] [exploration]: | 直行 d=1.12
[INFO] [1791109178.971512289] [exploration]: | 直行 d=1.11
[INFO] [1791109179.071029973] [exploration]: | 直行 d=1.08
[INFO] [1791109179.172019004] [exploration]: | 直行 d=1.07
[INFO] [1791109179.271841636] [exploration]: | 直行 d=1.04
[INFO] [1791109179.371854786] [exploration]: | 直行 d=1.05
[INFO] [1791109179.473002163] [exploration]: | 直行 d=1.01
[INFO] [1791109179.574295145] [exploration]: | 直行 d=0.99
[INFO] [1791109179.774464578] [exploration]: | 直行 d=0.96
[INFO] [1791109179.873854932] [exploration]: | 直行 d=0.94
[INFO] [1791109180.073071475] [exploration]: | 直行 d=0.92
[INFO] [1791109180.174518742] [exploration]: | 直行 d=0.89
[INFO] [1791109180.374043019] [exploration]: | 直行 d=0.86
[INFO] [1791109180.473448192] [exploration]: | 直行 d=0.85
[INFO] [1791109180.574480023] [exploration]: | 直行 d=0.84
[INFO] [1791109180.674321074] [exploration]: | 直行 d=0.82
[INFO] [1791109180.774476715] [exploration]: | 直行 d=0.80
[INFO] [1791109180.876128378] [exploration]: | 减速 d=0.78
[INFO] [1791109180.979748644] [exploration]: | 进入转向 goal=-90° 危险 d=0.13
[INFO] [1791109181.075932142] [exploration]: | 转向中 goal=-90°
[INFO] [1791109184.381290798] [exploration]: | 转向完成，停稳 front=1.13
[INFO] [1791109184.481722335] [exploration]: | 直行 d=1.13
[INFO] [1791109184.582805732] [exploration]: | 直行 d=1.11
[INFO] [1791109184.682221280] [exploration]: | 直行 d=1.12
[INFO] [1791109184.781443913] [exploration]: | 直行 d=1.10
[INFO] [1791109184.883178890] [exploration]: | 直行 d=1.09
[INFO] [1791109184.983278608] [exploration]: | 直行 d=1.07
[INFO] [1791109185.083425900] [exploration]: | 直行 d=1.08
[INFO] [1791109185.185078763] [exploration]: | 直行 d=1.10
[INFO] [1791109185.283795337] [exploration]: | 直行 d=1.06
[INFO] [1791109185.384779421] [exploration]: | 直行 d=1.05
[INFO] [1791109185.483899388] [exploration]: | 直行 d=1.03
[INFO] [1791109185.586531035] [exploration]: | 直行 d=1.01
[INFO] [1791109185.685001391] [exploration]: | 直行 d=1.02
[INFO] [1791109185.784553554] [exploration]: | 直行 d=1.00
[INFO] [1791109185.885426312] [exploration]: | 直行 d=0.97
[INFO] [1791109185.985975570] [exploration]: | 直行 d=0.95
[INFO] [1791109186.185024339] [exploration]: | 直行 d=0.98
[INFO] [1791109186.285408135] [exploration]: | 直行 d=1.00
[INFO] [1791109186.384954513] [exploration]: | 直行 d=1.01
[INFO] [1791109186.485786351] [exploration]: | 直行 d=1.08
[INFO] [1791109186.586653614] [exploration]: | 直行 d=1.10
[INFO] [1791109186.685676058] [exploration]: | 直行 d=1.16
[INFO] [1791109186.786182361] [exploration]: | 直行 d=1.17
[INFO] [1791109186.887327500] [exploration]: | 直行 d=1.18
[INFO] [1791109186.986806027] [exploration]: | 直行 d=1.17
[INFO] [1791109187.087094813] [exploration]: | 直行 d=1.15
[INFO] [1791109187.188061491] [exploration]: | 直行 d=1.16
[INFO] [1791109187.288140079] [exploration]: | 直行 d=1.15
[INFO] [1791109187.391933042] [exploration]: | 进入转向 goal=-4° 危险 d=0.40
[INFO] [1791109187.489448354] [exploration]: | 转向中 goal=-4°
[INFO] [1791109187.989445097] [exploration]: | 转向完成，停稳 front=1.14
[INFO] [1791109188.093167827] [exploration]: | 进入转向 goal=-4° 危险 d=0.40
[INFO] [1791109188.189621866] [exploration]: | 转向中 goal=-4°
[INFO] [1791109188.591507720] [exploration]: | 转向完成，停稳 front=1.13
[INFO] [1791109188.692882445] [exploration]: | 进入转向 goal=-4° 危险 d=0.40
[INFO] [1791109188.790959212] [exploration]: | 转向中 goal=-4°
[INFO] [1791109189.192036634] [exploration]: | 转向完成，停稳 front=1.13
[INFO] [1791109189.293904502] [exploration]: | 进入转向 goal=-4° 危险 d=0.40
[INFO] [1791109189.391717562] [exploration]: | 转向中 goal=-4°
[INFO] [1791109189.793123724] [exploration]: | 转向完成，停稳 front=1.14
[INFO] [1791109189.898326908] [exploration]: | 进入转向 goal=-4° 危险 d=0.40
[INFO] [1791109189.993910986] [exploration]: | 转向中 goal=-4°
[INFO] [1791109190.494834797] [exploration]: | 转向完成，停稳 front=1.14
[INFO] [1791109190.600590916] [exploration]: | 进入转向 goal=-4° 危险 d=0.40
[INFO] [1791109190.694973348] [exploration]: | 转向中 goal=-4°
[INFO] [1791109191.095935688] [exploration]: | 转向完成，停稳 front=1.14
[INFO] [1791109191.197006148] [exploration]: | 进入转向 goal=-4° 危险 d=0.40
[INFO] [1791109191.296429116] [exploration]: | 转向中 goal=-4°
[INFO] [1791109191.796121215] [exploration]: | 转向完成，停稳 front=1.14
[INFO] [1791109191.899941157] [exploration]: | 进入转向 goal=-4° 危险 d=0.40
[INFO] [1791109191.996566227] [exploration]: | 转向中 goal=-4°
[INFO] [1791109192.397395372] [exploration]: | 转向完成，停稳 front=1.14
[INFO] [1791109192.501181939] [exploration]: | 进入转向 goal=-4° 危险 d=0.40
[INFO] [1791109192.598709945] [exploration]: | 转向中 goal=-4°
[INFO] [1791109193.099138830] [exploration]: | 转向完成，停稳 front=1.13
[INFO] [1791109193.199486024] [exploration]: | 进入转向 goal=-4° 危险 d=0.40
[INFO] [1791109193.297710987] [exploration]: | 转向中 goal=-4°
[INFO] [1791109193.698226243] [exploration]: | 转向完成，停稳 front=1.14
[INFO] [1791109193.798554676] [exploration]: | 进入转向 goal=-4° 危险 d=0.40
[INFO] [1791109193.898073952] [exploration]: | 转向中 goal=-4°
[INFO] [1791109194.299569940] [exploration]: | 转向完成，停稳 front=1.13
[INFO] [1791109194.400789902] [exploration]: | 进入转向 goal=-4° 危险 d=0.40
[INFO] [1791109194.498760470] [exploration]: | 转向中 goal=-4°
[INFO] [1791109194.899702928] [exploration]: | 转向完成，停稳 front=1.13
[INFO] [1791109195.000243763] [exploration]: | 进入转向 goal=-4° 危险 d=0.40
[INFO] [1791109195.100866278] [exploration]: | 转向中 goal=-4°
[INFO] [1791109195.600017068] [exploration]: | 转向完成，停稳 front=1.13
[INFO] [1791109195.701203249] [exploration]: | 进入转向 goal=-4° 危险 d=0.40
[INFO] [1791109195.801143519] [exploration]: | 转向中 goal=-4°
[INFO] [1791109196.201655894] [exploration]: | 转向完成，停稳 front=1.13
[INFO] [1791109196.302334841] [exploration]: | 进入转向 goal=-4° 危险 d=0.40
[INFO] [1791109196.401382810] [exploration]: | 转向中 goal=-4°
[INFO] [1791109196.802889819] [exploration]: | 转向完成，停稳 front=1.14
[INFO] [1791109196.906185504] [exploration]: | 进入转向 goal=-6° 危险 d=0.40
[INFO] [1791109197.003564957] [exploration]: | 转向中 goal=-6°
[INFO] [1791109197.403277689] [exploration]: | 转向完成，停稳 front=1.14
[INFO] [1791109197.507423624] [exploration]: | 进入转向 goal=-4° 危险 d=0.40
[INFO] [1791109197.605042305] [exploration]: | 转向中 goal=-4°
[INFO] [1791109198.103971403] [exploration]: | 转向完成，停稳 front=1.14
[INFO] [1791109198.208048149] [exploration]: | 进入转向 goal=-4° 危险 d=0.40
[INFO] [1791109198.304862612] [exploration]: | 转向中 goal=-4°
[INFO] [1791109198.705133329] [exploration]: | 转向完成，停稳 front=1.12
[INFO] [1791109198.808307621] [exploration]: | 进入转向 goal=-4° 危险 d=0.40
[INFO] [1791109198.905410966] [exploration]: | 转向中 goal=-4°
[INFO] [1791109199.305850782] [exploration]: | 转向完成，停稳 front=1.13
[INFO] [1791109199.407535392] [exploration]: | 进入转向 goal=-6° 危险 d=0.40
[INFO] [1791109199.506430620] [exploration]: | 转向中 goal=-6°
[INFO] [1791109200.005786580] [exploration]: | 转向完成，停稳 front=1.13
[INFO] [1791109200.109450691] [exploration]: | 进入转向 goal=-6° 危险 d=0.40
[INFO] [1791109200.206378840] [exploration]: | 转向中 goal=-6°
[INFO] [1791109200.606432959] [exploration]: | 转向完成，停稳 front=1.13
