[INFO] [1790745384.279554690] [exploration]: 探索节点已启动
[INFO] [1790745384.294579750] [exploration]: v=+0.20 w=+0.00 | 直行 d=1.92
[INFO] [1790745384.395087617] [exploration]: v=+0.00 w=+0.50 | 转向，由于危险 d=0.13
[INFO] [1790745384.496020310] [exploration]: v=+0.00 w=+0.50 | 转向中 front=0.14 目标>0.8
[INFO] [1790745384.595799823] [exploration]: v=+0.00 w=+0.00 | 转向完成，停稳 front=1.28
[INFO] [1790745384.695850893] [exploration]: v=+0.00 w=+0.50 | 转向，由于危险 d=0.13
[INFO] [1790745384.794847310] [exploration]: v=+0.00 w=+0.50 | 转向中 front=0.13 目标>0.8
[INFO] [1790745384.996826867] [exploration]: v=+0.00 w=+0.00 | 转向完成，停稳 front=1.11
[INFO] [1790745385.097148673] [exploration]: v=+0.20 w=+0.00 | 直行 d=1.08
[INFO] [1790745385.299344429] [exploration]: v=+0.20 w=+0.00 | 直行 d=1.07
[INFO] [1790745385.398857741] [exploration]: v=+0.20 w=+0.00 | 直行 d=1.06
[INFO] [1790745385.498324873] [exploration]: v=+0.20 w=+0.00 | 直行 d=1.07
[INFO] [1790745385.597978838] [exploration]: v=+0.20 w=+0.00 | 直行 d=1.08
[INFO] [1790745385.698401176] [exploration]: v=+0.20 w=+0.00 | 直行 d=1.05
[INFO] [1790745385.798223981] [exploration]: v=+0.20 w=+0.00 | 直行 d=2.63
[INFO] [1790745385.898705263] [exploration]: v=+0.20 w=+0.00 | 直行 d=2.61
[INFO] [1790745385.997830492] [exploration]: v=+0.20 w=+0.00 | 直行 d=2.58
[INFO] [1790745386.199504452] [exploration]: v=+0.20 w=+0.00 | 直行 d=2.56
[INFO] [1790745386.299461686] [exploration]: v=+0.20 w=+0.00 | 直行 d=2.52
[INFO] [1790745386.399857024] [exploration]: v=+0.20 w=+0.00 | 直行 d=2.51
[INFO] [1790745386.498813494] [exploration]: v=+0.20 w=+0.00 | 直行 d=2.50
[INFO] [1790745386.598379424] [exploration]: v=+0.20 w=+0.00 | 直行 d=2.47
[INFO] [1790745386.698733976] [exploration]: v=+0.20 w=+0.00 | 直行 d=2.45
[INFO] [1790745386.798975237] [exploration]: v=+0.20 w=+0.00 | 直行 d=2.44
[INFO] [1790745386.898650285] [exploration]: v=+0.20 w=+0.00 | 直行 d=2.43
[INFO] [1790745386.999063276] [exploration]: v=+0.20 w=+0.00 | 直行 d=2.41
[INFO] [1790745387.098532783] [exploration]: v=+0.20 w=+0.00 | 直行 d=2.42
[INFO] [1790745387.198684423] [exploration]: v=+0.20 w=+0.00 | 直行 d=2.40
[INFO] [1790745387.298439306] [exploration]: v=+0.20 w=+0.00 | 直行 d=2.37
[INFO] [1790745387.399822724] [exploration]: v=+0.20 w=+0.00 | 直行 d=2.35
[INFO] [1790745387.500882948] [exploration]: v=+0.20 w=+0.00 | 直行 d=2.37
[INFO] [1790745387.600869181] [exploration]: v=+0.20 w=+0.00 | 直行 d=2.35
[INFO] [1790745387.701263420] [exploration]: v=+0.20 w=+0.00 | 直行 d=2.32
[INFO] [1790745387.800145040] [exploration]: v=+0.20 w=+0.00 | 直行 d=2.30
[INFO] [1790745387.900983656] [exploration]: v=+0.20 w=+0.00 | 直行 d=2.27
[INFO] [1790745388.000586523] [exploration]: v=+0.20 w=+0.00 | 直行 d=2.26
[INFO] [1790745388.100909111] [exploration]: v=+0.20 w=+0.00 | 直行 d=2.23
[INFO] [1790745388.202200250] [exploration]: v=+0.20 w=+0.00 | 直行 d=2.22
[INFO] [1790745388.301954056] [exploration]: v=+0.20 w=+0.00 | 直行 d=2.18
[INFO] [1790745388.401790372] [exploration]: v=+0.20 w=+0.00 | 直行 d=2.17
[INFO] [1790745388.602746199] [exploration]: v=+0.20 w=+0.00 | 直行 d=2.11
[INFO] [1790745388.802055623] [exploration]: v=+0.20 w=+0.00 | 直行 d=2.10
[INFO] [1790745388.902520944] [exploration]: v=+0.20 w=+0.00 | 直行 d=2.07
[INFO] [1790745389.002951319] [exploration]: v=+0.20 w=+0.00 | 直行 d=2.05
[INFO] [1790745389.102856836] [exploration]: v=+0.20 w=+0.00 | 直行 d=2.03
[INFO] [1790745389.202815124] [exploration]: v=+0.20 w=+0.00 | 直行 d=2.00
[INFO] [1790745389.302769624] [exploration]: v=+0.20 w=+0.00 | 直行 d=1.99
[INFO] [1790745389.403081406] [exploration]: v=+0.20 w=+0.00 | 直行 d=1.96
[INFO] [1790745389.503480561] [exploration]: v=+0.20 w=+0.00 | 直行 d=1.97
[INFO] [1790745389.604108058] [exploration]: v=+0.20 w=+0.00 | 直行 d=1.91
[INFO] [1790745389.703140807] [exploration]: v=+0.20 w=+0.00 | 直行 d=1.90
[INFO] [1790745389.804142515] [exploration]: v=+0.20 w=+0.00 | 直行 d=1.87
[INFO] [1790745389.903800544] [exploration]: v=+0.20 w=+0.00 | 直行 d=1.86
[INFO] [1790745390.002934373] [exploration]: v=+0.20 w=+0.00 | 直行 d=1.82
[INFO] [1790745390.204550151] [exploration]: v=+0.20 w=+0.00 | 直行 d=1.79
[INFO] [1790745390.304004935] [exploration]: v=+0.20 w=+0.00 | 直行 d=1.78
[INFO] [1790745390.404392013] [exploration]: v=+0.20 w=+0.00 | 直行 d=1.75
[INFO] [1790745390.504192350] [exploration]: v=+0.20 w=+0.00 | 直行 d=1.72
[INFO] [1790745390.605305655] [exploration]: v=+0.20 w=+0.00 | 直行 d=1.70
[INFO] [1790745390.705427879] [exploration]: v=+0.20 w=+0.00 | 直行 d=1.69
[INFO] [1790745390.805343026] [exploration]: v=+0.20 w=+0.00 | 直行 d=1.67
[INFO] [1790745390.905337190] [exploration]: v=+0.20 w=+0.00 | 直行 d=1.65
[INFO] [1790745391.004484955] [exploration]: v=+0.20 w=+0.00 | 直行 d=1.63
[INFO] [1790745391.104739751] [exploration]: v=+0.20 w=+0.00 | 直行 d=1.61
[INFO] [1790745391.205025847] [exploration]: v=+0.20 w=+0.00 | 直行 d=1.57
[INFO] [1790745391.406118850] [exploration]: v=+0.20 w=+0.00 | 直行 d=1.54
[INFO] [1790745391.505406892] [exploration]: v=+0.20 w=+0.00 | 直行 d=1.52
[INFO] [1790745391.606042373] [exploration]: v=+0.20 w=+0.00 | 直行 d=1.50
[INFO] [1790745391.706089333] [exploration]: v=+0.20 w=+0.00 | 直行 d=1.48
[INFO] [1790745391.806726757] [exploration]: v=+0.20 w=+0.00 | 直行 d=1.46
[INFO] [1790745391.906430378] [exploration]: v=+0.20 w=+0.00 | 直行 d=1.44
[INFO] [1790745392.005196292] [exploration]: v=+0.20 w=+0.00 | 直行 d=1.40
[INFO] [1790745392.107153386] [exploration]: v=+0.20 w=+0.00 | 直行 d=1.39
[INFO] [1790745392.207987254] [exploration]: v=+0.20 w=+0.00 | 直行 d=1.38
[INFO] [1790745392.307715035] [exploration]: v=+0.20 w=+0.00 | 直行 d=1.35
[INFO] [1790745392.406535421] [exploration]: v=+0.20 w=+0.00 | 直行 d=1.33
[INFO] [1790745392.507000273] [exploration]: v=+0.20 w=+0.00 | 直行 d=1.32
[INFO] [1790745392.607278469] [exploration]: v=+0.20 w=+0.00 | 直行 d=1.29
[INFO] [1790745392.707414677] [exploration]: v=+0.20 w=+0.00 | 直行 d=1.28
[INFO] [1790745392.807346279] [exploration]: v=+0.20 w=+0.00 | 直行 d=1.25
[INFO] [1790745392.907758249] [exploration]: v=+0.20 w=+0.00 | 直行 d=1.22
[INFO] [1790745393.007495128] [exploration]: v=+0.20 w=+0.00 | 直行 d=1.21
[INFO] [1790745393.107285825] [exploration]: v=+0.20 w=+0.00 | 直行 d=1.20
[INFO] [1790745393.208363008] [exploration]: v=+0.20 w=+0.00 | 直行 d=1.17
[INFO] [1790745393.308650170] [exploration]: v=+0.20 w=+0.00 | 直行 d=1.14
[INFO] [1790745393.408547751] [exploration]: v=+0.20 w=+0.00 | 直行 d=1.13
[INFO] [1790745393.508886730] [exploration]: v=+0.20 w=+0.00 | 直行 d=1.11
[INFO] [1790745393.608175075] [exploration]: v=+0.20 w=+0.00 | 直行 d=1.09
[INFO] [1790745393.708221545] [exploration]: v=+0.20 w=+0.00 | 直行 d=1.07
[INFO] [1790745393.808548630] [exploration]: v=+0.20 w=+0.00 | 直行 d=1.04
[INFO] [1790745393.909712056] [exploration]: v=+0.20 w=+0.00 | 直行 d=1.03
[INFO] [1790745394.008328830] [exploration]: v=+0.20 w=+0.00 | 直行 d=1.01
[INFO] [1790745394.108578796] [exploration]: v=+0.20 w=+0.00 | 直行 d=0.99
[INFO] [1790745394.209744980] [exploration]: v=+0.20 w=+0.00 | 直行 d=0.97
[INFO] [1790745394.309756302] [exploration]: v=+0.20 w=+0.00 | 直行 d=0.94
[INFO] [1790745394.410417926] [exploration]: v=+0.20 w=+0.00 | 直行 d=0.92
[INFO] [1790745394.510502904] [exploration]: v=+0.20 w=+0.00 | 直行 d=0.91
[INFO] [1790745394.611123973] [exploration]: v=+0.20 w=+0.00 | 直行 d=0.88
[INFO] [1790745394.711070732] [exploration]: v=+0.20 w=+0.00 | 直行 d=0.86
[INFO] [1790745394.810778019] [exploration]: v=+0.20 w=+0.00 | 直行 d=0.84
[INFO] [1790745394.910291461] [exploration]: v=+0.20 w=+0.00 | 直行 d=0.82
[INFO] [1790745395.010108400] [exploration]: v=+0.09 w=+0.00 | 减速 d=0.80
[INFO] [1790745395.110633850] [exploration]: v=+0.08 w=+0.00 | 减速 d=0.78
[INFO] [1790745395.310904693] [exploration]: v=+0.09 w=+0.00 | 减速 d=0.80
[INFO] [1790745395.410380583] [exploration]: v=+0.00 w=-0.50 | 转向，由于危险 d=0.13
[INFO] [1790745395.511898353] [exploration]: v=+0.00 w=-0.50 | 转向中 front=0.15 目标>0.8
[INFO] [1790745395.611083707] [exploration]: v=+0.00 w=-0.50 | 转向中 front=0.13 目标>0.8
[INFO] [1790745395.711829952] [exploration]: v=+0.00 w=-0.50 | 转向中 front=0.14 目标>0.8
[INFO] [1790745395.812126418] [exploration]: v=+0.00 w=-0.50 | 转向中 front=0.13 目标>0.8
[INFO] [1790745395.911730388] [exploration]: v=+0.00 w=+0.00 | 转向完成，停稳 front=0.88
[INFO] [1790745396.011701040] [exploration]: v=+0.00 w=-0.50 | 转向，由于危险 d=0.14
[INFO] [1790745396.112157170] [exploration]: v=+0.00 w=-0.50 | 转向中 front=0.13 目标>0.8
[INFO] [1790745396.212137068] [exploration]: v=+0.00 w=-0.50 | 转向中 front=0.14 目标>0.8
[INFO] [1790745396.312775050] [exploration]: v=+0.00 w=+0.00 | 转向完成，停稳 front=0.87
[INFO] [1790745396.413483795] [exploration]: v=+0.00 w=-0.50 | 转向，由于危险 d=0.40
[INFO] [1790745396.512838541] [exploration]: v=+0.00 w=-0.50 | 转向中 front=0.14 目标>0.8
[INFO] [1790745396.613282010] [exploration]: v=+0.00 w=-0.50 | 转向中 front=0.15 目标>0.8
[INFO] [1790745396.713458837] [exploration]: v=+0.00 w=-0.50 | 转向中 front=0.14 目标>0.8
[INFO] [1790745396.813567858] [exploration]: v=+0.00 w=-0.50 | 转向中 front=0.13 目标>0.8
[INFO] [1790745396.914466818] [exploration]: v=+0.00 w=+0.00 | 转向完成，停稳 front=0.87
[INFO] [1790745397.013727236] [exploration]: v=+0.00 w=-0.50 | 转向，由于危险 d=0.14
[INFO] [1790745397.114044539] [exploration]: v=+0.00 w=-0.50 | 转向中 front=0.14 目标>0.8
[INFO] [1790745397.213508670] [exploration]: v=+0.00 w=-0.50 | 转向中 front=0.13 目标>0.8
[INFO] [1790745397.413142745] [exploration]: v=+0.00 w=+0.00 | 转向完成，停稳 front=0.87
[INFO] [1790745397.513669926] [exploration]: v=+0.20 w=+0.00 | 直行 d=0.87
[INFO] [1790745397.614192007] [exploration]: v=+0.20 w=+0.00 | 直行 d=0.91
[INFO] [1790745397.714702499] [exploration]: v=+0.00 w=-0.50 | 转向，由于危险 d=0.13
[INFO] [1790745397.814768808] [exploration]: v=+0.00 w=+0.00 | 转向完成，停稳 front=0.90
[INFO] [1790745397.913491685] [exploration]: v=+0.00 w=-0.50 | 转向，由于危险 d=0.40
[INFO] [1790745398.013881612] [exploration]: v=+0.00 w=+0.00 | 转向完成，停稳 front=0.84
[INFO] [1790745398.114534650] [exploration]: v=+0.00 w=-0.50 | 转向，由于危险 d=0.14
[INFO] [1790745398.214723823] [exploration]: v=+0.00 w=-0.50 | 转向中 front=0.16 目标>0.8
[INFO] [1790745398.315677832] [exploration]: v=+0.00 w=+0.00 | 转向完成，停稳 front=0.82
[INFO] [1790745398.415693811] [exploration]: v=-0.08 w=+0.00 | 卡死：3.0s 内位移 < 0.05m，倒退脱困
[INFO] [1790745398.515397230] [exploration]: v=-0.08 w=+0.00 | 脱困：倒退
[INFO] [1790745400.417181323] [exploration]: v=+0.00 w=+0.00 | 脱困完成，停稳
[INFO] [1790745400.516993137] [exploration]: v=+0.20 w=+0.00 | 直行 d=0.95
[INFO] [1790745400.617912005] [exploration]: v=+0.00 w=-0.50 | 转向，由于危险 d=0.14
[INFO] [1790745400.717986756] [exploration]: v=+0.00 w=-0.50 | 转向中 front=0.13 目标>0.8
[INFO] [1790745400.819232088] [exploration]: v=+0.00 w=-0.50 | 转向中 front=0.15 目标>0.8
[INFO] [1790745400.918776858] [exploration]: v=+0.00 w=-0.50 | 转向中 front=0.14 目标>0.8
[INFO] [1790745401.218693664] [exploration]: v=+0.00 w=-0.50 | 转向中 front=0.13 目标>0.8
[INFO] [1790745401.318062583] [exploration]: v=+0.00 w=+0.00 | 转向完成，停稳 front=0.85
[INFO] [1790745401.418687475] [exploration]: v=+0.20 w=+0.00 | 直行 d=0.85
[INFO] [1790745401.618794653] [exploration]: v=+0.20 w=+0.00 | 直行 d=0.83
[INFO] [1790745401.719981308] [exploration]: v=+0.20 w=+0.00 | 直行 d=0.81
[INFO] [1790745401.819644075] [exploration]: v=+0.09 w=+0.00 | 减速 d=0.79
[INFO] [1790745401.919495437] [exploration]: v=+0.00 w=-0.50 | 转向，由于危险 d=0.13
[INFO] [1790745402.018490355] [exploration]: v=+0.00 w=-0.50 | 转向中 front=0.14 目标>0.8
[INFO] [1790745402.118926452] [exploration]: v=+0.00 w=-0.50 | 转向中 front=0.74 目标>0.8
[INFO] [1790745402.219342990] [exploration]: v=+0.00 w=-0.50 | 转向中 front=0.75 目标>0.8
[INFO] [1790745402.319284298] [exploration]: v=+0.00 w=-0.50 | 转向中 front=0.13 目标>0.8
[INFO] [1790745402.419347634] [exploration]: v=+0.00 w=-0.50 | 转向中 front=0.15 目标>0.8
[INFO] [1790745402.621204324] [exploration]: v=+0.00 w=-0.50 | 转向中 front=0.76 目标>0.8
[INFO] [1790745402.822297355] [exploration]: v=+0.00 w=-0.50 | 转向中 front=0.75 目标>0.8
[INFO] [1790745402.921797589] [exploration]: v=+0.00 w=-0.50 | 转向中 front=0.76 目标>0.8
[INFO] [1790745403.221042625] [exploration]: v=+0.00 w=-0.50 | 转向中 front=0.77 目标>0.8
[INFO] [1790745403.421663648] [exploration]: v=+0.00 w=-0.50 | 转向中 front=0.78 目标>0.8
[INFO] [1790745403.521364457] [exploration]: v=+0.00 w=-0.50 | 转向中 front=0.79 目标>0.8
[INFO] [1790745403.622027556] [exploration]: v=+0.00 w=-0.50 | 转向中 front=0.80 目标>0.8
[INFO] [1790745403.822440141] [exploration]: v=+0.00 w=+0.00 | 转向完成，停稳 front=0.82
[INFO] [1790745403.923228009] [exploration]: v=+0.20 w=+0.00 | 直行 d=0.82
[INFO] [1790745404.021700616] [exploration]: v=+0.20 w=+0.00 | 直行 d=0.83
[INFO] [1790745404.222162877] [exploration]: v=+0.09 w=+0.00 | 减速 d=0.80
[INFO] [1790745404.322674680] [exploration]: v=+0.00 w=-0.50 | 转向，由于危险 d=0.14
[INFO] [1790745404.422728751] [exploration]: v=+0.00 w=-0.50 | 转向中 front=0.13 目标>0.8
[INFO] [1790745404.623131956] [exploration]: v=+0.00 w=-0.50 | 转向中 front=0.14 目标>0.8
[INFO] [1790745404.722886733] [exploration]: v=+0.00 w=+0.00 | 转向完成，停稳 front=0.83
[INFO] [1790745404.823005990] [exploration]: v=+0.00 w=-0.50 | 转向，由于危险 d=0.13
[INFO] [1790745404.923685989] [exploration]: v=+0.00 w=+0.00 | 转向完成，停稳 front=0.86
[INFO] [1790745405.023204008] [exploration]: v=+0.20 w=+0.00 | 直行 d=0.86
[INFO] [1790745405.123209144] [exploration]: v=+0.20 w=+0.00 | 直行 d=0.88
[INFO] [1790745405.223464729] [exploration]: v=+0.20 w=+0.00 | 直行 d=0.86
[INFO] [1790745405.323247823] [exploration]: v=+0.20 w=+0.00 | 直行 d=0.84
[INFO] [1790745405.523739622] [exploration]: v=+0.20 w=+0.00 | 直行 d=0.82
[INFO] [1790745405.623765517] [exploration]: v=+0.09 w=+0.00 | 减速 d=0.80
[INFO] [1790745405.724592221] [exploration]: v=+0.08 w=+0.00 | 减速 d=0.78
[INFO] [1790745405.825145624] [exploration]: v=+0.00 w=-0.50 | 转向，由于危险 d=0.14
[INFO] [1790745405.924895638] [exploration]: v=+0.00 w=-0.50 | 转向中 front=0.14 目标>0.8
[INFO] [1790745406.024409380] [exploration]: v=+0.00 w=-0.50 | 转向中 front=0.13 目标>0.8
[INFO] [1790745406.224228467] [exploration]: v=+0.00 w=+0.00 | 转向完成，停稳 front=0.81
[INFO] [1790745406.325180555] [exploration]: v=+0.00 w=+0.50 | 转向，由于危险 d=0.40
[INFO] [1790745406.425269013] [exploration]: v=+0.00 w=+0.00 | 转向完成，停稳 front=0.87
[INFO] [1790745406.525011355] [exploration]: v=+0.00 w=+0.50 | 转向，由于危险 d=0.14
[INFO] [1790745406.625575090] [exploration]: v=+0.00 w=+0.00 | 转向完成，停稳 front=0.82
[INFO] [1790745406.725594960] [exploration]: v=+0.20 w=+0.00 | 直行 d=0.81
[INFO] [1790745406.826536254] [exploration]: v=+0.20 w=+0.00 | 直行 d=0.82
[INFO] [1790745406.926752547] [exploration]: v=+0.09 w=+0.00 | 减速 d=0.79
[INFO] [1790745407.026571368] [exploration]: v=+0.00 w=-0.50 | 转向，由于危险 d=0.40
[INFO] [1790745407.127695874] [exploration]: v=+0.00 w=-0.50 | 转向中 front=0.13 目标>0.8
[INFO] [1790745407.227565576] [exploration]: v=+0.00 w=-0.50 | 转向中 front=0.80 目标>0.8
[INFO] [1790745407.326586978] [exploration]: v=+0.00 w=-0.50 | 转向中 front=0.13 目标>0.8
[INFO] [1790745407.426961286] [exploration]: v=+0.00 w=+0.00 | 转向完成，停稳 front=0.87
[INFO] [1790745407.526743132] [exploration]: v=+0.00 w=-0.50 | 转向，由于危险 d=0.40
[INFO] [1790745407.628003422] [exploration]: v=+0.00 w=-0.50 | 转向中 front=0.13 目标>0.8
[INFO] [1790745407.727699311] [exploration]: v=+0.00 w=-0.50 | 转向中 front=0.14 目标>0.8
[INFO] [1790745407.827795688] [exploration]: v=+0.00 w=+0.00 | 转向完成，停稳 front=1.05
[INFO] [1790745407.927856397] [exploration]: v=+0.20 w=+0.00 | 直行 d=1.10
[INFO] [1790745408.026232273] [exploration]: v=+0.20 w=+0.00 | 直行 d=1.09
[INFO] [1790745408.127274767] [exploration]: v=+0.20 w=+0.00 | 直行 d=1.10
[INFO] [1790745408.228947755] [exploration]: v=+0.20 w=+0.00 | 直行 d=1.07
[INFO] [1790745408.328899379] [exploration]: v=+0.20 w=+0.00 | 直行 d=1.06
[INFO] [1790745408.428428585] [exploration]: v=+0.20 w=+0.00 | 直行 d=1.05
[INFO] [1790745408.530429064] [exploration]: v=+0.20 w=+0.00 | 直行 d=1.04
[INFO] [1790745408.628926527] [exploration]: v=+0.20 w=+0.00 | 直行 d=1.02
[INFO] [1790745408.729807683] [exploration]: v=+0.20 w=+0.00 | 直行 d=1.00
[INFO] [1790745408.830198640] [exploration]: v=+0.20 w=+0.00 | 直行 d=1.01
[INFO] [1790745408.930269800] [exploration]: v=+0.20 w=+0.00 | 直行 d=0.96
[INFO] [1790745409.030689012] [exploration]: v=+0.20 w=+0.00 | 直行 d=0.97
[INFO] [1790745409.130510963] [exploration]: v=+0.20 w=+0.00 | 直行 d=0.95
[INFO] [1790745409.330155670] [exploration]: v=+0.20 w=+0.00 | 直行 d=0.94
[INFO] [1790745409.429915733] [exploration]: v=+0.20 w=+0.00 | 直行 d=0.91
[INFO] [1790745409.630953584] [exploration]: v=+0.20 w=+0.00 | 直行 d=0.88
[INFO] [1790745409.829963414] [exploration]: v=+0.20 w=+0.00 | 直行 d=0.85
[INFO] [1790745409.930602701] [exploration]: v=+0.20 w=+0.00 | 直行 d=0.83
[INFO] [1790745410.029957270] [exploration]: v=+0.20 w=+0.00 | 直行 d=0.84
[INFO] [1790745410.130427539] [exploration]: v=+0.20 w=+0.00 | 直行 d=0.80
[INFO] [1790745410.230954984] [exploration]: v=+0.20 w=+0.00 | 直行 d=0.82
[INFO] [1790745410.330569250] [exploration]: v=+0.08 w=+0.00 | 减速 d=0.78
[INFO] [1790745410.430315215] [exploration]: v=+0.00 w=-0.50 | 转向，由于危险 d=0.13
[INFO] [1790745410.529964597] [exploration]: v=+0.00 w=-0.50 | 转向中 front=0.14 目标>0.8
[INFO] [1790745410.630224553] [exploration]: v=+0.00 w=+0.00 | 转向完成，停稳 front=0.83
[INFO] [1790745410.730400243] [exploration]: v=+0.00 w=-0.50 | 转向，由于危险 d=0.15
[INFO] [1790745410.831090897] [exploration]: v=+0.00 w=+0.00 | 转向完成，停稳 front=0.84
[INFO] [1790745410.931033741] [exploration]: v=+0.00 w=-0.50 | 转向，由于危险 d=0.13
[INFO] [1790745411.032225663] [exploration]: v=+0.00 w=+0.00 | 转向完成，停稳 front=0.99
[INFO] [1790745411.131965819] [exploration]: v=+0.20 w=+0.00 | 直行 d=1.04
[INFO] [1790745411.332019391] [exploration]: v=+0.20 w=+0.00 | 直行 d=1.02
[INFO] [1790745411.432440799] [exploration]: v=+0.20 w=+0.00 | 直行 d=1.00
[INFO] [1790745411.532824483] [exploration]: v=+0.20 w=+0.00 | 直行 d=0.99
[INFO] [1790745411.631941631] [exploration]: v=+0.20 w=+0.00 | 直行 d=1.01
[INFO] [1790745411.732873556] [exploration]: v=+0.20 w=+0.00 | 直行 d=1.00
[INFO] [1790745411.833701671] [exploration]: v=+0.20 w=+0.00 | 直行 d=0.97
[INFO] [1790745412.032266422] [exploration]: v=+0.20 w=+0.00 | 直行 d=0.95
[INFO] [1790745412.132798721] [exploration]: v=+0.20 w=+0.00 | 直行 d=0.92
[INFO] [1790745412.233381439] [exploration]: v=+0.20 w=+0.00 | 直行 d=0.94
[INFO] [1790745412.333509819] [exploration]: v=+0.20 w=+0.00 | 直行 d=0.92
[INFO] [1790745412.533557756] [exploration]: v=+0.20 w=+0.00 | 直行 d=0.91
[INFO] [1790745412.633898368] [exploration]: v=+0.20 w=+0.00 | 直行 d=0.90
[INFO] [1790745412.734636345] [exploration]: v=+0.20 w=+0.00 | 直行 d=0.88
[INFO] [1790745412.834429434] [exploration]: v=+0.20 w=+0.00 | 直行 d=0.87
[INFO] [1790745412.935173953] [exploration]: v=+0.20 w=+0.00 | 直行 d=0.86
