[INFO] [1790738612.529199468] [exploration]: 探索节点已启动
[INFO] [1790738612.552614174] [exploration]: v=+0.20 w=+0.00 | 直行 d=1.91
[INFO] [1790738612.755226026] [exploration]: v=+0.20 w=+0.00 | 直行 d=1.90
[INFO] [1790738612.856764428] [exploration]: v=+0.20 w=+0.00 | 直行 d=1.88
[INFO] [1790738612.956643135] [exploration]: v=+0.20 w=+0.00 | 直行 d=1.86
[INFO] [1790738613.056098760] [exploration]: v=+0.20 w=+0.00 | 直行 d=1.84
[INFO] [1790738613.155925519] [exploration]: v=+0.20 w=+0.00 | 直行 d=1.81
[INFO] [1790738613.356934766] [exploration]: v=+0.20 w=+0.00 | 直行 d=1.79
[INFO] [1790738613.457363180] [exploration]: v=+0.20 w=+0.00 | 直行 d=1.77
[INFO] [1790738613.557888550] [exploration]: v=+0.20 w=+0.00 | 直行 d=1.74
[INFO] [1790738613.656867732] [exploration]: v=+0.20 w=+0.00 | 直行 d=1.73
[INFO] [1790738613.758566879] [exploration]: v=+0.20 w=+0.00 | 直行 d=1.69
[INFO] [1790738613.859308017] [exploration]: v=+0.20 w=+0.00 | 直行 d=1.68
[INFO] [1790738613.957929593] [exploration]: v=+0.20 w=+0.00 | 直行 d=1.66
[INFO] [1790738614.058614948] [exploration]: v=+0.20 w=+0.00 | 直行 d=1.63
[INFO] [1790738614.157886937] [exploration]: v=+0.20 w=+0.00 | 直行 d=1.61
[INFO] [1790738614.359392279] [exploration]: v=+0.20 w=+0.00 | 直行 d=1.58
[INFO] [1790738614.458344503] [exploration]: v=+0.20 w=+0.00 | 直行 d=1.56
[INFO] [1790738614.558366027] [exploration]: v=+0.20 w=+0.00 | 直行 d=1.54
[INFO] [1790738614.658400654] [exploration]: v=+0.20 w=+0.00 | 直行 d=1.53
[INFO] [1790738614.759008646] [exploration]: v=+0.20 w=+0.00 | 直行 d=1.50
[INFO] [1790738614.859369293] [exploration]: v=+0.20 w=+0.00 | 直行 d=1.47
[INFO] [1790738614.959054153] [exploration]: v=+0.20 w=+0.00 | 直行 d=1.46
[INFO] [1790738615.060131820] [exploration]: v=+0.20 w=+0.00 | 直行 d=1.45
[INFO] [1790738615.160610477] [exploration]: v=+0.20 w=+0.00 | 直行 d=1.42
[INFO] [1790738615.259765575] [exploration]: v=+0.20 w=+0.00 | 直行 d=1.40
[INFO] [1790738615.360864233] [exploration]: v=+0.20 w=+0.00 | 直行 d=1.38
[INFO] [1790738615.460514550] [exploration]: v=+0.20 w=+0.00 | 直行 d=1.36
[INFO] [1790738615.560865501] [exploration]: v=+0.20 w=+0.00 | 直行 d=1.34
[INFO] [1790738615.660876547] [exploration]: v=+0.20 w=+0.00 | 直行 d=1.33
[INFO] [1790738615.760490239] [exploration]: v=+0.20 w=+0.00 | 直行 d=1.30
[INFO] [1790738615.860074149] [exploration]: v=+0.20 w=+0.00 | 直行 d=1.29
[INFO] [1790738615.959768086] [exploration]: v=+0.20 w=+0.00 | 直行 d=1.27
[INFO] [1790738616.060945094] [exploration]: v=+0.20 w=+0.00 | 直行 d=1.24
[INFO] [1790738616.163031983] [exploration]: v=+0.20 w=+0.00 | 直行 d=1.22
[INFO] [1790738616.263952854] [exploration]: v=+0.20 w=+0.00 | 直行 d=1.20
[INFO] [1790738616.362458277] [exploration]: v=+0.20 w=+0.00 | 直行 d=1.18
[INFO] [1790738616.462780498] [exploration]: v=+0.20 w=+0.00 | 直行 d=1.16
[INFO] [1790738616.563133935] [exploration]: v=+0.20 w=+0.00 | 直行 d=1.15
[INFO] [1790738616.661801338] [exploration]: v=+0.20 w=+0.00 | 直行 d=1.12
[INFO] [1790738616.762734026] [exploration]: v=+0.20 w=+0.00 | 直行 d=1.10
[INFO] [1790738616.863533170] [exploration]: v=+0.20 w=+0.00 | 直行 d=1.08
[INFO] [1790738616.962137001] [exploration]: v=+0.20 w=+0.00 | 直行 d=1.06
[INFO] [1790738617.063134733] [exploration]: v=+0.20 w=+0.00 | 直行 d=1.04
[INFO] [1790738617.162839205] [exploration]: v=+0.20 w=+0.00 | 直行 d=1.02
[INFO] [1790738617.263499459] [exploration]: v=+0.20 w=+0.00 | 直行 d=1.01
[INFO] [1790738617.364182318] [exploration]: v=+0.20 w=+0.00 | 直行 d=0.99
[INFO] [1790738617.464194864] [exploration]: v=+0.20 w=+0.00 | 直行 d=0.96
[INFO] [1790738617.563460752] [exploration]: v=+0.20 w=+0.00 | 直行 d=0.93
[INFO] [1790738617.762792205] [exploration]: v=+0.20 w=+0.00 | 直行 d=0.91
[INFO] [1790738617.865073203] [exploration]: v=+0.20 w=+0.00 | 直行 d=0.89
[INFO] [1790738617.963539766] [exploration]: v=+0.20 w=+0.00 | 直行 d=0.86
[INFO] [1790738618.065541374] [exploration]: v=+0.20 w=+0.00 | 直行 d=0.85
[INFO] [1790738618.164913677] [exploration]: v=+0.20 w=+0.00 | 直行 d=0.83
[INFO] [1790738618.264712485] [exploration]: v=+0.20 w=+0.00 | 直行 d=0.80
[INFO] [1790738618.366078234] [exploration]: v=+0.08 w=+0.00 | 减速 d=0.78
[INFO] [1790738618.565716210] [exploration]: v=+0.00 w=-0.70 | 转向，由于危险 d=0.13
[INFO] [1790738618.665796292] [exploration]: v=+0.00 w=-0.70 | 转向中 front=0.79 目标>0.8
[INFO] [1790738618.766232739] [exploration]: v=+0.00 w=+0.00 | 转向完成，停稳 front=0.92
[INFO] [1790738618.865139964] [exploration]: v=+0.20 w=+0.00 | 直行 d=1.23
[INFO] [1790738618.967453160] [exploration]: v=+0.20 w=+0.00 | 直行 d=1.32
[INFO] [1790738619.067197009] [exploration]: v=+0.20 w=+0.00 | 直行 d=1.06
[INFO] [1790738619.268065791] [exploration]: v=+0.20 w=+0.00 | 直行 d=1.09
[INFO] [1790738619.466403909] [exploration]: v=+0.20 w=+0.00 | 直行 d=1.12
[INFO] [1790738619.565607588] [exploration]: v=+0.20 w=+0.00 | 直行 d=1.10
[INFO] [1790738619.666744658] [exploration]: v=+0.20 w=+0.00 | 直行 d=1.13
[INFO] [1790738619.867090370] [exploration]: v=+0.20 w=+0.00 | 直行 d=1.15
[INFO] [1790738620.066823304] [exploration]: v=+0.20 w=+0.00 | 直行 d=1.16
[INFO] [1790738620.166991475] [exploration]: v=+0.20 w=+0.00 | 直行 d=1.19
[INFO] [1790738620.267631590] [exploration]: v=+0.20 w=+0.00 | 直行 d=1.18
[INFO] [1790738620.367923798] [exploration]: v=+0.20 w=+0.00 | 直行 d=1.20
[INFO] [1790738620.567892265] [exploration]: v=+0.20 w=+0.00 | 直行 d=1.21
[INFO] [1790738620.767627709] [exploration]: v=+0.20 w=+0.00 | 直行 d=1.24
[INFO] [1790738620.867894280] [exploration]: v=+0.20 w=+0.00 | 直行 d=1.23
[INFO] [1790738620.968433543] [exploration]: v=+0.20 w=+0.00 | 直行 d=1.25
[INFO] [1790738621.068206388] [exploration]: v=+0.20 w=+0.00 | 直行 d=1.26
[INFO] [1790738621.169168898] [exploration]: v=+0.20 w=+0.00 | 直行 d=1.29
[INFO] [1790738621.267993909] [exploration]: v=+0.20 w=+0.00 | 直行 d=1.28
[INFO] [1790738621.368048006] [exploration]: v=+0.20 w=+0.00 | 直行 d=1.29
[INFO] [1790738621.468924449] [exploration]: v=+0.20 w=+0.00 | 直行 d=1.31
[INFO] [1790738621.569796916] [exploration]: v=+0.20 w=+0.00 | 直行 d=1.33
[INFO] [1790738621.668105561] [exploration]: v=+0.20 w=+0.00 | 直行 d=1.34
[INFO] [1790738621.769812525] [exploration]: v=+0.20 w=+0.00 | 直行 d=1.32
[INFO] [1790738621.868841210] [exploration]: v=+0.20 w=+0.00 | 直行 d=1.34
[INFO] [1790738621.968784518] [exploration]: v=+0.20 w=+0.00 | 直行 d=1.37
[INFO] [1790738622.169046131] [exploration]: v=+0.20 w=+0.00 | 直行 d=1.35
[INFO] [1790738622.268615454] [exploration]: v=+0.20 w=+0.00 | 直行 d=1.40
[INFO] [1790738622.368017432] [exploration]: v=+0.20 w=+0.00 | 直行 d=1.41
[INFO] [1790738622.468178042] [exploration]: v=+0.20 w=+0.00 | 直行 d=1.40
[INFO] [1790738622.568439424] [exploration]: v=+0.20 w=+0.00 | 直行 d=1.42
[INFO] [1790738622.769717761] [exploration]: v=+0.20 w=+0.00 | 直行 d=1.44
[INFO] [1790738622.869862398] [exploration]: v=+0.20 w=+0.00 | 直行 d=1.45
[INFO] [1790738622.969791183] [exploration]: v=+0.20 w=+0.00 | 直行 d=1.46
[INFO] [1790738623.069614175] [exploration]: v=+0.20 w=+0.00 | 直行 d=1.48
[INFO] [1790738623.169401956] [exploration]: v=+0.20 w=+0.00 | 直行 d=1.49
[INFO] [1790738623.370429020] [exploration]: v=+0.20 w=+0.00 | 直行 d=1.48
[INFO] [1790738623.470640739] [exploration]: v=+0.20 w=+0.00 | 直行 d=1.50
[INFO] [1790738623.571963674] [exploration]: v=+0.20 w=+0.00 | 直行 d=1.53
[INFO] [1790738623.770204110] [exploration]: v=+0.20 w=+0.00 | 直行 d=1.54
[INFO] [1790738623.871410856] [exploration]: v=+0.20 w=+0.00 | 直行 d=1.56
[INFO] [1790738623.972802971] [exploration]: v=+0.20 w=+0.00 | 直行 d=1.57
[INFO] [1790738624.172473893] [exploration]: v=+0.20 w=+0.00 | 直行 d=1.56
[INFO] [1790738624.273956781] [exploration]: v=+0.20 w=+0.00 | 直行 d=1.59
[INFO] [1790738624.372685708] [exploration]: v=+0.20 w=+0.00 | 直行 d=1.58
[INFO] [1790738624.473667945] [exploration]: v=+0.20 w=+0.00 | 直行 d=1.60
[INFO] [1790738624.573117633] [exploration]: v=+0.20 w=+0.00 | 直行 d=1.62
[INFO] [1790738624.672834594] [exploration]: v=+0.20 w=+0.00 | 直行 d=1.63
[INFO] [1790738624.774837736] [exploration]: v=+0.20 w=+0.00 | 直行 d=1.61
[INFO] [1790738624.874690184] [exploration]: v=+0.20 w=+0.00 | 直行 d=1.62
[INFO] [1790738624.974870968] [exploration]: v=+0.20 w=+0.00 | 直行 d=1.61
[INFO] [1790738625.275160525] [exploration]: v=+0.20 w=+0.00 | 直行 d=1.59
[INFO] [1790738625.475044287] [exploration]: v=+0.20 w=+0.00 | 直行 d=1.58
[INFO] [1790738625.675741620] [exploration]: v=+0.20 w=+0.00 | 直行 d=1.57
[INFO] [1790738625.875189154] [exploration]: v=+0.20 w=+0.00 | 直行 d=1.58
[INFO] [1790738626.174645539] [exploration]: v=+0.20 w=+0.00 | 直行 d=1.59
[INFO] [1790738626.275073252] [exploration]: v=+0.20 w=+0.00 | 直行 d=1.60
[INFO] [1790738626.376346558] [exploration]: v=+0.20 w=+0.00 | 直行 d=1.59
[INFO] [1790738626.477565987] [exploration]: v=+0.20 w=+0.00 | 直行 d=1.60
[INFO] [1790738626.575833274] [exploration]: v=+0.20 w=+0.00 | 直行 d=1.61
[INFO] [1790738626.675354758] [exploration]: v=+0.20 w=+0.00 | 直行 d=1.60
[INFO] [1790738626.775982215] [exploration]: v=+0.20 w=+0.00 | 直行 d=1.57
[INFO] [1790738626.875122897] [exploration]: v=+0.20 w=+0.00 | 直行 d=1.59
[INFO] [1790738626.976224190] [exploration]: v=+0.20 w=+0.00 | 直行 d=1.58
[INFO] [1790738627.076516101] [exploration]: v=+0.20 w=+0.00 | 直行 d=1.55
[INFO] [1790738627.176042710] [exploration]: v=+0.20 w=+0.00 | 直行 d=1.56
[INFO] [1790738627.276066070] [exploration]: v=+0.20 w=+0.00 | 直行 d=1.55
[INFO] [1790738627.578595054] [exploration]: v=+0.20 w=+0.00 | 直行 d=1.57
[INFO] [1790738627.779833193] [exploration]: v=+0.20 w=+0.00 | 直行 d=1.60
[INFO] [1790738628.179484270] [exploration]: v=+0.20 w=+0.00 | 直行 d=1.59
[INFO] [1790738628.280840533] [exploration]: v=+0.20 w=+0.00 | 直行 d=1.58
[INFO] [1790738628.480231394] [exploration]: v=+0.20 w=+0.00 | 直行 d=1.54
[INFO] [1790738628.679633310] [exploration]: v=+0.20 w=+0.00 | 直行 d=1.53
[INFO] [1790738628.780642622] [exploration]: v=+0.20 w=+0.00 | 直行 d=1.56
[INFO] [1790738628.881690072] [exploration]: v=+0.20 w=+0.00 | 直行 d=1.55
[INFO] [1790738628.979947124] [exploration]: v=+0.20 w=+0.00 | 直行 d=1.53
[INFO] [1790738629.081832411] [exploration]: v=+0.20 w=+0.00 | 直行 d=1.55
[INFO] [1790738629.181277868] [exploration]: v=+0.20 w=+0.00 | 直行 d=1.51
[INFO] [1790738629.281898374] [exploration]: v=+0.20 w=+0.00 | 直行 d=1.52
[INFO] [1790738629.581987093] [exploration]: v=+0.20 w=+0.00 | 直行 d=1.50
[INFO] [1790738629.682099799] [exploration]: v=+0.20 w=+0.00 | 直行 d=1.49
[INFO] [1790738629.781508961] [exploration]: v=+0.20 w=+0.00 | 直行 d=1.48
[INFO] [1790738629.981642339] [exploration]: v=+0.20 w=+0.00 | 直行 d=1.46
[INFO] [1790738630.082182552] [exploration]: v=+0.20 w=+0.00 | 直行 d=1.47
[INFO] [1790738630.182293363] [exploration]: v=+0.20 w=+0.00 | 直行 d=1.46
[INFO] [1790738630.282278152] [exploration]: v=+0.20 w=+0.00 | 直行 d=1.45
[INFO] [1790738630.382585030] [exploration]: v=+0.20 w=+0.00 | 直行 d=1.46
[INFO] [1790738630.482563014] [exploration]: v=+0.20 w=+0.00 | 直行 d=1.45
[INFO] [1790738630.583027078] [exploration]: v=+0.20 w=+0.00 | 直行 d=1.44
[INFO] [1790738630.784735068] [exploration]: v=+0.20 w=+0.00 | 直行 d=1.43
[INFO] [1790738630.884850883] [exploration]: v=+0.20 w=+0.00 | 直行 d=1.42
[INFO] [1790738630.984907330] [exploration]: v=+0.20 w=+0.00 | 直行 d=1.40
[INFO] [1790738631.083522360] [exploration]: v=+0.20 w=+0.00 | 直行 d=1.41
[INFO] [1790738631.185560539] [exploration]: v=+0.20 w=+0.00 | 直行 d=1.40
[INFO] [1790738631.284124236] [exploration]: v=+0.20 w=+0.00 | 直行 d=1.39
[INFO] [1790738631.484626315] [exploration]: v=+0.20 w=+0.00 | 直行 d=1.38
[INFO] [1790738631.586278786] [exploration]: v=+0.20 w=+0.00 | 直行 d=1.37
[INFO] [1790738631.685962576] [exploration]: v=+0.20 w=+0.00 | 直行 d=1.38
[INFO] [1790738631.786183024] [exploration]: v=+0.20 w=+0.00 | 直行 d=1.43
[INFO] [1790738631.887023592] [exploration]: v=+0.20 w=+0.00 | 直行 d=1.45
[INFO] [1790738631.986943565] [exploration]: v=+0.20 w=+0.00 | 直行 d=1.42
[INFO] [1790738632.187119317] [exploration]: v=+0.20 w=+0.00 | 直行 d=1.43
[INFO] [1790738632.286424660] [exploration]: v=+0.20 w=+0.00 | 直行 d=1.34
[INFO] [1790738632.388208077] [exploration]: v=+0.20 w=+0.00 | 直行 d=1.32
[INFO] [1790738632.587131473] [exploration]: v=+0.20 w=+0.00 | 直行 d=1.31
[INFO] [1790738632.888227567] [exploration]: v=+0.20 w=+0.00 | 直行 d=1.30
[INFO] [1790738632.988854010] [exploration]: v=+0.20 w=+0.00 | 直行 d=1.28
[INFO] [1790738633.089431698] [exploration]: v=+0.20 w=+0.00 | 直行 d=1.29
[INFO] [1790738633.189434666] [exploration]: v=+0.20 w=+0.00 | 直行 d=1.27
[INFO] [1790738633.289882482] [exploration]: v=+0.20 w=+0.00 | 直行 d=1.29
[INFO] [1790738633.390666019] [exploration]: v=+0.20 w=+0.00 | 直行 d=1.27
[INFO] [1790738633.589213726] [exploration]: v=+0.20 w=+0.00 | 直行 d=1.24
[INFO] [1790738633.689616680] [exploration]: v=+0.20 w=+0.00 | 直行 d=1.26
[INFO] [1790738633.789744367] [exploration]: v=+0.20 w=+0.00 | 直行 d=1.24
[INFO] [1790738633.890788466] [exploration]: v=+0.20 w=+0.00 | 直行 d=1.26
[INFO] [1790738633.990858540] [exploration]: v=+0.20 w=+0.00 | 直行 d=1.24
[INFO] [1790738634.191285194] [exploration]: v=+0.20 w=+0.00 | 直行 d=1.23
[INFO] [1790738634.391316434] [exploration]: v=+0.20 w=+0.00 | 直行 d=1.22
[INFO] [1790738634.492435611] [exploration]: v=+0.20 w=+0.00 | 直行 d=1.21
[INFO] [1790738634.591155904] [exploration]: v=+0.20 w=+0.00 | 直行 d=1.19
[INFO] [1790738634.691483859] [exploration]: v=+0.20 w=+0.00 | 直行 d=1.20
[INFO] [1790738634.791638242] [exploration]: v=+0.20 w=+0.00 | 直行 d=1.18
[INFO] [1790738634.992997562] [exploration]: v=+0.20 w=+0.00 | 直行 d=1.16
[INFO] [1790738635.092709226] [exploration]: v=+0.20 w=+0.00 | 直行 d=1.15
[INFO] [1790738635.192356142] [exploration]: v=+0.20 w=+0.00 | 直行 d=1.24
[INFO] [1790738635.291894658] [exploration]: v=+0.20 w=+0.00 | 直行 d=1.22
[INFO] [1790738635.493159364] [exploration]: v=+0.20 w=+0.00 | 直行 d=1.21
[INFO] [1790738635.694797099] [exploration]: v=+0.20 w=+0.00 | 直行 d=1.20
[INFO] [1790738635.793751217] [exploration]: v=+0.20 w=+0.00 | 直行 d=1.14
[INFO] [1790738635.894493292] [exploration]: v=+0.20 w=+0.00 | 直行 d=1.12
[INFO] [1790738635.993099787] [exploration]: v=+0.20 w=+0.00 | 直行 d=1.10
[INFO] [1790738636.093845865] [exploration]: v=+0.20 w=+0.00 | 直行 d=1.11
[INFO] [1790738636.193054592] [exploration]: v=+0.20 w=+0.00 | 直行 d=1.09
[INFO] [1790738636.293434034] [exploration]: v=+0.20 w=+0.00 | 直行 d=1.10
[INFO] [1790738636.495058733] [exploration]: v=+0.20 w=+0.00 | 直行 d=1.06
[INFO] [1790738636.593376569] [exploration]: v=+0.20 w=+0.00 | 直行 d=1.08
[INFO] [1790738636.693492234] [exploration]: v=+0.20 w=+0.00 | 直行 d=1.06
[INFO] [1790738636.794074995] [exploration]: v=+0.20 w=+0.00 | 直行 d=1.07
[INFO] [1790738636.995488488] [exploration]: v=+0.20 w=+0.00 | 直行 d=1.05
[INFO] [1790738637.096588556] [exploration]: v=+0.20 w=+0.00 | 直行 d=1.07
[INFO] [1790738637.195250388] [exploration]: v=+0.20 w=+0.00 | 直行 d=1.04
[INFO] [1790738637.294530040] [exploration]: v=+0.20 w=+0.00 | 直行 d=1.03
[INFO] [1790738637.395860488] [exploration]: v=+0.20 w=+0.00 | 直行 d=1.04
[INFO] [1790738637.496650491] [exploration]: v=+0.20 w=+0.00 | 直行 d=1.02
[INFO] [1790738637.595837112] [exploration]: v=+0.20 w=+0.00 | 直行 d=1.04
[INFO] [1790738637.696311153] [exploration]: v=+0.20 w=+0.00 | 直行 d=1.01
[INFO] [1790738637.796132794] [exploration]: v=+0.20 w=+0.00 | 直行 d=0.99
[INFO] [1790738637.896252489] [exploration]: v=+0.20 w=+0.00 | 直行 d=1.01
[INFO] [1790738637.997517809] [exploration]: v=+0.20 w=+0.00 | 直行 d=0.99
[INFO] [1790738638.096988680] [exploration]: v=+0.20 w=+0.00 | 直行 d=0.97
[INFO] [1790738638.197210660] [exploration]: v=+0.20 w=+0.00 | 直行 d=0.99
[INFO] [1790738638.297924467] [exploration]: v=+0.20 w=+0.00 | 直行 d=0.98
[INFO] [1790738638.397338897] [exploration]: v=+0.20 w=+0.00 | 直行 d=0.96
[INFO] [1790738638.597566867] [exploration]: v=+0.20 w=+0.00 | 直行 d=0.95
[INFO] [1790738638.998694992] [exploration]: v=+0.20 w=+0.00 | 直行 d=0.94
[INFO] [1790738639.098600383] [exploration]: v=+0.20 w=+0.00 | 直行 d=0.93
[INFO] [1790738639.299105438] [exploration]: v=+0.20 w=+0.00 | 直行 d=0.91
[INFO] [1790738639.600629725] [exploration]: v=+0.20 w=+0.00 | 直行 d=0.88
[INFO] [1790738639.699620873] [exploration]: v=+0.20 w=+0.00 | 直行 d=0.90
[INFO] [1790738639.901324491] [exploration]: v=+0.20 w=+0.00 | 直行 d=0.89
[INFO] [1790738640.000617841] [exploration]: v=+0.20 w=+0.00 | 直行 d=0.88
[INFO] [1790738640.101198152] [exploration]: v=+0.20 w=+0.00 | 直行 d=0.89
[INFO] [1790738640.201632248] [exploration]: v=+0.20 w=+0.00 | 直行 d=0.85
[INFO] [1790738640.401820052] [exploration]: v=+0.20 w=+0.00 | 直行 d=0.84
[INFO] [1790738640.501713690] [exploration]: v=+0.20 w=+0.00 | 直行 d=0.85
[INFO] [1790738640.601288249] [exploration]: v=+0.20 w=+0.00 | 直行 d=0.83
[INFO] [1790738640.700835482] [exploration]: v=+0.20 w=+0.00 | 直行 d=0.84
[INFO] [1790738640.800972760] [exploration]: v=+0.20 w=+0.00 | 直行 d=0.83
[INFO] [1790738640.901620551] [exploration]: v=+0.20 w=+0.00 | 直行 d=0.84
[INFO] [1790738641.002794644] [exploration]: v=+0.20 w=+0.00 | 直行 d=0.83
[INFO] [1790738641.103705164] [exploration]: v=+0.20 w=+0.00 | 直行 d=0.81
[INFO] [1790738641.202480144] [exploration]: v=+0.20 w=+0.00 | 直行 d=0.80
[INFO] [1790738641.302525547] [exploration]: v=+0.09 w=+0.00 | 减速 d=0.80
[INFO] [1790738641.503043252] [exploration]: v=+0.00 w=+0.70 | 转向，由于危险 d=0.40
[INFO] [1790738641.602818305] [exploration]: v=+0.00 w=+0.00 | 转向完成，停稳 front=0.90
[INFO] [1790738641.703439693] [exploration]: v=+0.20 w=+0.00 | 直行 d=0.93
[INFO] [1790738641.804107797] [exploration]: v=+0.20 w=+0.00 | 直行 d=0.98
[INFO] [1790738641.903842771] [exploration]: v=+0.20 w=+0.00 | 直行 d=0.83
[INFO] [1790738642.003579523] [exploration]: v=+0.20 w=+0.00 | 直行 d=0.81
[INFO] [1790738642.203807188] [exploration]: v=+0.20 w=+0.00 | 直行 d=0.83
[INFO] [1790738642.303798949] [exploration]: v=+0.20 w=+0.00 | 直行 d=0.82
[INFO] [1790738642.403257948] [exploration]: v=+0.20 w=+0.00 | 直行 d=0.81
[INFO] [1790738642.604398219] [exploration]: v=+0.09 w=+0.00 | 减速 d=0.79
[INFO] [1790738642.703602063] [exploration]: v=+0.09 w=+0.00 | 减速 d=0.80
[INFO] [1790738642.804682431] [exploration]: v=+0.20 w=+0.00 | 直行 d=0.87
[INFO] [1790738642.905486082] [exploration]: v=+0.00 w=+0.70 | 转向，由于危险 d=0.40
[INFO] [1790738643.005418593] [exploration]: v=+0.00 w=+0.00 | 转向完成，停稳 front=0.97
[INFO] [1790738643.105621370] [exploration]: v=+0.00 w=+0.70 | 转向，由于危险 d=0.14
[INFO] [1790738643.205550486] [exploration]: v=+0.00 w=+0.70 | 转向中 front=0.14 目标>0.8
[INFO] [1790738643.304931948] [exploration]: v=+0.00 w=+0.70 | 转向中 front=0.15 目标>0.8
[INFO] [1790738643.405460003] [exploration]: v=+0.00 w=+0.70 | 转向中 front=0.14 目标>0.8
[INFO] [1790738643.605130433] [exploration]: v=+0.00 w=+0.70 | 转向中 front=0.13 目标>0.8
[INFO] [1790738643.705888382] [exploration]: v=+0.00 w=+0.00 | 转向完成，停稳 front=0.96
[INFO] [1790738643.806033078] [exploration]: v=+0.20 w=+0.00 | 直行 d=0.87
[INFO] [1790738643.906512381] [exploration]: v=+0.20 w=+0.00 | 直行 d=0.90
[INFO] [1790738644.006094282] [exploration]: v=+0.20 w=+0.00 | 直行 d=0.87
[INFO] [1790738644.106624985] [exploration]: v=+0.20 w=+0.00 | 直行 d=0.86
[INFO] [1790738644.206340805] [exploration]: v=+0.20 w=+0.00 | 直行 d=0.84
[INFO] [1790738644.406024911] [exploration]: v=+0.20 w=+0.00 | 直行 d=0.82
[INFO] [1790738644.507035048] [exploration]: v=+0.20 w=+0.00 | 直行 d=0.81
[INFO] [1790738644.607019483] [exploration]: v=+0.09 w=+0.00 | 减速 d=0.79
[INFO] [1790738644.706920454] [exploration]: v=+0.00 w=+0.70 | 转向，由于危险 d=0.40
[INFO] [1790738644.806985647] [exploration]: v=+0.00 w=+0.70 | 转向中 front=0.77 目标>0.8
[INFO] [1790738644.906852950] [exploration]: v=+0.00 w=+0.70 | 转向中 front=0.72 目标>0.8
[INFO] [1790738645.007749052] [exploration]: v=+0.00 w=+0.70 | 转向中 front=0.62 目标>0.8
[INFO] [1790738645.108310497] [exploration]: v=+0.00 w=+0.70 | 转向中 front=0.64 目标>0.8
[INFO] [1790738645.207915861] [exploration]: v=+0.00 w=+0.70 | 转向中 front=0.15 目标>0.8
[INFO] [1790738645.308128117] [exploration]: v=+0.00 w=+0.70 | 转向中 front=0.14 目标>0.8
[INFO] [1790738645.407721809] [exploration]: v=+0.00 w=+0.70 | 转向中 front=0.54 目标>0.8
[INFO] [1790738645.509048191] [exploration]: v=+0.00 w=+0.70 | 转向中 front=0.53 目标>0.8
[INFO] [1790738645.607915928] [exploration]: v=+0.00 w=+0.70 | 转向中 front=0.50 目标>0.8
[INFO] [1790738645.709151045] [exploration]: v=+0.00 w=+0.70 | 转向中 front=0.49 目标>0.8
[INFO] [1790738645.808770141] [exploration]: v=+0.00 w=+0.70 | 转向中 front=0.47 目标>0.8
[INFO] [1790738646.010452693] [exploration]: v=+0.00 w=+0.70 | 转向中 front=0.46 目标>0.8
[INFO] [1790738646.309850013] [exploration]: v=+0.00 w=+0.70 | 转向中 front=0.45 目标>0.8
[INFO] [1790738646.510851675] [exploration]: v=+0.00 w=+0.70 | 转向中 front=0.46 目标>0.8
[INFO] [1790738646.809958915] [exploration]: v=+0.00 w=+0.70 | 转向中 front=0.45 目标>0.8
[INFO] [1790738646.910114241] [exploration]: v=+0.00 w=+0.70 | 转向中 front=0.46 目标>0.8
[INFO] [1790738647.010908538] [exploration]: v=+0.00 w=+0.70 | 转向中 front=0.47 目标>0.8
[INFO] [1790738647.210891422] [exploration]: v=+0.00 w=+0.70 | 转向中 front=0.48 目标>0.8
[INFO] [1790738647.410461449] [exploration]: v=+0.00 w=+0.70 | 转向中 front=0.50 目标>0.8
[INFO] [1790738647.510806552] [exploration]: v=+0.00 w=+0.70 | 转向中 front=0.51 目标>0.8
[INFO] [1790738647.611809820] [exploration]: v=+0.00 w=+0.70 | 转向中 front=0.53 目标>0.8
[INFO] [1790738647.710849470] [exploration]: v=+0.00 w=+0.70 | 转向中 front=0.54 目标>0.8
[INFO] [1790738647.811824580] [exploration]: v=+0.00 w=+0.70 | 转向中 front=0.57 目标>0.8
[INFO] [1790738647.910211565] [exploration]: v=+0.00 w=+0.70 | 转向中 front=0.61 目标>0.8
[INFO] [1790738648.011645757] [exploration]: v=+0.00 w=+0.70 | 转向中 front=0.65 目标>0.8
[INFO] [1790738648.111570031] [exploration]: v=+0.00 w=+0.70 | 转向中 front=0.70 目标>0.8
[INFO] [1790738648.212274171] [exploration]: v=+0.00 w=+0.70 | 转向中 front=0.74 目标>0.8
[INFO] [1790738648.311807453] [exploration]: v=+0.00 w=+0.00 | 转向完成，停稳 front=0.81
[INFO] [1790738648.413408323] [exploration]: v=+0.20 w=+0.00 | 直行 d=0.90
[INFO] [1790738648.512736790] [exploration]: v=+0.20 w=+0.00 | 直行 d=0.89
[INFO] [1790738648.612300084] [exploration]: v=+0.20 w=+0.00 | 直行 d=0.87
[INFO] [1790738648.711968695] [exploration]: v=+0.20 w=+0.00 | 直行 d=0.88
[INFO] [1790738648.813017699] [exploration]: v=+0.20 w=+0.00 | 直行 d=0.86
[INFO] [1790738648.912068472] [exploration]: v=+0.20 w=+0.00 | 直行 d=0.85
[INFO] [1790738649.013370635] [exploration]: v=+0.20 w=+0.00 | 直行 d=0.83
[INFO] [1790738649.113159028] [exploration]: v=+0.20 w=+0.00 | 直行 d=0.82
[INFO] [1790738649.313954871] [exploration]: v=+0.20 w=+0.00 | 直行 d=0.81
[INFO] [1790738649.413743191] [exploration]: v=+0.09 w=+0.00 | 减速 d=0.79
[INFO] [1790738649.514219994] [exploration]: v=+0.00 w=-0.70 | 转向，由于危险 d=0.14
[INFO] [1790738649.614054208] [exploration]: v=+0.00 w=-0.70 | 转向中 front=0.13 目标>0.8
[INFO] [1790738649.713398659] [exploration]: v=+0.00 w=-0.70 | 转向中 front=0.64 目标>0.8
[INFO] [1790738649.814136085] [exploration]: v=+0.00 w=-0.70 | 转向中 front=0.14 目标>0.8
[INFO] [1790738650.014113858] [exploration]: v=+0.00 w=-0.70 | 转向中 front=0.13 目标>0.8
[INFO] [1790738650.114404660] [exploration]: v=+0.00 w=-0.70 | 转向中 front=0.53 目标>0.8
[INFO] [1790738650.214993012] [exploration]: v=+0.00 w=-0.70 | 转向中 front=0.50 目标>0.8
[INFO] [1790738650.315411630] [exploration]: v=+0.00 w=-0.70 | 转向中 front=0.47 目标>0.8
[INFO] [1790738650.415141322] [exploration]: v=+0.00 w=-0.70 | 转向中 front=0.45 目标>0.8
[INFO] [1790738650.614893028] [exploration]: v=+0.00 w=-0.70 | 转向中 front=0.43 目标>0.8
[INFO] [1790738650.714711852] [exploration]: v=+0.00 w=-0.70 | 转向中 front=0.42 目标>0.8
[INFO] [1790738650.814658289] [exploration]: v=+0.00 w=-0.70 | 转向中 front=0.41 目标>0.8
[INFO] [1790738650.915001044] [exploration]: v=+0.00 w=-0.70 | 转向中 front=0.39 目标>0.8
[INFO] [1790738651.014882439] [exploration]: v=+0.00 w=-0.70 | 转向中 front=0.40 目标>0.8
[INFO] [1790738651.115255114] [exploration]: v=+0.00 w=-0.70 | 转向中 front=0.39 目标>0.8
[INFO] [1790738651.215651735] [exploration]: v=+0.00 w=-0.70 | 转向中 front=0.38 目标>0.8
[INFO] [1790738651.415458422] [exploration]: v=+0.00 w=-0.70 | 转向中 front=0.37 目标>0.8
[INFO] [1790738651.515766343] [exploration]: v=+0.00 w=-0.70 | 转向中 front=0.39 目标>0.8
[INFO] [1790738651.616707381] [exploration]: v=+0.00 w=-0.70 | 转向中 front=0.38 目标>0.8
[INFO] [1790738652.116502677] [exploration]: v=+0.00 w=-0.70 | 转向中 front=0.39 目标>0.8
[INFO] [1790738652.216378330] [exploration]: v=+0.00 w=-0.70 | 转向中 front=0.40 目标>0.8
[INFO] [1790738652.316848244] [exploration]: v=+0.00 w=-0.70 | 转向中 front=0.41 目标>0.8
[INFO] [1790738652.416469679] [exploration]: v=+0.00 w=-0.70 | 转向中 front=0.42 目标>0.8
[INFO] [1790738652.516837396] [exploration]: v=+0.00 w=-0.70 | 转向中 front=0.44 目标>0.8
[INFO] [1790738652.616620644] [exploration]: v=+0.00 w=-0.70 | 转向中 front=0.45 目标>0.8
[INFO] [1790738652.716522168] [exploration]: v=+0.00 w=-0.70 | 转向中 front=0.47 目标>0.8
[INFO] [1790738652.816879812] [exploration]: v=+0.00 w=-0.70 | 转向中 front=0.50 目标>0.8
[INFO] [1790738652.916223303] [exploration]: v=+0.00 w=-0.70 | 转向中 front=0.53 目标>0.8
[INFO] [1790738653.017367713] [exploration]: v=+0.00 w=-0.70 | 转向中 front=0.57 目标>0.8
[INFO] [1790738653.116955444] [exploration]: v=+0.00 w=-0.70 | 转向中 front=0.60 目标>0.8
[INFO] [1790738653.216951157] [exploration]: v=+0.00 w=-0.70 | 转向中 front=0.64 目标>0.8
[INFO] [1790738653.317096437] [exploration]: v=+0.00 w=-0.70 | 转向中 front=0.71 目标>0.8
[INFO] [1790738653.417058299] [exploration]: v=+0.00 w=-0.70 | 转向中 front=0.79 目标>0.8
[INFO] [1790738653.517665927] [exploration]: v=+0.00 w=+0.00 | 转向完成，停稳 front=0.87
[INFO] [1790738653.617742761] [exploration]: v=+0.20 w=+0.00 | 直行 d=0.99
[INFO] [1790738653.717635566] [exploration]: v=+0.20 w=+0.00 | 直行 d=0.98
[INFO] [1790738653.816956636] [exploration]: v=+0.20 w=+0.00 | 直行 d=0.99
[INFO] [1790738653.918716539] [exploration]: v=+0.20 w=+0.00 | 直行 d=0.97
[INFO] [1790738654.018579122] [exploration]: v=+0.20 w=+0.00 | 直行 d=0.96
[INFO] [1790738654.218177275] [exploration]: v=+0.20 w=+0.00 | 直行 d=0.94
[INFO] [1790738654.418810104] [exploration]: v=+0.20 w=+0.00 | 直行 d=0.93
[INFO] [1790738654.518532855] [exploration]: v=+0.20 w=+0.00 | 直行 d=0.92
[INFO] [1790738654.618384610] [exploration]: v=+0.20 w=+0.00 | 直行 d=0.91
[INFO] [1790738654.819002016] [exploration]: v=+0.20 w=+0.00 | 直行 d=0.90
[INFO] [1790738654.918043839] [exploration]: v=+0.20 w=+0.00 | 直行 d=0.88
[INFO] [1790738655.019821507] [exploration]: v=+0.20 w=+0.00 | 直行 d=0.89
[INFO] [1790738655.120456631] [exploration]: v=+0.20 w=+0.00 | 直行 d=0.88
[INFO] [1790738655.219607760] [exploration]: v=+0.20 w=+0.00 | 直行 d=0.87
[INFO] [1790738655.319317799] [exploration]: v=+0.20 w=+0.00 | 直行 d=0.86
[INFO] [1790738655.419676452] [exploration]: v=+0.20 w=+0.00 | 直行 d=0.83
[INFO] [1790738655.719380087] [exploration]: v=+0.20 w=+0.00 | 直行 d=0.82
[INFO] [1790738655.820751841] [exploration]: v=+0.09 w=+0.00 | 减速 d=0.79
[INFO] [1790738655.920059401] [exploration]: v=+0.00 w=-0.70 | 转向，由于危险 d=0.14
[INFO] [1790738656.020637945] [exploration]: v=+0.00 w=-0.70 | 转向中 front=0.13 目标>0.8
[INFO] [1790738656.120573055] [exploration]: v=+0.00 w=+0.00 | 转向完成，停稳 front=0.82
[INFO] [1790738656.220149383] [exploration]: v=+0.00 w=+0.70 | 转向，由于危险 d=0.14
[INFO] [1790738656.320516211] [exploration]: v=+0.00 w=+0.70 | 转向中 front=0.13 目标>0.8
[INFO] [1790738656.419947498] [exploration]: v=+0.00 w=+0.70 | 转向中 front=0.14 目标>0.8
[INFO] [1790738656.620166534] [exploration]: v=+0.00 w=+0.70 | 转向中 front=0.66 目标>0.8
[INFO] [1790738656.719805488] [exploration]: v=+0.00 w=+0.70 | 转向中 front=0.58 目标>0.8
[INFO] [1790738656.819966788] [exploration]: v=+0.00 w=+0.70 | 转向中 front=0.55 目标>0.8
[INFO] [1790738656.920403184] [exploration]: v=+0.00 w=+0.70 | 转向中 front=0.50 目标>0.8
[INFO] [1790738657.020978828] [exploration]: v=+0.00 w=+0.70 | 转向中 front=0.46 目标>0.8
[INFO] [1790738657.120859987] [exploration]: v=+0.00 w=+0.70 | 转向中 front=0.43 目标>0.8
[INFO] [1790738657.221245953] [exploration]: v=+0.00 w=+0.70 | 转向中 front=0.41 目标>0.8
[INFO] [1790738657.321431795] [exploration]: v=+0.00 w=+0.70 | 转向中 front=0.39 目标>0.8
[INFO] [1790738657.421184687] [exploration]: v=+0.00 w=+0.70 | 转向中 front=0.37 目标>0.8
[INFO] [1790738657.521881069] [exploration]: v=+0.00 w=+0.70 | 转向中 front=0.36 目标>0.8
[INFO] [1790738657.621752976] [exploration]: v=+0.00 w=+0.70 | 转向中 front=0.35 目标>0.8
[INFO] [1790738657.721662042] [exploration]: v=+0.00 w=+0.70 | 转向中 front=0.34 目标>0.8
[INFO] [1790738657.822272321] [exploration]: v=+0.00 w=+0.70 | 转向中 front=0.33 目标>0.8
[INFO] [1790738657.922712234] [exploration]: v=+0.00 w=+0.70 | 转向中 front=0.32 目标>0.8
[INFO] [1790738658.022650888] [exploration]: v=+0.00 w=+0.70 | 转向中 front=0.31 目标>0.8
[INFO] [1790738658.422601945] [exploration]: v=+0.00 w=+0.70 | 转向中 front=0.30 目标>0.8
[INFO] [1790738658.522196969] [exploration]: v=+0.00 w=+0.70 | 转向中 front=0.31 目标>0.8
[INFO] [1790738659.023455264] [exploration]: v=+0.00 w=+0.70 | 转向中 front=0.32 目标>0.8
[INFO] [1790738659.222554878] [exploration]: v=+0.00 w=+0.70 | 转向中 front=0.33 目标>0.8
[INFO] [1790738659.423669949] [exploration]: v=+0.00 w=+0.70 | 转向中 front=0.34 目标>0.8
[INFO] [1790738659.523255572] [exploration]: v=+0.00 w=+0.70 | 转向中 front=0.35 目标>0.8
[INFO] [1790738659.622909556] [exploration]: v=+0.00 w=+0.70 | 转向中 front=0.37 目标>0.8
[INFO] [1790738659.723974603] [exploration]: v=+0.00 w=+0.70 | 转向中 front=0.38 目标>0.8
[INFO] [1790738659.824532732] [exploration]: v=+0.00 w=+0.70 | 转向中 front=0.41 目标>0.8
[INFO] [1790738660.024313960] [exploration]: v=+0.00 w=+0.70 | 转向中 front=0.45 目标>0.8
[INFO] [1790738660.124402676] [exploration]: v=+0.00 w=+0.70 | 转向中 front=0.48 目标>0.8
[INFO] [1790738660.224764272] [exploration]: v=+0.00 w=+0.70 | 转向中 front=0.52 目标>0.8
[INFO] [1790738660.325058490] [exploration]: v=+0.00 w=+0.70 | 转向中 front=0.58 目标>0.8
[INFO] [1790738660.426030684] [exploration]: v=+0.00 w=+0.70 | 转向中 front=0.63 目标>0.8
[INFO] [1790738660.526181634] [exploration]: v=+0.00 w=+0.70 | 转向中 front=0.71 目标>0.8
[INFO] [1790738660.625554275] [exploration]: v=+0.00 w=+0.00 | 转向完成，停稳 front=0.81
[INFO] [1790738660.724351388] [exploration]: v=+0.20 w=+0.00 | 直行 d=0.89
[INFO] [1790738660.826981423] [exploration]: v=+0.20 w=+0.00 | 直行 d=0.90
[INFO] [1790738660.925575786] [exploration]: v=+0.20 w=+0.00 | 直行 d=0.89
[INFO] [1790738661.026589231] [exploration]: v=+0.20 w=+0.00 | 直行 d=0.91
[INFO] [1790738661.226436878] [exploration]: v=+0.20 w=+0.00 | 直行 d=0.89
[INFO] [1790738661.328120620] [exploration]: v=+0.20 w=+0.00 | 直行 d=0.88
[INFO] [1790738661.426996380] [exploration]: v=+0.20 w=+0.00 | 直行 d=0.89
[INFO] [1790738661.527645059] [exploration]: v=+0.20 w=+0.00 | 直行 d=0.86
[INFO] [1790738661.727143173] [exploration]: v=+0.20 w=+0.00 | 直行 d=0.84
[INFO] [1790738661.827271313] [exploration]: v=+0.20 w=+0.00 | 直行 d=0.85
[INFO] [1790738661.927782168] [exploration]: v=+0.20 w=+0.00 | 直行 d=0.84
[INFO] [1790738662.028890757] [exploration]: v=+0.20 w=+0.00 | 直行 d=0.83
[INFO] [1790738662.129008770] [exploration]: v=+0.20 w=+0.00 | 直行 d=0.82
[INFO] [1790738662.228602827] [exploration]: v=+0.20 w=+0.00 | 直行 d=0.80
[INFO] [1790738662.328971213] [exploration]: v=+0.09 w=+0.00 | 减速 d=0.79
[INFO] [1790738662.428398397] [exploration]: v=+0.00 w=+0.70 | 转向，由于危险 d=0.14
[INFO] [1790738662.528960605] [exploration]: v=+0.00 w=+0.00 | 转向完成，停稳 front=0.84
[INFO] [1790738662.628949645] [exploration]: v=+0.00 w=-0.70 | 转向，由于危险 d=0.40
[INFO] [1790738662.727689026] [exploration]: v=+0.00 w=-0.70 | 转向中 front=0.14 目标>0.8
[INFO] [1790738662.828414763] [exploration]: v=+0.00 w=-0.70 | 转向中 front=0.16 目标>0.8
[INFO] [1790738662.930026437] [exploration]: v=+0.00 w=-0.70 | 转向中 front=0.14 目标>0.8
[INFO] [1790738663.129141777] [exploration]: v=+0.00 w=-0.70 | 转向中 front=0.53 目标>0.8
[INFO] [1790738663.228374263] [exploration]: v=+0.00 w=-0.70 | 转向中 front=0.47 目标>0.8
[INFO] [1790738663.329666075] [exploration]: v=+0.00 w=-0.70 | 转向中 front=0.43 目标>0.8
[INFO] [1790738663.429219092] [exploration]: v=+0.00 w=-0.70 | 转向中 front=0.41 目标>0.8
[INFO] [1790738663.530756564] [exploration]: v=+0.00 w=-0.70 | 转向中 front=0.38 目标>0.8
[INFO] [1790738663.630913715] [exploration]: v=+0.00 w=-0.70 | 转向中 front=0.35 目标>0.8
[INFO] [1790738663.730480609] [exploration]: v=+0.00 w=-0.70 | 转向中 front=0.34 目标>0.8
[INFO] [1790738663.830533182] [exploration]: v=+0.00 w=-0.70 | 转向中 front=0.32 目标>0.8
[INFO] [1790738663.930678604] [exploration]: v=+0.00 w=-0.70 | 转向中 front=0.31 目标>0.8
[INFO] [1790738664.031040339] [exploration]: v=+0.00 w=-0.70 | 转向中 front=0.30 目标>0.8
[INFO] [1790738664.131793775] [exploration]: v=+0.00 w=-0.70 | 转向中 front=0.29 目标>0.8
[INFO] [1790738664.331596786] [exploration]: v=+0.00 w=-0.70 | 转向中 front=0.28 目标>0.8
[INFO] [1790738664.431736850] [exploration]: v=+0.00 w=-0.70 | 转向中 front=0.27 目标>0.8
[INFO] [1790738664.831690561] [exploration]: v=+0.00 w=-0.70 | 转向中 front=0.26 目标>0.8
[INFO] [1790738665.133530321] [exploration]: v=+0.00 w=-0.70 | 转向中 front=0.27 目标>0.8
[INFO] [1790738665.634654459] [exploration]: v=+0.00 w=-0.70 | 转向中 front=0.28 目标>0.8
[INFO] [1790738665.834353376] [exploration]: v=+0.00 w=-0.70 | 转向中 front=0.29 目标>0.8
[INFO] [1790738666.034289741] [exploration]: v=+0.00 w=-0.70 | 转向中 front=0.32 目标>0.8
[INFO] [1790738666.134891473] [exploration]: v=+0.00 w=-0.70 | 转向中 front=0.33 目标>0.8
[INFO] [1790738666.335001101] [exploration]: v=+0.00 w=-0.70 | 转向中 front=0.37 目标>0.8
[INFO] [1790738666.434890002] [exploration]: v=+0.00 w=-0.70 | 转向中 front=0.38 目标>0.8
[INFO] [1790738666.535219999] [exploration]: v=+0.00 w=-0.70 | 转向中 front=0.40 目标>0.8
[INFO] [1790738666.635390540] [exploration]: v=+0.00 w=-0.70 | 转向中 front=0.44 目标>0.8
[INFO] [1790738666.735616261] [exploration]: v=+0.00 w=-0.70 | 转向中 front=0.48 目标>0.8
[INFO] [1790738666.837358161] [exploration]: v=+0.00 w=-0.70 | 转向中 front=0.54 目标>0.8
[INFO] [1790738666.935423382] [exploration]: v=+0.00 w=-0.70 | 转向中 front=0.61 目标>0.8
[INFO] [1790738667.036093377] [exploration]: v=+0.00 w=-0.70 | 转向中 front=0.70 目标>0.8
[INFO] [1790738667.136647686] [exploration]: v=+0.00 w=+0.00 | 转向完成，停稳 front=0.84
[INFO] [1790738667.236981444] [exploration]: v=+0.20 w=+0.00 | 直行 d=0.91
[INFO] [1790738667.437321901] [exploration]: v=+0.20 w=+0.00 | 直行 d=0.93
[INFO] [1790738667.537046652] [exploration]: v=+0.20 w=+0.00 | 直行 d=0.94
[INFO] [1790738667.638620013] [exploration]: v=+0.20 w=+0.00 | 直行 d=0.91
[INFO] [1790738667.736676301] [exploration]: v=+0.20 w=+0.00 | 直行 d=0.92
[INFO] [1790738667.837939816] [exploration]: v=+0.20 w=+0.00 | 直行 d=0.91
[INFO] [1790738667.937473392] [exploration]: v=+0.20 w=+0.00 | 直行 d=0.92
[INFO] [1790738668.138117499] [exploration]: v=+0.20 w=+0.00 | 直行 d=0.91
[INFO] [1790738668.237695692] [exploration]: v=+0.20 w=+0.00 | 直行 d=0.90
[INFO] [1790738668.338901375] [exploration]: v=+0.20 w=+0.00 | 直行 d=0.91
[INFO] [1790738668.538761272] [exploration]: v=+0.20 w=+0.00 | 直行 d=0.90
[INFO] [1790738668.638196196] [exploration]: v=+0.20 w=+0.00 | 直行 d=0.89
[INFO] [1790738668.737935701] [exploration]: v=+0.20 w=+0.00 | 直行 d=0.88
[INFO] [1790738668.839074026] [exploration]: v=+0.20 w=+0.00 | 直行 d=0.90
[INFO] [1790738668.939135537] [exploration]: v=+0.20 w=+0.00 | 直行 d=0.88
[INFO] [1790738669.038081466] [exploration]: v=+0.20 w=+0.00 | 直行 d=0.86
[INFO] [1790738669.139119413] [exploration]: v=+0.20 w=+0.00 | 直行 d=0.89
[INFO] [1790738669.339110650] [exploration]: v=+0.20 w=+0.00 | 直行 d=0.87
[INFO] [1790738669.439132821] [exploration]: v=+0.20 w=+0.00 | 直行 d=0.86
[INFO] [1790738669.740709054] [exploration]: v=+0.20 w=+0.00 | 直行 d=0.85
[INFO] [1790738669.840818695] [exploration]: v=+0.20 w=+0.00 | 直行 d=0.86
[INFO] [1790738669.940410042] [exploration]: v=+0.20 w=+0.00 | 直行 d=0.87
[INFO] [1790738670.041883909] [exploration]: v=+0.20 w=+0.00 | 直行 d=0.86
[INFO] [1790738670.141509846] [exploration]: v=+0.20 w=+0.00 | 直行 d=0.87
[INFO] [1790738670.240591773] [exploration]: v=+0.20 w=+0.00 | 直行 d=0.86
[INFO] [1790738670.440755006] [exploration]: v=+0.20 w=+0.00 | 直行 d=0.84
[INFO] [1790738670.541043998] [exploration]: v=+0.20 w=+0.00 | 直行 d=0.83
[INFO] [1790738670.640977781] [exploration]: v=+0.20 w=+0.00 | 直行 d=0.85
[INFO] [1790738670.741043345] [exploration]: v=+0.20 w=+0.00 | 直行 d=0.84
[INFO] [1790738670.841081492] [exploration]: v=+0.20 w=+0.00 | 直行 d=0.82
[INFO] [1790738670.940893522] [exploration]: v=+0.20 w=+0.00 | 直行 d=0.83
[INFO] [1790738671.042629433] [exploration]: v=+0.20 w=+0.00 | 直行 d=0.85
[INFO] [1790738671.143118332] [exploration]: v=+0.20 w=+0.00 | 直行 d=0.86
[INFO] [1790738671.242092777] [exploration]: v=+0.20 w=+0.00 | 直行 d=0.82
[INFO] [1790738671.342595677] [exploration]: v=+0.20 w=+0.00 | 直行 d=0.83
[INFO] [1790738671.442455871] [exploration]: v=+0.20 w=+0.00 | 直行 d=0.81
[INFO] [1790738671.742779025] [exploration]: v=+0.09 w=+0.00 | 减速 d=0.79
[INFO] [1790738671.844249767] [exploration]: v=+0.00 w=-0.70 | 转向，由于危险 d=0.13
[INFO] [1790738671.944028230] [exploration]: v=+0.00 w=-0.70 | 转向中 front=0.15 目标>0.8
[INFO] [1790738672.143218390] [exploration]: v=+0.00 w=-0.70 | 转向中 front=0.14 目标>0.8
[INFO] [1790738672.445568778] [exploration]: v=+0.00 w=+0.00 | 转向完成，停稳 front=1.03
[INFO] [1790738672.545297588] [exploration]: v=+0.00 w=-0.70 | 转向，由于危险 d=0.14
[INFO] [1790738672.645466237] [exploration]: v=+0.00 w=+0.00 | 转向完成，停稳 front=0.93
[INFO] [1790738672.743434486] [exploration]: v=+0.20 w=+0.00 | 直行 d=0.92
[INFO] [1790738672.846060836] [exploration]: v=+0.20 w=+0.00 | 直行 d=0.88
[INFO] [1790738673.046094752] [exploration]: v=+0.20 w=+0.00 | 直行 d=0.89
[INFO] [1790738673.145880099] [exploration]: v=+0.20 w=+0.00 | 直行 d=0.86
[INFO] [1790738673.245811167] [exploration]: v=+0.20 w=+0.00 | 直行 d=0.85
[INFO] [1790738673.345751781] [exploration]: v=+0.20 w=+0.00 | 直行 d=0.83
[INFO] [1790738673.445411940] [exploration]: v=+0.20 w=+0.00 | 直行 d=0.80
[INFO] [1790738673.546644078] [exploration]: v=+0.20 w=+0.00 | 直行 d=0.82
[INFO] [1790738673.646156257] [exploration]: v=+0.08 w=+0.00 | 减速 d=0.79
[INFO] [1790738673.745732124] [exploration]: v=+0.00 w=-0.70 | 转向，由于危险 d=0.13
[INFO] [1790738673.846009105] [exploration]: v=+0.00 w=-0.70 | 转向中 front=0.13 目标>0.8
[INFO] [1790738673.946460905] [exploration]: v=+0.00 w=-0.70 | 转向中 front=0.14 目标>0.8
[INFO] [1790738674.246881806] [exploration]: v=+0.00 w=-0.70 | 转向中 front=0.15 目标>0.8
[INFO] [1790738674.347014883] [exploration]: v=+0.00 w=-0.70 | 转向中 front=0.13 目标>0.8
[INFO] [1790738674.447856181] [exploration]: v=+0.00 w=-0.70 | 转向中 front=0.53 目标>0.8
[INFO] [1790738674.547265254] [exploration]: v=+0.00 w=-0.70 | 转向中 front=0.51 目标>0.8
[INFO] [1790738674.647119843] [exploration]: v=+0.00 w=-0.70 | 转向中 front=0.49 目标>0.8
[INFO] [1790738674.747288568] [exploration]: v=+0.00 w=-0.70 | 转向中 front=0.46 目标>0.8
[INFO] [1790738674.949609688] [exploration]: v=+0.00 w=-0.70 | 转向中 front=0.43 目标>0.8
[INFO] [1790738675.248111160] [exploration]: v=+0.00 w=-0.70 | 转向中 front=0.42 目标>0.8
[INFO] [1790738675.348565926] [exploration]: v=+0.00 w=-0.70 | 转向中 front=0.43 目标>0.8
[INFO] [1790738675.449269656] [exploration]: v=+0.00 w=-0.70 | 转向中 front=0.42 目标>0.8
[INFO] [1790738675.550716610] [exploration]: v=+0.00 w=-0.70 | 转向中 front=0.41 目标>0.8
[INFO] [1790738675.650768336] [exploration]: v=+0.00 w=-0.70 | 转向中 front=0.42 目标>0.8
[INFO] [1790738675.849709794] [exploration]: v=+0.00 w=-0.70 | 转向中 front=0.41 目标>0.8
[INFO] [1790738675.950631976] [exploration]: v=+0.00 w=-0.70 | 转向中 front=0.42 目标>0.8
[INFO] [1790738676.250619544] [exploration]: v=+0.00 w=-0.70 | 转向中 front=0.43 目标>0.8
[INFO] [1790738676.350269843] [exploration]: v=+0.00 w=-0.70 | 转向中 front=0.44 目标>0.8
[INFO] [1790738676.550579997] [exploration]: v=+0.00 w=-0.70 | 转向中 front=0.46 目标>0.8
[INFO] [1790738676.651066513] [exploration]: v=+0.00 w=-0.70 | 转向中 front=0.47 目标>0.8
[INFO] [1790738676.751185687] [exploration]: v=+0.00 w=-0.70 | 转向中 front=0.49 目标>0.8
[INFO] [1790738676.851039278] [exploration]: v=+0.00 w=-0.70 | 转向中 front=0.50 目标>0.8
[INFO] [1790738676.951605888] [exploration]: v=+0.00 w=-0.70 | 转向中 front=0.55 目标>0.8
[INFO] [1790738677.051766272] [exploration]: v=+0.00 w=-0.70 | 转向中 front=0.57 目标>0.8
[INFO] [1790738677.152870825] [exploration]: v=+0.00 w=-0.70 | 转向中 front=0.59 目标>0.8
[INFO] [1790738677.253119367] [exploration]: v=+0.00 w=-0.70 | 转向中 front=0.64 目标>0.8
[INFO] [1790738677.353129439] [exploration]: v=+0.00 w=-0.70 | 转向中 front=0.71 目标>0.8
[INFO] [1790738677.452368307] [exploration]: v=+0.00 w=-0.70 | 转向中 front=0.77 目标>0.8
[INFO] [1790738677.553437084] [exploration]: v=+0.00 w=+0.00 | 转向完成，停稳 front=0.86
[INFO] [1790738677.653943404] [exploration]: v=+0.20 w=+0.00 | 直行 d=0.94
[INFO] [1790738677.953696189] [exploration]: v=+0.20 w=+0.00 | 直行 d=0.93
[INFO] [1790738678.053229086] [exploration]: v=+0.20 w=+0.00 | 直行 d=0.91
[INFO] [1790738678.154052056] [exploration]: v=+0.20 w=+0.00 | 直行 d=0.90
[INFO] [1790738678.253654015] [exploration]: v=+0.20 w=+0.00 | 直行 d=0.89
[INFO] [1790738678.454951660] [exploration]: v=+0.20 w=+0.00 | 直行 d=0.88
[INFO] [1790738678.555496564] [exploration]: v=+0.20 w=+0.00 | 直行 d=0.86
[INFO] [1790738678.655660098] [exploration]: v=+0.20 w=+0.00 | 直行 d=0.87
[INFO] [1790738678.754753267] [exploration]: v=+0.20 w=+0.00 | 直行 d=0.83
[INFO] [1790738678.856939329] [exploration]: v=+0.20 w=+0.00 | 直行 d=0.84
[INFO] [1790738678.956657199] [exploration]: v=+0.20 w=+0.00 | 直行 d=0.82
[INFO] [1790738679.055524843] [exploration]: v=+0.20 w=+0.00 | 直行 d=0.81
[INFO] [1790738679.156990760] [exploration]: v=+0.09 w=+0.00 | 减速 d=0.80
[INFO] [1790738679.255692274] [exploration]: v=+0.00 w=-0.70 | 转向，由于危险 d=0.40
[INFO] [1790738679.355759582] [exploration]: v=+0.00 w=-0.70 | 转向中 front=0.17 目标>0.8
[INFO] [1790738679.456975975] [exploration]: v=+0.00 w=+0.00 | 转向完成，停稳 front=0.81
[INFO] [1790738679.555881711] [exploration]: v=+0.20 w=+0.00 | 直行 d=1.01
[INFO] [1790738679.656042566] [exploration]: v=+0.00 w=+0.70 | 转向，由于危险 d=0.15
[INFO] [1790738679.755800445] [exploration]: v=+0.00 w=+0.70 | 转向中 front=0.14 目标>0.8
[INFO] [1790738680.357410672] [exploration]: v=+0.00 w=+0.70 | 转向中 front=0.13 目标>0.8
[INFO] [1790738680.459618524] [exploration]: v=+0.00 w=+0.70 | 转向中 front=0.50 目标>0.8
[INFO] [1790738680.559007649] [exploration]: v=+0.00 w=+0.70 | 转向中 front=0.14 目标>0.8
[INFO] [1790738680.658486523] [exploration]: v=+0.00 w=+0.70 | 转向中 front=0.43 目标>0.8
[INFO] [1790738680.758468830] [exploration]: v=+0.00 w=+0.70 | 转向中 front=0.39 目标>0.8
[INFO] [1790738680.858012977] [exploration]: v=+0.00 w=+0.70 | 转向中 front=0.14 目标>0.8
[INFO] [1790738681.159324146] [exploration]: v=+0.00 w=+0.70 | 转向中 front=0.13 目标>0.8
[INFO] [1790738681.359079147] [exploration]: v=+0.00 w=+0.70 | 转向中 front=0.34 目标>0.8
[INFO] [1790738681.560061986] [exploration]: v=+0.00 w=+0.70 | 转向中 front=0.14 目标>0.8
[INFO] [1790738681.660668829] [exploration]: v=+0.00 w=+0.70 | 转向中 front=0.34 目标>0.8
[INFO] [1790738681.761671797] [exploration]: v=+0.00 w=+0.70 | 转向中 front=0.33 目标>0.8
[INFO] [1790738681.860900253] [exploration]: v=+0.00 w=+0.70 | 转向中 front=0.15 目标>0.8
[INFO] [1790738681.960715299] [exploration]: v=+0.00 w=+0.70 | 转向中 front=0.14 目标>0.8
[INFO] [1790738682.061673455] [exploration]: v=+0.00 w=+0.70 | 转向中 front=0.13 目标>0.8
[INFO] [1790738682.260199583] [exploration]: v=+0.00 w=+0.70 | 转向中 front=0.34 目标>0.8
[INFO] [1790738682.360437914] [exploration]: v=+0.00 w=+0.70 | 转向中 front=0.13 目标>0.8
[INFO] [1790738682.560946465] [exploration]: v=+0.00 w=+0.70 | 转向中 front=0.14 目标>0.8
[INFO] [1790738682.660995179] [exploration]: v=+0.00 w=+0.70 | 转向中 front=0.36 目标>0.8
[INFO] [1790738682.760409541] [exploration]: v=+0.00 w=+0.70 | 转向中 front=0.37 目标>0.8
[INFO] [1790738682.861367183] [exploration]: v=+0.00 w=+0.70 | 转向中 front=0.38 目标>0.8
[INFO] [1790738682.961983938] [exploration]: v=+0.00 w=+0.70 | 转向中 front=0.41 目标>0.8
[INFO] [1790738683.061769270] [exploration]: v=+0.00 w=+0.70 | 转向中 front=0.13 目标>0.8
[INFO] [1790738683.262231743] [exploration]: v=+0.00 w=+0.70 | 转向中 front=0.14 目标>0.8
[INFO] [1790738683.563279208] [exploration]: v=+0.00 w=+0.70 | 转向中 front=0.13 目标>0.8
[INFO] [1790738683.663392115] [exploration]: v=+0.00 w=+0.70 | 转向中 front=0.77 目标>0.8
[INFO] [1790738683.762519585] [exploration]: v=+0.00 w=+0.00 | 转向完成，停稳 front=0.86
[INFO] [1790738683.863484835] [exploration]: v=+0.00 w=-0.70 | 转向，由于危险 d=0.15
[INFO] [1790738683.963937084] [exploration]: v=+0.00 w=-0.70 | 转向中 front=0.14 目标>0.8
[INFO] [1790738684.163344214] [exploration]: v=+0.00 w=-0.70 | 转向中 front=0.69 目标>0.8
[INFO] [1790738684.263907154] [exploration]: v=+0.00 w=-0.70 | 转向中 front=0.67 目标>0.8
[INFO] [1790738684.363346055] [exploration]: v=+0.00 w=-0.70 | 转向中 front=0.61 目标>0.8
[INFO] [1790738684.464835873] [exploration]: v=+0.00 w=-0.70 | 转向中 front=0.13 目标>0.8
[INFO] [1790738684.565515868] [exploration]: v=+0.00 w=-0.70 | 转向中 front=0.15 目标>0.8
[INFO] [1790738684.664851768] [exploration]: v=+0.00 w=-0.70 | 转向中 front=0.46 目标>0.8
[INFO] [1790738684.764810984] [exploration]: v=+0.00 w=-0.70 | 转向中 front=0.13 目标>0.8
[INFO] [1790738684.966247956] [exploration]: v=+0.00 w=-0.70 | 转向中 front=0.14 目标>0.8
[INFO] [1790738685.066801212] [exploration]: v=+0.00 w=-0.70 | 转向中 front=0.13 目标>0.8
[INFO] [1790738685.166370304] [exploration]: v=+0.00 w=-0.70 | 转向中 front=0.37 目标>0.8
[INFO] [1790738685.366395769] [exploration]: v=+0.00 w=-0.70 | 转向中 front=0.35 目标>0.8
[INFO] [1790738685.465765105] [exploration]: v=+0.00 w=-0.70 | 转向中 front=0.34 目标>0.8
[INFO] [1790738685.566137756] [exploration]: v=+0.00 w=-0.70 | 转向中 front=0.14 目标>0.8
[INFO] [1790738685.666085038] [exploration]: v=+0.00 w=-0.70 | 转向中 front=0.33 目标>0.8
[INFO] [1790738685.867085956] [exploration]: v=+0.00 w=-0.70 | 转向中 front=0.13 目标>0.8
[INFO] [1790738686.066258801] [exploration]: v=+0.00 w=-0.70 | 转向中 front=0.33 目标>0.8
[INFO] [1790738686.266068206] [exploration]: v=+0.00 w=-0.70 | 转向中 front=0.16 目标>0.8
[INFO] [1790738686.366190967] [exploration]: v=+0.00 w=-0.70 | 转向中 front=0.33 目标>0.8
[INFO] [1790738686.466303869] [exploration]: v=+0.00 w=-0.70 | 转向中 front=0.13 目标>0.8
[INFO] [1790738686.666741454] [exploration]: v=+0.00 w=-0.70 | 转向中 front=0.14 目标>0.8
[INFO] [1790738686.767465852] [exploration]: v=+0.00 w=-0.70 | 转向中 front=0.15 目标>0.8
[INFO] [1790738686.868416693] [exploration]: v=+0.00 w=-0.70 | 转向中 front=0.13 目标>0.8
[INFO] [1790738686.968089070] [exploration]: v=+0.00 w=-0.70 | 转向中 front=0.38 目标>0.8
[INFO] [1790738687.068291940] [exploration]: v=+0.00 w=-0.70 | 转向中 front=0.14 目标>0.8
[INFO] [1790738687.168388452] [exploration]: v=+0.00 w=-0.70 | 转向中 front=0.13 目标>0.8
[INFO] [1790738687.268425813] [exploration]: v=+0.00 w=-0.70 | 转向中 front=0.14 目标>0.8
[INFO] [1790738687.368891900] [exploration]: v=+0.00 w=-0.70 | 转向中 front=0.44 目标>0.8
[INFO] [1790738687.469902306] [exploration]: v=+0.00 w=-0.70 | 转向中 front=0.46 目标>0.8
[INFO] [1790738687.569942058] [exploration]: v=+0.00 w=-0.70 | 转向中 front=0.47 目标>0.8
[INFO] [1790738687.669557625] [exploration]: v=+0.00 w=-0.70 | 转向中 front=0.14 目标>0.8
[INFO] [1790738687.769758136] [exploration]: v=+0.00 w=-0.70 | 转向中 front=0.15 目标>0.8
[INFO] [1790738687.870163447] [exploration]: v=+0.00 w=-0.70 | 转向中 front=0.14 目标>0.8
[INFO] [1790738687.970661979] [exploration]: v=+0.00 w=-0.70 | 转向中 front=0.77 目标>0.8
[INFO] [1790738688.070449192] [exploration]: v=+0.00 w=-0.70 | 转向中 front=0.14 目标>0.8
[INFO] [1790738688.170008578] [exploration]: v=+0.00 w=+0.00 | 转向完成，停稳 front=0.88
[INFO] [1790738688.270461232] [exploration]: v=+0.00 w=-0.70 | 转向，由于危险 d=0.15
[INFO] [1790738688.370519498] [exploration]: v=+0.00 w=-0.70 | 转向中 front=0.15 目标>0.8
[INFO] [1790738688.470777581] [exploration]: v=+0.00 w=-0.70 | 转向中 front=0.13 目标>0.8
[INFO] [1790738688.570337238] [exploration]: v=+0.00 w=+0.00 | 转向完成，停稳 front=0.87
[INFO] [1790738688.670749722] [exploration]: v=+0.00 w=-0.70 | 转向，由于危险 d=0.15
[INFO] [1790738688.770380797] [exploration]: v=+0.00 w=-0.70 | 转向中 front=0.13 目标>0.8
[INFO] [1790738688.870203514] [exploration]: v=+0.00 w=-0.70 | 转向中 front=0.12 目标>0.8
[INFO] [1790738688.969513760] [exploration]: v=+0.00 w=-0.70 | 转向中 front=0.15 目标>0.8
[INFO] [1790738689.069958276] [exploration]: v=+0.00 w=-0.70 | 转向中 front=0.14 目标>0.8
[INFO] [1790738689.171198219] [exploration]: v=+0.00 w=-0.70 | 转向中 front=0.63 目标>0.8
[INFO] [1790738689.271415903] [exploration]: v=+0.00 w=-0.70 | 转向中 front=0.57 目标>0.8
[INFO] [1790738689.371776029] [exploration]: v=+0.00 w=-0.70 | 转向中 front=0.54 目标>0.8
[INFO] [1790738689.471034695] [exploration]: v=+0.00 w=-0.70 | 转向中 front=0.51 目标>0.8
[INFO] [1790738689.571212777] [exploration]: v=+0.00 w=-0.70 | 转向中 front=0.48 目标>0.8
[INFO] [1790738689.671184629] [exploration]: v=+0.00 w=-0.70 | 转向中 front=0.13 目标>0.8
[INFO] [1790738689.770200675] [exploration]: v=+0.00 w=-0.70 | 转向中 front=0.14 目标>0.8
[INFO] [1790738689.872012281] [exploration]: v=+0.00 w=-0.70 | 转向中 front=0.42 目标>0.8
[INFO] [1790738689.972210458] [exploration]: v=+0.00 w=-0.70 | 转向中 front=0.13 目标>0.8
[INFO] [1790738690.072216600] [exploration]: v=+0.00 w=-0.70 | 转向中 front=0.14 目标>0.8
[INFO] [1790738690.172314914] [exploration]: v=+0.00 w=-0.70 | 转向中 front=0.40 目标>0.8
[INFO] [1790738690.272356403] [exploration]: v=+0.00 w=-0.70 | 转向中 front=0.13 目标>0.8
[INFO] [1790738690.372383043] [exploration]: v=+0.00 w=-0.70 | 转向中 front=0.38 目标>0.8
[INFO] [1790738690.473425253] [exploration]: v=+0.00 w=-0.70 | 转向中 front=0.39 目标>0.8
[INFO] [1790738690.572580398] [exploration]: v=+0.00 w=-0.70 | 转向中 front=0.14 目标>0.8
[INFO] [1790738691.175431685] [exploration]: v=+0.00 w=-0.70 | 转向中 front=0.15 目标>0.8
[INFO] [1790738691.274624085] [exploration]: v=+0.00 w=-0.70 | 转向中 front=0.13 目标>0.8
[INFO] [1790738691.374504832] [exploration]: v=+0.00 w=-0.70 | 转向中 front=0.40 目标>0.8
[INFO] [1790738691.574733178] [exploration]: v=+0.00 w=-0.70 | 转向中 front=0.42 目标>0.8
[INFO] [1790738691.674388949] [exploration]: v=+0.00 w=-0.70 | 转向中 front=0.15 目标>0.8
[INFO] [1790738691.774940138] [exploration]: v=+0.00 w=-0.70 | 转向中 front=0.44 目标>0.8
[INFO] [1790738691.876017213] [exploration]: v=+0.00 w=-0.70 | 转向中 front=0.48 目标>0.8
[INFO] [1790738691.975498722] [exploration]: v=+0.00 w=-0.70 | 转向中 front=0.14 目标>0.8
[INFO] [1790738692.176521731] [exploration]: v=+0.00 w=-0.70 | 转向中 front=0.55 目标>0.8
[INFO] [1790738692.273948423] [exploration]: v=+0.00 w=-0.70 | 转向中 front=0.13 目标>0.8
[INFO] [1790738692.374676000] [exploration]: v=+0.00 w=-0.70 | 转向中 front=0.69 目标>0.8
[INFO] [1790738692.477066056] [exploration]: v=+0.00 w=-0.70 | 转向中 front=0.76 目标>0.8
[INFO] [1790738692.577078248] [exploration]: v=+0.00 w=-0.70 | 转向中 front=0.15 目标>0.8
[INFO] [1790738692.776654502] [exploration]: v=+0.00 w=+0.00 | 转向完成，停稳 front=0.87
[INFO] [1790738692.877270886] [exploration]: v=+0.00 w=-0.70 | 转向，由于危险 d=0.40
[INFO] [1790738692.977732351] [exploration]: v=+0.00 w=+0.00 | 转向完成，停稳 front=0.87
[INFO] [1790738693.077262768] [exploration]: v=+0.00 w=-0.70 | 转向，由于危险 d=0.13
[INFO] [1790738693.177127840] [exploration]: v=+0.00 w=-0.70 | 转向中 front=0.14 目标>0.8
[INFO] [1790738693.377784580] [exploration]: v=+0.00 w=+0.00 | 转向完成，停稳 front=0.86
[INFO] [1790738693.478482225] [exploration]: v=+0.00 w=+0.70 | 转向，由于危险 d=0.14
[INFO] [1790738693.578882282] [exploration]: v=+0.00 w=+0.70 | 转向中 front=0.13 目标>0.8
[INFO] [1790738693.679144065] [exploration]: v=+0.00 w=+0.70 | 转向中 front=0.15 目标>0.8
[INFO] [1790738693.778667915] [exploration]: v=+0.00 w=+0.70 | 转向中 front=0.14 目标>0.8
[INFO] [1790738693.878388027] [exploration]: v=+0.00 w=+0.00 | 转向完成，停稳 front=0.87
[INFO] [1790738693.978442397] [exploration]: v=+0.20 w=+0.00 | 直行 d=0.87
[INFO] [1790738694.079462236] [exploration]: v=+0.00 w=-0.70 | 转向，由于危险 d=0.15
[INFO] [1790738694.178839300] [exploration]: v=+0.00 w=-0.70 | 转向中 front=0.14 目标>0.8
[INFO] [1790738694.279395951] [exploration]: v=+0.00 w=-0.70 | 转向中 front=0.12 目标>0.8
[INFO] [1790738694.380648105] [exploration]: v=+0.00 w=-0.70 | 转向中 front=0.14 目标>0.8
[INFO] [1790738694.480157897] [exploration]: v=+0.00 w=+0.00 | 转向完成，停稳 front=0.83
[INFO] [1790738694.579874122] [exploration]: v=+0.00 w=+0.70 | 转向，由于危险 d=0.14
[INFO] [1790738694.680037309] [exploration]: v=+0.00 w=+0.70 | 转向中 front=0.74 目标>0.8
[INFO] [1790738694.779642484] [exploration]: v=+0.00 w=+0.70 | 转向中 front=0.13 目标>0.8
[INFO] [1790738694.878723443] [exploration]: v=+0.00 w=+0.70 | 转向中 front=0.15 目标>0.8
[INFO] [1790738694.979336557] [exploration]: v=+0.00 w=+0.70 | 转向中 front=0.13 目标>0.8
[INFO] [1790738695.080419291] [exploration]: v=+0.00 w=+0.70 | 转向中 front=0.14 目标>0.8
[INFO] [1790738695.180712013] [exploration]: v=+0.00 w=+0.00 | 转向完成，停稳 front=0.87
[INFO] [1790738695.281746368] [exploration]: v=+0.20 w=+0.00 | 直行 d=0.87
[INFO] [1790738695.381073811] [exploration]: v=+0.00 w=-0.70 | 转向，由于危险 d=0.40
[INFO] [1790738695.481529737] [exploration]: v=+0.00 w=-0.70 | 转向中 front=0.13 目标>0.8
[INFO] [1790738695.681612649] [exploration]: v=+0.00 w=-0.70 | 转向中 front=0.15 目标>0.8
[INFO] [1790738695.781649212] [exploration]: v=+0.00 w=-0.70 | 转向中 front=0.13 目标>0.8
[INFO] [1790738695.882303872] [exploration]: v=+0.00 w=-0.70 | 转向中 front=0.14 目标>0.8
[INFO] [1790738695.982043684] [exploration]: v=+0.00 w=-0.70 | 转向中 front=0.15 目标>0.8
[INFO] [1790738696.081754333] [exploration]: v=+0.00 w=-0.70 | 转向中 front=0.13 目标>0.8
[INFO] [1790738696.282175339] [exploration]: v=+0.00 w=-0.70 | 转向中 front=0.14 目标>0.8
[INFO] [1790738696.383429455] [exploration]: v=+0.00 w=-0.70 | 转向中 front=0.58 目标>0.8
[INFO] [1790738696.482579334] [exploration]: v=+0.00 w=-0.70 | 转向中 front=0.14 目标>0.8
[INFO] [1790738696.683794118] [exploration]: v=+0.00 w=-0.70 | 转向中 front=0.48 目标>0.8
[INFO] [1790738696.783444709] [exploration]: v=+0.00 w=-0.70 | 转向中 front=0.46 目标>0.8
[INFO] [1790738696.883068636] [exploration]: v=+0.00 w=-0.70 | 转向中 front=0.14 目标>0.8
[INFO] [1790738696.983321408] [exploration]: v=+0.00 w=-0.70 | 转向中 front=0.13 目标>0.8
[INFO] [1790738697.083399582] [exploration]: v=+0.00 w=-0.70 | 转向中 front=0.41 目标>0.8
[INFO] [1790738697.184402986] [exploration]: v=+0.00 w=-0.70 | 转向中 front=0.38 目标>0.8
[INFO] [1790738697.285817662] [exploration]: v=+0.00 w=-0.70 | 转向中 front=0.13 目标>0.8
[INFO] [1790738697.384659140] [exploration]: v=+0.00 w=-0.70 | 转向中 front=0.35 目标>0.8
[INFO] [1790738697.484712564] [exploration]: v=+0.00 w=-0.70 | 转向中 front=0.36 目标>0.8
[INFO] [1790738697.585191145] [exploration]: v=+0.00 w=-0.70 | 转向中 front=0.34 目标>0.8
[INFO] [1790738697.884711393] [exploration]: v=+0.00 w=-0.70 | 转向中 front=0.32 目标>0.8
[INFO] [1790738697.985224543] [exploration]: v=+0.00 w=-0.70 | 转向中 front=0.14 目标>0.8
[INFO] [1790738698.087443273] [exploration]: v=+0.00 w=-0.70 | 转向中 front=0.33 目标>0.8
[INFO] [1790738698.187147946] [exploration]: v=+0.00 w=-0.70 | 转向中 front=0.14 目标>0.8
[INFO] [1790738698.387464254] [exploration]: v=+0.00 w=-0.70 | 转向中 front=0.33 目标>0.8
[INFO] [1790738698.587324180] [exploration]: v=+0.00 w=-0.70 | 转向中 front=0.14 目标>0.8
[INFO] [1790738698.687813664] [exploration]: v=+0.00 w=-0.70 | 转向中 front=0.16 目标>0.8
[INFO] [1790738698.786695813] [exploration]: v=+0.00 w=-0.70 | 转向中 front=0.14 目标>0.8
[INFO] [1790738698.888720568] [exploration]: v=+0.00 w=-0.70 | 转向中 front=0.13 目标>0.8
[INFO] [1790738698.986711147] [exploration]: v=+0.00 w=-0.70 | 转向中 front=0.37 目标>0.8
[INFO] [1790738699.189837922] [exploration]: v=+0.00 w=-0.70 | 转向中 front=0.39 目标>0.8
[INFO] [1790738699.289362861] [exploration]: v=+0.00 w=-0.70 | 转向中 front=0.40 目标>0.8
[INFO] [1790738699.388261112] [exploration]: v=+0.00 w=-0.70 | 转向中 front=0.41 目标>0.8
[INFO] [1790738699.488259498] [exploration]: v=+0.00 w=-0.70 | 转向中 front=0.45 目标>0.8
[INFO] [1790738699.587504056] [exploration]: v=+0.00 w=-0.70 | 转向中 front=0.49 目标>0.8
[INFO] [1790738699.688527307] [exploration]: v=+0.00 w=-0.70 | 转向中 front=0.52 目标>0.8
[INFO] [1790738699.789035106] [exploration]: v=+0.00 w=-0.70 | 转向中 front=0.57 目标>0.8
[INFO] [1790738699.888662537] [exploration]: v=+0.00 w=-0.70 | 转向中 front=0.13 目标>0.8
[INFO] [1790738699.987160536] [exploration]: v=+0.00 w=-0.70 | 转向中 front=0.14 目标>0.8
[INFO] [1790738700.088175636] [exploration]: v=+0.00 w=+0.00 | 转向完成，停稳 front=0.81
[INFO] [1790738700.188861163] [exploration]: v=+0.00 w=-0.70 | 转向，由于危险 d=0.13
[INFO] [1790738700.288367073] [exploration]: v=+0.00 w=-0.70 | 转向中 front=0.13 目标>0.8
[INFO] [1790738700.489841095] [exploration]: v=+0.00 w=+0.00 | 转向完成，停稳 front=0.87
[INFO] [1790738700.589182824] [exploration]: v=+0.00 w=-0.70 | 转向，由于危险 d=0.14
[INFO] [1790738700.689814733] [exploration]: v=+0.00 w=-0.70 | 转向中 front=0.16 目标>0.8
[INFO] [1790738700.790845363] [exploration]: v=+0.00 w=+0.00 | 转向完成，停稳 front=0.87
[INFO] [1790738700.889431200] [exploration]: v=+0.00 w=-0.70 | 转向，由于危险 d=0.14
[INFO] [1790738700.989942873] [exploration]: v=+0.00 w=-0.70 | 转向中 front=0.14 目标>0.8
[INFO] [1790738701.090390703] [exploration]: v=+0.00 w=+0.00 | 转向完成，停稳 front=0.85
[INFO] [1790738701.190287338] [exploration]: v=+0.00 w=-0.70 | 转向，由于危险 d=0.13
[INFO] [1790738701.289226378] [exploration]: v=+0.00 w=-0.70 | 转向中 front=0.15 目标>0.8
[INFO] [1790738701.390691865] [exploration]: v=+0.00 w=-0.70 | 转向中 front=0.14 目标>0.8
[INFO] [1790738701.590759272] [exploration]: v=+0.00 w=-0.70 | 转向中 front=0.15 目标>0.8
[INFO] [1790738701.690887836] [exploration]: v=+0.00 w=-0.70 | 转向中 front=0.13 目标>0.8
[INFO] [1790738701.791367059] [exploration]: v=+0.00 w=-0.70 | 转向中 front=0.15 目标>0.8
[INFO] [1790738701.890997645] [exploration]: v=+0.00 w=-0.70 | 转向中 front=0.48 目标>0.8
[INFO] [1790738701.991390513] [exploration]: v=+0.00 w=-0.70 | 转向中 front=0.47 目标>0.8
[INFO] [1790738702.092188471] [exploration]: v=+0.00 w=-0.70 | 转向中 front=0.14 目标>0.8
[INFO] [1790738702.193107286] [exploration]: v=+0.00 w=-0.70 | 转向中 front=0.44 目标>0.8
[INFO] [1790738702.292640743] [exploration]: v=+0.00 w=-0.70 | 转向中 front=0.41 目标>0.8
[INFO] [1790738702.493974683] [exploration]: v=+0.00 w=-0.70 | 转向中 front=0.37 目标>0.8
[INFO] [1790738702.593657848] [exploration]: v=+0.00 w=-0.70 | 转向中 front=0.15 目标>0.8
[INFO] [1790738702.693877753] [exploration]: v=+0.00 w=-0.70 | 转向中 front=0.14 目标>0.8
[INFO] [1790738702.792458797] [exploration]: v=+0.00 w=-0.70 | 转向中 front=0.37 目标>0.8
[INFO] [1790738702.892642622] [exploration]: v=+0.00 w=-0.70 | 转向中 front=0.38 目标>0.8
[INFO] [1790738702.994467448] [exploration]: v=+0.00 w=-0.70 | 转向中 front=0.13 目标>0.8
[INFO] [1790738703.093227029] [exploration]: v=+0.00 w=-0.70 | 转向中 front=0.38 目标>0.8
[INFO] [1790738703.192408859] [exploration]: v=+0.00 w=-0.70 | 转向中 front=0.37 目标>0.8
[INFO] [1790738703.294576212] [exploration]: v=+0.00 w=-0.70 | 转向中 front=0.36 目标>0.8
[INFO] [1790738703.393389509] [exploration]: v=+0.00 w=-0.70 | 转向中 front=0.38 目标>0.8
[INFO] [1790738703.494076896] [exploration]: v=+0.00 w=-0.70 | 转向中 front=0.13 目标>0.8
[INFO] [1790738703.594448087] [exploration]: v=+0.00 w=-0.70 | 转向中 front=0.14 目标>0.8
[INFO] [1790738703.694379544] [exploration]: v=+0.00 w=-0.70 | 转向中 front=0.39 目标>0.8
[INFO] [1790738703.795215021] [exploration]: v=+0.00 w=-0.70 | 转向中 front=0.14 目标>0.8
[INFO] [1790738703.894751401] [exploration]: v=+0.00 w=-0.70 | 转向中 front=0.42 目标>0.8
[INFO] [1790738703.993759245] [exploration]: v=+0.00 w=-0.70 | 转向中 front=0.14 目标>0.8
[INFO] [1790738704.094532978] [exploration]: v=+0.00 w=-0.70 | 转向中 front=0.15 目标>0.8
[INFO] [1790738704.194367317] [exploration]: v=+0.00 w=-0.70 | 转向中 front=0.13 目标>0.8
[INFO] [1790738704.294492852] [exploration]: v=+0.00 w=-0.70 | 转向中 front=0.14 目标>0.8
[INFO] [1790738704.496395731] [exploration]: v=+0.00 w=-0.70 | 转向中 front=0.15 目标>0.8
[INFO] [1790738704.596415930] [exploration]: v=+0.00 w=-0.70 | 转向中 front=0.64 目标>0.8
[INFO] [1790738704.696382290] [exploration]: v=+0.00 w=-0.70 | 转向中 front=0.13 目标>0.8
[INFO] [1790738704.796449968] [exploration]: v=+0.00 w=-0.70 | 转向中 front=0.14 目标>0.8
[INFO] [1790738704.895203342] [exploration]: v=+0.00 w=-0.70 | 转向中 front=0.13 目标>0.8
[INFO] [1790738704.994820372] [exploration]: v=+0.00 w=-0.70 | 转向中 front=0.14 目标>0.8
[INFO] [1790738705.097627977] [exploration]: v=+0.00 w=-0.70 | 转向中 front=0.13 目标>0.8
[INFO] [1790738705.197688172] [exploration]: v=+0.00 w=+0.00 | 转向完成，停稳 front=0.87
[INFO] [1790738705.296872899] [exploration]: v=+0.00 w=+0.70 | 转向，由于危险 d=0.14
[INFO] [1790738705.396944515] [exploration]: v=+0.00 w=+0.70 | 转向中 front=0.15 目标>0.8
[INFO] [1790738705.497572598] [exploration]: v=+0.00 w=+0.70 | 转向中 front=0.14 目标>0.8
[INFO] [1790738705.697944127] [exploration]: v=+0.00 w=+0.70 | 转向中 front=0.13 目标>0.8
[INFO] [1790738705.998439960] [exploration]: v=+0.00 w=+0.70 | 转向中 front=0.60 目标>0.8
[INFO] [1790738706.099722001] [exploration]: v=+0.00 w=+0.70 | 转向中 front=0.14 目标>0.8
[INFO] [1790738706.198107588] [exploration]: v=+0.00 w=+0.70 | 转向中 front=0.55 目标>0.8
[INFO] [1790738706.299377541] [exploration]: v=+0.00 w=+0.70 | 转向中 front=0.13 目标>0.8
[INFO] [1790738706.399044115] [exploration]: v=+0.00 w=+0.70 | 转向中 front=0.14 目标>0.8
[INFO] [1790738706.498306692] [exploration]: v=+0.00 w=+0.70 | 转向中 front=0.15 目标>0.8
[INFO] [1790738706.599363780] [exploration]: v=+0.00 w=+0.70 | 转向中 front=0.14 目标>0.8
[INFO] [1790738706.698854494] [exploration]: v=+0.00 w=+0.70 | 转向中 front=0.39 目标>0.8
[INFO] [1790738706.800332855] [exploration]: v=+0.00 w=+0.70 | 转向中 front=0.13 目标>0.8
[INFO] [1790738707.000278875] [exploration]: v=+0.00 w=+0.70 | 转向中 front=0.39 目标>0.8
[INFO] [1790738707.099321400] [exploration]: v=+0.00 w=+0.70 | 转向中 front=0.15 目标>0.8
[INFO] [1790738707.199857780] [exploration]: v=+0.00 w=+0.70 | 转向中 front=0.13 目标>0.8
[INFO] [1790738707.300047650] [exploration]: v=+0.00 w=+0.70 | 转向中 front=0.37 目标>0.8
[INFO] [1790738707.401147071] [exploration]: v=+0.00 w=+0.70 | 转向中 front=0.14 目标>0.8
[INFO] [1790738707.602204648] [exploration]: v=+0.00 w=+0.70 | 转向中 front=0.13 目标>0.8
[INFO] [1790738707.901792514] [exploration]: v=+0.00 w=+0.70 | 转向中 front=0.38 目标>0.8
[INFO] [1790738708.002936172] [exploration]: v=+0.00 w=+0.70 | 转向中 front=0.15 目标>0.8
[INFO] [1790738708.102882432] [exploration]: v=+0.00 w=+0.70 | 转向中 front=0.14 目标>0.8
[INFO] [1790738708.202792602] [exploration]: v=+0.00 w=+0.70 | 转向中 front=0.39 目标>0.8
[INFO] [1790738708.302957745] [exploration]: v=+0.00 w=+0.70 | 转向中 front=0.16 目标>0.8
[INFO] [1790738708.404093586] [exploration]: v=+0.00 w=+0.70 | 转向中 front=0.43 目标>0.8
[INFO] [1790738708.503622744] [exploration]: v=+0.00 w=+0.70 | 转向中 front=0.45 目标>0.8
[INFO] [1790738708.703180416] [exploration]: v=+0.00 w=+0.70 | 转向中 front=0.13 目标>0.8
[INFO] [1790738708.903413902] [exploration]: v=+0.00 w=+0.70 | 转向中 front=0.14 目标>0.8
[INFO] [1790738709.004455611] [exploration]: v=+0.00 w=+0.70 | 转向中 front=0.61 目标>0.8
[INFO] [1790738709.104864880] [exploration]: v=+0.00 w=+0.70 | 转向中 front=0.14 目标>0.8
[INFO] [1790738709.305383439] [exploration]: v=+0.00 w=+0.70 | 转向中 front=0.13 目标>0.8
[INFO] [1790738709.404684624] [exploration]: v=+0.00 w=+0.00 | 转向完成，停稳 front=0.88
[INFO] [1790738709.504949751] [exploration]: v=+0.20 w=+0.00 | 直行 d=0.88
[INFO] [1790738709.605597566] [exploration]: v=+0.00 w=-0.70 | 转向，由于危险 d=0.15
[INFO] [1790738709.706114271] [exploration]: v=+0.00 w=+0.00 | 转向完成，停稳 front=1.10
[INFO] [1790738709.805409142] [exploration]: v=+0.00 w=-0.70 | 转向，由于危险 d=0.40
[INFO] [1790738709.907025529] [exploration]: v=+0.00 w=+0.00 | 转向完成，停稳 front=1.09
[INFO] [1790738710.006158508] [exploration]: v=+0.00 w=+0.70 | 转向，由于危险 d=0.40
[INFO] [1790738710.105894065] [exploration]: v=+0.00 w=+0.70 | 转向中 front=0.13 目标>0.8
[INFO] [1790738710.205738831] [exploration]: v=+0.00 w=+0.70 | 转向中 front=0.15 目标>0.8
[INFO] [1790738710.407157661] [exploration]: v=+0.00 w=+0.70 | 转向中 front=0.13 目标>0.8
[INFO] [1790738710.506488088] [exploration]: v=+0.00 w=+0.00 | 转向完成，停稳 front=0.87
[INFO] [1790738710.606772175] [exploration]: v=+0.20 w=+0.00 | 直行 d=0.88
