[INFO] [1790768773.698651235] [exploration]: 探索节点已启动
[INFO] [1790768773.699461755] [exploration]: v=+0.00 w=+0.00 | 尚未收到雷达数据
[INFO] [1790768773.786707308] [exploration]: v=+0.20 w=+0.00 | 直行 d=1.91
[INFO] [1790768773.987445576] [exploration]: v=+0.20 w=+0.00 | 直行 d=1.90
[INFO] [1790768774.088322355] [exploration]: v=+0.20 w=+0.00 | 直行 d=1.88
[INFO] [1790768774.188308403] [exploration]: v=+0.20 w=+0.00 | 直行 d=1.86
[INFO] [1790768774.287401671] [exploration]: v=+0.20 w=+0.00 | 直行 d=1.85
[INFO] [1790768774.387640199] [exploration]: v=+0.20 w=+0.00 | 直行 d=1.83
[INFO] [1790768774.486945093] [exploration]: v=+0.20 w=+0.00 | 直行 d=1.80
[INFO] [1790768774.588993695] [exploration]: v=+0.20 w=+0.00 | 直行 d=1.79
[INFO] [1790768774.689293355] [exploration]: v=+0.20 w=+0.00 | 直行 d=1.77
[INFO] [1790768774.789471167] [exploration]: v=+0.20 w=+0.00 | 直行 d=1.74
[INFO] [1790768774.889928816] [exploration]: v=+0.20 w=+0.00 | 直行 d=1.72
[INFO] [1790768774.991116976] [exploration]: v=+0.20 w=+0.00 | 直行 d=1.70
[INFO] [1790768775.090502683] [exploration]: v=+0.20 w=+0.00 | 直行 d=1.68
[INFO] [1790768775.188635765] [exploration]: v=+0.20 w=+0.00 | 直行 d=1.66
[INFO] [1790768775.289515069] [exploration]: v=+0.20 w=+0.00 | 直行 d=1.63
[INFO] [1790768775.391151357] [exploration]: v=+0.20 w=+0.00 | 直行 d=1.61
[INFO] [1790768775.489734026] [exploration]: v=+0.20 w=+0.00 | 直行 d=1.60
[INFO] [1790768775.590998060] [exploration]: v=+0.20 w=+0.00 | 直行 d=1.58
[INFO] [1790768775.691215648] [exploration]: v=+0.20 w=+0.00 | 直行 d=1.55
[INFO] [1790768775.791778433] [exploration]: v=+0.20 w=+0.00 | 直行 d=1.54
[INFO] [1790768775.890871811] [exploration]: v=+0.20 w=+0.00 | 直行 d=1.52
[INFO] [1790768775.991168478] [exploration]: v=+0.20 w=+0.00 | 直行 d=1.51
[INFO] [1790768776.092519679] [exploration]: v=+0.20 w=+0.00 | 直行 d=1.48
[INFO] [1790768776.193136122] [exploration]: v=+0.20 w=+0.00 | 直行 d=1.45
[INFO] [1790768776.293278707] [exploration]: v=+0.20 w=+0.00 | 直行 d=1.44
[INFO] [1790768776.391379281] [exploration]: v=+0.20 w=+0.00 | 直行 d=1.42
[INFO] [1790768776.491462931] [exploration]: v=+0.20 w=+0.00 | 直行 d=1.41
[INFO] [1790768776.592775018] [exploration]: v=+0.20 w=+0.00 | 直行 d=1.38
[INFO] [1790768776.692111282] [exploration]: v=+0.20 w=+0.00 | 直行 d=1.36
[INFO] [1790768776.793052329] [exploration]: v=+0.20 w=+0.00 | 直行 d=1.34
[INFO] [1790768776.894313152] [exploration]: v=+0.20 w=+0.00 | 直行 d=1.31
[INFO] [1790768776.993960482] [exploration]: v=+0.20 w=+0.00 | 直行 d=1.29
[INFO] [1790768777.093394915] [exploration]: v=+0.20 w=+0.00 | 直行 d=1.27
[INFO] [1790768777.292984931] [exploration]: v=+0.20 w=+0.00 | 直行 d=1.25
[INFO] [1790768777.392949379] [exploration]: v=+0.20 w=+0.00 | 直行 d=1.23
[INFO] [1790768777.493798034] [exploration]: v=+0.20 w=+0.00 | 直行 d=1.21
[INFO] [1790768777.593760317] [exploration]: v=+0.20 w=+0.00 | 直行 d=1.18
[INFO] [1790768777.693844183] [exploration]: v=+0.20 w=+0.00 | 直行 d=1.16
[INFO] [1790768777.793886139] [exploration]: v=+0.20 w=+0.00 | 直行 d=1.13
[INFO] [1790768777.893888686] [exploration]: v=+0.20 w=+0.00 | 直行 d=1.12
[INFO] [1790768777.993484746] [exploration]: v=+0.20 w=+0.00 | 直行 d=1.11
[INFO] [1790768778.093520653] [exploration]: v=+0.20 w=+0.00 | 直行 d=1.08
[INFO] [1790768778.194211704] [exploration]: v=+0.20 w=+0.00 | 直行 d=1.07
[INFO] [1790768778.294258363] [exploration]: v=+0.20 w=+0.00 | 直行 d=1.05
[INFO] [1790768778.393933307] [exploration]: v=+0.20 w=+0.00 | 直行 d=1.02
[INFO] [1790768778.495033754] [exploration]: v=+0.20 w=+0.00 | 直行 d=1.01
[INFO] [1790768778.594852012] [exploration]: v=+0.20 w=+0.00 | 直行 d=0.98
[INFO] [1790768778.696010036] [exploration]: v=+0.20 w=+0.00 | 直行 d=0.95
[INFO] [1790768778.795489705] [exploration]: v=+0.20 w=+0.00 | 直行 d=0.94
[INFO] [1790768778.894517647] [exploration]: v=+0.20 w=+0.00 | 直行 d=0.92
[INFO] [1790768778.995273499] [exploration]: v=+0.20 w=+0.00 | 直行 d=0.91
[INFO] [1790768779.096119177] [exploration]: v=+0.20 w=+0.00 | 直行 d=0.88
[INFO] [1790768779.196339755] [exploration]: v=+0.20 w=+0.00 | 直行 d=0.86
[INFO] [1790768779.297193541] [exploration]: v=+0.20 w=+0.00 | 直行 d=0.85
[INFO] [1790768779.398240269] [exploration]: v=+0.20 w=+0.00 | 直行 d=0.82
[INFO] [1790768779.499542139] [exploration]: v=+0.20 w=+0.00 | 直行 d=0.81
[INFO] [1790768779.599370667] [exploration]: v=+0.09 w=+0.00 | 减速 d=0.79
[INFO] [1790768779.699127294] [exploration]: v=+0.00 w=+0.50 | 进入转向 center=5° 由于危险 d=0.40
[INFO] [1790768779.797580796] [exploration]: v=-0.08 w=+0.00 | 转向中 center=-105° 在后方 → 倒退
[INFO] [1790768779.901247930] [exploration]: v=+0.00 w=+0.00 | 转向完成，停稳 对准 center=-5°
[INFO] [1790768779.998094389] [exploration]: v=+0.08 w=+0.00 | 减速 d=0.77
[INFO] [1790768780.099082073] [exploration]: v=+0.00 w=-0.50 | 进入转向 center=-170° 由于危险 d=0.13
[INFO] [1790768780.199535685] [exploration]: v=+0.00 w=+0.00 | 转向完成，停稳 对准 center=0°
[INFO] [1790768780.299027340] [exploration]: v=+0.07 w=+0.00 | 减速 d=0.73
[INFO] [1790768780.399701681] [exploration]: v=+0.00 w=+0.50 | 进入转向 center=180° 由于危险 d=0.14
[INFO] [1790768780.499772539] [exploration]: v=+0.00 w=+0.00 | 转向完成，停稳 对准 center=0°
[INFO] [1790768780.599818462] [exploration]: v=+0.00 w=+0.50 | 进入转向 center=175° 由于危险 d=0.13
[INFO] [1790768780.701241602] [exploration]: v=-0.08 w=+0.00 | 转向中 center=175° 在后方 → 倒退
[INFO] [1790768780.801269378] [exploration]: v=+0.00 w=+0.00 | 转向完成，停稳 对准 center=-15°
[INFO] [1790768780.899574181] [exploration]: v=+0.00 w=-0.50 | 进入转向 center=-10° 由于危险 d=0.15
[INFO] [1790768781.000384630] [exploration]: v=+0.00 w=+0.50 | 转向中 center=25°
[INFO] [1790768781.100077887] [exploration]: v=-0.08 w=+0.00 | 转向中 center=180° 在后方 → 倒退
[INFO] [1790768781.301262423] [exploration]: v=+0.00 w=+0.00 | 转向完成，停稳 对准 center=5°
[INFO] [1790768781.401927311] [exploration]: v=+0.00 w=-0.50 | 进入转向 center=-15° 由于危险 d=0.14
[INFO] [1790768781.501862774] [exploration]: v=-0.08 w=+0.00 | 转向中 center=-175° 在后方 → 倒退
[INFO] [1790768781.601254346] [exploration]: v=-0.08 w=+0.00 | 转向中 center=180° 在后方 → 倒退
[INFO] [1790768781.902408503] [exploration]: v=+0.00 w=+0.00 | 转向完成，停稳 对准 center=0°
[INFO] [1790768782.001216300] [exploration]: v=+0.09 w=+0.00 | 减速 d=0.79
[INFO] [1790768782.102895950] [exploration]: v=+0.08 w=+0.00 | 减速 d=0.78
[INFO] [1790768782.402936123] [exploration]: v=+0.08 w=+0.00 | 减速 d=0.77
[INFO] [1790768782.502959646] [exploration]: v=+0.08 w=+0.00 | 减速 d=0.74
[INFO] [1790768782.602646144] [exploration]: v=+0.08 w=+0.00 | 减速 d=0.75
[INFO] [1790768782.702570980] [exploration]: v=+0.07 w=+0.00 | 减速 d=0.74
[INFO] [1790768782.903258454] [exploration]: v=+0.07 w=+0.00 | 减速 d=0.72
[INFO] [1790768783.104062334] [exploration]: v=+0.07 w=+0.00 | 减速 d=0.71
[INFO] [1790768783.204780353] [exploration]: v=+0.07 w=+0.00 | 减速 d=0.70
[INFO] [1790768783.404392143] [exploration]: v=+0.06 w=+0.00 | 减速 d=0.69
[INFO] [1790768783.603601751] [exploration]: v=+0.06 w=+0.00 | 减速 d=0.68
[INFO] [1790768783.703529250] [exploration]: v=+0.06 w=+0.00 | 减速 d=0.67
[INFO] [1790768783.904967798] [exploration]: v=+0.06 w=+0.00 | 减速 d=0.66
[INFO] [1790768784.005437762] [exploration]: v=+0.05 w=+0.00 | 减速 d=0.65
[INFO] [1790768784.105512646] [exploration]: v=+0.06 w=+0.00 | 减速 d=0.66
[INFO] [1790768784.205120587] [exploration]: v=+0.05 w=+0.00 | 减速 d=0.65
[INFO] [1790768784.304963300] [exploration]: v=+0.05 w=+0.00 | 减速 d=0.64
[INFO] [1790768784.504938920] [exploration]: v=+0.05 w=+0.00 | 减速 d=0.63
[INFO] [1790768784.606159609] [exploration]: v=+0.05 w=+0.00 | 减速 d=0.62
[INFO] [1790768784.705777164] [exploration]: v=+0.05 w=+0.00 | 减速 d=0.63
[INFO] [1790768784.805146135] [exploration]: v=+0.05 w=+0.00 | 减速 d=0.62
[INFO] [1790768784.905372258] [exploration]: v=+0.05 w=+0.00 | 减速 d=0.60
[INFO] [1790768785.305988484] [exploration]: v=+0.05 w=+0.00 | 减速 d=0.59
[INFO] [1790768785.406567047] [exploration]: v=+0.05 w=+0.00 | 减速 d=0.57
[INFO] [1790768785.506825940] [exploration]: v=+0.05 w=+0.00 | 减速 d=0.58
[INFO] [1790768785.707281605] [exploration]: v=+0.05 w=+0.00 | 减速 d=0.57
[INFO] [1790768786.008974684] [exploration]: v=+0.05 w=+0.00 | 减速 d=0.56
[INFO] [1790768786.108434165] [exploration]: v=+0.05 w=+0.00 | 减速 d=0.55
[INFO] [1790768786.408997898] [exploration]: v=+0.05 w=+0.00 | 减速 d=0.54
[INFO] [1790768786.608927613] [exploration]: v=+0.05 w=+0.00 | 减速 d=0.55
[INFO] [1790768786.708934677] [exploration]: v=+0.05 w=+0.00 | 减速 d=0.54
[INFO] [1790768787.110044068] [exploration]: v=+0.05 w=+0.00 | 减速 d=0.53
[INFO] [1790768787.210268689] [exploration]: v=+0.05 w=+0.00 | 减速 d=0.51
[INFO] [1790768787.311184808] [exploration]: v=+0.05 w=+0.00 | 减速 d=0.53
[INFO] [1790768787.411386556] [exploration]: v=+0.05 w=+0.00 | 减速 d=0.51
[INFO] [1790768787.511581982] [exploration]: v=+0.05 w=+0.00 | 减速 d=0.55
[INFO] [1790768787.611306152] [exploration]: v=+0.05 w=+0.00 | 减速 d=0.53
[INFO] [1790768787.810718207] [exploration]: v=+0.05 w=+0.00 | 减速 d=0.52
[INFO] [1790768787.912309688] [exploration]: v=+0.05 w=+0.00 | 减速 d=0.53
[INFO] [1790768788.011206480] [exploration]: v=+0.05 w=+0.00 | 减速 d=0.54
[INFO] [1790768788.110041618] [exploration]: v=+0.05 w=+0.00 | 减速 d=0.53
[INFO] [1790768788.310697216] [exploration]: v=+0.05 w=+0.00 | 减速 d=0.52
[INFO] [1790768788.411700335] [exploration]: v=+0.05 w=+0.00 | 减速 d=0.53
[INFO] [1790768788.613000398] [exploration]: v=+0.05 w=+0.00 | 减速 d=0.51
[INFO] [1790768788.713242505] [exploration]: v=+0.05 w=+0.00 | 减速 d=0.52
[INFO] [1790768789.014962124] [exploration]: v=+0.05 w=+0.00 | 减速 d=0.54
[INFO] [1790768789.113934700] [exploration]: v=+0.05 w=+0.00 | 减速 d=0.52
[INFO] [1790768789.214019557] [exploration]: v=+0.05 w=+0.00 | 减速 d=0.53
[INFO] [1790768789.314322804] [exploration]: v=+0.05 w=+0.00 | 减速 d=0.49
[INFO] [1790768789.414801491] [exploration]: v=+0.05 w=+0.00 | 减速 d=0.51
[INFO] [1790768789.813521480] [exploration]: v=+0.05 w=+0.00 | 减速 d=0.50
[INFO] [1790768789.914351800] [exploration]: v=+0.05 w=+0.00 | 减速 d=0.53
[INFO] [1790768790.014682862] [exploration]: v=+0.05 w=+0.00 | 减速 d=0.51
[INFO] [1790768790.216119534] [exploration]: v=+0.05 w=+0.00 | 减速 d=0.50
[INFO] [1790768790.315072628] [exploration]: v=+0.05 w=+0.00 | 减速 d=0.51
[INFO] [1790768790.415356321] [exploration]: v=+0.05 w=+0.00 | 减速 d=0.50
[INFO] [1790768790.616117383] [exploration]: v=+0.05 w=+0.00 | 减速 d=0.51
[INFO] [1790768790.716870256] [exploration]: v=+0.05 w=+0.00 | 减速 d=0.50
[INFO] [1790768790.816081989] [exploration]: v=+0.05 w=+0.00 | 减速 d=0.51
[INFO] [1790768790.917414398] [exploration]: v=+0.05 w=+0.00 | 减速 d=0.49
[INFO] [1790768791.017593503] [exploration]: v=+0.05 w=+0.00 | 减速 d=0.50
[INFO] [1790768791.217375085] [exploration]: v=+0.05 w=+0.00 | 减速 d=0.49
[INFO] [1790768791.418689685] [exploration]: v=+0.05 w=+0.00 | 减速 d=0.51
[INFO] [1790768791.517431913] [exploration]: v=+0.05 w=+0.00 | 减速 d=0.49
[INFO] [1790768791.618175288] [exploration]: v=+0.05 w=+0.00 | 减速 d=0.48
[INFO] [1790768791.817801526] [exploration]: v=+0.05 w=+0.00 | 减速 d=0.49
[INFO] [1790768792.118005136] [exploration]: v=+0.05 w=+0.00 | 减速 d=0.50
[INFO] [1790768792.316988842] [exploration]: v=+0.05 w=+0.00 | 减速 d=0.48
[INFO] [1790768792.417158068] [exploration]: v=+0.05 w=+0.00 | 减速 d=0.47
[INFO] [1790768792.517267258] [exploration]: v=+0.05 w=+0.00 | 减速 d=0.48
[INFO] [1790768792.618979085] [exploration]: v=+0.05 w=+0.00 | 减速 d=0.50
[INFO] [1790768792.818249728] [exploration]: v=+0.05 w=+0.00 | 减速 d=0.48
[INFO] [1790768792.919173382] [exploration]: v=+0.05 w=+0.00 | 减速 d=0.50
[INFO] [1790768793.019044751] [exploration]: v=+0.05 w=+0.00 | 减速 d=0.48
[INFO] [1790768793.418821523] [exploration]: v=+0.05 w=+0.00 | 减速 d=0.45
[INFO] [1790768793.519940409] [exploration]: v=+0.05 w=+0.00 | 减速 d=0.48
[INFO] [1790768793.818288763] [exploration]: v=+0.05 w=+0.00 | 减速 d=0.46
[INFO] [1790768793.918660378] [exploration]: v=+0.05 w=+0.00 | 减速 d=0.44
[INFO] [1790768794.119335221] [exploration]: v=+0.05 w=+0.00 | 减速 d=0.43
[INFO] [1790768794.219417387] [exploration]: v=+0.05 w=+0.00 | 减速 d=0.42
[INFO] [1790768794.318579127] [exploration]: v=+0.00 w=-0.50 | 进入转向 center=-140° 由于危险 d=0.40
[INFO] [1790768794.419319288] [exploration]: v=-0.08 w=+0.00 | 转向中 center=-140° 在后方 → 倒退
[INFO] [1790768794.621605226] [exploration]: v=-0.08 w=+0.00 | 转向中 center=180° 在后方 → 倒退
[INFO] [1790768794.721739322] [exploration]: v=+0.00 w=-0.50 | 转向中 center=-30°
[INFO] [1790768794.822252809] [exploration]: v=-0.08 w=+0.00 | 转向中 center=180° 在后方 → 倒退
[INFO] [1790768794.922119864] [exploration]: v=-0.08 w=+0.00 | 转向中 center=-165° 在后方 → 倒退
[INFO] [1790768795.022834050] [exploration]: v=-0.08 w=+0.00 | 转向中 center=-170° 在后方 → 倒退
[INFO] [1790768795.124015187] [exploration]: v=-0.08 w=+0.00 | 转向中 center=-130° 在后方 → 倒退
[INFO] [1790768795.423524810] [exploration]: v=-0.08 w=+0.00 | 转向中 center=-120° 在后方 → 倒退
[INFO] [1790768795.525047583] [exploration]: v=+0.00 w=+0.00 | 转向完成，停稳 对准 center=-20°
[INFO] [1790768795.623966129] [exploration]: v=+0.05 w=+0.00 | 减速 d=0.53
[INFO] [1790768795.724610951] [exploration]: v=+0.00 w=-0.50 | 进入转向 center=-5° 由于危险 d=0.15
[INFO] [1790768795.825412804] [exploration]: v=-0.08 w=+0.00 | 转向中 center=180° 在后方 → 倒退
[INFO] [1790768795.924217690] [exploration]: v=-0.08 w=+0.00 | 转向中 center=-140° 在后方 → 倒退
[INFO] [1790768796.022922193] [exploration]: v=-0.08 w=+0.00 | 转向中 center=175° 在后方 → 倒退
[INFO] [1790768796.124171510] [exploration]: v=+0.00 w=+0.00 | 转向完成，停稳 对准 center=-10°
[INFO] [1790768796.222954252] [exploration]: v=-0.08 w=+0.00 | 三面极近，倒退
[INFO] [1790768796.322489464] [exploration]: v=-0.08 w=+0.00 | 倒退
[INFO] [1790768797.025118267] [exploration]: v=+0.00 w=+0.00 | 倒退结束，停稳
[INFO] [1790768797.125237122] [exploration]: v=+0.05 w=+0.00 | 减速 d=0.60
[INFO] [1790768797.224923943] [exploration]: v=+0.05 w=+0.00 | 减速 d=0.59
[INFO] [1790768797.325691575] [exploration]: v=+0.05 w=+0.00 | 减速 d=0.60
[INFO] [1790768797.425704492] [exploration]: v=+0.05 w=+0.00 | 减速 d=0.59
[INFO] [1790768797.826402993] [exploration]: v=+0.05 w=+0.00 | 减速 d=0.60
[INFO] [1790768797.926991541] [exploration]: v=+0.05 w=+0.00 | 减速 d=0.62
[INFO] [1790768798.026503477] [exploration]: v=+0.05 w=+0.00 | 减速 d=0.61
[INFO] [1790768798.227356262] [exploration]: v=+0.05 w=+0.00 | 减速 d=0.60
[INFO] [1790768798.326692679] [exploration]: v=+0.05 w=+0.00 | 减速 d=0.61
[INFO] [1790768798.428309001] [exploration]: v=+0.05 w=+0.00 | 减速 d=0.59
[INFO] [1790768798.626750073] [exploration]: v=+0.05 w=+0.00 | 减速 d=0.60
[INFO] [1790768798.727990212] [exploration]: v=+0.05 w=+0.00 | 减速 d=0.59
[INFO] [1790768798.828135566] [exploration]: v=+0.05 w=+0.00 | 减速 d=0.60
[INFO] [1790768798.928347244] [exploration]: v=+0.05 w=+0.00 | 减速 d=0.59
[INFO] [1790768799.028467783] [exploration]: v=+0.05 w=+0.00 | 减速 d=0.60
[INFO] [1790768799.228885058] [exploration]: v=+0.05 w=+0.00 | 减速 d=0.58
[INFO] [1790768799.328333760] [exploration]: v=+0.05 w=+0.00 | 减速 d=0.60
[INFO] [1790768799.428575390] [exploration]: v=+0.05 w=+0.00 | 减速 d=0.57
[INFO] [1790768799.528905923] [exploration]: v=+0.05 w=+0.00 | 减速 d=0.59
[INFO] [1790768799.628820633] [exploration]: v=+0.05 w=+0.00 | 减速 d=0.60
[INFO] [1790768799.828386918] [exploration]: v=+0.05 w=+0.00 | 减速 d=0.61
[INFO] [1790768799.930827211] [exploration]: v=+0.05 w=+0.00 | 减速 d=0.58
[INFO] [1790768800.129956503] [exploration]: v=+0.05 w=+0.00 | 减速 d=0.55
[INFO] [1790768800.229597710] [exploration]: v=+0.05 w=+0.00 | 减速 d=0.52
[INFO] [1790768800.329461086] [exploration]: v=+0.05 w=+0.00 | 减速 d=0.50
[INFO] [1790768800.430504133] [exploration]: v=+0.05 w=+0.00 | 减速 d=0.49
[INFO] [1790768800.531266345] [exploration]: v=+0.05 w=+0.00 | 减速 d=0.46
[INFO] [1790768800.631006153] [exploration]: v=+0.05 w=+0.00 | 减速 d=0.48
[INFO] [1790768800.730868475] [exploration]: v=+0.05 w=+0.00 | 减速 d=0.45
[INFO] [1790768800.832000162] [exploration]: v=+0.05 w=+0.00 | 减速 d=0.43
[INFO] [1790768800.931087305] [exploration]: v=+0.05 w=+0.00 | 减速 d=0.44
[INFO] [1790768801.032229198] [exploration]: v=+0.00 w=-0.50 | 进入转向 center=-140° 由于危险 d=0.40
[INFO] [1790768801.133210639] [exploration]: v=-0.08 w=+0.00 | 转向中 center=-140° 在后方 → 倒退
[INFO] [1790768801.332621705] [exploration]: v=-0.08 w=+0.00 | 转向中 center=180° 在后方 → 倒退
[INFO] [1790768801.433753521] [exploration]: v=-0.08 w=+0.00 | 转向中 center=-135° 在后方 → 倒退
[INFO] [1790768801.534278491] [exploration]: v=+0.00 w=-0.50 | 转向中 center=-25°
[INFO] [1790768801.632143852] [exploration]: v=-0.08 w=+0.00 | 三面极近，倒退
[INFO] [1790768801.731559734] [exploration]: v=-0.08 w=+0.00 | 倒退
[INFO] [1790768802.433441414] [exploration]: v=+0.00 w=+0.00 | 倒退结束，停稳
[INFO] [1790768802.534826022] [exploration]: v=-0.08 w=+0.00 | 转向中 center=-140° 在后方 → 倒退
[INFO] [1790768802.635502777] [exploration]: v=-0.08 w=+0.00 | 转向中 center=180° 在后方 → 倒退
[INFO] [1790768802.736561018] [exploration]: v=-0.08 w=+0.00 | 转向中 center=-175° 在后方 → 倒退
[INFO] [1790768802.836113249] [exploration]: v=-0.08 w=+0.00 | 转向中 center=-145° 在后方 → 倒退
[INFO] [1790768802.936555218] [exploration]: v=+0.00 w=-0.50 | 转向中 center=-30°
[INFO] [1790768803.035952581] [exploration]: v=-0.08 w=+0.00 | 三面极近，倒退
[INFO] [1790768803.135110552] [exploration]: v=-0.08 w=+0.00 | 倒退
[INFO] [1790768803.837750997] [exploration]: v=+0.00 w=+0.00 | 倒退结束，停稳
[INFO] [1790768803.936658218] [exploration]: v=-0.08 w=+0.00 | 三面极近，倒退
[INFO] [1790768804.037612682] [exploration]: v=-0.08 w=+0.00 | 倒退
[INFO] [1790768804.738800930] [exploration]: v=+0.00 w=+0.00 | 倒退结束，停稳
[INFO] [1790768804.839482236] [exploration]: v=+0.00 w=+0.00 | 转向完成，停稳 对准 center=-5°
[INFO] [1790768804.938623537] [exploration]: v=+0.07 w=+0.00 | 减速 d=0.70
[INFO] [1790768805.038504365] [exploration]: v=+0.06 w=+0.00 | 减速 d=0.69
[INFO] [1790768805.138667659] [exploration]: v=+0.05 w=+0.00 | 减速 d=0.60
[INFO] [1790768805.240171609] [exploration]: v=+0.00 w=+0.50 | 进入转向 center=180° 由于危险 d=0.13
[INFO] [1790768805.340063148] [exploration]: v=-0.08 w=+0.00 | 转向中 center=-150° 在后方 → 倒退
[INFO] [1790768805.439204743] [exploration]: v=-0.08 w=+0.00 | 三面极近，倒退
[INFO] [1790768805.539256217] [exploration]: v=-0.08 w=+0.00 | 倒退
[INFO] [1790768806.242509357] [exploration]: v=+0.00 w=+0.00 | 倒退结束，停稳
[INFO] [1790768806.343778714] [exploration]: v=+0.00 w=+0.00 | 转向完成，停稳 对准 center=0°
[INFO] [1790768806.441050667] [exploration]: v=-0.08 w=+0.00 | 三面极近，倒退
[INFO] [1790768806.541453487] [exploration]: v=-0.08 w=+0.00 | 倒退
[INFO] [1790768807.243459470] [exploration]: v=+0.00 w=+0.00 | 倒退结束，停稳
[INFO] [1790768807.344964949] [exploration]: v=+0.00 w=-0.50 | 进入转向 center=-135° 由于危险 d=0.14
[INFO] [1790768807.443004815] [exploration]: v=-0.08 w=+0.00 | 转向中 center=-145° 在后方 → 倒退
[INFO] [1790768807.544018277] [exploration]: v=-0.08 w=+0.00 | 三面极近，倒退
[INFO] [1790768807.643664617] [exploration]: v=-0.08 w=+0.00 | 倒退
[INFO] [1790768808.344790410] [exploration]: v=+0.00 w=+0.00 | 倒退结束，停稳
[INFO] [1790768808.446280764] [exploration]: v=+0.00 w=+0.00 | 转向完成，停稳 对准 center=0°
[INFO] [1790768808.545541471] [exploration]: v=-0.08 w=+0.00 | 三面极近，倒退
[INFO] [1790768808.644837536] [exploration]: v=-0.08 w=+0.00 | 倒退
[INFO] [1790768809.346519579] [exploration]: v=+0.00 w=+0.00 | 倒退结束，停稳
[INFO] [1790768809.446909968] [exploration]: v=+0.20 w=+0.00 | 直行 d=0.80
[INFO] [1790768809.546357614] [exploration]: v=+0.00 w=-0.50 | 进入转向 center=-155° 由于危险 d=0.15
[INFO] [1790768809.648658424] [exploration]: v=-0.08 w=+0.00 | 转向中 center=180° 在后方 → 倒退
[INFO] [1790768809.746977063] [exploration]: v=-0.08 w=+0.00 | 三面极近，倒退
[INFO] [1790768809.847044535] [exploration]: v=-0.08 w=+0.00 | 倒退
[INFO] [1790768810.548795505] [exploration]: v=+0.00 w=+0.00 | 倒退结束，停稳
[INFO] [1790768810.650585361] [exploration]: v=+0.00 w=+0.00 | 转向完成，停稳 对准 center=-5°
[INFO] [1790768810.749379138] [exploration]: v=+0.00 w=-0.50 | 进入转向 center=-130° 由于危险 d=0.40
[INFO] [1790768810.850457882] [exploration]: v=+0.00 w=+0.00 | 转向完成，停稳 对准 center=-20°
[INFO] [1790768810.949978390] [exploration]: v=+0.20 w=+0.00 | 直行 d=1.19
[INFO] [1790768811.048724611] [exploration]: v=+0.20 w=+0.00 | 直行 d=1.03
[INFO] [1790768811.151174403] [exploration]: v=+0.20 w=+0.00 | 直行 d=1.04
[INFO] [1790768811.250245883] [exploration]: v=+0.20 w=+0.00 | 直行 d=1.07
[INFO] [1790768811.350191549] [exploration]: v=+0.20 w=+0.00 | 直行 d=1.05
[INFO] [1790768811.451505120] [exploration]: v=+0.20 w=+0.00 | 直行 d=1.07
[INFO] [1790768811.551176301] [exploration]: v=+0.20 w=+0.00 | 直行 d=1.09
[INFO] [1790768811.750526859] [exploration]: v=+0.20 w=+0.00 | 直行 d=1.10
[INFO] [1790768811.851593778] [exploration]: v=+0.20 w=+0.00 | 直行 d=1.08
[INFO] [1790768811.950898726] [exploration]: v=+0.20 w=+0.00 | 直行 d=1.10
[INFO] [1790768812.051319795] [exploration]: v=+0.20 w=+0.00 | 直行 d=1.11
[INFO] [1790768812.153139334] [exploration]: v=+0.20 w=+0.00 | 直行 d=1.09
[INFO] [1790768812.252182648] [exploration]: v=+0.20 w=+0.00 | 直行 d=1.10
[INFO] [1790768812.364330757] [exploration]: v=+0.20 w=+0.00 | 直行 d=1.11
[INFO] [1790768812.455949045] [exploration]: v=+0.20 w=+0.00 | 直行 d=1.12
[INFO] [1790768812.655919368] [exploration]: v=+0.20 w=+0.00 | 直行 d=1.14
[INFO] [1790768812.754628563] [exploration]: v=+0.20 w=+0.00 | 直行 d=1.12
[INFO] [1790768812.853718774] [exploration]: v=+0.20 w=+0.00 | 直行 d=1.11
[INFO] [1790768812.953816975] [exploration]: v=+0.20 w=+0.00 | 直行 d=1.12
[INFO] [1790768813.054308892] [exploration]: v=+0.20 w=+0.00 | 直行 d=1.11
[INFO] [1790768813.153391383] [exploration]: v=+0.20 w=+0.00 | 直行 d=1.15
[INFO] [1790768813.254432660] [exploration]: v=+0.20 w=+0.00 | 直行 d=1.13
[INFO] [1790768813.454890158] [exploration]: v=+0.20 w=+0.00 | 直行 d=1.15
[INFO] [1790768813.654993357] [exploration]: v=+0.20 w=+0.00 | 直行 d=1.16
[INFO] [1790768813.754837018] [exploration]: v=+0.20 w=+0.00 | 直行 d=1.15
[INFO] [1790768813.855346345] [exploration]: v=+0.20 w=+0.00 | 直行 d=1.16
[INFO] [1790768813.955826086] [exploration]: v=+0.20 w=+0.00 | 直行 d=1.17
[INFO] [1790768814.055946579] [exploration]: v=+0.20 w=+0.00 | 直行 d=1.16
[INFO] [1790768814.255282739] [exploration]: v=+0.20 w=+0.00 | 直行 d=1.14
[INFO] [1790768814.355446525] [exploration]: v=+0.20 w=+0.00 | 直行 d=1.16
[INFO] [1790768814.555613962] [exploration]: v=+0.20 w=+0.00 | 直行 d=1.15
[INFO] [1790768814.655969865] [exploration]: v=+0.20 w=+0.00 | 直行 d=1.18
[INFO] [1790768814.755330778] [exploration]: v=+0.20 w=+0.00 | 直行 d=1.21
[INFO] [1790768814.856739715] [exploration]: v=+0.20 w=+0.00 | 直行 d=1.18
[INFO] [1790768814.956872936] [exploration]: v=+0.20 w=+0.00 | 直行 d=1.19
[INFO] [1790768815.055870816] [exploration]: v=+0.20 w=+0.00 | 直行 d=1.18
[INFO] [1790768815.156625244] [exploration]: v=+0.20 w=+0.00 | 直行 d=1.20
[INFO] [1790768815.257557753] [exploration]: v=+0.20 w=+0.00 | 直行 d=1.19
[INFO] [1790768815.357998816] [exploration]: v=+0.20 w=+0.00 | 直行 d=1.20
[INFO] [1790768815.657535625] [exploration]: v=+0.20 w=+0.00 | 直行 d=1.23
[INFO] [1790768815.757703074] [exploration]: v=+0.20 w=+0.00 | 直行 d=1.21
[INFO] [1790768815.858045314] [exploration]: v=+0.20 w=+0.00 | 直行 d=1.20
[INFO] [1790768815.958254114] [exploration]: v=+0.20 w=+0.00 | 直行 d=1.21
[INFO] [1790768816.259432515] [exploration]: v=+0.20 w=+0.00 | 直行 d=1.23
[INFO] [1790768816.459755249] [exploration]: v=+0.20 w=+0.00 | 直行 d=1.25
[INFO] [1790768816.759947085] [exploration]: v=+0.20 w=+0.00 | 直行 d=1.24
[INFO] [1790768816.960506503] [exploration]: v=+0.20 w=+0.00 | 直行 d=1.26
[INFO] [1790768817.060388143] [exploration]: v=+0.20 w=+0.00 | 直行 d=1.25
[INFO] [1790768817.160559227] [exploration]: v=+0.20 w=+0.00 | 直行 d=1.24
[INFO] [1790768817.261962854] [exploration]: v=+0.20 w=+0.00 | 直行 d=1.27
[INFO] [1790768817.361549677] [exploration]: v=+0.20 w=+0.00 | 直行 d=1.25
[INFO] [1790768817.462756800] [exploration]: v=+0.20 w=+0.00 | 直行 d=1.28
[INFO] [1790768817.662846253] [exploration]: v=+0.20 w=+0.00 | 直行 d=1.27
[INFO] [1790768817.861325258] [exploration]: v=+0.20 w=+0.00 | 直行 d=1.29
[INFO] [1790768817.961818582] [exploration]: v=+0.20 w=+0.00 | 直行 d=1.30
[INFO] [1790768818.061709124] [exploration]: v=+0.20 w=+0.00 | 直行 d=1.28
[INFO] [1790768818.162539911] [exploration]: v=+0.20 w=+0.00 | 直行 d=1.30
[INFO] [1790768818.468906737] [exploration]: v=+0.20 w=+0.00 | 直行 d=1.28
[INFO] [1790768818.664186779] [exploration]: v=+0.20 w=+0.00 | 直行 d=1.29
[INFO] [1790768818.764590355] [exploration]: v=+0.20 w=+0.00 | 直行 d=1.32
[INFO] [1790768818.864761967] [exploration]: v=+0.20 w=+0.00 | 直行 d=1.31
[INFO] [1790768819.164934399] [exploration]: v=+0.20 w=+0.00 | 直行 d=1.32
[INFO] [1790768819.265293836] [exploration]: v=+0.20 w=+0.00 | 直行 d=1.31
[INFO] [1790768819.365937306] [exploration]: v=+0.20 w=+0.00 | 直行 d=1.33
[INFO] [1790768819.565916022] [exploration]: v=+0.20 w=+0.00 | 直行 d=1.32
[INFO] [1790768819.666093071] [exploration]: v=+0.20 w=+0.00 | 直行 d=1.34
[INFO] [1790768819.766099431] [exploration]: v=+0.20 w=+0.00 | 直行 d=1.33
[INFO] [1790768819.866851318] [exploration]: v=+0.20 w=+0.00 | 直行 d=1.34
[INFO] [1790768819.967231718] [exploration]: v=+0.20 w=+0.00 | 直行 d=1.35
[INFO] [1790768820.167401098] [exploration]: v=+0.20 w=+0.00 | 直行 d=1.33
[INFO] [1790768820.266343476] [exploration]: v=+0.20 w=+0.00 | 直行 d=1.34
[INFO] [1790768820.365995354] [exploration]: v=+0.20 w=+0.00 | 直行 d=1.35
[INFO] [1790768820.567708980] [exploration]: v=+0.20 w=+0.00 | 直行 d=1.37
[INFO] [1790768820.667231342] [exploration]: v=+0.20 w=+0.00 | 直行 d=1.36
[INFO] [1790768820.866050098] [exploration]: v=+0.20 w=+0.00 | 直行 d=1.35
[INFO] [1790768820.966881568] [exploration]: v=+0.20 w=+0.00 | 直行 d=1.39
[INFO] [1790768821.067106712] [exploration]: v=+0.20 w=+0.00 | 直行 d=1.36
[INFO] [1790768821.166777692] [exploration]: v=+0.20 w=+0.00 | 直行 d=1.37
[INFO] [1790768821.268238256] [exploration]: v=+0.20 w=+0.00 | 直行 d=1.38
[INFO] [1790768821.468175552] [exploration]: v=+0.20 w=+0.00 | 直行 d=1.39
[INFO] [1790768821.568038401] [exploration]: v=+0.20 w=+0.00 | 直行 d=1.38
[INFO] [1790768821.868792397] [exploration]: v=+0.20 w=+0.00 | 直行 d=1.39
[INFO] [1790768821.968720374] [exploration]: v=+0.20 w=+0.00 | 直行 d=1.41
[INFO] [1790768822.070283282] [exploration]: v=+0.20 w=+0.00 | 直行 d=1.40
[INFO] [1790768822.170197723] [exploration]: v=+0.20 w=+0.00 | 直行 d=1.41
[INFO] [1790768822.269618304] [exploration]: v=+0.20 w=+0.00 | 直行 d=1.40
[INFO] [1790768822.370103343] [exploration]: v=+0.20 w=+0.00 | 直行 d=1.52
[INFO] [1790768822.471715980] [exploration]: v=+0.20 w=+0.00 | 直行 d=1.55
[INFO] [1790768822.569779911] [exploration]: v=+0.20 w=+0.00 | 直行 d=1.56
[INFO] [1790768822.670220198] [exploration]: v=+0.20 w=+0.00 | 直行 d=1.55
[INFO] [1790768822.770559583] [exploration]: v=+0.20 w=+0.00 | 直行 d=1.56
[INFO] [1790768822.870788169] [exploration]: v=+0.20 w=+0.00 | 直行 d=1.55
[INFO] [1790768822.971131993] [exploration]: v=+0.20 w=+0.00 | 直行 d=1.42
[INFO] [1790768823.070545116] [exploration]: v=+0.20 w=+0.00 | 直行 d=1.45
[INFO] [1790768823.170877228] [exploration]: v=+0.20 w=+0.00 | 直行 d=1.43
[INFO] [1790768823.271259908] [exploration]: v=+0.20 w=+0.00 | 直行 d=1.41
[INFO] [1790768823.371640222] [exploration]: v=+0.20 w=+0.00 | 直行 d=1.45
[INFO] [1790768823.471424600] [exploration]: v=+0.20 w=+0.00 | 直行 d=1.44
[INFO] [1790768823.571568210] [exploration]: v=+0.20 w=+0.00 | 直行 d=1.43
[INFO] [1790768823.671575856] [exploration]: v=+0.20 w=+0.00 | 直行 d=1.45
[INFO] [1790768823.771665643] [exploration]: v=+0.20 w=+0.00 | 直行 d=1.44
[INFO] [1790768823.871879409] [exploration]: v=+0.20 w=+0.00 | 直行 d=1.43
[INFO] [1790768823.973031556] [exploration]: v=+0.20 w=+0.00 | 直行 d=1.46
[INFO] [1790768824.072451935] [exploration]: v=+0.20 w=+0.00 | 直行 d=1.48
[INFO] [1790768824.172750888] [exploration]: v=+0.20 w=+0.00 | 直行 d=1.47
[INFO] [1790768824.272626154] [exploration]: v=+0.20 w=+0.00 | 直行 d=1.45
[INFO] [1790768824.372999415] [exploration]: v=+0.20 w=+0.00 | 直行 d=1.46
[INFO] [1790768824.473505525] [exploration]: v=+0.20 w=+0.00 | 直行 d=1.47
[INFO] [1790768824.573735362] [exploration]: v=+0.20 w=+0.00 | 直行 d=1.46
[INFO] [1790768824.674486374] [exploration]: v=+0.20 w=+0.00 | 直行 d=1.48
[INFO] [1790768825.074715602] [exploration]: v=+0.20 w=+0.00 | 直行 d=1.50
[INFO] [1790768825.174823265] [exploration]: v=+0.20 w=+0.00 | 直行 d=1.49
[INFO] [1790768825.275435026] [exploration]: v=+0.20 w=+0.00 | 直行 d=1.47
[INFO] [1790768825.374753683] [exploration]: v=+0.20 w=+0.00 | 直行 d=1.48
[INFO] [1790768825.575670724] [exploration]: v=+0.20 w=+0.00 | 直行 d=1.50
[INFO] [1790768825.675677597] [exploration]: v=+0.20 w=+0.00 | 直行 d=1.48
[INFO] [1790768825.777098845] [exploration]: v=+0.20 w=+0.00 | 直行 d=1.50
[INFO] [1790768825.877126230] [exploration]: v=+0.20 w=+0.00 | 直行 d=1.48
[INFO] [1790768825.977586754] [exploration]: v=+0.20 w=+0.00 | 直行 d=1.52
[INFO] [1790768826.076210271] [exploration]: v=+0.20 w=+0.00 | 直行 d=1.51
[INFO] [1790768826.177571028] [exploration]: v=+0.20 w=+0.00 | 直行 d=1.50
[INFO] [1790768826.278340827] [exploration]: v=+0.20 w=+0.00 | 直行 d=1.51
[INFO] [1790768826.578213075] [exploration]: v=+0.20 w=+0.00 | 直行 d=1.54
[INFO] [1790768826.677734148] [exploration]: v=+0.20 w=+0.00 | 直行 d=1.53
[INFO] [1790768826.777284497] [exploration]: v=+0.20 w=+0.00 | 直行 d=1.52
[INFO] [1790768826.878321893] [exploration]: v=+0.20 w=+0.00 | 直行 d=1.54
[INFO] [1790768826.978649539] [exploration]: v=+0.20 w=+0.00 | 直行 d=1.55
[INFO] [1790768827.178281646] [exploration]: v=+0.20 w=+0.00 | 直行 d=1.52
[INFO] [1790768827.378396438] [exploration]: v=+0.20 w=+0.00 | 直行 d=1.54
[INFO] [1790768827.477963844] [exploration]: v=+0.20 w=+0.00 | 直行 d=1.53
[INFO] [1790768827.578906675] [exploration]: v=+0.20 w=+0.00 | 直行 d=1.54
[INFO] [1790768827.679172883] [exploration]: v=+0.20 w=+0.00 | 直行 d=1.51
[INFO] [1790768827.778688166] [exploration]: v=+0.20 w=+0.00 | 直行 d=1.52
[INFO] [1790768827.980533689] [exploration]: v=+0.20 w=+0.00 | 直行 d=1.54
[INFO] [1790768828.081664925] [exploration]: v=+0.20 w=+0.00 | 直行 d=1.50
[INFO] [1790768828.281601085] [exploration]: v=+0.20 w=+0.00 | 直行 d=1.52
[INFO] [1790768828.381350879] [exploration]: v=+0.20 w=+0.00 | 直行 d=1.51
[INFO] [1790768828.682654273] [exploration]: v=+0.20 w=+0.00 | 直行 d=1.50
[INFO] [1790768828.782026200] [exploration]: v=+0.20 w=+0.00 | 直行 d=1.49
[INFO] [1790768828.881134134] [exploration]: v=+0.20 w=+0.00 | 直行 d=1.50
[INFO] [1790768828.981118764] [exploration]: v=+0.20 w=+0.00 | 直行 d=1.48
[INFO] [1790768829.081289668] [exploration]: v=+0.20 w=+0.00 | 直行 d=1.49
[INFO] [1790768829.181192884] [exploration]: v=+0.20 w=+0.00 | 直行 d=1.48
[INFO] [1790768829.282216323] [exploration]: v=+0.20 w=+0.00 | 直行 d=1.47
[INFO] [1790768829.482855154] [exploration]: v=+0.20 w=+0.00 | 直行 d=1.49
[INFO] [1790768829.582770349] [exploration]: v=+0.20 w=+0.00 | 直行 d=1.48
[INFO] [1790768829.682980334] [exploration]: v=+0.20 w=+0.00 | 直行 d=1.47
[INFO] [1790768829.882931679] [exploration]: v=+0.20 w=+0.00 | 直行 d=1.48
[INFO] [1790768829.981874143] [exploration]: v=+0.20 w=+0.00 | 直行 d=1.49
[INFO] [1790768830.182915426] [exploration]: v=+0.20 w=+0.00 | 直行 d=1.48
[INFO] [1790768830.283192561] [exploration]: v=+0.20 w=+0.00 | 直行 d=1.50
[INFO] [1790768830.382879312] [exploration]: v=+0.20 w=+0.00 | 直行 d=1.52
[INFO] [1790768830.483122648] [exploration]: v=+0.20 w=+0.00 | 直行 d=1.50
[INFO] [1790768830.583267383] [exploration]: v=+0.20 w=+0.00 | 直行 d=1.51
[INFO] [1790768830.682941144] [exploration]: v=+0.20 w=+0.00 | 直行 d=1.49
[INFO] [1790768830.882877334] [exploration]: v=+0.20 w=+0.00 | 直行 d=1.52
[INFO] [1790768831.084064350] [exploration]: v=+0.20 w=+0.00 | 直行 d=1.50
[INFO] [1790768831.184986898] [exploration]: v=+0.20 w=+0.00 | 直行 d=1.53
[INFO] [1790768831.285950650] [exploration]: v=+0.20 w=+0.00 | 直行 d=1.49
[INFO] [1790768831.386007159] [exploration]: v=+0.20 w=+0.00 | 直行 d=1.52
[INFO] [1790768831.586695414] [exploration]: v=+0.20 w=+0.00 | 直行 d=1.48
[INFO] [1790768831.686796211] [exploration]: v=+0.20 w=+0.00 | 直行 d=1.50
[INFO] [1790768831.786277249] [exploration]: v=+0.20 w=+0.00 | 直行 d=1.51
[INFO] [1790768831.886066343] [exploration]: v=+0.20 w=+0.00 | 直行 d=1.52
[INFO] [1790768831.986720162] [exploration]: v=+0.20 w=+0.00 | 直行 d=1.49
[INFO] [1790768832.187483335] [exploration]: v=+0.20 w=+0.00 | 直行 d=1.48
[INFO] [1790768832.287030803] [exploration]: v=+0.20 w=+0.00 | 直行 d=1.49
[INFO] [1790768832.386229936] [exploration]: v=+0.20 w=+0.00 | 直行 d=1.47
[INFO] [1790768832.487311321] [exploration]: v=+0.20 w=+0.00 | 直行 d=1.46
[INFO] [1790768832.587035241] [exploration]: v=+0.20 w=+0.00 | 直行 d=1.48
[INFO] [1790768832.687715913] [exploration]: v=+0.20 w=+0.00 | 直行 d=1.47
[INFO] [1790768832.787300721] [exploration]: v=+0.20 w=+0.00 | 直行 d=1.48
[INFO] [1790768832.887656521] [exploration]: v=+0.20 w=+0.00 | 直行 d=1.46
[INFO] [1790768832.987307797] [exploration]: v=+0.20 w=+0.00 | 直行 d=1.47
[INFO] [1790768833.087828596] [exploration]: v=+0.20 w=+0.00 | 直行 d=1.46
[INFO] [1790768833.187919466] [exploration]: v=+0.20 w=+0.00 | 直行 d=1.45
[INFO] [1790768833.387936028] [exploration]: v=+0.20 w=+0.00 | 直行 d=1.44
[INFO] [1790768833.689466890] [exploration]: v=+0.20 w=+0.00 | 直行 d=1.45
[INFO] [1790768833.789498970] [exploration]: v=+0.20 w=+0.00 | 直行 d=1.42
[INFO] [1790768833.889564644] [exploration]: v=+0.20 w=+0.00 | 直行 d=1.43
[INFO] [1790768833.990877317] [exploration]: v=+0.20 w=+0.00 | 直行 d=1.44
[INFO] [1790768834.090046669] [exploration]: v=+0.20 w=+0.00 | 直行 d=1.43
[INFO] [1790768834.189449920] [exploration]: v=+0.20 w=+0.00 | 直行 d=1.41
[INFO] [1790768834.290793311] [exploration]: v=+0.20 w=+0.00 | 直行 d=1.43
[INFO] [1790768834.390792424] [exploration]: v=+0.20 w=+0.00 | 直行 d=1.42
[INFO] [1790768834.490629316] [exploration]: v=+0.20 w=+0.00 | 直行 d=1.40
[INFO] [1790768834.589660521] [exploration]: v=+0.20 w=+0.00 | 直行 d=1.41
[INFO] [1790768834.792357180] [exploration]: v=+0.20 w=+0.00 | 直行 d=1.40
[INFO] [1790768834.892357857] [exploration]: v=+0.20 w=+0.00 | 直行 d=1.41
[INFO] [1790768834.991094406] [exploration]: v=+0.20 w=+0.00 | 直行 d=1.40
[INFO] [1790768835.193593397] [exploration]: v=+0.20 w=+0.00 | 直行 d=1.39
[INFO] [1790768835.292380588] [exploration]: v=+0.20 w=+0.00 | 直行 d=1.37
[INFO] [1790768835.392520827] [exploration]: v=+0.20 w=+0.00 | 直行 d=1.38
[INFO] [1790768835.492716180] [exploration]: v=+0.20 w=+0.00 | 直行 d=1.37
[INFO] [1790768835.892231858] [exploration]: v=+0.20 w=+0.00 | 直行 d=1.36
[INFO] [1790768836.594109020] [exploration]: v=+0.20 w=+0.00 | 直行 d=1.35
[INFO] [1790768836.794469001] [exploration]: v=+0.20 w=+0.00 | 直行 d=1.33
[INFO] [1790768836.894486205] [exploration]: v=+0.20 w=+0.00 | 直行 d=1.34
[INFO] [1790768836.994616323] [exploration]: v=+0.20 w=+0.00 | 直行 d=1.32
[INFO] [1790768837.095913652] [exploration]: v=+0.20 w=+0.00 | 直行 d=1.33
[INFO] [1790768837.496399127] [exploration]: v=+0.20 w=+0.00 | 直行 d=1.30
[INFO] [1790768837.595772705] [exploration]: v=+0.20 w=+0.00 | 直行 d=1.32
[INFO] [1790768837.697652793] [exploration]: v=+0.20 w=+0.00 | 直行 d=1.31
[INFO] [1790768837.797670540] [exploration]: v=+0.20 w=+0.00 | 直行 d=1.30
[INFO] [1790768837.896693165] [exploration]: v=+0.20 w=+0.00 | 直行 d=1.32
[INFO] [1790768837.996236095] [exploration]: v=+0.20 w=+0.00 | 直行 d=1.30
[INFO] [1790768838.197851310] [exploration]: v=+0.20 w=+0.00 | 直行 d=1.29
[INFO] [1790768838.297230705] [exploration]: v=+0.20 w=+0.00 | 直行 d=3.09
[INFO] [1790768838.396927855] [exploration]: v=+0.20 w=+0.00 | 直行 d=3.07
[INFO] [1790768838.497013166] [exploration]: v=+0.20 w=+0.00 | 直行 d=3.06
[INFO] [1790768838.598272272] [exploration]: v=+0.20 w=+0.00 | 直行 d=3.04
[INFO] [1790768838.697514197] [exploration]: v=+0.20 w=+0.00 | 直行 d=3.02
[INFO] [1790768838.896508640] [exploration]: v=+0.20 w=+0.00 | 直行 d=2.99
[INFO] [1790768838.998701687] [exploration]: v=+0.20 w=+0.00 | 直行 d=2.97
[INFO] [1790768839.096642062] [exploration]: v=+0.20 w=+0.00 | 直行 d=2.96
[INFO] [1790768839.198376437] [exploration]: v=+0.20 w=+0.00 | 直行 d=2.94
[INFO] [1790768839.297968690] [exploration]: v=+0.20 w=+0.00 | 直行 d=2.92
[INFO] [1790768839.398671269] [exploration]: v=+0.20 w=+0.00 | 直行 d=2.88
[INFO] [1790768839.498713689] [exploration]: v=+0.20 w=+0.00 | 直行 d=2.87
[INFO] [1790768839.598568149] [exploration]: v=+0.20 w=+0.00 | 直行 d=2.86
[INFO] [1790768839.699309566] [exploration]: v=+0.20 w=+0.00 | 直行 d=2.83
[INFO] [1790768839.799488345] [exploration]: v=+0.20 w=+0.00 | 直行 d=2.81
[INFO] [1790768839.899921691] [exploration]: v=+0.20 w=+0.00 | 直行 d=2.79
[INFO] [1790768839.999955069] [exploration]: v=+0.20 w=+0.00 | 直行 d=2.76
[INFO] [1790768840.100464214] [exploration]: v=+0.20 w=+0.00 | 直行 d=2.75
[INFO] [1790768840.199591955] [exploration]: v=+0.20 w=+0.00 | 直行 d=2.74
[INFO] [1790768840.299281347] [exploration]: v=+0.20 w=+0.00 | 直行 d=2.71
[INFO] [1790768840.400783440] [exploration]: v=+0.20 w=+0.00 | 直行 d=2.69
[INFO] [1790768840.501600302] [exploration]: v=+0.20 w=+0.00 | 直行 d=2.67
[INFO] [1790768840.600445562] [exploration]: v=+0.20 w=+0.00 | 直行 d=2.64
[INFO] [1790768840.701001908] [exploration]: v=+0.20 w=+0.00 | 直行 d=2.65
[INFO] [1790768840.800833367] [exploration]: v=+0.20 w=+0.00 | 直行 d=2.61
[INFO] [1790768840.901063566] [exploration]: v=+0.20 w=+0.00 | 直行 d=2.59
[INFO] [1790768841.002783754] [exploration]: v=+0.20 w=+0.00 | 直行 d=2.57
[INFO] [1790768841.102062152] [exploration]: v=+0.20 w=+0.00 | 直行 d=2.54
[INFO] [1790768841.200928749] [exploration]: v=+0.20 w=+0.00 | 直行 d=2.53
[INFO] [1790768841.302662637] [exploration]: v=+0.20 w=+0.00 | 直行 d=2.51
[INFO] [1790768841.401287342] [exploration]: v=+0.20 w=+0.00 | 直行 d=2.50
[INFO] [1790768841.501193807] [exploration]: v=+0.20 w=+0.00 | 直行 d=2.48
[INFO] [1790768841.601680092] [exploration]: v=+0.20 w=+0.00 | 直行 d=2.44
[INFO] [1790768841.801854690] [exploration]: v=+0.20 w=+0.00 | 直行 d=2.42
[INFO] [1790768841.901995595] [exploration]: v=+0.20 w=+0.00 | 直行 d=2.40
[INFO] [1790768842.002585253] [exploration]: v=+0.20 w=+0.00 | 直行 d=2.39
[INFO] [1790768842.102093392] [exploration]: v=+0.20 w=+0.00 | 直行 d=2.36
[INFO] [1790768842.201600365] [exploration]: v=+0.20 w=+0.00 | 直行 d=2.33
[INFO] [1790768842.302228003] [exploration]: v=+0.20 w=+0.00 | 直行 d=2.32
[INFO] [1790768842.402860763] [exploration]: v=+0.20 w=+0.00 | 直行 d=2.29
[INFO] [1790768842.502135617] [exploration]: v=+0.20 w=+0.00 | 直行 d=2.26
[INFO] [1790768842.602358911] [exploration]: v=+0.20 w=+0.00 | 直行 d=2.25
[INFO] [1790768842.704976629] [exploration]: v=+0.20 w=+0.00 | 直行 d=2.23
[INFO] [1790768842.804019541] [exploration]: v=+0.20 w=+0.00 | 直行 d=2.21
[INFO] [1790768842.903754672] [exploration]: v=+0.20 w=+0.00 | 直行 d=2.20
[INFO] [1790768843.003469962] [exploration]: v=+0.20 w=+0.00 | 直行 d=2.17
[INFO] [1790768843.104266662] [exploration]: v=+0.20 w=+0.00 | 直行 d=2.16
[INFO] [1790768843.204373261] [exploration]: v=+0.20 w=+0.00 | 直行 d=2.14
[INFO] [1790768843.304881425] [exploration]: v=+0.20 w=+0.00 | 直行 d=2.11
[INFO] [1790768843.404840978] [exploration]: v=+0.20 w=+0.00 | 直行 d=2.09
[INFO] [1790768843.504653411] [exploration]: v=+0.20 w=+0.00 | 直行 d=2.07
[INFO] [1790768843.605221193] [exploration]: v=+0.20 w=+0.00 | 直行 d=2.06
[INFO] [1790768843.705684495] [exploration]: v=+0.20 w=+0.00 | 直行 d=2.05
[INFO] [1790768843.805297147] [exploration]: v=+0.20 w=+0.00 | 直行 d=2.02
[INFO] [1790768843.907437532] [exploration]: v=+0.20 w=+0.00 | 直行 d=2.01
[INFO] [1790768844.007613123] [exploration]: v=+0.20 w=+0.00 | 直行 d=1.99
[INFO] [1790768844.107417679] [exploration]: v=+0.20 w=+0.00 | 直行 d=1.96
[INFO] [1790768844.207300260] [exploration]: v=+0.20 w=+0.00 | 直行 d=1.94
[INFO] [1790768844.306704283] [exploration]: v=+0.20 w=+0.00 | 直行 d=1.92
[INFO] [1790768844.405969762] [exploration]: v=+0.20 w=+0.00 | 直行 d=1.89
[INFO] [1790768844.606475402] [exploration]: v=+0.20 w=+0.00 | 直行 d=1.86
[INFO] [1790768844.706491403] [exploration]: v=+0.20 w=+0.00 | 直行 d=1.85
[INFO] [1790768844.806172478] [exploration]: v=+0.20 w=+0.00 | 直行 d=1.83
[INFO] [1790768844.906289016] [exploration]: v=+0.20 w=+0.00 | 直行 d=1.80
[INFO] [1790768845.006440372] [exploration]: v=+0.20 w=+0.00 | 直行 d=1.79
[INFO] [1790768845.107433081] [exploration]: v=+0.20 w=+0.00 | 直行 d=1.76
[INFO] [1790768845.206841732] [exploration]: v=+0.20 w=+0.00 | 直行 d=1.74
[INFO] [1790768845.307096280] [exploration]: v=+0.20 w=+0.00 | 直行 d=1.71
[INFO] [1790768845.507848183] [exploration]: v=+0.20 w=+0.00 | 直行 d=1.69
[INFO] [1790768845.607582127] [exploration]: v=+0.20 w=+0.00 | 直行 d=1.83
[INFO] [1790768845.708573690] [exploration]: v=+0.20 w=+0.00 | 直行 d=1.82
[INFO] [1790768845.808171398] [exploration]: v=+0.20 w=+0.00 | 直行 d=1.98
[INFO] [1790768845.908163568] [exploration]: v=+0.20 w=+0.00 | 直行 d=1.96
[INFO] [1790768846.108008938] [exploration]: v=+0.20 w=+0.00 | 直行 d=1.94
[INFO] [1790768846.208586554] [exploration]: v=+0.20 w=+0.00 | 直行 d=1.97
[INFO] [1790768846.309960452] [exploration]: v=+0.20 w=+0.00 | 直行 d=1.98
[INFO] [1790768846.408348321] [exploration]: v=+0.20 w=+0.00 | 直行 d=1.95
[INFO] [1790768846.508680614] [exploration]: v=+0.20 w=+0.00 | 直行 d=1.93
[INFO] [1790768846.608638078] [exploration]: v=+0.20 w=+0.00 | 直行 d=1.94
[INFO] [1790768846.709631618] [exploration]: v=+0.20 w=+0.00 | 直行 d=1.93
[INFO] [1790768846.810001966] [exploration]: v=+0.20 w=+0.00 | 直行 d=1.95
[INFO] [1790768847.009657961] [exploration]: v=+0.20 w=+0.00 | 直行 d=1.92
[INFO] [1790768847.110791084] [exploration]: v=+0.20 w=+0.00 | 直行 d=1.90
[INFO] [1790768847.210498687] [exploration]: v=+0.20 w=+0.00 | 直行 d=1.92
[INFO] [1790768847.310663549] [exploration]: v=+0.20 w=+0.00 | 直行 d=1.91
[INFO] [1790768847.410588335] [exploration]: v=+0.20 w=+0.00 | 直行 d=1.92
[INFO] [1790768847.511239987] [exploration]: v=+0.20 w=+0.00 | 直行 d=1.91
[INFO] [1790768847.611904200] [exploration]: v=+0.20 w=+0.00 | 直行 d=1.92
[INFO] [1790768847.712140854] [exploration]: v=+0.20 w=+0.00 | 直行 d=1.90
[INFO] [1790768847.811399624] [exploration]: v=+0.20 w=+0.00 | 直行 d=1.88
[INFO] [1790768847.911257002] [exploration]: v=+0.20 w=+0.00 | 直行 d=1.90
[INFO] [1790768848.011315898] [exploration]: v=+0.20 w=+0.00 | 直行 d=1.88
[INFO] [1790768848.113025955] [exploration]: v=+0.20 w=+0.00 | 直行 d=1.89
[INFO] [1790768848.213305552] [exploration]: v=+0.20 w=+0.00 | 直行 d=1.88
[INFO] [1790768848.312945218] [exploration]: v=+0.20 w=+0.00 | 直行 d=1.87
[INFO] [1790768848.412832526] [exploration]: v=+0.20 w=+0.00 | 直行 d=1.89
[INFO] [1790768848.513143026] [exploration]: v=+0.20 w=+0.00 | 直行 d=1.87
[INFO] [1790768848.612513245] [exploration]: v=+0.20 w=+0.00 | 直行 d=1.86
[INFO] [1790768848.712565619] [exploration]: v=+0.20 w=+0.00 | 直行 d=1.88
[INFO] [1790768848.813261222] [exploration]: v=+0.20 w=+0.00 | 直行 d=1.85
[INFO] [1790768848.913822498] [exploration]: v=+0.20 w=+0.00 | 直行 d=1.86
[INFO] [1790768849.114736735] [exploration]: v=+0.20 w=+0.00 | 直行 d=1.85
[INFO] [1790768849.214650117] [exploration]: v=+0.20 w=+0.00 | 直行 d=1.84
[INFO] [1790768849.514499781] [exploration]: v=+0.20 w=+0.00 | 直行 d=1.82
[INFO] [1790768849.615514022] [exploration]: v=+0.20 w=+0.00 | 直行 d=1.83
[INFO] [1790768849.713813005] [exploration]: v=+0.20 w=+0.00 | 直行 d=1.84
[INFO] [1790768849.914417108] [exploration]: v=+0.20 w=+0.00 | 直行 d=1.82
[INFO] [1790768850.114202991] [exploration]: v=+0.20 w=+0.00 | 直行 d=1.81
[INFO] [1790768850.215640027] [exploration]: v=+0.20 w=+0.00 | 直行 d=1.82
[INFO] [1790768850.315353688] [exploration]: v=+0.20 w=+0.00 | 直行 d=1.84
[INFO] [1790768850.416767606] [exploration]: v=+0.20 w=+0.00 | 直行 d=1.80
[INFO] [1790768850.516002288] [exploration]: v=+0.20 w=+0.00 | 直行 d=1.81
[INFO] [1790768850.916449107] [exploration]: v=+0.20 w=+0.00 | 直行 d=1.79
[INFO] [1790768851.117406335] [exploration]: v=+0.20 w=+0.00 | 直行 d=1.77
[INFO] [1790768851.316270471] [exploration]: v=+0.20 w=+0.00 | 直行 d=1.78
[INFO] [1790768851.417693308] [exploration]: v=+0.20 w=+0.00 | 直行 d=1.76
[INFO] [1790768851.517162345] [exploration]: v=+0.20 w=+0.00 | 直行 d=1.77
[INFO] [1790768851.617152770] [exploration]: v=+0.20 w=+0.00 | 直行 d=1.78
[INFO] [1790768851.718504467] [exploration]: v=+0.20 w=+0.00 | 直行 d=1.77
[INFO] [1790768852.018566434] [exploration]: v=+0.20 w=+0.00 | 直行 d=1.76
[INFO] [1790768852.118850320] [exploration]: v=+0.20 w=+0.00 | 直行 d=1.74
[INFO] [1790768852.218945658] [exploration]: v=+0.20 w=+0.00 | 直行 d=1.75
[INFO] [1790768852.418918472] [exploration]: v=+0.20 w=+0.00 | 直行 d=1.74
[INFO] [1790768852.519219598] [exploration]: v=+0.20 w=+0.00 | 直行 d=1.75
[INFO] [1790768852.619314998] [exploration]: v=+0.20 w=+0.00 | 直行 d=1.76
[INFO] [1790768852.719753841] [exploration]: v=+0.20 w=+0.00 | 直行 d=1.73
[INFO] [1790768852.819752553] [exploration]: v=+0.20 w=+0.00 | 直行 d=1.74
[INFO] [1790768852.919229039] [exploration]: v=+0.20 w=+0.00 | 直行 d=1.73
[INFO] [1790768853.019796775] [exploration]: v=+0.20 w=+0.00 | 直行 d=1.72
[INFO] [1790768853.119339210] [exploration]: v=+0.20 w=+0.00 | 直行 d=1.73
[INFO] [1790768853.220238952] [exploration]: v=+0.20 w=+0.00 | 直行 d=1.72
[INFO] [1790768853.420811313] [exploration]: v=+0.20 w=+0.00 | 直行 d=1.71
[INFO] [1790768853.520263631] [exploration]: v=+0.20 w=+0.00 | 直行 d=1.70
[INFO] [1790768853.621508361] [exploration]: v=+0.20 w=+0.00 | 直行 d=1.69
[INFO] [1790768853.720172807] [exploration]: v=+0.20 w=+0.00 | 直行 d=1.71
[INFO] [1790768853.820450668] [exploration]: v=+0.20 w=+0.00 | 直行 d=1.68
[INFO] [1790768853.920094177] [exploration]: v=+0.20 w=+0.00 | 直行 d=1.69
[INFO] [1790768854.020820635] [exploration]: v=+0.20 w=+0.00 | 直行 d=1.70
[INFO] [1790768854.120783468] [exploration]: v=+0.20 w=+0.00 | 直行 d=1.69
[INFO] [1790768854.220753531] [exploration]: v=+0.20 w=+0.00 | 直行 d=1.70
[INFO] [1790768854.321062325] [exploration]: v=+0.20 w=+0.00 | 直行 d=1.67
[INFO] [1790768854.421412511] [exploration]: v=+0.20 w=+0.00 | 直行 d=1.68
[INFO] [1790768854.621282099] [exploration]: v=+0.20 w=+0.00 | 直行 d=1.66
[INFO] [1790768854.722347482] [exploration]: v=+0.20 w=+0.00 | 直行 d=1.64
[INFO] [1790768854.821593644] [exploration]: v=+0.20 w=+0.00 | 直行 d=1.62
[INFO] [1790768854.922495918] [exploration]: v=+0.20 w=+0.00 | 直行 d=1.61
[INFO] [1790768855.023152462] [exploration]: v=+0.20 w=+0.00 | 直行 d=1.58
[INFO] [1790768855.123809351] [exploration]: v=+0.20 w=+0.00 | 直行 d=1.56
[INFO] [1790768855.223161831] [exploration]: v=+0.20 w=+0.00 | 直行 d=1.55
[INFO] [1790768855.323770273] [exploration]: v=+0.20 w=+0.00 | 直行 d=1.53
[INFO] [1790768855.423732831] [exploration]: v=+0.20 w=+0.00 | 直行 d=1.50
[INFO] [1790768855.623635131] [exploration]: v=+0.20 w=+0.00 | 直行 d=1.48
[INFO] [1790768855.724593148] [exploration]: v=+0.20 w=+0.00 | 直行 d=1.45
[INFO] [1790768855.824866619] [exploration]: v=+0.20 w=+0.00 | 直行 d=1.44
[INFO] [1790768855.924877667] [exploration]: v=+0.20 w=+0.00 | 直行 d=1.41
[INFO] [1790768856.023929179] [exploration]: v=+0.20 w=+0.00 | 直行 d=1.40
[INFO] [1790768856.125125288] [exploration]: v=+0.20 w=+0.00 | 直行 d=1.37
[INFO] [1790768856.224928706] [exploration]: v=+0.20 w=+0.00 | 直行 d=1.35
[INFO] [1790768856.324132247] [exploration]: v=+0.20 w=+0.00 | 直行 d=1.33
[INFO] [1790768856.424074448] [exploration]: v=+0.20 w=+0.00 | 直行 d=1.32
[INFO] [1790768856.523505100] [exploration]: v=+0.20 w=+0.00 | 直行 d=1.29
[INFO] [1790768856.625112139] [exploration]: v=+0.20 w=+0.00 | 直行 d=1.27
[INFO] [1790768856.725007281] [exploration]: v=+0.20 w=+0.00 | 直行 d=1.25
[INFO] [1790768856.825807105] [exploration]: v=+0.20 w=+0.00 | 直行 d=1.24
[INFO] [1790768856.925965136] [exploration]: v=+0.20 w=+0.00 | 直行 d=1.21
[INFO] [1790768857.027745193] [exploration]: v=+0.20 w=+0.00 | 直行 d=1.20
[INFO] [1790768857.126820165] [exploration]: v=+0.20 w=+0.00 | 直行 d=1.18
[INFO] [1790768857.226292962] [exploration]: v=+0.20 w=+0.00 | 直行 d=1.16
[INFO] [1790768857.326253822] [exploration]: v=+0.20 w=+0.00 | 直行 d=1.13
[INFO] [1790768857.425442113] [exploration]: v=+0.20 w=+0.00 | 直行 d=1.11
[INFO] [1790768857.526469515] [exploration]: v=+0.20 w=+0.00 | 直行 d=1.10
[INFO] [1790768857.625464779] [exploration]: v=+0.20 w=+0.00 | 直行 d=1.08
[INFO] [1790768857.726867169] [exploration]: v=+0.20 w=+0.00 | 直行 d=1.05
[INFO] [1790768857.826710903] [exploration]: v=+0.20 w=+0.00 | 直行 d=1.03
[INFO] [1790768857.926831654] [exploration]: v=+0.20 w=+0.00 | 直行 d=1.02
[INFO] [1790768858.026528973] [exploration]: v=+0.20 w=+0.00 | 直行 d=1.00
[INFO] [1790768858.127103450] [exploration]: v=+0.20 w=+0.00 | 直行 d=0.98
[INFO] [1790768858.226982228] [exploration]: v=+0.20 w=+0.00 | 直行 d=0.96
[INFO] [1790768858.327703716] [exploration]: v=+0.20 w=+0.00 | 直行 d=0.93
[INFO] [1790768858.427437807] [exploration]: v=+0.20 w=+0.00 | 直行 d=0.92
[INFO] [1790768858.527152599] [exploration]: v=+0.20 w=+0.00 | 直行 d=0.90
[INFO] [1790768858.627817077] [exploration]: v=+0.20 w=+0.00 | 直行 d=0.88
[INFO] [1790768858.728423757] [exploration]: v=+0.20 w=+0.00 | 直行 d=0.85
[INFO] [1790768858.828413200] [exploration]: v=+0.20 w=+0.00 | 直行 d=0.83
[INFO] [1790768858.928844941] [exploration]: v=+0.20 w=+0.00 | 直行 d=0.81
[INFO] [1790768859.029085385] [exploration]: v=+0.09 w=+0.00 | 减速 d=0.79
[INFO] [1790768859.128685285] [exploration]: v=-0.08 w=+0.00 | 三面极近，倒退
[INFO] [1790768859.228173292] [exploration]: v=-0.08 w=+0.00 | 倒退
[INFO] [1790768859.929880457] [exploration]: v=+0.00 w=+0.00 | 倒退结束，停稳
[INFO] [1790768860.030668551] [exploration]: v=-0.08 w=+0.00 | 三面极近，倒退
[INFO] [1790768860.129874305] [exploration]: v=-0.08 w=+0.00 | 倒退
[INFO] [1790768860.830396438] [exploration]: v=+0.00 w=+0.00 | 倒退结束，停稳
[INFO] [1790768860.930986259] [exploration]: v=-0.08 w=+0.00 | 三面极近，倒退
[INFO] [1790768861.030509301] [exploration]: v=-0.08 w=+0.00 | 倒退
[INFO] [1790768861.731923745] [exploration]: v=+0.00 w=+0.00 | 倒退结束，停稳
[INFO] [1790768861.832133120] [exploration]: v=-0.08 w=+0.00 | 三面极近，倒退
[INFO] [1790768861.932475225] [exploration]: v=-0.08 w=+0.00 | 倒退
[INFO] [1790768862.633527881] [exploration]: v=+0.00 w=+0.00 | 倒退结束，停稳
[INFO] [1790768862.733135479] [exploration]: v=-0.08 w=+0.00 | 三面极近，倒退
[INFO] [1790768862.833205894] [exploration]: v=-0.08 w=+0.00 | 倒退
[INFO] [1790768863.534103362] [exploration]: v=+0.00 w=+0.00 | 倒退结束，停稳
[INFO] [1790768863.633858934] [exploration]: v=-0.08 w=+0.00 | 三面极近，倒退
[INFO] [1790768863.734868717] [exploration]: v=-0.08 w=+0.00 | 倒退
[INFO] [1790768864.437650889] [exploration]: v=+0.00 w=+0.00 | 倒退结束，停稳
[INFO] [1790768864.535926857] [exploration]: v=-0.08 w=+0.00 | 三面极近，倒退
[INFO] [1790768864.636612203] [exploration]: v=-0.08 w=+0.00 | 倒退
[INFO] [1790768865.336605442] [exploration]: v=+0.00 w=+0.00 | 倒退结束，停稳
[INFO] [1790768865.437125907] [exploration]: v=-0.08 w=+0.00 | 三面极近，倒退
[INFO] [1790768865.536510384] [exploration]: v=-0.08 w=+0.00 | 倒退
[INFO] [1790768866.238681463] [exploration]: v=+0.00 w=+0.00 | 倒退结束，停稳
[INFO] [1790768866.337705590] [exploration]: v=+0.20 w=+0.00 | 直行 d=0.95
[INFO] [1790768866.437204181] [exploration]: v=-0.08 w=+0.00 | 三面极近，倒退
[INFO] [1790768866.537529957] [exploration]: v=-0.08 w=+0.00 | 倒退
[INFO] [1790768867.238013645] [exploration]: v=+0.00 w=+0.00 | 倒退结束，停稳
[INFO] [1790768867.338790511] [exploration]: v=+0.20 w=+0.00 | 直行 d=1.32
[INFO] [1790768867.438370735] [exploration]: v=+0.20 w=+0.00 | 直行 d=1.30
[INFO] [1790768867.539822952] [exploration]: v=+0.20 w=+0.00 | 直行 d=1.29
[INFO] [1790768867.640771198] [exploration]: v=+0.20 w=+0.00 | 直行 d=1.27
[INFO] [1790768867.839800903] [exploration]: v=+0.20 w=+0.00 | 直行 d=1.23
[INFO] [1790768867.941588601] [exploration]: v=+0.20 w=+0.00 | 直行 d=1.22
[INFO] [1790768868.041674915] [exploration]: v=+0.20 w=+0.00 | 直行 d=1.20
[INFO] [1790768868.141324770] [exploration]: v=+0.20 w=+0.00 | 直行 d=1.18
[INFO] [1790768868.241702146] [exploration]: v=+0.20 w=+0.00 | 直行 d=1.16
[INFO] [1790768868.339381691] [exploration]: v=+0.20 w=+0.00 | 直行 d=1.14
[INFO] [1790768868.439770571] [exploration]: v=+0.20 w=+0.00 | 直行 d=1.12
[INFO] [1790768868.541283610] [exploration]: v=+0.20 w=+0.00 | 直行 d=1.11
[INFO] [1790768868.640853247] [exploration]: v=+0.20 w=+0.00 | 直行 d=1.08
[INFO] [1790768868.741061279] [exploration]: v=+0.20 w=+0.00 | 直行 d=1.07
[INFO] [1790768868.841064746] [exploration]: v=+0.20 w=+0.00 | 直行 d=1.04
[INFO] [1790768868.941440049] [exploration]: v=+0.20 w=+0.00 | 直行 d=1.03
[INFO] [1790768869.041543206] [exploration]: v=+0.20 w=+0.00 | 直行 d=1.00
[INFO] [1790768869.142029979] [exploration]: v=+0.20 w=+0.00 | 直行 d=0.98
[INFO] [1790768869.242627840] [exploration]: v=+0.20 w=+0.00 | 直行 d=0.97
[INFO] [1790768869.342192021] [exploration]: v=+0.20 w=+0.00 | 直行 d=0.95
[INFO] [1790768869.441650614] [exploration]: v=+0.20 w=+0.00 | 直行 d=0.93
[INFO] [1790768869.542441124] [exploration]: v=+0.20 w=+0.00 | 直行 d=0.91
[INFO] [1790768869.643399039] [exploration]: v=+0.20 w=+0.00 | 直行 d=0.88
[INFO] [1790768869.742802177] [exploration]: v=+0.20 w=+0.00 | 直行 d=0.87
[INFO] [1790768869.844194999] [exploration]: v=+0.20 w=+0.00 | 直行 d=0.85
[INFO] [1790768869.943963358] [exploration]: v=+0.20 w=+0.00 | 直行 d=0.83
[INFO] [1790768870.043529678] [exploration]: v=+0.20 w=+0.00 | 直行 d=0.81
[INFO] [1790768870.143238651] [exploration]: v=+0.09 w=+0.00 | 减速 d=0.79
[INFO] [1790768870.245571643] [exploration]: v=+0.00 w=+0.50 | 进入转向 center=150° 由于危险 d=0.14
[INFO] [1790768870.345791403] [exploration]: v=-0.08 w=+0.00 | 转向中 center=95° 在后方 → 倒退
[INFO] [1790768870.445012332] [exploration]: v=-0.08 w=+0.00 | 三面极近，倒退
[INFO] [1790768870.543294760] [exploration]: v=-0.08 w=+0.00 | 倒退
[INFO] [1790768871.344846540] [exploration]: v=+0.00 w=+0.00 | 倒退结束，停稳
[INFO] [1790768871.444937464] [exploration]: v=-0.08 w=+0.00 | 三面极近，倒退
[INFO] [1790768871.544264823] [exploration]: v=-0.08 w=+0.00 | 倒退
[INFO] [1790768872.247523566] [exploration]: v=+0.00 w=+0.00 | 倒退结束，停稳
[INFO] [1790768872.347374778] [exploration]: v=+0.00 w=+0.00 | 转向完成，停稳 front=0.90
[INFO] [1790768872.446412947] [exploration]: v=+0.20 w=+0.00 | 直行 d=0.89
[INFO] [1790768872.546949841] [exploration]: v=-0.08 w=+0.00 | 三面极近，倒退
[INFO] [1790768872.648087471] [exploration]: v=-0.08 w=+0.00 | 倒退
[INFO] [1790768873.349181972] [exploration]: v=+0.00 w=+0.00 | 倒退结束，停稳
[INFO] [1790768873.450335134] [exploration]: v=-0.08 w=+0.00 | 三面极近，倒退
[INFO] [1790768873.549639342] [exploration]: v=-0.08 w=+0.00 | 倒退
[INFO] [1790768874.249678752] [exploration]: v=+0.00 w=+0.00 | 倒退结束，停稳
[INFO] [1790768874.350961164] [exploration]: v=-0.08 w=+0.00 | 三面极近，倒退
[INFO] [1790768874.449896000] [exploration]: v=-0.08 w=+0.00 | 倒退
[INFO] [1790768875.152307258] [exploration]: v=+0.00 w=+0.00 | 倒退结束，停稳
[INFO] [1790768875.252707957] [exploration]: v=-0.08 w=+0.00 | 三面极近，倒退
[INFO] [1790768875.351639462] [exploration]: v=-0.08 w=+0.00 | 倒退
[INFO] [1790768876.053714555] [exploration]: v=+0.00 w=+0.00 | 倒退结束，停稳
[INFO] [1790768876.154823549] [exploration]: v=-0.08 w=+0.00 | 三面极近，倒退
[INFO] [1790768876.253922933] [exploration]: v=-0.08 w=+0.00 | 倒退
[INFO] [1790768876.954127043] [exploration]: v=+0.00 w=+0.00 | 倒退结束，停稳
[INFO] [1790768877.053998402] [exploration]: v=-0.08 w=+0.00 | 三面极近，倒退
[INFO] [1790768877.155118745] [exploration]: v=-0.08 w=+0.00 | 倒退
[INFO] [1790768877.855475862] [exploration]: v=+0.00 w=+0.00 | 倒退结束，停稳
[INFO] [1790768877.956985621] [exploration]: v=-0.08 w=+0.00 | 三面极近，倒退
[INFO] [1790768878.057007464] [exploration]: v=-0.08 w=+0.00 | 倒退
[INFO] [1790768878.757956567] [exploration]: v=+0.00 w=+0.00 | 倒退结束，停稳
[INFO] [1790768878.858567401] [exploration]: v=-0.08 w=+0.00 | 三面极近，倒退
[INFO] [1790768878.956188746] [exploration]: v=-0.08 w=+0.00 | 倒退
[INFO] [1790768879.658820845] [exploration]: v=+0.00 w=+0.00 | 倒退结束，停稳
[INFO] [1790768879.758689153] [exploration]: v=-0.08 w=+0.00 | 三面极近，倒退
[INFO] [1790768879.858224834] [exploration]: v=-0.08 w=+0.00 | 倒退
[INFO] [1790768880.558129477] [exploration]: v=+0.00 w=+0.00 | 倒退结束，停稳
[INFO] [1790768880.659665218] [exploration]: v=+0.00 w=+0.50 | 进入转向 center=10° 由于危险 d=0.40
[INFO] [1790768880.760312063] [exploration]: v=-0.08 w=+0.00 | 三面极近，倒退
[INFO] [1790768880.860065952] [exploration]: v=-0.08 w=+0.00 | 倒退
[INFO] [1790768881.559447810] [exploration]: v=+0.00 w=+0.00 | 倒退结束，停稳
[INFO] [1790768881.660621901] [exploration]: v=-0.08 w=+0.00 | 三面极近，倒退
[INFO] [1790768881.759685741] [exploration]: v=-0.08 w=+0.00 | 倒退
[INFO] [1790768882.462786138] [exploration]: v=+0.00 w=+0.00 | 倒退结束，停稳
[INFO] [1790768882.562295495] [exploration]: v=-0.08 w=+0.00 | 三面极近，倒退
[INFO] [1790768882.663665246] [exploration]: v=-0.08 w=+0.00 | 倒退
[INFO] [1790768883.362220628] [exploration]: v=+0.00 w=+0.00 | 倒退结束，停稳
[INFO] [1790768883.463338782] [exploration]: v=+0.00 w=+0.00 | 转向完成，停稳 对准 center=-20°
[INFO] [1790768883.564027364] [exploration]: v=-0.08 w=+0.00 | 三面极近，倒退
[INFO] [1790768883.663216976] [exploration]: v=-0.08 w=+0.00 | 倒退
[INFO] [1790768884.363818080] [exploration]: v=+0.00 w=+0.00 | 倒退结束，停稳
[INFO] [1790768884.465964415] [exploration]: v=-0.08 w=+0.00 | 三面极近，倒退
[INFO] [1790768884.566426819] [exploration]: v=-0.08 w=+0.00 | 倒退
[INFO] [1790768885.267550648] [exploration]: v=+0.00 w=+0.00 | 倒退结束，停稳
[INFO] [1790768885.367754356] [exploration]: v=-0.08 w=+0.00 | 三面极近，倒退
[INFO] [1790768885.467421216] [exploration]: v=-0.08 w=+0.00 | 倒退
[INFO] [1790768886.168545386] [exploration]: v=+0.00 w=+0.00 | 倒退结束，停稳
[INFO] [1790768886.268547779] [exploration]: v=-0.08 w=+0.00 | 三面极近，倒退
[INFO] [1790768886.367983917] [exploration]: v=-0.08 w=+0.00 | 倒退
[INFO] [1790768887.069264297] [exploration]: v=+0.00 w=+0.00 | 倒退结束，停稳
[INFO] [1790768887.170480759] [exploration]: v=+0.00 w=+0.50 | 进入转向 center=45° 由于危险 d=0.40
[INFO] [1790768887.268948034] [exploration]: v=-0.08 w=+0.00 | 三面极近，倒退
[INFO] [1790768887.368493571] [exploration]: v=-0.08 w=+0.00 | 倒退
[INFO] [1790768888.070155355] [exploration]: v=+0.00 w=+0.00 | 倒退结束，停稳
[INFO] [1790768888.172240996] [exploration]: v=-0.08 w=+0.00 | 三面极近，倒退
[INFO] [1790768888.269599756] [exploration]: v=-0.08 w=+0.00 | 倒退
[INFO] [1790768888.971642459] [exploration]: v=+0.00 w=+0.00 | 倒退结束，停稳
[INFO] [1790768889.072663746] [exploration]: v=-0.08 w=+0.00 | 三面极近，倒退
[INFO] [1790768889.171662347] [exploration]: v=-0.08 w=+0.00 | 倒退
[INFO] [1790768889.871365861] [exploration]: v=+0.00 w=+0.00 | 倒退结束，停稳
[INFO] [1790768889.973066788] [exploration]: v=-0.08 w=+0.00 | 三面极近，倒退
[INFO] [1790768890.072251724] [exploration]: v=-0.08 w=+0.00 | 倒退
[INFO] [1790768890.774675139] [exploration]: v=+0.00 w=+0.00 | 倒退结束，停稳
[INFO] [1790768890.875162778] [exploration]: v=+0.00 w=+0.00 | 转向完成，停稳 对准 center=0°
[INFO] [1790768890.975494965] [exploration]: v=-0.08 w=+0.00 | 三面极近，倒退
[INFO] [1790768891.075641910] [exploration]: v=-0.08 w=+0.00 | 倒退
[INFO] [1790768891.775865516] [exploration]: v=+0.00 w=+0.00 | 倒退结束，停稳
[INFO] [1790768891.876678364] [exploration]: v=+0.20 w=+0.00 | 直行 d=0.94
[INFO] [1790768891.977035556] [exploration]: v=+0.20 w=+0.00 | 直行 d=1.36
[INFO] [1790768892.077226156] [exploration]: v=+0.00 w=+0.50 | 进入转向 center=180° 由于危险 d=0.14
[INFO] [1790768892.177339655] [exploration]: v=-0.08 w=+0.00 | 转向中 center=-175° 在后方 → 倒退
[INFO] [1790768892.277050373] [exploration]: v=+0.00 w=+0.50 | 转向中 center=65°
[INFO] [1790768892.377220969] [exploration]: v=+0.00 w=+0.00 | 转向完成，停稳 front=0.87
[INFO] [1790768892.476972168] [exploration]: v=-0.08 w=+0.00 | 三面极近，倒退
[INFO] [1790768892.576179142] [exploration]: v=-0.08 w=+0.00 | 倒退
[INFO] [1790768893.278146930] [exploration]: v=+0.00 w=+0.00 | 倒退结束，停稳
[INFO] [1790768893.378882322] [exploration]: v=+0.00 w=-0.50 | 进入转向 center=-140° 由于危险 d=0.13
[INFO] [1790768893.478239026] [exploration]: v=-0.08 w=+0.00 | 三面极近，倒退
[INFO] [1790768893.579079168] [exploration]: v=-0.08 w=+0.00 | 倒退
[INFO] [1790768894.279499674] [exploration]: v=+0.00 w=+0.00 | 倒退结束，停稳
[INFO] [1790768894.379106666] [exploration]: v=-0.08 w=+0.00 | 三面极近，倒退
[INFO] [1790768894.479694138] [exploration]: v=-0.08 w=+0.00 | 倒退
[INFO] [1790768895.181047299] [exploration]: v=+0.00 w=+0.00 | 倒退结束，停稳
[INFO] [1790768895.281542846] [exploration]: v=-0.08 w=+0.00 | 三面极近，倒退
[INFO] [1790768895.381231726] [exploration]: v=-0.08 w=+0.00 | 倒退
[INFO] [1790768896.081968761] [exploration]: v=+0.00 w=+0.00 | 倒退结束，停稳
[INFO] [1790768896.183153362] [exploration]: v=+0.00 w=+0.00 | 转向完成，停稳 对准 center=15°
[INFO] [1790768896.282935295] [exploration]: v=-0.08 w=+0.00 | 三面极近，倒退
[INFO] [1790768896.383573410] [exploration]: v=-0.08 w=+0.00 | 倒退
[INFO] [1790768897.085195692] [exploration]: v=+0.00 w=+0.00 | 倒退结束，停稳
[INFO] [1790768897.185514099] [exploration]: v=-0.08 w=+0.00 | 三面极近，倒退
[INFO] [1790768897.286207398] [exploration]: v=-0.08 w=+0.00 | 倒退
[INFO] [1790768897.986076089] [exploration]: v=+0.00 w=+0.00 | 倒退结束，停稳
[INFO] [1790768898.086906976] [exploration]: v=-0.08 w=+0.00 | 三面极近，倒退
[INFO] [1790768898.187114337] [exploration]: v=-0.08 w=+0.00 | 倒退
[INFO] [1790768898.886892222] [exploration]: v=+0.00 w=+0.00 | 倒退结束，停稳
[INFO] [1790768898.988603410] [exploration]: v=+0.00 w=+0.50 | 进入转向 center=10° 由于危险 d=0.40
[INFO] [1790768899.088988731] [exploration]: v=+0.00 w=+0.00 | 转向完成，停稳 对准 center=-20°
[INFO] [1790768899.188072943] [exploration]: v=+0.20 w=+0.00 | 直行 d=1.88
[INFO] [1790768899.290150834] [exploration]: v=+0.00 w=+0.50 | 进入转向 center=45° 由于危险 d=0.14
[INFO] [1790768899.389825276] [exploration]: v=-0.08 w=+0.00 | 转向中 center=-165° 在后方 → 倒退
[INFO] [1790768899.490828949] [exploration]: v=+0.00 w=+0.00 | 转向完成，停稳 对准 center=0°
[INFO] [1790768899.588142161] [exploration]: v=+0.20 w=+0.00 | 直行 d=0.97
[INFO] [1790768899.690008304] [exploration]: v=+0.20 w=+0.00 | 直行 d=1.04
[INFO] [1790768899.788910893] [exploration]: v=+0.00 w=-0.50 | 进入转向 center=-20° 由于危险 d=0.15
[INFO] [1790768899.888470047] [exploration]: v=+0.00 w=+0.00 | 转向完成，停稳 front=2.61
[INFO] [1790768899.989587129] [exploration]: v=+0.20 w=+0.00 | 直行 d=1.66
[INFO] [1790768900.091220659] [exploration]: v=+0.00 w=-0.50 | 进入转向 center=-165° 由于危险 d=0.15
[INFO] [1790768900.191738549] [exploration]: v=-0.08 w=+0.00 | 转向中 center=-140° 在后方 → 倒退
[INFO] [1790768900.290977016] [exploration]: v=-0.08 w=+0.00 | 转向中 center=180° 在后方 → 倒退
[INFO] [1790768900.390689853] [exploration]: v=-0.08 w=+0.00 | 转向中 center=-170° 在后方 → 倒退
[INFO] [1790768900.491287343] [exploration]: v=+0.00 w=+0.00 | 转向完成，停稳 对准 center=0°
[INFO] [1790768900.589869826] [exploration]: v=+0.20 w=+0.00 | 直行 d=2.61
[INFO] [1790768900.791582248] [exploration]: v=+0.20 w=+0.00 | 直行 d=2.59
[INFO] [1790768900.892058921] [exploration]: v=+0.20 w=+0.00 | 直行 d=2.58
[INFO] [1790768900.991421634] [exploration]: v=+0.20 w=+0.00 | 直行 d=2.56
[INFO] [1790768901.092490088] [exploration]: v=+0.20 w=+0.00 | 直行 d=2.54
[INFO] [1790768901.191139274] [exploration]: v=+0.20 w=+0.00 | 直行 d=2.52
[INFO] [1790768901.291871988] [exploration]: v=+0.20 w=+0.00 | 直行 d=2.50
[INFO] [1790768901.391814022] [exploration]: v=+0.20 w=+0.00 | 直行 d=2.48
[INFO] [1790768901.491347497] [exploration]: v=+0.20 w=+0.00 | 直行 d=2.46
[INFO] [1790768901.592009658] [exploration]: v=+0.20 w=+0.00 | 直行 d=2.44
[INFO] [1790768901.692707952] [exploration]: v=+0.20 w=+0.00 | 直行 d=2.43
[INFO] [1790768901.792003961] [exploration]: v=+0.20 w=+0.00 | 直行 d=2.41
[INFO] [1790768901.892874456] [exploration]: v=+0.20 w=+0.00 | 直行 d=2.39
[INFO] [1790768901.992392086] [exploration]: v=+0.20 w=+0.00 | 直行 d=2.36
[INFO] [1790768902.093283590] [exploration]: v=+0.20 w=+0.00 | 直行 d=2.34
[INFO] [1790768902.194220364] [exploration]: v=+0.20 w=+0.00 | 直行 d=2.32
[INFO] [1790768902.292954994] [exploration]: v=+0.20 w=+0.00 | 直行 d=2.31
[INFO] [1790768902.392453188] [exploration]: v=+0.20 w=+0.00 | 直行 d=2.28
[INFO] [1790768902.492960119] [exploration]: v=+0.20 w=+0.00 | 直行 d=2.27
[INFO] [1790768902.592975001] [exploration]: v=+0.20 w=+0.00 | 直行 d=2.24
[INFO] [1790768902.694962092] [exploration]: v=+0.20 w=+0.00 | 直行 d=2.23
[INFO] [1790768902.794401795] [exploration]: v=+0.20 w=+0.00 | 直行 d=2.21
[INFO] [1790768902.894864274] [exploration]: v=+0.20 w=+0.00 | 直行 d=2.18
[INFO] [1790768902.995023629] [exploration]: v=+0.20 w=+0.00 | 直行 d=2.16
[INFO] [1790768903.096486972] [exploration]: v=+0.20 w=+0.00 | 直行 d=2.14
[INFO] [1790768903.194704154] [exploration]: v=+0.20 w=+0.00 | 直行 d=2.12
[INFO] [1790768903.294279049] [exploration]: v=+0.20 w=+0.00 | 直行 d=2.11
[INFO] [1790768903.394392440] [exploration]: v=+0.20 w=+0.00 | 直行 d=2.08
[INFO] [1790768903.496212167] [exploration]: v=+0.20 w=+0.00 | 直行 d=2.06
[INFO] [1790768903.597227874] [exploration]: v=+0.20 w=+0.00 | 直行 d=2.05
[INFO] [1790768903.695854511] [exploration]: v=+0.20 w=+0.00 | 直行 d=2.02
[INFO] [1790768903.795127821] [exploration]: v=+0.20 w=+0.00 | 直行 d=2.01
[INFO] [1790768903.895534065] [exploration]: v=+0.20 w=+0.00 | 直行 d=1.99
[INFO] [1790768903.996717775] [exploration]: v=+0.20 w=+0.00 | 直行 d=1.97
[INFO] [1790768904.096574183] [exploration]: v=+0.20 w=+0.00 | 直行 d=1.94
[INFO] [1790768904.196587030] [exploration]: v=+0.20 w=+0.00 | 直行 d=1.92
[INFO] [1790768904.295802600] [exploration]: v=+0.20 w=+0.00 | 直行 d=1.91
[INFO] [1790768904.395285748] [exploration]: v=+0.20 w=+0.00 | 直行 d=1.88
[INFO] [1790768904.495670308] [exploration]: v=+0.20 w=+0.00 | 直行 d=1.86
[INFO] [1790768904.596162080] [exploration]: v=+0.20 w=+0.00 | 直行 d=1.85
[INFO] [1790768904.697145339] [exploration]: v=+0.20 w=+0.00 | 直行 d=1.82
[INFO] [1790768904.797933522] [exploration]: v=+0.20 w=+0.00 | 直行 d=1.80
[INFO] [1790768904.896784907] [exploration]: v=+0.20 w=+0.00 | 直行 d=1.79
[INFO] [1790768904.998726160] [exploration]: v=+0.20 w=+0.00 | 直行 d=1.77
[INFO] [1790768905.098118129] [exploration]: v=+0.20 w=+0.00 | 直行 d=1.75
[INFO] [1790768905.199162369] [exploration]: v=+0.20 w=+0.00 | 直行 d=1.72
[INFO] [1790768905.298237427] [exploration]: v=+0.20 w=+0.00 | 直行 d=1.71
[INFO] [1790768905.398143960] [exploration]: v=+0.20 w=+0.00 | 直行 d=1.68
[INFO] [1790768905.498631070] [exploration]: v=+0.20 w=+0.00 | 直行 d=1.66
[INFO] [1790768905.598170144] [exploration]: v=+0.20 w=+0.00 | 直行 d=1.65
[INFO] [1790768905.698372214] [exploration]: v=+0.20 w=+0.00 | 直行 d=1.63
[INFO] [1790768905.799856414] [exploration]: v=+0.20 w=+0.00 | 直行 d=1.60
[INFO] [1790768905.899268291] [exploration]: v=+0.20 w=+0.00 | 直行 d=1.58
[INFO] [1790768905.999764032] [exploration]: v=+0.20 w=+0.00 | 直行 d=1.57
[INFO] [1790768906.100520532] [exploration]: v=+0.20 w=+0.00 | 直行 d=1.55
[INFO] [1790768906.200137921] [exploration]: v=+0.20 w=+0.00 | 直行 d=1.53
[INFO] [1790768906.301037519] [exploration]: v=+0.20 w=+0.00 | 直行 d=1.51
[INFO] [1790768906.401574831] [exploration]: v=+0.20 w=+0.00 | 直行 d=1.48
[INFO] [1790768906.501862641] [exploration]: v=+0.20 w=+0.00 | 直行 d=1.46
[INFO] [1790768906.601593283] [exploration]: v=+0.20 w=+0.00 | 直行 d=1.45
[INFO] [1790768906.702978171] [exploration]: v=+0.20 w=+0.00 | 直行 d=1.44
[INFO] [1790768906.801517297] [exploration]: v=+0.20 w=+0.00 | 直行 d=1.40
[INFO] [1790768906.901154253] [exploration]: v=+0.20 w=+0.00 | 直行 d=1.39
[INFO] [1790768907.002347287] [exploration]: v=+0.20 w=+0.00 | 直行 d=1.36
[INFO] [1790768907.102794545] [exploration]: v=+0.20 w=+0.00 | 直行 d=1.35
[INFO] [1790768907.202197769] [exploration]: v=+0.20 w=+0.00 | 直行 d=1.33
[INFO] [1790768907.303428853] [exploration]: v=+0.20 w=+0.00 | 直行 d=1.32
[INFO] [1790768907.402553565] [exploration]: v=+0.20 w=+0.00 | 直行 d=1.28
[INFO] [1790768907.502441445] [exploration]: v=+0.20 w=+0.00 | 直行 d=1.27
[INFO] [1790768907.602519696] [exploration]: v=+0.20 w=+0.00 | 直行 d=1.25
[INFO] [1790768907.703228991] [exploration]: v=+0.20 w=+0.00 | 直行 d=1.23
[INFO] [1790768907.803990303] [exploration]: v=+0.20 w=+0.00 | 直行 d=1.21
[INFO] [1790768907.903335226] [exploration]: v=+0.20 w=+0.00 | 直行 d=1.19
[INFO] [1790768908.003727094] [exploration]: v=+0.20 w=+0.00 | 直行 d=1.17
[INFO] [1790768908.103047935] [exploration]: v=+0.20 w=+0.00 | 直行 d=1.14
[INFO] [1790768908.203375087] [exploration]: v=+0.20 w=+0.00 | 直行 d=1.13
[INFO] [1790768908.304056633] [exploration]: v=+0.20 w=+0.00 | 直行 d=1.11
[INFO] [1790768908.403443520] [exploration]: v=+0.20 w=+0.00 | 直行 d=1.09
[INFO] [1790768908.503761070] [exploration]: v=+0.20 w=+0.00 | 直行 d=1.07
[INFO] [1790768908.604402949] [exploration]: v=+0.20 w=+0.00 | 直行 d=1.05
[INFO] [1790768908.704505033] [exploration]: v=+0.20 w=+0.00 | 直行 d=1.03
[INFO] [1790768908.804766466] [exploration]: v=+0.20 w=+0.00 | 直行 d=1.01
[INFO] [1790768908.904764677] [exploration]: v=+0.20 w=+0.00 | 直行 d=0.99
[INFO] [1790768909.005886833] [exploration]: v=+0.20 w=+0.00 | 直行 d=0.97
[INFO] [1790768909.105000697] [exploration]: v=+0.20 w=+0.00 | 直行 d=0.94
[INFO] [1790768909.205709561] [exploration]: v=+0.20 w=+0.00 | 直行 d=0.92
[INFO] [1790768909.305592793] [exploration]: v=+0.20 w=+0.00 | 直行 d=0.91
[INFO] [1790768909.405747557] [exploration]: v=+0.20 w=+0.00 | 直行 d=0.89
[INFO] [1790768909.505835196] [exploration]: v=+0.20 w=+0.00 | 直行 d=0.87
[INFO] [1790768909.605094268] [exploration]: v=+0.20 w=+0.00 | 直行 d=0.85
[INFO] [1790768909.706947756] [exploration]: v=+0.20 w=+0.00 | 直行 d=0.83
[INFO] [1790768909.805457881] [exploration]: v=+0.20 w=+0.00 | 直行 d=0.81
[INFO] [1790768909.906295608] [exploration]: v=+0.09 w=+0.00 | 减速 d=0.79
[INFO] [1790768910.005087892] [exploration]: v=+0.00 w=+0.50 | 进入转向 center=180° 由于危险 d=0.13
[INFO] [1790768910.106700484] [exploration]: v=-0.08 w=+0.00 | 三面极近，倒退
[INFO] [1790768910.207198446] [exploration]: v=-0.08 w=+0.00 | 倒退
[INFO] [1790768910.907056430] [exploration]: v=+0.00 w=+0.00 | 倒退结束，停稳
[INFO] [1790768911.008533744] [exploration]: v=+0.00 w=+0.00 | 转向完成，停稳 front=0.81
[INFO] [1790768911.109038133] [exploration]: v=+0.00 w=-0.50 | 进入转向 center=-30° 由于危险 d=0.15
[INFO] [1790768911.208874911] [exploration]: v=-0.08 w=+0.00 | 转向中 center=-155° 在后方 → 倒退
[INFO] [1790768911.309955883] [exploration]: v=-0.08 w=+0.00 | 转向中 center=-160° 在后方 → 倒退
[INFO] [1790768911.409558937] [exploration]: v=-0.08 w=+0.00 | 转向中 center=175° 在后方 → 倒退
[INFO] [1790768911.509291172] [exploration]: v=-0.08 w=+0.00 | 三面极近，倒退
[INFO] [1790768911.610070734] [exploration]: v=-0.08 w=+0.00 | 倒退
[INFO] [1790768912.309458449] [exploration]: v=+0.00 w=+0.00 | 倒退结束，停稳
[INFO] [1790768912.409681838] [exploration]: v=+0.00 w=+0.00 | 转向完成，停稳 对准 center=0°
[INFO] [1790768912.511826701] [exploration]: v=+0.20 w=+0.00 | 直行 d=0.91
[INFO] [1790768912.711040666] [exploration]: v=+0.20 w=+0.00 | 直行 d=0.90
[INFO] [1790768912.812755750] [exploration]: v=+0.20 w=+0.00 | 直行 d=0.87
[INFO] [1790768912.912148222] [exploration]: v=+0.20 w=+0.00 | 直行 d=0.85
[INFO] [1790768913.012908870] [exploration]: v=+0.20 w=+0.00 | 直行 d=0.84
[INFO] [1790768913.112519190] [exploration]: v=+0.20 w=+0.00 | 直行 d=0.81
[INFO] [1790768913.212773872] [exploration]: v=+0.09 w=+0.00 | 减速 d=0.80
[INFO] [1790768913.312650091] [exploration]: v=+0.00 w=+0.50 | 进入转向 center=180° 由于危险 d=0.40
[INFO] [1790768913.412617607] [exploration]: v=+0.00 w=+0.00 | 转向完成，停稳 对准 center=0°
[INFO] [1790768913.513707743] [exploration]: v=-0.08 w=+0.00 | 三面极近，倒退
[INFO] [1790768913.613914229] [exploration]: v=-0.08 w=+0.00 | 倒退
[INFO] [1790768914.313786692] [exploration]: v=+0.00 w=+0.00 | 倒退结束，停稳
[INFO] [1790768914.413676572] [exploration]: v=+0.00 w=+0.50 | 进入转向 center=180° 由于危险 d=0.40
[INFO] [1790768914.514460662] [exploration]: v=-0.08 w=+0.00 | 三面极近，倒退
[INFO] [1790768914.614065882] [exploration]: v=-0.08 w=+0.00 | 倒退
[INFO] [1790768915.315123864] [exploration]: v=+0.00 w=+0.00 | 倒退结束，停稳
[INFO] [1790768915.416506705] [exploration]: v=-0.08 w=+0.00 | 三面极近，倒退
[INFO] [1790768915.516254202] [exploration]: v=-0.08 w=+0.00 | 倒退
[INFO] [1790768916.216467153] [exploration]: v=+0.00 w=+0.00 | 倒退结束，停稳
[INFO] [1790768916.317544831] [exploration]: v=-0.08 w=+0.00 | 转向中 center=-155° 在后方 → 倒退
[INFO] [1790768916.416201886] [exploration]: v=-0.08 w=+0.00 | 三面极近，倒退
[INFO] [1790768916.518342701] [exploration]: v=-0.08 w=+0.00 | 倒退
[INFO] [1790768917.219078220] [exploration]: v=+0.00 w=+0.00 | 倒退结束，停稳
[INFO] [1790768917.318873639] [exploration]: v=-0.08 w=+0.00 | 三面极近，倒退
[INFO] [1790768917.419600393] [exploration]: v=-0.08 w=+0.00 | 倒退
[INFO] [1790768918.120717074] [exploration]: v=+0.00 w=+0.00 | 倒退结束，停稳
[INFO] [1790768918.220918173] [exploration]: v=-0.08 w=+0.00 | 转向中 center=-150° 在后方 → 倒退
[INFO] [1790768918.319953378] [exploration]: v=-0.08 w=+0.00 | 三面极近，倒退
[INFO] [1790768918.419156395] [exploration]: v=-0.08 w=+0.00 | 倒退
[INFO] [1790768919.121976872] [exploration]: v=+0.00 w=+0.00 | 倒退结束，停稳
[INFO] [1790768919.221404568] [exploration]: v=+0.00 w=+0.00 | 转向完成，停稳 front=0.95
[INFO] [1790768919.323780133] [exploration]: v=-0.08 w=+0.00 | 三面极近，倒退
[INFO] [1790768919.425035768] [exploration]: v=-0.08 w=+0.00 | 倒退
[INFO] [1790768920.124124257] [exploration]: v=+0.00 w=+0.00 | 倒退结束，停稳
[INFO] [1790768920.224010891] [exploration]: v=-0.08 w=+0.00 | 三面极近，倒退
[INFO] [1790768920.324490766] [exploration]: v=-0.08 w=+0.00 | 倒退
[INFO] [1790768921.025186453] [exploration]: v=+0.00 w=+0.00 | 倒退结束，停稳
[INFO] [1790768921.125494800] [exploration]: v=+0.20 w=+0.00 | 直行 d=0.94
[INFO] [1790768921.226681478] [exploration]: v=+0.00 w=-0.50 | 进入转向 center=-105° 由于危险 d=0.40
[INFO] [1790768921.325770674] [exploration]: v=-0.08 w=+0.00 | 转向中 center=-145° 在后方 → 倒退
[INFO] [1790768921.426457803] [exploration]: v=-0.08 w=+0.00 | 转向中 center=-175° 在后方 → 倒退
[INFO] [1790768921.626755915] [exploration]: v=-0.08 w=+0.00 | 三面极近，倒退
[INFO] [1790768921.726728119] [exploration]: v=-0.08 w=+0.00 | 倒退
[INFO] [1790768922.427230057] [exploration]: v=+0.00 w=+0.00 | 倒退结束，停稳
[INFO] [1790768922.528641339] [exploration]: v=-0.08 w=+0.00 | 三面极近，倒退
[INFO] [1790768922.627554853] [exploration]: v=-0.08 w=+0.00 | 倒退
[INFO] [1790768923.330244520] [exploration]: v=+0.00 w=+0.00 | 倒退结束，停稳
[INFO] [1790768923.431077925] [exploration]: v=+0.00 w=+0.00 | 转向完成，停稳 front=0.96
[INFO] [1790768923.530742285] [exploration]: v=-0.08 w=+0.00 | 三面极近，倒退
[INFO] [1790768923.630097966] [exploration]: v=-0.08 w=+0.00 | 倒退
[INFO] [1790768924.429409450] [exploration]: v=+0.00 w=+0.00 | 倒退结束，停稳
[INFO] [1790768924.530335795] [exploration]: v=+0.20 w=+0.00 | 直行 d=0.96
[INFO] [1790768924.631522698] [exploration]: v=+0.00 w=+0.50 | 进入转向 center=30° 由于危险 d=0.15
[INFO] [1790768924.732115670] [exploration]: v=-0.08 w=+0.00 | 转向中 center=-135° 在后方 → 倒退
[INFO] [1790768924.833037158] [exploration]: v=-0.08 w=+0.00 | 转向中 center=180° 在后方 → 倒退
[INFO] [1790768924.932889501] [exploration]: v=+0.00 w=+0.00 | 转向完成，停稳 front=1.49
[INFO] [1790768925.032286142] [exploration]: v=+0.00 w=-0.50 | 进入转向 center=-160° 由于危险 d=0.13
[INFO] [1790768925.133478338] [exploration]: v=+0.00 w=+0.00 | 转向完成，停稳 对准 center=0°
[INFO] [1790768925.231155081] [exploration]: v=-0.08 w=+0.00 | 三面极近，倒退
[INFO] [1790768925.332351240] [exploration]: v=-0.08 w=+0.00 | 倒退
[INFO] [1790768926.034170543] [exploration]: v=+0.00 w=+0.00 | 倒退结束，停稳
[INFO] [1790768926.134567631] [exploration]: v=+0.00 w=-0.50 | 进入转向 center=-25° 由于危险 d=0.40
[INFO] [1790768926.234367753] [exploration]: v=-0.08 w=+0.00 | 三面极近，倒退
[INFO] [1790768926.334717442] [exploration]: v=-0.08 w=+0.00 | 倒退
[INFO] [1790768927.036647460] [exploration]: v=+0.00 w=+0.00 | 倒退结束，停稳
[INFO] [1790768927.138614661] [exploration]: v=+0.00 w=+0.00 | 转向完成，停稳 对准 center=20°
[INFO] [1790768927.237070938] [exploration]: v=-0.08 w=+0.00 | 三面极近，倒退
[INFO] [1790768927.335236850] [exploration]: v=-0.08 w=+0.00 | 倒退
[INFO] [1790768928.038569034] [exploration]: v=+0.00 w=+0.00 | 倒退结束，停稳
[INFO] [1790768928.137940098] [exploration]: v=-0.08 w=+0.00 | 三面极近，倒退
[INFO] [1790768928.238764645] [exploration]: v=-0.08 w=+0.00 | 倒退
[INFO] [1790768928.940050032] [exploration]: v=+0.00 w=+0.00 | 倒退结束，停稳
[INFO] [1790768929.039966769] [exploration]: v=-0.08 w=+0.00 | 三面极近，倒退
[INFO] [1790768929.140697970] [exploration]: v=-0.08 w=+0.00 | 倒退
[INFO] [1790768929.842914868] [exploration]: v=+0.00 w=+0.00 | 倒退结束，停稳
[INFO] [1790768929.943254230] [exploration]: v=+0.20 w=+0.00 | 直行 d=0.96
[INFO] [1790768930.041872710] [exploration]: v=-0.08 w=+0.00 | 三面极近，倒退
[INFO] [1790768930.142846852] [exploration]: v=-0.08 w=+0.00 | 倒退
[INFO] [1790768930.843350966] [exploration]: v=+0.00 w=+0.00 | 倒退结束，停稳
[INFO] [1790768930.943728612] [exploration]: v=-0.08 w=+0.00 | 三面极近，倒退
[INFO] [1790768931.043932265] [exploration]: v=-0.08 w=+0.00 | 倒退
[INFO] [1790768931.744145601] [exploration]: v=+0.00 w=+0.00 | 倒退结束，停稳
[INFO] [1790768931.844738243] [exploration]: v=-0.08 w=+0.00 | 三面极近，倒退
[INFO] [1790768931.944835998] [exploration]: v=-0.08 w=+0.00 | 倒退
[INFO] [1790768932.645395086] [exploration]: v=+0.00 w=+0.00 | 倒退结束，停稳
[INFO] [1790768932.746894006] [exploration]: v=-0.08 w=+0.00 | 三面极近，倒退
[INFO] [1790768932.845590910] [exploration]: v=-0.08 w=+0.00 | 倒退
[INFO] [1790768933.548522059] [exploration]: v=+0.00 w=+0.00 | 倒退结束，停稳
[INFO] [1790768933.648772538] [exploration]: v=+0.00 w=-0.50 | 进入转向 center=-160° 由于危险 d=0.14
[INFO] [1790768933.747764236] [exploration]: v=-0.08 w=+0.00 | 三面极近，倒退
[INFO] [1790768933.847231124] [exploration]: v=-0.08 w=+0.00 | 倒退
[INFO] [1790768934.548835643] [exploration]: v=+0.00 w=+0.00 | 倒退结束，停稳
[INFO] [1790768934.649004674] [exploration]: v=-0.08 w=+0.00 | 三面极近，倒退
[INFO] [1790768934.749059848] [exploration]: v=-0.08 w=+0.00 | 倒退
[INFO] [1790768935.450439403] [exploration]: v=+0.00 w=+0.00 | 倒退结束，停稳
[INFO] [1790768935.551303788] [exploration]: v=+0.00 w=+0.00 | 转向完成，停稳 对准 center=0°
[INFO] [1790768935.650687173] [exploration]: v=-0.08 w=+0.00 | 三面极近，倒退
[INFO] [1790768935.750321592] [exploration]: v=-0.08 w=+0.00 | 倒退
[INFO] [1790768936.453234076] [exploration]: v=+0.00 w=+0.00 | 倒退结束，停稳
[INFO] [1790768936.552486182] [exploration]: v=-0.08 w=+0.00 | 三面极近，倒退
[INFO] [1790768936.653784742] [exploration]: v=-0.08 w=+0.00 | 倒退
[INFO] [1790768937.354703111] [exploration]: v=+0.00 w=+0.00 | 倒退结束，停稳
[INFO] [1790768937.456171147] [exploration]: v=+0.20 w=+0.00 | 直行 d=0.96
[INFO] [1790768937.557077252] [exploration]: v=+0.00 w=+0.50 | 进入转向 center=40° 由于危险 d=0.15
[INFO] [1790768937.653581055] [exploration]: v=-0.08 w=+0.00 | 转向中 center=-175° 在后方 → 倒退
[INFO] [1790768937.753777952] [exploration]: v=-0.08 w=+0.00 | 转向中 center=180° 在后方 → 倒退
[INFO] [1790768937.854445923] [exploration]: v=+0.00 w=+0.00 | 转向完成，停稳 对准 center=-5°
[INFO] [1790768937.954180572] [exploration]: v=-0.08 w=+0.00 | 三面极近，倒退
[INFO] [1790768938.054706007] [exploration]: v=-0.08 w=+0.00 | 倒退
[INFO] [1790768938.754733539] [exploration]: v=+0.00 w=+0.00 | 倒退结束，停稳
[INFO] [1790768938.858346690] [exploration]: v=+0.00 w=-0.50 | 进入转向 center=-140° 由于危险 d=0.15
[INFO] [1790768938.956076209] [exploration]: v=-0.08 w=+0.00 | 三面极近，倒退
[INFO] [1790768939.056618572] [exploration]: v=-0.08 w=+0.00 | 倒退
[INFO] [1790768939.757801768] [exploration]: v=+0.00 w=+0.00 | 倒退结束，停稳
[INFO] [1790768939.858069530] [exploration]: v=+0.00 w=+0.00 | 转向完成，停稳 front=0.94
[INFO] [1790768939.957405489] [exploration]: v=+0.20 w=+0.00 | 直行 d=1.25
[INFO] [1790768940.057060191] [exploration]: v=+0.00 w=-0.50 | 进入转向 center=-150° 由于危险 d=0.14
[INFO] [1790768940.158423969] [exploration]: v=+0.00 w=+0.00 | 转向完成，停稳 对准 center=0°
[INFO] [1790768940.257581355] [exploration]: v=+0.00 w=-0.50 | 进入转向 center=-150° 由于危险 d=0.13
[INFO] [1790768940.359835281] [exploration]: v=+0.00 w=+0.00 | 转向完成，停稳 front=1.43
[INFO] [1790768940.457388916] [exploration]: v=-0.08 w=+0.00 | 三面极近，倒退
[INFO] [1790768940.557514323] [exploration]: v=-0.08 w=+0.00 | 倒退
[INFO] [1790768941.259845361] [exploration]: v=+0.00 w=+0.00 | 倒退结束，停稳
[INFO] [1790768941.360548524] [exploration]: v=+0.00 w=-0.50 | 进入转向 center=-130° 由于危险 d=0.15
[INFO] [1790768941.462228602] [exploration]: v=+0.00 w=+0.00 | 转向完成，停稳 front=1.24
[INFO] [1790768941.561724813] [exploration]: v=+0.20 w=+0.00 | 直行 d=1.14
[INFO] [1790768941.759606817] [exploration]: v=+0.20 w=+0.00 | 直行 d=1.12
[INFO] [1790768941.860599941] [exploration]: v=+0.20 w=+0.00 | 直行 d=1.07
[INFO] [1790768941.960068217] [exploration]: v=+0.20 w=+0.00 | 直行 d=1.08
[INFO] [1790768942.060476881] [exploration]: v=+0.20 w=+0.00 | 直行 d=1.07
[INFO] [1790768942.261567883] [exploration]: v=+0.20 w=+0.00 | 直行 d=1.04
[INFO] [1790768942.361420256] [exploration]: v=+0.20 w=+0.00 | 直行 d=1.06
[INFO] [1790768942.461136228] [exploration]: v=+0.20 w=+0.00 | 直行 d=1.04
[INFO] [1790768942.561530191] [exploration]: v=+0.20 w=+0.00 | 直行 d=1.02
[INFO] [1790768942.760820113] [exploration]: v=+0.20 w=+0.00 | 直行 d=1.00
[INFO] [1790768942.961440330] [exploration]: v=+0.20 w=+0.00 | 直行 d=0.98
[INFO] [1790768943.061816206] [exploration]: v=+0.20 w=+0.00 | 直行 d=0.97
[INFO] [1790768943.162326406] [exploration]: v=+0.20 w=+0.00 | 直行 d=0.95
[INFO] [1790768943.364319273] [exploration]: v=+0.20 w=+0.00 | 直行 d=0.96
[INFO] [1790768943.463923254] [exploration]: v=+0.20 w=+0.00 | 直行 d=0.94
[INFO] [1790768943.564665946] [exploration]: v=+0.20 w=+0.00 | 直行 d=0.93
[INFO] [1790768943.664664410] [exploration]: v=+0.20 w=+0.00 | 直行 d=0.91
[INFO] [1790768943.763804309] [exploration]: v=+0.20 w=+0.00 | 直行 d=0.90
[INFO] [1790768943.964707493] [exploration]: v=+0.20 w=+0.00 | 直行 d=0.88
[INFO] [1790768944.064893903] [exploration]: v=+0.20 w=+0.00 | 直行 d=0.87
[INFO] [1790768944.165226230] [exploration]: v=+0.20 w=+0.00 | 直行 d=0.83
[INFO] [1790768944.264399846] [exploration]: v=+0.20 w=+0.00 | 直行 d=0.85
[INFO] [1790768944.365295021] [exploration]: v=+0.20 w=+0.00 | 直行 d=0.84
[INFO] [1790768944.464960019] [exploration]: v=+0.20 w=+0.00 | 直行 d=0.83
[INFO] [1790768944.565310981] [exploration]: v=+0.20 w=+0.00 | 直行 d=0.84
[INFO] [1790768944.665139213] [exploration]: v=+0.20 w=+0.00 | 直行 d=0.81
[INFO] [1790768944.865028251] [exploration]: v=+0.08 w=+0.00 | 减速 d=0.79
[INFO] [1790768944.965928190] [exploration]: v=-0.08 w=+0.00 | 三面极近，倒退
[INFO] [1790768945.066306162] [exploration]: v=-0.08 w=+0.00 | 倒退
[INFO] [1790768945.766288077] [exploration]: v=+0.00 w=+0.00 | 倒退结束，停稳
[INFO] [1790768945.868592549] [exploration]: v=-0.08 w=+0.00 | 三面极近，倒退
[INFO] [1790768945.968461355] [exploration]: v=-0.08 w=+0.00 | 倒退
[INFO] [1790768946.669315891] [exploration]: v=+0.00 w=+0.00 | 倒退结束，停稳
[INFO] [1790768946.769558607] [exploration]: v=+0.08 w=+0.00 | 减速 d=0.77
[INFO] [1790768946.868655349] [exploration]: v=+0.00 w=+0.50 | 进入转向 center=15° 由于危险 d=0.40
[INFO] [1790768946.969967467] [exploration]: v=-0.08 w=+0.00 | 转向中 center=180° 在后方 → 倒退
[INFO] [1790768947.069526612] [exploration]: v=-0.08 w=+0.00 | 转向中 center=175° 在后方 → 倒退
[INFO] [1790768947.169158994] [exploration]: v=-0.08 w=+0.00 | 三面极近，倒退
[INFO] [1790768947.269689515] [exploration]: v=-0.08 w=+0.00 | 倒退
[INFO] [1790768947.969475062] [exploration]: v=+0.00 w=+0.00 | 倒退结束，停稳
[INFO] [1790768948.071275711] [exploration]: v=+0.00 w=+0.00 | 转向完成，停稳 front=0.92
[INFO] [1790768948.172946675] [exploration]: v=+0.00 w=-0.50 | 进入转向 center=-170° 由于危险 d=0.14
[INFO] [1790768948.272197136] [exploration]: v=+0.00 w=+0.00 | 转向完成，停稳 front=0.90
[INFO] [1790768948.371528462] [exploration]: v=+0.20 w=+0.00 | 直行 d=0.85
[INFO] [1790768948.471873157] [exploration]: v=+0.20 w=+0.00 | 直行 d=0.83
[INFO] [1790768948.671764636] [exploration]: v=+0.20 w=+0.00 | 直行 d=0.82
[INFO] [1790768948.772211501] [exploration]: v=+0.20 w=+0.00 | 直行 d=0.80
[INFO] [1790768948.873270157] [exploration]: v=+0.08 w=+0.00 | 减速 d=0.78
[INFO] [1790768948.972467456] [exploration]: v=+0.08 w=+0.00 | 减速 d=0.77
[INFO] [1790768949.072213860] [exploration]: v=-0.08 w=+0.00 | 三面极近，倒退
[INFO] [1790768949.171343125] [exploration]: v=-0.08 w=+0.00 | 倒退
[INFO] [1790768949.872558270] [exploration]: v=+0.00 w=+0.00 | 倒退结束，停稳
[INFO] [1790768949.973972629] [exploration]: v=+0.00 w=-0.50 | 进入转向 center=-160° 由于危险 d=0.40
[INFO] [1790768950.073677120] [exploration]: v=-0.08 w=+0.00 | 转向中 center=-170° 在后方 → 倒退
[INFO] [1790768950.274161502] [exploration]: v=-0.08 w=+0.00 | 三面极近，倒退
[INFO] [1790768950.374292496] [exploration]: v=-0.08 w=+0.00 | 倒退
[INFO] [1790768951.074877149] [exploration]: v=+0.00 w=+0.00 | 倒退结束，停稳
[INFO] [1790768951.174447953] [exploration]: v=-0.08 w=+0.00 | 三面极近，倒退
[INFO] [1790768951.274508825] [exploration]: v=-0.08 w=+0.00 | 倒退
[INFO] [1790768951.977760759] [exploration]: v=+0.00 w=+0.00 | 倒退结束，停稳
[INFO] [1790768952.076995415] [exploration]: v=-0.08 w=+0.00 | 转向中 center=-120° 在后方 → 倒退
[INFO] [1790768952.176059663] [exploration]: v=-0.08 w=+0.00 | 三面极近，倒退
[INFO] [1790768952.276441660] [exploration]: v=-0.08 w=+0.00 | 倒退
[INFO] [1790768952.977087707] [exploration]: v=+0.00 w=+0.00 | 倒退结束，停稳
[INFO] [1790768953.078457752] [exploration]: v=-0.08 w=+0.00 | 转向中 center=-155° 在后方 → 倒退
[INFO] [1790768953.177708450] [exploration]: v=-0.08 w=+0.00 | 转向中 center=-145° 在后方 → 倒退
[INFO] [1790768953.280553016] [exploration]: v=+0.00 w=-0.50 | 转向中 center=-85°
[INFO] [1790768953.379589074] [exploration]: v=-0.08 w=+0.00 | 转向中 center=-135° 在后方 → 倒退
[INFO] [1790768953.479123784] [exploration]: v=-0.08 w=+0.00 | 转向中 center=-145° 在后方 → 倒退
[INFO] [1790768953.577792574] [exploration]: v=+0.00 w=+0.50 | 转向中 center=30°
[INFO] [1790768953.679568477] [exploration]: v=-0.08 w=+0.00 | 转向中 center=-100° 在后方 → 倒退
[INFO] [1790768953.778641070] [exploration]: v=-0.08 w=+0.00 | 转向中 center=-95° 在后方 → 倒退
[INFO] [1790768953.879750374] [exploration]: v=+0.00 w=+0.00 | 转向完成，停稳 对准 center=0°
[INFO] [1790768953.979826204] [exploration]: v=-0.08 w=+0.00 | 三面极近，倒退
[INFO] [1790768954.079856283] [exploration]: v=-0.08 w=+0.00 | 倒退
[INFO] [1790768954.780626145] [exploration]: v=+0.00 w=+0.00 | 倒退结束，停稳
[INFO] [1790768954.881854903] [exploration]: v=+0.20 w=+0.00 | 直行 d=0.86
[INFO] [1790768954.980934354] [exploration]: v=-0.08 w=+0.00 | 三面极近，倒退
[INFO] [1790768955.081285922] [exploration]: v=-0.08 w=+0.00 | 倒退
[INFO] [1790768955.782034293] [exploration]: v=+0.00 w=+0.00 | 倒退结束，停稳
[INFO] [1790768955.882268152] [exploration]: v=+0.20 w=+0.00 | 直行 d=0.91
[INFO] [1790768955.981469566] [exploration]: v=+0.20 w=+0.00 | 直行 d=0.93
[INFO] [1790768956.082216737] [exploration]: v=+0.20 w=+0.00 | 直行 d=0.91
[INFO] [1790768956.283972675] [exploration]: v=+0.20 w=+0.00 | 直行 d=0.88
[INFO] [1790768956.385725367] [exploration]: v=+0.20 w=+0.00 | 直行 d=0.89
[INFO] [1790768956.484653836] [exploration]: v=+0.20 w=+0.00 | 直行 d=0.87
[INFO] [1790768956.585313971] [exploration]: v=+0.20 w=+0.00 | 直行 d=0.88
[INFO] [1790768956.685806501] [exploration]: v=+0.20 w=+0.00 | 直行 d=0.86
[INFO] [1790768956.785721137] [exploration]: v=+0.20 w=+0.00 | 直行 d=0.83
[INFO] [1790768956.884791098] [exploration]: v=+0.20 w=+0.00 | 直行 d=0.81
[INFO] [1790768956.984736539] [exploration]: v=+0.20 w=+0.00 | 直行 d=0.82
[INFO] [1790768957.085850056] [exploration]: v=+0.08 w=+0.00 | 减速 d=0.78
[INFO] [1790768957.184242043] [exploration]: v=+0.00 w=+0.50 | 进入转向 center=180° 由于危险 d=0.14
[INFO] [1790768957.284730822] [exploration]: v=-0.08 w=+0.00 | 三面极近，倒退
[INFO] [1790768957.384417038] [exploration]: v=-0.08 w=+0.00 | 倒退
[INFO] [1790768958.085212932] [exploration]: v=+0.00 w=+0.00 | 倒退结束，停稳
[INFO] [1790768958.185877577] [exploration]: v=-0.08 w=+0.00 | 三面极近，倒退
[INFO] [1790768958.286778977] [exploration]: v=-0.08 w=+0.00 | 倒退
[INFO] [1790768958.987877567] [exploration]: v=+0.00 w=+0.00 | 倒退结束，停稳
[INFO] [1790768959.088140979] [exploration]: v=-0.08 w=+0.00 | 三面极近，倒退
[INFO] [1790768959.188117806] [exploration]: v=-0.08 w=+0.00 | 倒退
[INFO] [1790768959.888117912] [exploration]: v=+0.00 w=+0.00 | 倒退结束，停稳
[INFO] [1790768959.989130359] [exploration]: v=-0.08 w=+0.00 | 三面极近，倒退
[INFO] [1790768960.089945587] [exploration]: v=-0.08 w=+0.00 | 倒退
[INFO] [1790768960.791937274] [exploration]: v=+0.00 w=+0.00 | 倒退结束，停稳
[INFO] [1790768960.893774891] [exploration]: v=-0.08 w=+0.00 | 转向中 center=-125° 在后方 → 倒退
[INFO] [1790768960.992871459] [exploration]: v=+0.00 w=+0.00 | 转向完成，停稳 对准 center=0°
[INFO] [1790768961.092696765] [exploration]: v=-0.08 w=+0.00 | 三面极近，倒退
[INFO] [1790768961.192232494] [exploration]: v=-0.08 w=+0.00 | 倒退
