[INFO] [1790737797.246868415] [exploration]: 探索节点已启动
[INFO] [1790737797.275277486] [exploration]: v=+0.20 w=+0.00 | 直行 d=1.94
[INFO] [1790737797.375751442] [exploration]: v=+0.20 w=+0.00 | 直行 d=1.95
[INFO] [1790737797.474839454] [exploration]: v=+0.20 w=+0.00 | 直行 d=1.92
[INFO] [1790737797.575715860] [exploration]: v=+0.20 w=+0.00 | 直行 d=1.91
[INFO] [1790737797.676192691] [exploration]: v=+0.20 w=+0.00 | 直行 d=1.89
[INFO] [1790737797.776159980] [exploration]: v=+0.20 w=+0.00 | 直行 d=1.86
[INFO] [1790737797.876424253] [exploration]: v=+0.20 w=+0.00 | 直行 d=1.85
[INFO] [1790737797.975576185] [exploration]: v=+0.20 w=+0.00 | 直行 d=1.82
[INFO] [1790737798.075232746] [exploration]: v=+0.20 w=+0.00 | 直行 d=1.80
[INFO] [1790737798.174996452] [exploration]: v=+0.20 w=+0.00 | 直行 d=1.79
[INFO] [1790737798.276388495] [exploration]: v=+0.20 w=+0.00 | 直行 d=1.77
[INFO] [1790737798.376947262] [exploration]: v=+0.20 w=+0.00 | 直行 d=1.73
[INFO] [1790737798.576971745] [exploration]: v=+0.20 w=+0.00 | 直行 d=1.71
[INFO] [1790737798.677364037] [exploration]: v=+0.20 w=+0.00 | 直行 d=1.68
[INFO] [1790737798.778665604] [exploration]: v=+0.20 w=+0.00 | 直行 d=1.66
[INFO] [1790737798.878808703] [exploration]: v=+0.20 w=+0.00 | 直行 d=1.64
[INFO] [1790737798.979479484] [exploration]: v=+0.20 w=+0.00 | 直行 d=1.62
[INFO] [1790737799.079928222] [exploration]: v=+0.20 w=+0.00 | 直行 d=1.60
[INFO] [1790737799.179440958] [exploration]: v=+0.20 w=+0.00 | 直行 d=1.58
[INFO] [1790737799.278544929] [exploration]: v=+0.20 w=+0.00 | 直行 d=1.57
[INFO] [1790737799.378343399] [exploration]: v=+0.20 w=+0.00 | 直行 d=1.54
[INFO] [1790737799.479202185] [exploration]: v=+0.20 w=+0.00 | 直行 d=1.52
[INFO] [1790737799.677966993] [exploration]: v=+0.20 w=+0.00 | 直行 d=1.49
[INFO] [1790737799.779980921] [exploration]: v=+0.20 w=+0.00 | 直行 d=1.45
[INFO] [1790737799.979613888] [exploration]: v=+0.20 w=+0.00 | 直行 d=1.43
[INFO] [1790737800.078632473] [exploration]: v=+0.20 w=+0.00 | 直行 d=1.40
[INFO] [1790737800.180004496] [exploration]: v=+0.20 w=+0.00 | 直行 d=1.38
[INFO] [1790737800.279397539] [exploration]: v=+0.20 w=+0.00 | 直行 d=1.36
[INFO] [1790737800.380806869] [exploration]: v=+0.20 w=+0.00 | 直行 d=1.34
[INFO] [1790737800.480868320] [exploration]: v=+0.20 w=+0.00 | 直行 d=1.32
[INFO] [1790737800.580706169] [exploration]: v=+0.20 w=+0.00 | 直行 d=1.30
[INFO] [1790737800.680731900] [exploration]: v=+0.20 w=+0.00 | 直行 d=1.29
[INFO] [1790737800.779954342] [exploration]: v=+0.20 w=+0.00 | 直行 d=1.26
[INFO] [1790737800.880203964] [exploration]: v=+0.20 w=+0.00 | 直行 d=1.24
[INFO] [1790737800.980577738] [exploration]: v=+0.20 w=+0.00 | 直行 d=1.22
[INFO] [1790737801.080605891] [exploration]: v=+0.20 w=+0.00 | 直行 d=1.20
[INFO] [1790737801.181741580] [exploration]: v=+0.20 w=+0.00 | 直行 d=1.18
[INFO] [1790737801.281776309] [exploration]: v=+0.20 w=+0.00 | 直行 d=1.16
[INFO] [1790737801.382618243] [exploration]: v=+0.20 w=+0.00 | 直行 d=1.14
[INFO] [1790737801.482328117] [exploration]: v=+0.20 w=+0.00 | 直行 d=1.12
[INFO] [1790737801.582033025] [exploration]: v=+0.20 w=+0.00 | 直行 d=1.11
[INFO] [1790737801.681384226] [exploration]: v=+0.20 w=+0.00 | 直行 d=1.09
[INFO] [1790737801.781332040] [exploration]: v=+0.20 w=+0.00 | 直行 d=1.07
[INFO] [1790737801.882745780] [exploration]: v=+0.20 w=+0.00 | 直行 d=1.04
[INFO] [1790737801.982098285] [exploration]: v=+0.20 w=+0.00 | 直行 d=1.02
[INFO] [1790737802.082484983] [exploration]: v=+0.20 w=+0.00 | 直行 d=1.01
[INFO] [1790737802.181691854] [exploration]: v=+0.20 w=+0.00 | 直行 d=0.98
[INFO] [1790737802.282932006] [exploration]: v=+0.20 w=+0.00 | 直行 d=0.96
[INFO] [1790737802.382413162] [exploration]: v=+0.20 w=+0.00 | 直行 d=0.94
[INFO] [1790737802.482364855] [exploration]: v=+0.20 w=+0.00 | 直行 d=0.92
[INFO] [1790737802.582692718] [exploration]: v=+0.20 w=+0.00 | 直行 d=0.89
[INFO] [1790737802.683543672] [exploration]: v=+0.10 w=+0.00 | 减速 d=0.87
[INFO] [1790737802.783650894] [exploration]: v=+0.00 w=+0.70 | 转向，由于危险 d=0.15
[INFO] [1790737802.883371475] [exploration]: v=+0.00 w=+0.70 | 转向中 front=0.15 目标>1.0
[INFO] [1790737803.183950992] [exploration]: v=+0.00 w=+0.70 | 转向中 front=0.14 目标>1.0
[INFO] [1790737803.283576894] [exploration]: v=+0.00 w=+0.70 | 转向中 front=0.16 目标>1.0
[INFO] [1790737803.384869058] [exploration]: v=+0.00 w=+0.70 | 转向中 front=0.85 目标>1.0
[INFO] [1790737803.485989141] [exploration]: v=+0.00 w=+0.70 | 转向中 front=0.15 目标>1.0
[INFO] [1790737803.584266548] [exploration]: v=+0.00 w=+0.70 | 转向中 front=0.86 目标>1.0
[INFO] [1790737803.986438065] [exploration]: v=+0.00 w=+0.70 | 转向中 front=0.87 目标>1.0
[INFO] [1790737804.087222328] [exploration]: v=+0.00 w=+0.70 | 转向中 front=0.88 目标>1.0
[INFO] [1790737804.187490292] [exploration]: v=+0.00 w=+0.70 | 转向中 front=0.91 目标>1.0
[INFO] [1790737804.287743962] [exploration]: v=+0.00 w=+0.70 | 转向中 front=0.94 目标>1.0
[INFO] [1790737804.387843369] [exploration]: v=+0.00 w=+0.70 | 转向中 front=0.99 目标>1.0
[INFO] [1790737804.487385805] [exploration]: v=+0.00 w=+0.00 | 转向完成，停稳 front=1.04
[INFO] [1790737804.587198073] [exploration]: v=+0.20 w=+0.00 | 直行 d=1.07
[INFO] [1790737804.787440030] [exploration]: v=+0.20 w=+0.00 | 直行 d=1.05
[INFO] [1790737804.886997572] [exploration]: v=+0.20 w=+0.00 | 直行 d=1.06
[INFO] [1790737804.987346544] [exploration]: v=+0.20 w=+0.00 | 直行 d=1.04
[INFO] [1790737805.087410127] [exploration]: v=+0.20 w=+0.00 | 直行 d=1.03
[INFO] [1790737805.187062706] [exploration]: v=+0.20 w=+0.00 | 直行 d=1.01
[INFO] [1790737805.387885238] [exploration]: v=+0.20 w=+0.00 | 直行 d=1.00
[INFO] [1790737805.487453571] [exploration]: v=+0.20 w=+0.00 | 直行 d=0.97
[INFO] [1790737805.588595095] [exploration]: v=+0.20 w=+0.00 | 直行 d=0.96
[INFO] [1790737805.689014852] [exploration]: v=+0.20 w=+0.00 | 直行 d=0.95
[INFO] [1790737805.789044449] [exploration]: v=+0.20 w=+0.00 | 直行 d=0.93
[INFO] [1790737805.989076634] [exploration]: v=+0.20 w=+0.00 | 直行 d=0.91
[INFO] [1790737806.188654213] [exploration]: v=+0.20 w=+0.00 | 直行 d=0.89
[INFO] [1790737806.290573604] [exploration]: v=+0.10 w=+0.00 | 减速 d=0.87
[INFO] [1790737806.390509778] [exploration]: v=+0.00 w=+0.70 | 转向，由于危险 d=0.15
[INFO] [1790737806.490867970] [exploration]: v=+0.00 w=+0.70 | 转向中 front=0.85 目标>1.0
[INFO] [1790737806.691614094] [exploration]: v=+0.00 w=+0.70 | 转向中 front=0.13 目标>1.0
[INFO] [1790737806.791694452] [exploration]: v=+0.00 w=+0.70 | 转向中 front=0.14 目标>1.0
[INFO] [1790737806.892290720] [exploration]: v=+0.00 w=+0.70 | 转向中 front=0.88 目标>1.0
[INFO] [1790737806.991089601] [exploration]: v=+0.00 w=+0.70 | 转向中 front=0.13 目标>1.0
[INFO] [1790737807.091202376] [exploration]: v=+0.00 w=+0.70 | 转向中 front=0.14 目标>1.0
[INFO] [1790737807.192153945] [exploration]: v=+0.00 w=+0.70 | 转向中 front=0.88 目标>1.0
[INFO] [1790737807.292527855] [exploration]: v=+0.00 w=+0.70 | 转向中 front=0.87 目标>1.0
[INFO] [1790737807.391473608] [exploration]: v=+0.00 w=+0.70 | 转向中 front=0.88 目标>1.0
[INFO] [1790737807.893680970] [exploration]: v=+0.00 w=+0.70 | 转向中 front=0.89 目标>1.0
[INFO] [1790737807.993619390] [exploration]: v=+0.00 w=+0.70 | 转向中 front=0.90 目标>1.0
[INFO] [1790737808.093020498] [exploration]: v=+0.00 w=+0.70 | 转向中 front=0.91 目标>1.0
[INFO] [1790737808.192412675] [exploration]: v=+0.00 w=+0.70 | 转向中 front=0.94 目标>1.0
[INFO] [1790737808.292919458] [exploration]: v=+0.00 w=+0.70 | 转向中 front=0.97 目标>1.0
[INFO] [1790737808.393609648] [exploration]: v=+0.00 w=+0.00 | 转向完成，停稳 front=1.02
[INFO] [1790737808.492410095] [exploration]: v=+0.20 w=+0.00 | 直行 d=1.03
[INFO] [1790737808.694475383] [exploration]: v=+0.20 w=+0.00 | 直行 d=1.05
[INFO] [1790737808.793692834] [exploration]: v=+0.20 w=+0.00 | 直行 d=1.02
[INFO] [1790737808.895846654] [exploration]: v=+0.20 w=+0.00 | 直行 d=0.99
[INFO] [1790737808.994801572] [exploration]: v=+0.20 w=+0.00 | 直行 d=0.98
[INFO] [1790737809.095068020] [exploration]: v=+0.20 w=+0.00 | 直行 d=0.99
[INFO] [1790737809.196285385] [exploration]: v=+0.20 w=+0.00 | 直行 d=0.97
[INFO] [1790737809.296814738] [exploration]: v=+0.20 w=+0.00 | 直行 d=0.95
[INFO] [1790737809.396396482] [exploration]: v=+0.20 w=+0.00 | 直行 d=0.93
[INFO] [1790737809.596605762] [exploration]: v=+0.20 w=+0.00 | 直行 d=0.92
[INFO] [1790737809.695004512] [exploration]: v=+0.20 w=+0.00 | 直行 d=0.91
[INFO] [1790737809.797038290] [exploration]: v=+0.10 w=+0.00 | 减速 d=0.87
[INFO] [1790737809.896417995] [exploration]: v=+0.00 w=-0.70 | 转向，由于危险 d=0.15
[INFO] [1790737809.997655048] [exploration]: v=+0.00 w=-0.70 | 转向中 front=0.15 目标>1.0
[INFO] [1790737810.095749154] [exploration]: v=+0.00 w=-0.70 | 转向中 front=0.80 目标>1.0
[INFO] [1790737810.197754567] [exploration]: v=+0.00 w=-0.70 | 转向中 front=0.79 目标>1.0
[INFO] [1790737810.397233125] [exploration]: v=+0.00 w=-0.70 | 转向中 front=0.14 目标>1.0
[INFO] [1790737810.497079158] [exploration]: v=+0.00 w=-0.70 | 转向中 front=0.15 目标>1.0
[INFO] [1790737810.597954855] [exploration]: v=+0.00 w=-0.70 | 转向中 front=0.74 目标>1.0
[INFO] [1790737810.697121023] [exploration]: v=+0.00 w=-0.70 | 转向中 front=0.73 目标>1.0
[INFO] [1790737810.796265023] [exploration]: v=+0.00 w=-0.70 | 转向中 front=0.72 目标>1.0
[INFO] [1790737812.197746106] [exploration]: v=+0.00 w=-0.70 | 转向中 front=0.73 目标>1.0
[INFO] [1790737812.399418227] [exploration]: v=+0.00 w=-0.70 | 转向中 front=0.74 目标>1.0
[INFO] [1790737812.500652864] [exploration]: v=+0.00 w=-0.70 | 转向中 front=0.75 目标>1.0
[INFO] [1790737812.599804292] [exploration]: v=+0.00 w=-0.70 | 转向中 front=0.78 目标>1.0
[INFO] [1790737812.701576087] [exploration]: v=+0.00 w=-0.70 | 转向中 front=0.80 目标>1.0
[INFO] [1790737812.800837865] [exploration]: v=+0.00 w=-0.70 | 转向中 front=0.83 目标>1.0
[INFO] [1790737812.900507967] [exploration]: v=+0.00 w=-0.70 | 转向中 front=0.86 目标>1.0
[INFO] [1790737813.200966699] [exploration]: v=+0.00 w=-0.70 | 转向中 front=0.87 目标>1.0
[INFO] [1790737813.400989872] [exploration]: v=+0.00 w=-0.70 | 转向中 front=0.86 目标>1.0
[INFO] [1790737813.801806825] [exploration]: v=+0.00 w=-0.70 | 转向中 front=0.87 目标>1.0
[INFO] [1790737813.901777613] [exploration]: v=+0.00 w=-0.70 | 转向中 front=0.86 目标>1.0
[INFO] [1790737814.502591558] [exploration]: v=+0.00 w=-0.70 | 转向中 front=0.87 目标>1.0
[INFO] [1790737814.701925937] [exploration]: v=+0.00 w=-0.70 | 转向中 front=0.88 目标>1.0
[INFO] [1790737814.802428539] [exploration]: v=+0.00 w=-0.70 | 转向中 front=0.90 目标>1.0
[INFO] [1790737814.902683823] [exploration]: v=+0.00 w=+0.00 | 转向完成，停稳 front=1.43
[INFO] [1790737815.003167031] [exploration]: v=+0.20 w=+0.00 | 直行 d=1.45
[INFO] [1790737815.304482594] [exploration]: v=+0.20 w=+0.00 | 直行 d=1.42
[INFO] [1790737815.404570819] [exploration]: v=+0.20 w=+0.00 | 直行 d=1.40
[INFO] [1790737815.604791417] [exploration]: v=+0.20 w=+0.00 | 直行 d=1.38
[INFO] [1790737815.704897946] [exploration]: v=+0.20 w=+0.00 | 直行 d=1.37
[INFO] [1790737815.803982177] [exploration]: v=+0.20 w=+0.00 | 直行 d=1.35
[INFO] [1790737815.904725587] [exploration]: v=+0.20 w=+0.00 | 直行 d=1.33
[INFO] [1790737816.105869940] [exploration]: v=+0.20 w=+0.00 | 直行 d=1.32
[INFO] [1790737816.204696540] [exploration]: v=+0.20 w=+0.00 | 直行 d=1.30
[INFO] [1790737816.305247376] [exploration]: v=+0.20 w=+0.00 | 直行 d=1.28
[INFO] [1790737816.406298596] [exploration]: v=+0.20 w=+0.00 | 直行 d=1.26
[INFO] [1790737816.505586537] [exploration]: v=+0.20 w=+0.00 | 直行 d=1.24
[INFO] [1790737816.605179300] [exploration]: v=+0.20 w=+0.00 | 直行 d=1.20
[INFO] [1790737816.705328224] [exploration]: v=+0.20 w=+0.00 | 直行 d=1.18
[INFO] [1790737816.907401421] [exploration]: v=+0.20 w=+0.00 | 直行 d=1.16
[INFO] [1790737817.007103794] [exploration]: v=+0.20 w=+0.00 | 直行 d=1.12
[INFO] [1790737817.106069150] [exploration]: v=+0.20 w=+0.00 | 直行 d=1.10
[INFO] [1790737817.306856924] [exploration]: v=+0.20 w=+0.00 | 直行 d=1.07
[INFO] [1790737817.408072380] [exploration]: v=+0.20 w=+0.00 | 直行 d=1.06
[INFO] [1790737817.507718148] [exploration]: v=+0.20 w=+0.00 | 直行 d=1.03
[INFO] [1790737817.607978860] [exploration]: v=+0.20 w=+0.00 | 直行 d=1.00
[INFO] [1790737817.708694225] [exploration]: v=+0.20 w=+0.00 | 直行 d=0.98
[INFO] [1790737817.807648270] [exploration]: v=+0.20 w=+0.00 | 直行 d=0.97
[INFO] [1790737817.907941681] [exploration]: v=+0.20 w=+0.00 | 直行 d=0.95
[INFO] [1790737818.007875433] [exploration]: v=+0.20 w=+0.00 | 直行 d=0.92
[INFO] [1790737818.107750862] [exploration]: v=+0.20 w=+0.00 | 直行 d=0.90
[INFO] [1790737818.207119536] [exploration]: v=+0.10 w=+0.00 | 减速 d=0.87
[INFO] [1790737818.309051679] [exploration]: v=+0.00 w=+0.70 | 转向，由于危险 d=0.40
[INFO] [1790737818.409860186] [exploration]: v=+0.00 w=+0.70 | 转向中 front=0.15 目标>1.0
[INFO] [1790737818.609929002] [exploration]: v=+0.00 w=+0.70 | 转向中 front=0.14 目标>1.0
[INFO] [1790737818.809557112] [exploration]: v=+0.00 w=+0.70 | 转向中 front=0.83 目标>1.0
[INFO] [1790737818.909729419] [exploration]: v=+0.00 w=+0.70 | 转向中 front=0.14 目标>1.0
[INFO] [1790737819.009605134] [exploration]: v=+0.00 w=+0.70 | 转向中 front=0.94 目标>1.0
[INFO] [1790737819.109561221] [exploration]: v=+0.00 w=+0.70 | 转向中 front=0.95 目标>1.0
[INFO] [1790737819.209731547] [exploration]: v=+0.00 w=+0.70 | 转向中 front=0.88 目标>1.0
[INFO] [1790737819.309569602] [exploration]: v=+0.00 w=+0.70 | 转向中 front=0.63 目标>1.0
[INFO] [1790737819.409249716] [exploration]: v=+0.00 w=+0.70 | 转向中 front=0.50 目标>1.0
[INFO] [1790737819.509854376] [exploration]: v=+0.00 w=+0.70 | 转向中 front=0.44 目标>1.0
[INFO] [1790737819.610598092] [exploration]: v=+0.00 w=+0.70 | 转向中 front=0.45 目标>1.0
[INFO] [1790737819.912028728] [exploration]: v=+0.00 w=+0.70 | 转向中 front=0.44 目标>1.0
[INFO] [1790737820.011298942] [exploration]: v=+0.00 w=+0.70 | 转向中 front=0.45 目标>1.0
[INFO] [1790737820.112194818] [exploration]: v=+0.00 w=+0.70 | 转向中 front=0.44 目标>1.0
[INFO] [1790737820.210920298] [exploration]: v=+0.00 w=+0.70 | 转向中 front=0.45 目标>1.0
[INFO] [1790737820.711686415] [exploration]: v=+0.00 w=+0.70 | 转向中 front=0.46 目标>1.0
[INFO] [1790737820.812062155] [exploration]: v=+0.00 w=+0.70 | 转向中 front=0.45 目标>1.0
[INFO] [1790737820.912079450] [exploration]: v=+0.00 w=+0.70 | 转向中 front=0.46 目标>1.0
[INFO] [1790737821.012607728] [exploration]: v=+0.00 w=+0.70 | 转向中 front=0.47 目标>1.0
[INFO] [1790737821.112562174] [exploration]: v=+0.00 w=+0.70 | 转向中 front=0.49 目标>1.0
[INFO] [1790737821.213094117] [exploration]: v=+0.00 w=+0.70 | 转向中 front=0.52 目标>1.0
[INFO] [1790737821.313194990] [exploration]: v=+0.00 w=+0.70 | 转向中 front=0.56 目标>1.0
[INFO] [1790737821.414491324] [exploration]: v=+0.00 w=+0.70 | 转向中 front=0.60 目标>1.0
[INFO] [1790737821.515110828] [exploration]: v=+0.00 w=+0.70 | 转向中 front=0.67 目标>1.0
[INFO] [1790737821.613998709] [exploration]: v=+0.00 w=+0.70 | 转向中 front=0.71 目标>1.0
[INFO] [1790737821.714486482] [exploration]: v=+0.00 w=+0.70 | 转向中 front=0.80 目标>1.0
[INFO] [1790737821.815173427] [exploration]: v=+0.00 w=+0.70 | 转向中 front=0.91 目标>1.0
[INFO] [1790737821.913806778] [exploration]: v=+0.00 w=+0.00 | 转向完成，停稳 front=1.09
[INFO] [1790737822.015732175] [exploration]: v=+0.20 w=+0.00 | 直行 d=1.16
[INFO] [1790737822.215975129] [exploration]: v=+0.20 w=+0.00 | 直行 d=1.15
[INFO] [1790737822.315972535] [exploration]: v=+0.20 w=+0.00 | 直行 d=1.13
[INFO] [1790737822.416120242] [exploration]: v=+0.20 w=+0.00 | 直行 d=1.11
[INFO] [1790737822.516147049] [exploration]: v=+0.20 w=+0.00 | 直行 d=1.09
[INFO] [1790737822.615276833] [exploration]: v=+0.20 w=+0.00 | 直行 d=1.07
[INFO] [1790737822.714751368] [exploration]: v=+0.20 w=+0.00 | 直行 d=1.06
[INFO] [1790737822.815124859] [exploration]: v=+0.20 w=+0.00 | 直行 d=1.04
[INFO] [1790737822.915622771] [exploration]: v=+0.20 w=+0.00 | 直行 d=1.02
[INFO] [1790737823.017145461] [exploration]: v=+0.20 w=+0.00 | 直行 d=1.00
[INFO] [1790737823.117145998] [exploration]: v=+0.20 w=+0.00 | 直行 d=0.98
[INFO] [1790737823.217326232] [exploration]: v=+0.20 w=+0.00 | 直行 d=0.95
[INFO] [1790737823.317202901] [exploration]: v=+0.20 w=+0.00 | 直行 d=0.93
[INFO] [1790737823.415982780] [exploration]: v=+0.20 w=+0.00 | 直行 d=0.92
[INFO] [1790737823.516666193] [exploration]: v=+0.20 w=+0.00 | 直行 d=0.89
[INFO] [1790737823.616437432] [exploration]: v=+0.11 w=+0.00 | 减速 d=0.88
[INFO] [1790737823.717923442] [exploration]: v=+0.00 w=-0.70 | 转向，由于危险 d=0.16
[INFO] [1790737823.818641236] [exploration]: v=+0.00 w=-0.70 | 转向中 front=0.85 目标>1.0
[INFO] [1790737823.917142540] [exploration]: v=+0.00 w=-0.70 | 转向中 front=0.14 目标>1.0
[INFO] [1790737824.018042428] [exploration]: v=+0.00 w=-0.70 | 转向中 front=0.15 目标>1.0
[INFO] [1790737824.117696086] [exploration]: v=+0.00 w=-0.70 | 转向中 front=0.16 目标>1.0
[INFO] [1790737824.219162837] [exploration]: v=+0.00 w=-0.70 | 转向中 front=0.14 目标>1.0
[INFO] [1790737824.319052628] [exploration]: v=+0.00 w=-0.70 | 转向中 front=0.65 目标>1.0
[INFO] [1790737824.418527609] [exploration]: v=+0.00 w=-0.70 | 转向中 front=0.14 目标>1.0
[INFO] [1790737824.518843285] [exploration]: v=+0.00 w=-0.70 | 转向中 front=0.59 目标>1.0
[INFO] [1790737824.620115905] [exploration]: v=+0.00 w=-0.70 | 转向中 front=0.55 目标>1.0
[INFO] [1790737824.718869307] [exploration]: v=+0.00 w=-0.70 | 转向中 front=0.53 目标>1.0
[INFO] [1790737824.819641772] [exploration]: v=+0.00 w=-0.70 | 转向中 front=0.50 目标>1.0
[INFO] [1790737824.920636647] [exploration]: v=+0.00 w=-0.70 | 转向中 front=0.48 目标>1.0
[INFO] [1790737825.020817316] [exploration]: v=+0.00 w=-0.70 | 转向中 front=0.47 目标>1.0
[INFO] [1790737825.120853256] [exploration]: v=+0.00 w=-0.70 | 转向中 front=0.44 目标>1.0
[INFO] [1790737825.320544807] [exploration]: v=+0.00 w=-0.70 | 转向中 front=0.43 目标>1.0
[INFO] [1790737825.420628378] [exploration]: v=+0.00 w=-0.70 | 转向中 front=0.42 目标>1.0
[INFO] [1790737825.720590543] [exploration]: v=+0.00 w=-0.70 | 转向中 front=0.41 目标>1.0
[INFO] [1790737826.021513944] [exploration]: v=+0.00 w=-0.70 | 转向中 front=0.40 目标>1.0
[INFO] [1790737826.121524945] [exploration]: v=+0.00 w=-0.70 | 转向中 front=0.41 目标>1.0
[INFO] [1790737826.222648629] [exploration]: v=+0.00 w=-0.70 | 转向中 front=0.40 目标>1.0
[INFO] [1790737826.422276635] [exploration]: v=+0.00 w=-0.70 | 转向中 front=0.41 目标>1.0
[INFO] [1790737826.621969404] [exploration]: v=+0.00 w=-0.70 | 转向中 front=0.40 目标>1.0
[INFO] [1790737826.821646266] [exploration]: v=+0.00 w=-0.70 | 转向中 front=0.41 目标>1.0
[INFO] [1790737827.222255180] [exploration]: v=+0.00 w=-0.70 | 转向中 front=0.42 目标>1.0
[INFO] [1790737827.324611459] [exploration]: v=+0.00 w=-0.70 | 转向中 front=0.43 目标>1.0
[INFO] [1790737827.424791938] [exploration]: v=+0.00 w=-0.70 | 转向中 front=0.44 目标>1.0
[INFO] [1790737827.524677999] [exploration]: v=+0.00 w=+0.00 | 转向完成，停稳 front=1.09
[INFO] [1790737827.624848790] [exploration]: v=+0.20 w=+0.00 | 直行 d=1.11
[INFO] [1790737827.824351446] [exploration]: v=+0.20 w=+0.00 | 直行 d=1.10
[INFO] [1790737827.924795771] [exploration]: v=+0.20 w=+0.00 | 直行 d=1.09
[INFO] [1790737828.024491414] [exploration]: v=+0.20 w=+0.00 | 直行 d=1.08
[INFO] [1790737828.124998661] [exploration]: v=+0.20 w=+0.00 | 直行 d=1.06
[INFO] [1790737828.325139595] [exploration]: v=+0.20 w=+0.00 | 直行 d=1.02
[INFO] [1790737828.425711081] [exploration]: v=+0.20 w=+0.00 | 直行 d=1.01
[INFO] [1790737828.524899620] [exploration]: v=+0.20 w=+0.00 | 直行 d=0.98
[INFO] [1790737828.725229949] [exploration]: v=+0.20 w=+0.00 | 直行 d=0.95
[INFO] [1790737828.825188653] [exploration]: v=+0.20 w=+0.00 | 直行 d=0.93
[INFO] [1790737828.925492448] [exploration]: v=+0.20 w=+0.00 | 直行 d=0.91
[INFO] [1790737829.025235660] [exploration]: v=+0.20 w=+0.00 | 直行 d=0.88
[INFO] [1790737829.125308018] [exploration]: v=+0.10 w=+0.00 | 减速 d=0.86
[INFO] [1790737829.225693633] [exploration]: v=+0.00 w=+0.70 | 转向，由于危险 d=0.14
[INFO] [1790737829.327185954] [exploration]: v=+0.00 w=+0.70 | 转向中 front=0.80 目标>1.0
[INFO] [1790737829.426178286] [exploration]: v=+0.00 w=+0.70 | 转向中 front=0.13 目标>1.0
[INFO] [1790737829.526129817] [exploration]: v=+0.00 w=+0.70 | 转向中 front=0.14 目标>1.0
[INFO] [1790737829.627060485] [exploration]: v=+0.00 w=+0.70 | 转向中 front=0.85 目标>1.0
[INFO] [1790737829.726693915] [exploration]: v=+0.00 w=+0.70 | 转向中 front=0.14 目标>1.0
[INFO] [1790737829.927627177] [exploration]: v=+0.00 w=+0.70 | 转向中 front=0.97 目标>1.0
[INFO] [1790737830.027283410] [exploration]: v=+0.00 w=+0.70 | 转向中 front=0.98 目标>1.0
[INFO] [1790737830.227343700] [exploration]: v=+0.00 w=+0.70 | 转向中 front=0.48 目标>1.0
[INFO] [1790737830.328513487] [exploration]: v=+0.00 w=+0.70 | 转向中 front=0.32 目标>1.0
[INFO] [1790737830.429401366] [exploration]: v=+0.00 w=+0.70 | 转向中 front=0.24 目标>1.0
[INFO] [1790737830.529662534] [exploration]: v=+0.00 w=+0.70 | 转向中 front=0.23 目标>1.0
[INFO] [1790737831.030055389] [exploration]: v=+0.00 w=+0.70 | 转向中 front=0.22 目标>1.0
[INFO] [1790737831.129970750] [exploration]: v=+0.00 w=+0.70 | 转向中 front=0.23 目标>1.0
[INFO] [1790737831.229122997] [exploration]: v=+0.00 w=+0.70 | 转向中 front=0.22 目标>1.0
[INFO] [1790737831.328686007] [exploration]: v=+0.00 w=+0.70 | 转向中 front=0.23 目标>1.0
[INFO] [1790737831.530682845] [exploration]: v=+0.00 w=+0.70 | 转向中 front=0.24 目标>1.0
[INFO] [1790737831.629560376] [exploration]: v=+0.00 w=+0.70 | 转向中 front=0.23 目标>1.0
[INFO] [1790737831.730095850] [exploration]: v=+0.00 w=+0.70 | 转向中 front=0.24 目标>1.0
[INFO] [1790737831.829395238] [exploration]: v=+0.00 w=+0.70 | 转向中 front=0.23 目标>1.0
[INFO] [1790737832.030417297] [exploration]: v=+0.00 w=+0.70 | 转向中 front=0.25 目标>1.0
[INFO] [1790737832.130193427] [exploration]: v=+0.00 w=+0.70 | 转向中 front=0.26 目标>1.0
[INFO] [1790737832.230638738] [exploration]: v=+0.00 w=+0.70 | 转向中 front=0.27 目标>1.0
[INFO] [1790737832.331535921] [exploration]: v=+0.00 w=+0.70 | 转向中 front=0.28 目标>1.0
[INFO] [1790737832.431298370] [exploration]: v=+0.00 w=+0.70 | 转向中 front=0.30 目标>1.0
[INFO] [1790737832.531196787] [exploration]: v=+0.00 w=+0.70 | 转向中 front=0.33 目标>1.0
[INFO] [1790737832.631095674] [exploration]: v=+0.00 w=+0.70 | 转向中 front=0.37 目标>1.0
[INFO] [1790737832.731142810] [exploration]: v=+0.00 w=+0.70 | 转向中 front=0.40 目标>1.0
[INFO] [1790737832.831481806] [exploration]: v=+0.00 w=+0.70 | 转向中 front=0.45 目标>1.0
[INFO] [1790737832.931259827] [exploration]: v=+0.00 w=+0.70 | 转向中 front=0.53 目标>1.0
[INFO] [1790737833.032616937] [exploration]: v=+0.00 w=+0.70 | 转向中 front=0.62 目标>1.0
[INFO] [1790737833.132507414] [exploration]: v=+0.00 w=+0.70 | 转向中 front=0.76 目标>1.0
[INFO] [1790737833.232538704] [exploration]: v=+0.00 w=+0.70 | 转向中 front=0.98 目标>1.0
[INFO] [1790737833.333066466] [exploration]: v=+0.00 w=+0.00 | 转向完成，停稳 front=1.09
[INFO] [1790737833.433485076] [exploration]: v=+0.20 w=+0.00 | 直行 d=1.08
[INFO] [1790737833.633582249] [exploration]: v=+0.20 w=+0.00 | 直行 d=1.07
[INFO] [1790737833.733750555] [exploration]: v=+0.20 w=+0.00 | 直行 d=1.05
[INFO] [1790737833.835747130] [exploration]: v=+0.20 w=+0.00 | 直行 d=1.04
[INFO] [1790737833.934773397] [exploration]: v=+0.20 w=+0.00 | 直行 d=1.02
[INFO] [1790737834.034766082] [exploration]: v=+0.20 w=+0.00 | 直行 d=1.00
[INFO] [1790737834.134084838] [exploration]: v=+0.20 w=+0.00 | 直行 d=0.98
[INFO] [1790737834.233444271] [exploration]: v=+0.20 w=+0.00 | 直行 d=0.95
[INFO] [1790737834.334463381] [exploration]: v=+0.20 w=+0.00 | 直行 d=0.94
[INFO] [1790737834.434559667] [exploration]: v=+0.20 w=+0.00 | 直行 d=0.92
[INFO] [1790737834.534866858] [exploration]: v=+0.20 w=+0.00 | 直行 d=0.90
[INFO] [1790737834.634665955] [exploration]: v=+0.20 w=+0.00 | 直行 d=0.89
[INFO] [1790737834.735366339] [exploration]: v=+0.10 w=+0.00 | 减速 d=0.86
[INFO] [1790737834.835364629] [exploration]: v=+0.10 w=+0.00 | 减速 d=0.85
[INFO] [1790737834.935783111] [exploration]: v=+0.00 w=-0.70 | 转向，由于危险 d=0.14
[INFO] [1790737835.035219036] [exploration]: v=+0.00 w=-0.70 | 转向中 front=0.14 目标>1.0
[INFO] [1790737835.135213181] [exploration]: v=+0.00 w=-0.70 | 转向中 front=0.82 目标>1.0
[INFO] [1790737835.236981684] [exploration]: v=+0.00 w=-0.70 | 转向中 front=0.14 目标>1.0
[INFO] [1790737835.336470520] [exploration]: v=+0.00 w=-0.70 | 转向中 front=0.15 目标>1.0
[INFO] [1790737835.436309490] [exploration]: v=+0.00 w=-0.70 | 转向中 front=0.78 目标>1.0
[INFO] [1790737835.537413498] [exploration]: v=+0.00 w=-0.70 | 转向中 front=0.62 目标>1.0
[INFO] [1790737835.636733025] [exploration]: v=+0.00 w=-0.70 | 转向中 front=0.14 目标>1.0
[INFO] [1790737835.836856271] [exploration]: v=+0.00 w=-0.70 | 转向中 front=0.48 目标>1.0
[INFO] [1790737835.937038326] [exploration]: v=+0.00 w=-0.70 | 转向中 front=0.44 目标>1.0
[INFO] [1790737836.037204419] [exploration]: v=+0.00 w=-0.70 | 转向中 front=0.40 目标>1.0
[INFO] [1790737836.137951849] [exploration]: v=+0.00 w=-0.70 | 转向中 front=0.38 目标>1.0
[INFO] [1790737836.237975394] [exploration]: v=+0.00 w=-0.70 | 转向中 front=0.36 目标>1.0
[INFO] [1790737836.338265016] [exploration]: v=+0.00 w=-0.70 | 转向中 front=0.35 目标>1.0
[INFO] [1790737836.438141792] [exploration]: v=+0.00 w=-0.70 | 转向中 front=0.34 目标>1.0
[INFO] [1790737836.538483832] [exploration]: v=+0.00 w=-0.70 | 转向中 front=0.32 目标>1.0
[INFO] [1790737836.638644528] [exploration]: v=+0.00 w=-0.70 | 转向中 front=0.31 目标>1.0
[INFO] [1790737836.738846695] [exploration]: v=+0.00 w=-0.70 | 转向中 front=0.30 目标>1.0
[INFO] [1790737836.938907032] [exploration]: v=+0.00 w=-0.70 | 转向中 front=0.29 目标>1.0
[INFO] [1790737837.139102522] [exploration]: v=+0.00 w=-0.70 | 转向中 front=0.28 目标>1.0
[INFO] [1790737837.537950202] [exploration]: v=+0.00 w=-0.70 | 转向中 front=0.27 目标>1.0
[INFO] [1790737837.639209421] [exploration]: v=+0.00 w=-0.70 | 转向中 front=0.28 目标>1.0
[INFO] [1790737837.739384630] [exploration]: v=+0.00 w=-0.70 | 转向中 front=0.27 目标>1.0
[INFO] [1790737838.039936961] [exploration]: v=+0.00 w=-0.70 | 转向中 front=0.28 目标>1.0
[INFO] [1790737838.140597091] [exploration]: v=+0.00 w=-0.70 | 转向中 front=0.27 目标>1.0
[INFO] [1790737838.239792999] [exploration]: v=+0.00 w=-0.70 | 转向中 front=0.28 目标>1.0
[INFO] [1790737838.340893055] [exploration]: v=+0.00 w=-0.70 | 转向中 front=0.27 目标>1.0
[INFO] [1790737838.439427630] [exploration]: v=+0.00 w=-0.70 | 转向中 front=0.28 目标>1.0
[INFO] [1790737838.639254833] [exploration]: v=+0.00 w=-0.70 | 转向中 front=0.29 目标>1.0
[INFO] [1790737838.941797138] [exploration]: v=+0.00 w=-0.70 | 转向中 front=0.30 目标>1.0
[INFO] [1790737839.142978171] [exploration]: v=+0.00 w=-0.70 | 转向中 front=0.32 目标>1.0
[INFO] [1790737839.242212402] [exploration]: v=+0.00 w=-0.70 | 转向中 front=0.33 目标>1.0
[INFO] [1790737839.342155999] [exploration]: v=+0.00 w=-0.70 | 转向中 front=0.34 目标>1.0
[INFO] [1790737839.442625619] [exploration]: v=+0.00 w=+0.00 | 转向完成，停稳 front=1.08
[INFO] [1790737839.542773311] [exploration]: v=+0.00 w=-0.70 | 转向，由于危险 d=0.40
[INFO] [1790737839.643392433] [exploration]: v=+0.00 w=+0.00 | 转向完成，停稳 front=1.10
[INFO] [1790737839.742380538] [exploration]: v=+0.20 w=+0.00 | 直行 d=1.13
[INFO] [1790737839.843417985] [exploration]: v=+0.20 w=+0.00 | 直行 d=1.12
[INFO] [1790737839.943945238] [exploration]: v=+0.20 w=+0.00 | 直行 d=1.11
[INFO] [1790737840.043692970] [exploration]: v=+0.20 w=+0.00 | 直行 d=1.08
[INFO] [1790737840.144061259] [exploration]: v=+0.20 w=+0.00 | 直行 d=1.06
[INFO] [1790737840.244266434] [exploration]: v=+0.20 w=+0.00 | 直行 d=1.04
[INFO] [1790737840.345249144] [exploration]: v=+0.20 w=+0.00 | 直行 d=1.02
[INFO] [1790737840.445785471] [exploration]: v=+0.20 w=+0.00 | 直行 d=1.00
[INFO] [1790737840.545847003] [exploration]: v=+0.20 w=+0.00 | 直行 d=0.99
[INFO] [1790737840.643680286] [exploration]: v=+0.20 w=+0.00 | 直行 d=0.96
[INFO] [1790737840.745577602] [exploration]: v=+0.20 w=+0.00 | 直行 d=0.92
[INFO] [1790737840.844683438] [exploration]: v=+0.20 w=+0.00 | 直行 d=0.91
[INFO] [1790737840.945234063] [exploration]: v=+0.20 w=+0.00 | 直行 d=0.89
[INFO] [1790737841.045221697] [exploration]: v=+0.11 w=+0.00 | 减速 d=0.88
[INFO] [1790737841.145122003] [exploration]: v=+0.00 w=-0.70 | 转向，由于危险 d=0.14
[INFO] [1790737841.245919607] [exploration]: v=+0.00 w=-0.70 | 转向中 front=0.82 目标>1.0
[INFO] [1790737841.346380487] [exploration]: v=+0.00 w=-0.70 | 转向中 front=0.83 目标>1.0
[INFO] [1790737841.446926582] [exploration]: v=+0.00 w=-0.70 | 转向中 front=0.82 目标>1.0
[INFO] [1790737841.547626357] [exploration]: v=+0.00 w=-0.70 | 转向中 front=0.14 目标>1.0
[INFO] [1790737841.646281509] [exploration]: v=+0.00 w=-0.70 | 转向中 front=0.79 目标>1.0
[INFO] [1790737841.746230774] [exploration]: v=+0.00 w=-0.70 | 转向中 front=0.14 目标>1.0
[INFO] [1790737841.846548476] [exploration]: v=+0.00 w=-0.70 | 转向中 front=0.84 目标>1.0
[INFO] [1790737842.146312531] [exploration]: v=+0.00 w=+0.00 | 转向完成，停稳 front=1.10
[INFO] [1790737842.246638760] [exploration]: v=+0.20 w=+0.00 | 直行 d=1.44
[INFO] [1790737842.347203048] [exploration]: v=+0.20 w=+0.00 | 直行 d=1.45
[INFO] [1790737842.447860666] [exploration]: v=+0.20 w=+0.00 | 直行 d=1.46
[INFO] [1790737842.547291946] [exploration]: v=+0.20 w=+0.00 | 直行 d=1.44
[INFO] [1790737842.647843361] [exploration]: v=+0.20 w=+0.00 | 直行 d=1.42
[INFO] [1790737842.748516803] [exploration]: v=+0.20 w=+0.00 | 直行 d=1.40
[INFO] [1790737842.847944476] [exploration]: v=+0.20 w=+0.00 | 直行 d=1.38
[INFO] [1790737842.948137718] [exploration]: v=+0.20 w=+0.00 | 直行 d=1.36
[INFO] [1790737843.048998665] [exploration]: v=+0.20 w=+0.00 | 直行 d=1.34
[INFO] [1790737843.148765180] [exploration]: v=+0.20 w=+0.00 | 直行 d=1.33
[INFO] [1790737843.248646293] [exploration]: v=+0.20 w=+0.00 | 直行 d=1.31
[INFO] [1790737843.349124374] [exploration]: v=+0.20 w=+0.00 | 直行 d=1.29
[INFO] [1790737843.448653437] [exploration]: v=+0.20 w=+0.00 | 直行 d=1.27
[INFO] [1790737843.548869562] [exploration]: v=+0.20 w=+0.00 | 直行 d=1.25
[INFO] [1790737843.649303206] [exploration]: v=+0.20 w=+0.00 | 直行 d=1.23
[INFO] [1790737843.749353961] [exploration]: v=+0.20 w=+0.00 | 直行 d=1.22
[INFO] [1790737843.849319891] [exploration]: v=+0.20 w=+0.00 | 直行 d=1.20
[INFO] [1790737843.950024844] [exploration]: v=+0.20 w=+0.00 | 直行 d=1.18
[INFO] [1790737844.048781576] [exploration]: v=+0.20 w=+0.00 | 直行 d=1.16
[INFO] [1790737844.149206043] [exploration]: v=+0.20 w=+0.00 | 直行 d=1.14
[INFO] [1790737844.250794559] [exploration]: v=+0.20 w=+0.00 | 直行 d=1.12
[INFO] [1790737844.349414284] [exploration]: v=+0.20 w=+0.00 | 直行 d=1.10
[INFO] [1790737844.449930030] [exploration]: v=+0.20 w=+0.00 | 直行 d=1.08
[INFO] [1790737844.550421481] [exploration]: v=+0.20 w=+0.00 | 直行 d=1.06
[INFO] [1790737844.650196703] [exploration]: v=+0.20 w=+0.00 | 直行 d=1.05
[INFO] [1790737844.750749485] [exploration]: v=+0.20 w=+0.00 | 直行 d=1.02
[INFO] [1790737844.850013689] [exploration]: v=+0.20 w=+0.00 | 直行 d=1.01
[INFO] [1790737844.950468894] [exploration]: v=+0.20 w=+0.00 | 直行 d=0.99
[INFO] [1790737845.050138148] [exploration]: v=+0.20 w=+0.00 | 直行 d=0.97
[INFO] [1790737845.150445269] [exploration]: v=+0.20 w=+0.00 | 直行 d=0.94
[INFO] [1790737845.250823318] [exploration]: v=+0.20 w=+0.00 | 直行 d=0.93
[INFO] [1790737845.351986734] [exploration]: v=+0.20 w=+0.00 | 直行 d=0.90
[INFO] [1790737845.452291233] [exploration]: v=+0.20 w=+0.00 | 直行 d=0.89
[INFO] [1790737845.551404932] [exploration]: v=+0.10 w=+0.00 | 减速 d=0.87
[INFO] [1790737845.652850303] [exploration]: v=+0.00 w=+0.70 | 转向，由于危险 d=0.40
[INFO] [1790737845.752633229] [exploration]: v=+0.00 w=+0.70 | 转向中 front=0.17 目标>1.0
[INFO] [1790737845.852987604] [exploration]: v=+0.00 w=+0.70 | 转向中 front=0.81 目标>1.0
[INFO] [1790737845.953376815] [exploration]: v=+0.00 w=+0.70 | 转向中 front=0.15 目标>1.0
[INFO] [1790737846.053491515] [exploration]: v=+0.00 w=+0.70 | 转向中 front=0.14 目标>1.0
[INFO] [1790737846.154522211] [exploration]: v=+0.00 w=+0.70 | 转向中 front=0.75 目标>1.0
[INFO] [1790737846.254288007] [exploration]: v=+0.00 w=+0.70 | 转向中 front=0.17 目标>1.0
[INFO] [1790737846.353920338] [exploration]: v=+0.00 w=+0.70 | 转向中 front=0.14 目标>1.0
[INFO] [1790737846.453855464] [exploration]: v=+0.00 w=+0.70 | 转向中 front=0.65 目标>1.0
[INFO] [1790737846.553615381] [exploration]: v=+0.00 w=+0.70 | 转向中 front=0.60 目标>1.0
[INFO] [1790737846.652895182] [exploration]: v=+0.00 w=+0.70 | 转向中 front=0.55 目标>1.0
[INFO] [1790737846.753849050] [exploration]: v=+0.00 w=+0.70 | 转向中 front=0.52 目标>1.0
[INFO] [1790737846.853559834] [exploration]: v=+0.00 w=+0.70 | 转向中 front=0.49 目标>1.0
[INFO] [1790737846.954306199] [exploration]: v=+0.00 w=+0.70 | 转向中 front=0.44 目标>1.0
[INFO] [1790737847.153307151] [exploration]: v=+0.00 w=+0.70 | 转向中 front=0.41 目标>1.0
[INFO] [1790737847.253951477] [exploration]: v=+0.00 w=+0.70 | 转向中 front=0.40 目标>1.0
[INFO] [1790737847.352757898] [exploration]: v=+0.00 w=+0.70 | 转向中 front=0.39 目标>1.0
[INFO] [1790737847.453500525] [exploration]: v=+0.00 w=+0.70 | 转向中 front=0.40 目标>1.0
[INFO] [1790737847.854138795] [exploration]: v=+0.00 w=+0.70 | 转向中 front=0.39 目标>1.0
[INFO] [1790737847.954595617] [exploration]: v=+0.00 w=+0.70 | 转向中 front=0.40 目标>1.0
[INFO] [1790737848.053729703] [exploration]: v=+0.00 w=+0.70 | 转向中 front=0.39 目标>1.0
[INFO] [1790737848.153181080] [exploration]: v=+0.00 w=+0.70 | 转向中 front=0.40 目标>1.0
[INFO] [1790737848.354914622] [exploration]: v=+0.00 w=+0.70 | 转向中 front=0.39 目标>1.0
[INFO] [1790737848.454852083] [exploration]: v=+0.00 w=+0.70 | 转向中 front=0.40 目标>1.0
[INFO] [1790737848.654181317] [exploration]: v=+0.00 w=+0.70 | 转向中 front=0.42 目标>1.0
[INFO] [1790737848.755130672] [exploration]: v=+0.00 w=+0.70 | 转向中 front=0.53 目标>1.0
[INFO] [1790737848.855077700] [exploration]: v=+0.00 w=+0.70 | 转向中 front=0.72 目标>1.0
[INFO] [1790737848.955219097] [exploration]: v=+0.00 w=+0.70 | 转向中 front=0.96 目标>1.0
[INFO] [1790737849.055350074] [exploration]: v=+0.00 w=+0.70 | 转向中 front=0.95 目标>1.0
[INFO] [1790737849.155783763] [exploration]: v=+0.00 w=+0.70 | 转向中 front=0.94 目标>1.0
[INFO] [1790737849.255730936] [exploration]: v=+0.00 w=+0.70 | 转向中 front=0.91 目标>1.0
[INFO] [1790737849.356409589] [exploration]: v=+0.00 w=+0.70 | 转向中 front=0.84 目标>1.0
[INFO] [1790737849.456212476] [exploration]: v=+0.00 w=+0.70 | 转向中 front=0.83 目标>1.0
[INFO] [1790737850.056639060] [exploration]: v=+0.00 w=+0.70 | 转向中 front=0.84 目标>1.0
[INFO] [1790737850.157176502] [exploration]: v=+0.00 w=+0.70 | 转向中 front=0.82 目标>1.0
[INFO] [1790737850.257908237] [exploration]: v=+0.00 w=+0.70 | 转向中 front=0.83 目标>1.0
[INFO] [1790737850.358654788] [exploration]: v=+0.00 w=+0.70 | 转向中 front=0.85 目标>1.0
[INFO] [1790737850.457794091] [exploration]: v=+0.00 w=+0.70 | 转向中 front=0.84 目标>1.0
[INFO] [1790737850.557468621] [exploration]: v=+0.00 w=+0.70 | 转向中 front=0.83 目标>1.0
[INFO] [1790737850.658285863] [exploration]: v=+0.00 w=+0.70 | 转向中 front=0.84 目标>1.0
[INFO] [1790737850.858793185] [exploration]: v=+0.00 w=+0.70 | 转向中 front=0.95 目标>1.0
[INFO] [1790737850.958563283] [exploration]: v=+0.00 w=+0.00 | 转向完成，停稳 front=1.14
[INFO] [1790737851.058725196] [exploration]: v=+0.20 w=+0.00 | 直行 d=1.31
[INFO] [1790737851.259493299] [exploration]: v=+0.20 w=+0.00 | 直行 d=1.36
[INFO] [1790737851.360590014] [exploration]: v=+0.20 w=+0.00 | 直行 d=1.35
[INFO] [1790737851.460788044] [exploration]: v=+0.20 w=+0.00 | 直行 d=1.37
[INFO] [1790737851.559613757] [exploration]: v=+0.20 w=+0.00 | 直行 d=1.35
[INFO] [1790737851.661918567] [exploration]: v=+0.20 w=+0.00 | 直行 d=1.37
[INFO] [1790737851.760698435] [exploration]: v=+0.20 w=+0.00 | 直行 d=1.40
[INFO] [1790737851.860919536] [exploration]: v=+0.20 w=+0.00 | 直行 d=1.39
[INFO] [1790737851.960973050] [exploration]: v=+0.20 w=+0.00 | 直行 d=1.41
[INFO] [1790737852.260415352] [exploration]: v=+0.20 w=+0.00 | 直行 d=1.43
[INFO] [1790737852.362301235] [exploration]: v=+0.20 w=+0.00 | 直行 d=1.42
[INFO] [1790737852.462846155] [exploration]: v=+0.20 w=+0.00 | 直行 d=1.44
[INFO] [1790737852.563331355] [exploration]: v=+0.20 w=+0.00 | 直行 d=1.42
[INFO] [1790737852.663557383] [exploration]: v=+0.20 w=+0.00 | 直行 d=1.40
[INFO] [1790737852.763207992] [exploration]: v=+0.20 w=+0.00 | 直行 d=1.39
[INFO] [1790737852.862284397] [exploration]: v=+0.20 w=+0.00 | 直行 d=1.38
[INFO] [1790737852.963419953] [exploration]: v=+0.20 w=+0.00 | 直行 d=1.35
[INFO] [1790737853.063723297] [exploration]: v=+0.20 w=+0.00 | 直行 d=1.34
[INFO] [1790737853.163895823] [exploration]: v=+0.20 w=+0.00 | 直行 d=1.32
[INFO] [1790737853.262589408] [exploration]: v=+0.20 w=+0.00 | 直行 d=1.30
[INFO] [1790737853.364798349] [exploration]: v=+0.20 w=+0.00 | 直行 d=1.27
[INFO] [1790737853.462650161] [exploration]: v=+0.20 w=+0.00 | 直行 d=1.26
[INFO] [1790737853.562760492] [exploration]: v=+0.20 w=+0.00 | 直行 d=1.24
[INFO] [1790737853.663969268] [exploration]: v=+0.20 w=+0.00 | 直行 d=1.22
[INFO] [1790737853.763566098] [exploration]: v=+0.20 w=+0.00 | 直行 d=1.20
[INFO] [1790737853.863494325] [exploration]: v=+0.20 w=+0.00 | 直行 d=1.18
[INFO] [1790737853.963807117] [exploration]: v=+0.20 w=+0.00 | 直行 d=1.16
[INFO] [1790737854.064662319] [exploration]: v=+0.20 w=+0.00 | 直行 d=1.14
[INFO] [1790737854.165181591] [exploration]: v=+0.20 w=+0.00 | 直行 d=1.13
[INFO] [1790737854.264508013] [exploration]: v=+0.20 w=+0.00 | 直行 d=1.10
[INFO] [1790737854.365846118] [exploration]: v=+0.20 w=+0.00 | 直行 d=1.09
[INFO] [1790737854.465418349] [exploration]: v=+0.20 w=+0.00 | 直行 d=1.06
[INFO] [1790737854.566202538] [exploration]: v=+0.20 w=+0.00 | 直行 d=1.04
[INFO] [1790737854.665947388] [exploration]: v=+0.20 w=+0.00 | 直行 d=1.02
[INFO] [1790737854.765967707] [exploration]: v=+0.20 w=+0.00 | 直行 d=1.01
[INFO] [1790737854.865008768] [exploration]: v=+0.20 w=+0.00 | 直行 d=0.99
[INFO] [1790737854.965970520] [exploration]: v=+0.20 w=+0.00 | 直行 d=0.97
[INFO] [1790737855.065913988] [exploration]: v=+0.20 w=+0.00 | 直行 d=0.95
[INFO] [1790737855.166379906] [exploration]: v=+0.20 w=+0.00 | 直行 d=0.92
[INFO] [1790737855.267126260] [exploration]: v=+0.20 w=+0.00 | 直行 d=0.90
[INFO] [1790737855.365905460] [exploration]: v=+0.20 w=+0.00 | 直行 d=0.89
[INFO] [1790737855.466924563] [exploration]: v=+0.10 w=+0.00 | 减速 d=0.87
[INFO] [1790737855.566976543] [exploration]: v=+0.00 w=-0.70 | 转向，由于危险 d=0.14
[INFO] [1790737855.667033973] [exploration]: v=+0.00 w=-0.70 | 转向中 front=0.84 目标>1.0
[INFO] [1790737855.765965689] [exploration]: v=+0.00 w=-0.70 | 转向中 front=0.83 目标>1.0
[INFO] [1790737855.866610387] [exploration]: v=+0.00 w=-0.70 | 转向中 front=0.14 目标>1.0
[INFO] [1790737855.967903006] [exploration]: v=+0.00 w=-0.70 | 转向中 front=0.81 目标>1.0
[INFO] [1790737856.066444771] [exploration]: v=+0.00 w=-0.70 | 转向中 front=0.14 目标>1.0
[INFO] [1790737856.167089038] [exploration]: v=+0.00 w=-0.70 | 转向中 front=0.68 目标>1.0
[INFO] [1790737856.268639691] [exploration]: v=+0.00 w=-0.70 | 转向中 front=0.14 目标>1.0
[INFO] [1790737856.368352015] [exploration]: v=+0.00 w=-0.70 | 转向中 front=0.68 目标>1.0
[INFO] [1790737856.469506833] [exploration]: v=+0.00 w=-0.70 | 转向中 front=0.64 目标>1.0
[INFO] [1790737856.567797051] [exploration]: v=+0.00 w=-0.70 | 转向中 front=0.60 目标>1.0
[INFO] [1790737856.669937168] [exploration]: v=+0.00 w=-0.70 | 转向中 front=0.56 目标>1.0
[INFO] [1790737856.768903136] [exploration]: v=+0.00 w=-0.70 | 转向中 front=0.54 目标>1.0
[INFO] [1790737856.870572392] [exploration]: v=+0.00 w=-0.70 | 转向中 front=0.51 目标>1.0
[INFO] [1790737856.969878606] [exploration]: v=+0.00 w=-0.70 | 转向中 front=0.49 目标>1.0
[INFO] [1790737857.069847225] [exploration]: v=+0.00 w=-0.70 | 转向中 front=0.48 目标>1.0
[INFO] [1790737857.169773306] [exploration]: v=+0.00 w=-0.70 | 转向中 front=0.46 目标>1.0
[INFO] [1790737857.270835559] [exploration]: v=+0.00 w=-0.70 | 转向中 front=0.45 目标>1.0
[INFO] [1790737857.370893027] [exploration]: v=+0.00 w=-0.70 | 转向中 front=0.44 目标>1.0
[INFO] [1790737857.971194347] [exploration]: v=+0.00 w=-0.70 | 转向中 front=0.43 目标>1.0
[INFO] [1790737858.071869171] [exploration]: v=+0.00 w=-0.70 | 转向中 front=0.44 目标>1.0
[INFO] [1790737858.172619208] [exploration]: v=+0.00 w=-0.70 | 转向中 front=0.43 目标>1.0
[INFO] [1790737858.473702788] [exploration]: v=+0.00 w=-0.70 | 转向中 front=0.44 目标>1.0
[INFO] [1790737858.572324646] [exploration]: v=+0.00 w=-0.70 | 转向中 front=0.43 目标>1.0
[INFO] [1790737858.871313502] [exploration]: v=+0.00 w=-0.70 | 转向中 front=0.44 目标>1.0
[INFO] [1790737859.173858103] [exploration]: v=+0.00 w=-0.70 | 转向中 front=0.46 目标>1.0
[INFO] [1790737859.274663173] [exploration]: v=+0.00 w=-0.70 | 转向中 front=0.47 目标>1.0
[INFO] [1790737859.473344686] [exploration]: v=+0.00 w=+0.00 | 转向完成，停稳 front=1.11
[INFO] [1790737859.573822431] [exploration]: v=+0.20 w=+0.00 | 直行 d=1.13
[INFO] [1790737859.673842782] [exploration]: v=+0.20 w=+0.00 | 直行 d=1.12
[INFO] [1790737859.775457913] [exploration]: v=+0.20 w=+0.00 | 直行 d=1.13
[INFO] [1790737859.874973234] [exploration]: v=+0.20 w=+0.00 | 直行 d=1.12
[INFO] [1790737860.073772269] [exploration]: v=+0.20 w=+0.00 | 直行 d=1.10
[INFO] [1790737860.174784272] [exploration]: v=+0.20 w=+0.00 | 直行 d=1.08
[INFO] [1790737860.275445007] [exploration]: v=+0.20 w=+0.00 | 直行 d=1.05
[INFO] [1790737860.375611976] [exploration]: v=+0.20 w=+0.00 | 直行 d=1.04
[INFO] [1790737860.475757605] [exploration]: v=+0.20 w=+0.00 | 直行 d=1.02
[INFO] [1790737860.575029426] [exploration]: v=+0.20 w=+0.00 | 直行 d=0.99
[INFO] [1790737860.774178296] [exploration]: v=+0.20 w=+0.00 | 直行 d=0.95
[INFO] [1790737860.875144227] [exploration]: v=+0.20 w=+0.00 | 直行 d=0.93
[INFO] [1790737860.974731787] [exploration]: v=+0.20 w=+0.00 | 直行 d=0.91
[INFO] [1790737861.075678626] [exploration]: v=+0.20 w=+0.00 | 直行 d=0.89
[INFO] [1790737861.175442846] [exploration]: v=+0.10 w=+0.00 | 减速 d=0.87
[INFO] [1790737861.276445835] [exploration]: v=+0.00 w=+0.70 | 转向，由于危险 d=0.14
[INFO] [1790737861.377670127] [exploration]: v=+0.00 w=+0.70 | 转向中 front=0.16 目标>1.0
[INFO] [1790737861.476219359] [exploration]: v=+0.00 w=+0.70 | 转向中 front=0.13 目标>1.0
[INFO] [1790737861.578107475] [exploration]: v=+0.00 w=+0.70 | 转向中 front=0.14 目标>1.0
[INFO] [1790737861.677982131] [exploration]: v=+0.00 w=+0.70 | 转向中 front=0.15 目标>1.0
[INFO] [1790737861.777858044] [exploration]: v=+0.00 w=+0.70 | 转向中 front=0.14 目标>1.0
[INFO] [1790737861.877959444] [exploration]: v=+0.00 w=+0.70 | 转向中 front=0.16 目标>1.0
[INFO] [1790737861.977277556] [exploration]: v=+0.00 w=+0.70 | 转向中 front=0.96 目标>1.0
[INFO] [1790737862.077142585] [exploration]: v=+0.00 w=+0.70 | 转向中 front=0.99 目标>1.0
[INFO] [1790737862.177852152] [exploration]: v=+0.00 w=+0.70 | 转向中 front=0.98 目标>1.0
[INFO] [1790737862.277778087] [exploration]: v=+0.00 w=+0.70 | 转向中 front=0.48 目标>1.0
[INFO] [1790737862.378099636] [exploration]: v=+0.00 w=+0.70 | 转向中 front=0.33 目标>1.0
[INFO] [1790737862.477758285] [exploration]: v=+0.00 w=+0.70 | 转向中 front=0.25 目标>1.0
[INFO] [1790737862.577997125] [exploration]: v=+0.00 w=+0.70 | 转向中 front=0.24 目标>1.0
[INFO] [1790737863.179581158] [exploration]: v=+0.00 w=+0.70 | 转向中 front=0.25 目标>1.0
[INFO] [1790737864.081051750] [exploration]: v=+0.00 w=+0.70 | 转向中 front=0.27 目标>1.0
[INFO] [1790737864.279571570] [exploration]: v=+0.00 w=+0.70 | 转向中 front=0.30 目标>1.0
[INFO] [1790737864.380796978] [exploration]: v=+0.00 w=+0.70 | 转向中 front=0.31 目标>1.0
[INFO] [1790737864.480366672] [exploration]: v=+0.00 w=+0.70 | 转向中 front=0.33 目标>1.0
[INFO] [1790737864.580474221] [exploration]: v=+0.00 w=+0.70 | 转向中 front=0.36 目标>1.0
[INFO] [1790737864.681598489] [exploration]: v=+0.00 w=+0.70 | 转向中 front=0.39 目标>1.0
[INFO] [1790737864.781272411] [exploration]: v=+0.00 w=+0.70 | 转向中 front=0.43 目标>1.0
[INFO] [1790737864.880921261] [exploration]: v=+0.00 w=+0.70 | 转向中 front=0.49 目标>1.0
[INFO] [1790737864.981399754] [exploration]: v=+0.00 w=+0.70 | 转向中 front=0.55 目标>1.0
[INFO] [1790737865.081359036] [exploration]: v=+0.00 w=+0.70 | 转向中 front=0.65 目标>1.0
[INFO] [1790737865.182295112] [exploration]: v=+0.00 w=+0.70 | 转向中 front=0.81 目标>1.0
[INFO] [1790737865.282449735] [exploration]: v=+0.00 w=+0.00 | 转向完成，停稳 front=1.04
[INFO] [1790737865.382315993] [exploration]: v=+0.20 w=+0.00 | 直行 d=1.08
[INFO] [1790737865.583479266] [exploration]: v=+0.20 w=+0.00 | 直行 d=1.07
[INFO] [1790737865.683128211] [exploration]: v=+0.20 w=+0.00 | 直行 d=1.04
[INFO] [1790737865.783266479] [exploration]: v=+0.20 w=+0.00 | 直行 d=1.03
[INFO] [1790737865.882857396] [exploration]: v=+0.20 w=+0.00 | 直行 d=1.01
[INFO] [1790737865.982824582] [exploration]: v=+0.20 w=+0.00 | 直行 d=0.99
[INFO] [1790737866.082487272] [exploration]: v=+0.20 w=+0.00 | 直行 d=0.96
[INFO] [1790737866.283829738] [exploration]: v=+0.20 w=+0.00 | 直行 d=0.94
[INFO] [1790737866.383522549] [exploration]: v=+0.20 w=+0.00 | 直行 d=0.91
[INFO] [1790737866.484359754] [exploration]: v=+0.20 w=+0.00 | 直行 d=0.90
[INFO] [1790737866.584994770] [exploration]: v=+0.10 w=+0.00 | 减速 d=0.88
[INFO] [1790737866.685597004] [exploration]: v=+0.00 w=-0.70 | 转向，由于危险 d=0.14
[INFO] [1790737866.784559051] [exploration]: v=+0.00 w=-0.70 | 转向中 front=0.85 目标>1.0
[INFO] [1790737866.885440689] [exploration]: v=+0.00 w=-0.70 | 转向中 front=0.84 目标>1.0
[INFO] [1790737866.985309188] [exploration]: v=+0.00 w=-0.70 | 转向中 front=0.16 目标>1.0
[INFO] [1790737867.086081366] [exploration]: v=+0.00 w=-0.70 | 转向中 front=0.15 目标>1.0
[INFO] [1790737867.285957232] [exploration]: v=+0.00 w=-0.70 | 转向中 front=0.14 目标>1.0
[INFO] [1790737867.387766532] [exploration]: v=+0.00 w=-0.70 | 转向中 front=0.50 目标>1.0
[INFO] [1790737867.486011985] [exploration]: v=+0.00 w=-0.70 | 转向中 front=0.44 目标>1.0
[INFO] [1790737867.587179383] [exploration]: v=+0.00 w=-0.70 | 转向中 front=0.40 目标>1.0
[INFO] [1790737867.686572497] [exploration]: v=+0.00 w=-0.70 | 转向中 front=0.37 目标>1.0
[INFO] [1790737867.786605847] [exploration]: v=+0.00 w=-0.70 | 转向中 front=0.35 目标>1.0
[INFO] [1790737867.886089251] [exploration]: v=+0.00 w=-0.70 | 转向中 front=0.33 目标>1.0
[INFO] [1790737867.986121034] [exploration]: v=+0.00 w=-0.70 | 转向中 front=0.32 目标>1.0
[INFO] [1790737868.086496338] [exploration]: v=+0.00 w=-0.70 | 转向中 front=0.31 目标>1.0
[INFO] [1790737868.187176422] [exploration]: v=+0.00 w=-0.70 | 转向中 front=0.29 目标>1.0
[INFO] [1790737868.388016955] [exploration]: v=+0.00 w=-0.70 | 转向中 front=0.28 目标>1.0
[INFO] [1790737868.488394738] [exploration]: v=+0.00 w=-0.70 | 转向中 front=0.27 目标>1.0
[INFO] [1790737868.588445810] [exploration]: v=+0.00 w=-0.70 | 转向中 front=0.28 目标>1.0
[INFO] [1790737868.689105629] [exploration]: v=+0.00 w=-0.70 | 转向中 front=0.27 目标>1.0
[INFO] [1790737868.789231968] [exploration]: v=+0.00 w=-0.70 | 转向中 front=0.28 目标>1.0
[INFO] [1790737868.889666784] [exploration]: v=+0.00 w=-0.70 | 转向中 front=0.27 目标>1.0
[INFO] [1790737869.991608829] [exploration]: v=+0.00 w=-0.70 | 转向中 front=0.28 目标>1.0
[INFO] [1790737870.391768234] [exploration]: v=+0.00 w=-0.70 | 转向中 front=0.29 目标>1.0
[INFO] [1790737870.491213053] [exploration]: v=+0.00 w=-0.70 | 转向中 front=0.30 目标>1.0
[INFO] [1790737870.592036087] [exploration]: v=+0.00 w=-0.70 | 转向中 front=0.31 目标>1.0
[INFO] [1790737870.691315681] [exploration]: v=+0.00 w=-0.70 | 转向中 front=0.34 目标>1.0
[INFO] [1790737870.791975345] [exploration]: v=+0.00 w=+0.00 | 转向完成，停稳 front=1.06
[INFO] [1790737870.891749071] [exploration]: v=+0.00 w=-0.70 | 转向，由于危险 d=0.40
[INFO] [1790737870.992433422] [exploration]: v=+0.00 w=+0.00 | 转向完成，停稳 front=1.08
[INFO] [1790737871.093555596] [exploration]: v=+0.20 w=+0.00 | 直行 d=1.10
[INFO] [1790737871.193859860] [exploration]: v=+0.20 w=+0.00 | 直行 d=1.09
[INFO] [1790737871.294039635] [exploration]: v=+0.20 w=+0.00 | 直行 d=1.06
[INFO] [1790737871.393090171] [exploration]: v=+0.20 w=+0.00 | 直行 d=1.05
[INFO] [1790737871.493876172] [exploration]: v=+0.20 w=+0.00 | 直行 d=1.03
[INFO] [1790737871.593985983] [exploration]: v=+0.20 w=+0.00 | 直行 d=1.01
[INFO] [1790737871.693915404] [exploration]: v=+0.20 w=+0.00 | 直行 d=0.99
[INFO] [1790737871.794687115] [exploration]: v=+0.20 w=+0.00 | 直行 d=0.97
[INFO] [1790737871.894180700] [exploration]: v=+0.20 w=+0.00 | 直行 d=0.95
[INFO] [1790737871.995080237] [exploration]: v=+0.20 w=+0.00 | 直行 d=0.92
[INFO] [1790737872.095329849] [exploration]: v=+0.20 w=+0.00 | 直行 d=0.91
[INFO] [1790737872.195965945] [exploration]: v=+0.20 w=+0.00 | 直行 d=0.88
[INFO] [1790737872.293687829] [exploration]: v=+0.10 w=+0.00 | 减速 d=0.86
[INFO] [1790737872.395527736] [exploration]: v=+0.00 w=-0.70 | 转向，由于危险 d=0.18
[INFO] [1790737872.495085907] [exploration]: v=+0.00 w=-0.70 | 转向中 front=0.14 目标>1.0
[INFO] [1790737872.595438850] [exploration]: v=+0.00 w=-0.70 | 转向中 front=0.81 目标>1.0
[INFO] [1790737872.695380455] [exploration]: v=+0.00 w=-0.70 | 转向中 front=0.14 目标>1.0
[INFO] [1790737872.796592314] [exploration]: v=+0.00 w=-0.70 | 转向中 front=0.79 目标>1.0
[INFO] [1790737872.896475003] [exploration]: v=+0.00 w=-0.70 | 转向中 front=0.82 目标>1.0
[INFO] [1790737873.195710645] [exploration]: v=+0.00 w=-0.70 | 转向中 front=0.83 目标>1.0
[INFO] [1790737873.396961097] [exploration]: v=+0.00 w=-0.70 | 转向中 front=0.82 目标>1.0
[INFO] [1790737873.497099932] [exploration]: v=+0.00 w=+0.00 | 转向完成，停稳 front=1.14
[INFO] [1790737873.597268966] [exploration]: v=+0.20 w=+0.00 | 直行 d=1.32
[INFO] [1790737873.697499894] [exploration]: v=+0.20 w=+0.00 | 直行 d=1.36
[INFO] [1790737873.797634626] [exploration]: v=+0.20 w=+0.00 | 直行 d=1.44
[INFO] [1790737873.898020375] [exploration]: v=+0.20 w=+0.00 | 直行 d=1.43
[INFO] [1790737873.997078891] [exploration]: v=+0.20 w=+0.00 | 直行 d=1.41
[INFO] [1790737874.098021943] [exploration]: v=+0.20 w=+0.00 | 直行 d=1.40
[INFO] [1790737874.197923545] [exploration]: v=+0.20 w=+0.00 | 直行 d=1.38
[INFO] [1790737874.298694450] [exploration]: v=+0.20 w=+0.00 | 直行 d=1.35
[INFO] [1790737874.398340045] [exploration]: v=+0.20 w=+0.00 | 直行 d=1.33
[INFO] [1790737874.498407354] [exploration]: v=+0.20 w=+0.00 | 直行 d=1.32
[INFO] [1790737874.598047092] [exploration]: v=+0.20 w=+0.00 | 直行 d=1.30
[INFO] [1790737874.698007109] [exploration]: v=+0.20 w=+0.00 | 直行 d=1.29
[INFO] [1790737874.798500147] [exploration]: v=+0.20 w=+0.00 | 直行 d=1.27
[INFO] [1790737874.898076952] [exploration]: v=+0.20 w=+0.00 | 直行 d=1.25
[INFO] [1790737874.998168145] [exploration]: v=+0.20 w=+0.00 | 直行 d=1.22
[INFO] [1790737875.098548164] [exploration]: v=+0.20 w=+0.00 | 直行 d=1.21
[INFO] [1790737875.198968021] [exploration]: v=+0.20 w=+0.00 | 直行 d=1.19
[INFO] [1790737875.299314660] [exploration]: v=+0.20 w=+0.00 | 直行 d=1.17
[INFO] [1790737875.401018610] [exploration]: v=+0.20 w=+0.00 | 直行 d=1.15
[INFO] [1790737875.500209247] [exploration]: v=+0.20 w=+0.00 | 直行 d=1.13
[INFO] [1790737875.598689204] [exploration]: v=+0.20 w=+0.00 | 直行 d=1.12
[INFO] [1790737875.699709502] [exploration]: v=+0.20 w=+0.00 | 直行 d=1.10
[INFO] [1790737875.799510600] [exploration]: v=+0.20 w=+0.00 | 直行 d=1.08
[INFO] [1790737875.900527220] [exploration]: v=+0.20 w=+0.00 | 直行 d=1.06
[INFO] [1790737876.000117485] [exploration]: v=+0.20 w=+0.00 | 直行 d=1.04
[INFO] [1790737876.099345759] [exploration]: v=+0.20 w=+0.00 | 直行 d=1.02
[INFO] [1790737876.201873381] [exploration]: v=+0.20 w=+0.00 | 直行 d=1.00
[INFO] [1790737876.301158488] [exploration]: v=+0.20 w=+0.00 | 直行 d=0.98
[INFO] [1790737876.401439420] [exploration]: v=+0.20 w=+0.00 | 直行 d=0.96
[INFO] [1790737876.501935163] [exploration]: v=+0.20 w=+0.00 | 直行 d=0.94
[INFO] [1790737876.601006703] [exploration]: v=+0.20 w=+0.00 | 直行 d=0.92
[INFO] [1790737876.700737660] [exploration]: v=+0.20 w=+0.00 | 直行 d=0.91
[INFO] [1790737876.800731229] [exploration]: v=+0.20 w=+0.00 | 直行 d=0.89
[INFO] [1790737876.903417595] [exploration]: v=+0.10 w=+0.00 | 减速 d=0.86
[INFO] [1790737877.002479587] [exploration]: v=+0.00 w=+0.70 | 转向，由于危险 d=0.40
[INFO] [1790737877.103226835] [exploration]: v=+0.00 w=+0.70 | 转向中 front=0.82 目标>1.0
[INFO] [1790737877.202900564] [exploration]: v=+0.00 w=+0.70 | 转向中 front=0.83 目标>1.0
[INFO] [1790737877.402120020] [exploration]: v=+0.00 w=+0.70 | 转向中 front=0.76 目标>1.0
[INFO] [1790737877.501600427] [exploration]: v=+0.00 w=+0.70 | 转向中 front=0.17 目标>1.0
[INFO] [1790737877.602331313] [exploration]: v=+0.00 w=+0.70 | 转向中 front=0.14 目标>1.0
[INFO] [1790737877.703391744] [exploration]: v=+0.00 w=+0.70 | 转向中 front=0.68 目标>1.0
[INFO] [1790737877.803944791] [exploration]: v=+0.00 w=+0.70 | 转向中 front=0.60 目标>1.0
[INFO] [1790737877.903199292] [exploration]: v=+0.00 w=+0.70 | 转向中 front=0.54 目标>1.0
[INFO] [1790737878.002769030] [exploration]: v=+0.00 w=+0.70 | 转向中 front=0.50 目标>1.0
[INFO] [1790737878.103073046] [exploration]: v=+0.00 w=+0.70 | 转向中 front=0.46 目标>1.0
[INFO] [1790737878.204542594] [exploration]: v=+0.00 w=+0.70 | 转向中 front=0.44 目标>1.0
[INFO] [1790737878.304865876] [exploration]: v=+0.00 w=+0.70 | 转向中 front=0.41 目标>1.0
[INFO] [1790737878.404750605] [exploration]: v=+0.00 w=+0.70 | 转向中 front=0.38 目标>1.0
[INFO] [1790737878.504652417] [exploration]: v=+0.00 w=+0.70 | 转向中 front=0.39 目标>1.0
[INFO] [1790737879.004006243] [exploration]: v=+0.00 w=+0.70 | 转向中 front=0.38 目标>1.0
[INFO] [1790737879.706412772] [exploration]: v=+0.00 w=+0.70 | 转向中 front=0.37 目标>1.0
[INFO] [1790737879.806941202] [exploration]: v=+0.00 w=+0.70 | 转向中 front=0.47 目标>1.0
[INFO] [1790737879.906337004] [exploration]: v=+0.00 w=+0.70 | 转向中 front=0.58 目标>1.0
[INFO] [1790737880.006195646] [exploration]: v=+0.00 w=+0.70 | 转向中 front=0.82 目标>1.0
[INFO] [1790737880.105837387] [exploration]: v=+0.00 w=+0.70 | 转向中 front=0.94 目标>1.0
[INFO] [1790737880.205828400] [exploration]: v=+0.00 w=+0.70 | 转向中 front=0.96 目标>1.0
[INFO] [1790737880.307445057] [exploration]: v=+0.00 w=+0.70 | 转向中 front=0.92 目标>1.0
[INFO] [1790737880.408133598] [exploration]: v=+0.00 w=+0.70 | 转向中 front=0.87 目标>1.0
[INFO] [1790737880.507717463] [exploration]: v=+0.00 w=+0.70 | 转向中 front=0.83 目标>1.0
[INFO] [1790737880.607301908] [exploration]: v=+0.00 w=+0.70 | 转向中 front=0.82 目标>1.0
[INFO] [1790737880.707633040] [exploration]: v=+0.00 w=+0.70 | 转向中 front=0.83 目标>1.0
[INFO] [1790737880.809042555] [exploration]: v=+0.00 w=+0.70 | 转向中 front=0.84 目标>1.0
[INFO] [1790737880.908405664] [exploration]: v=+0.00 w=+0.70 | 转向中 front=0.83 目标>1.0
[INFO] [1790737881.008836851] [exploration]: v=+0.00 w=+0.70 | 转向中 front=0.85 目标>1.0
[INFO] [1790737881.109234092] [exploration]: v=+0.00 w=+0.70 | 转向中 front=0.83 目标>1.0
[INFO] [1790737881.309730342] [exploration]: v=+0.00 w=+0.70 | 转向中 front=0.82 目标>1.0
[INFO] [1790737881.408741048] [exploration]: v=+0.00 w=+0.70 | 转向中 front=0.83 目标>1.0
[INFO] [1790737881.610031627] [exploration]: v=+0.00 w=+0.70 | 转向中 front=0.84 目标>1.0
[INFO] [1790737881.709234928] [exploration]: v=+0.00 w=+0.70 | 转向中 front=0.83 目标>1.0
[INFO] [1790737881.809717986] [exploration]: v=+0.00 w=+0.70 | 转向中 front=0.84 目标>1.0
[INFO] [1790737881.909667306] [exploration]: v=+0.00 w=+0.70 | 转向中 front=0.85 目标>1.0
[INFO] [1790737882.009574072] [exploration]: v=+0.00 w=+0.70 | 转向中 front=1.00 目标>1.0
[INFO] [1790737882.110770885] [exploration]: v=+0.00 w=+0.00 | 转向完成，停稳 front=1.23
[INFO] [1790737882.210812308] [exploration]: v=+0.20 w=+0.00 | 直行 d=1.41
[INFO] [1790737882.311806744] [exploration]: v=+0.20 w=+0.00 | 直行 d=1.43
[INFO] [1790737882.411101011] [exploration]: v=+0.20 w=+0.00 | 直行 d=1.46
[INFO] [1790737882.510748208] [exploration]: v=+0.20 w=+0.00 | 直行 d=1.47
[INFO] [1790737882.711615511] [exploration]: v=+0.20 w=+0.00 | 直行 d=1.48
[INFO] [1790737882.811167011] [exploration]: v=+0.20 w=+0.00 | 直行 d=1.49
[INFO] [1790737882.912456356] [exploration]: v=+0.20 w=+0.00 | 直行 d=1.51
[INFO] [1790737883.012180850] [exploration]: v=+0.20 w=+0.00 | 直行 d=1.52
[INFO] [1790737883.112062223] [exploration]: v=+0.20 w=+0.00 | 直行 d=1.51
[INFO] [1790737883.212661322] [exploration]: v=+0.20 w=+0.00 | 直行 d=1.52
[INFO] [1790737883.312735008] [exploration]: v=+0.20 w=+0.00 | 直行 d=1.51
[INFO] [1790737883.411997630] [exploration]: v=+0.20 w=+0.00 | 直行 d=1.49
[INFO] [1790737883.512130395] [exploration]: v=+0.20 w=+0.00 | 直行 d=1.47
[INFO] [1790737883.611617290] [exploration]: v=+0.20 w=+0.00 | 直行 d=1.45
[INFO] [1790737883.813508706] [exploration]: v=+0.20 w=+0.00 | 直行 d=1.42
[INFO] [1790737883.913047190] [exploration]: v=+0.20 w=+0.00 | 直行 d=1.41
[INFO] [1790737884.013194687] [exploration]: v=+0.20 w=+0.00 | 直行 d=1.38
[INFO] [1790737884.113164882] [exploration]: v=+0.20 w=+0.00 | 直行 d=1.36
[INFO] [1790737884.213874909] [exploration]: v=+0.20 w=+0.00 | 直行 d=1.34
[INFO] [1790737884.313475490] [exploration]: v=+0.20 w=+0.00 | 直行 d=1.33
[INFO] [1790737884.414841518] [exploration]: v=+0.20 w=+0.00 | 直行 d=1.30
[INFO] [1790737884.514953669] [exploration]: v=+0.20 w=+0.00 | 直行 d=1.28
[INFO] [1790737884.616046937] [exploration]: v=+0.20 w=+0.00 | 直行 d=1.27
[INFO] [1790737884.715310720] [exploration]: v=+0.20 w=+0.00 | 直行 d=1.24
[INFO] [1790737884.815213432] [exploration]: v=+0.20 w=+0.00 | 直行 d=1.23
[INFO] [1790737884.915870590] [exploration]: v=+0.20 w=+0.00 | 直行 d=1.21
[INFO] [1790737885.015230555] [exploration]: v=+0.20 w=+0.00 | 直行 d=1.19
[INFO] [1790737885.116428768] [exploration]: v=+0.20 w=+0.00 | 直行 d=1.17
[INFO] [1790737885.216865484] [exploration]: v=+0.20 w=+0.00 | 直行 d=1.15
[INFO] [1790737885.316555681] [exploration]: v=+0.20 w=+0.00 | 直行 d=1.13
[INFO] [1790737885.416872247] [exploration]: v=+0.20 w=+0.00 | 直行 d=1.11
[INFO] [1790737885.516381351] [exploration]: v=+0.20 w=+0.00 | 直行 d=1.09
[INFO] [1790737885.616578598] [exploration]: v=+0.20 w=+0.00 | 直行 d=1.08
[INFO] [1790737885.716659298] [exploration]: v=+0.20 w=+0.00 | 直行 d=1.05
[INFO] [1790737885.816200105] [exploration]: v=+0.20 w=+0.00 | 直行 d=1.03
[INFO] [1790737885.917139153] [exploration]: v=+0.20 w=+0.00 | 直行 d=1.01
[INFO] [1790737886.017234062] [exploration]: v=+0.20 w=+0.00 | 直行 d=0.99
[INFO] [1790737886.116304502] [exploration]: v=+0.20 w=+0.00 | 直行 d=0.97
[INFO] [1790737886.216492856] [exploration]: v=+0.20 w=+0.00 | 直行 d=0.95
[INFO] [1790737886.318531026] [exploration]: v=+0.20 w=+0.00 | 直行 d=0.93
[INFO] [1790737886.417944959] [exploration]: v=+0.20 w=+0.00 | 直行 d=0.91
[INFO] [1790737886.517935233] [exploration]: v=+0.20 w=+0.00 | 直行 d=0.89
[INFO] [1790737886.617900610] [exploration]: v=+0.10 w=+0.00 | 减速 d=0.87
[INFO] [1790737886.718053769] [exploration]: v=+0.00 w=-0.70 | 转向，由于危险 d=0.40
[INFO] [1790737886.819648631] [exploration]: v=+0.00 w=-0.70 | 转向中 front=0.14 目标>1.0
[INFO] [1790737887.118578914] [exploration]: v=+0.00 w=-0.70 | 转向中 front=0.84 目标>1.0
[INFO] [1790737887.218799544] [exploration]: v=+0.00 w=-0.70 | 转向中 front=0.14 目标>1.0
[INFO] [1790737887.318964191] [exploration]: v=+0.00 w=-0.70 | 转向中 front=0.74 目标>1.0
[INFO] [1790737887.420394768] [exploration]: v=+0.00 w=-0.70 | 转向中 front=0.14 目标>1.0
[INFO] [1790737887.519993028] [exploration]: v=+0.00 w=-0.70 | 转向中 front=0.15 目标>1.0
[INFO] [1790737887.619452362] [exploration]: v=+0.00 w=-0.70 | 转向中 front=0.66 目标>1.0
[INFO] [1790737887.719999603] [exploration]: v=+0.00 w=-0.70 | 转向中 front=0.60 目标>1.0
[INFO] [1790737887.820477706] [exploration]: v=+0.00 w=-0.70 | 转向中 front=0.58 目标>1.0
[INFO] [1790737887.919369332] [exploration]: v=+0.00 w=-0.70 | 转向中 front=0.55 目标>1.0
[INFO] [1790737888.020734402] [exploration]: v=+0.00 w=-0.70 | 转向中 front=0.52 目标>1.0
[INFO] [1790737888.118424364] [exploration]: v=+0.00 w=-0.70 | 转向中 front=0.50 目标>1.0
[INFO] [1790737888.219499753] [exploration]: v=+0.00 w=-0.70 | 转向中 front=0.49 目标>1.0
[INFO] [1790737888.320602077] [exploration]: v=+0.00 w=-0.70 | 转向中 front=0.48 目标>1.0
[INFO] [1790737888.520362939] [exploration]: v=+0.00 w=-0.70 | 转向中 front=0.46 目标>1.0
[INFO] [1790737888.619525328] [exploration]: v=+0.00 w=-0.70 | 转向中 front=0.45 目标>1.0
[INFO] [1790737888.820065031] [exploration]: v=+0.00 w=-0.70 | 转向中 front=0.44 目标>1.0
[INFO] [1790737889.722277603] [exploration]: v=+0.00 w=-0.70 | 转向中 front=0.45 目标>1.0
[INFO] [1790737889.822804672] [exploration]: v=+0.00 w=-0.70 | 转向中 front=0.44 目标>1.0
[INFO] [1790737890.022427642] [exploration]: v=+0.00 w=-0.70 | 转向中 front=0.45 目标>1.0
[INFO] [1790737890.122635013] [exploration]: v=+0.00 w=-0.70 | 转向中 front=0.44 目标>1.0
[INFO] [1790737890.223086342] [exploration]: v=+0.00 w=-0.70 | 转向中 front=0.45 目标>1.0
[INFO] [1790737890.423345586] [exploration]: v=+0.00 w=-0.70 | 转向中 front=0.46 目标>1.0
[INFO] [1790737890.523989125] [exploration]: v=+0.00 w=-0.70 | 转向中 front=0.48 目标>1.0
[INFO] [1790737890.625726497] [exploration]: v=+0.00 w=+0.00 | 转向完成，停稳 front=1.11
[INFO] [1790737890.722971900] [exploration]: v=+0.20 w=+0.00 | 直行 d=1.13
[INFO] [1790737890.822263300] [exploration]: v=+0.20 w=+0.00 | 直行 d=1.12
[INFO] [1790737891.025002510] [exploration]: v=+0.20 w=+0.00 | 直行 d=1.11
[INFO] [1790737891.225873577] [exploration]: v=+0.20 w=+0.00 | 直行 d=1.09
[INFO] [1790737891.425391368] [exploration]: v=+0.20 w=+0.00 | 直行 d=1.07
[INFO] [1790737891.524854683] [exploration]: v=+0.20 w=+0.00 | 直行 d=1.04
[INFO] [1790737891.625672683] [exploration]: v=+0.20 w=+0.00 | 直行 d=1.02
[INFO] [1790737891.726540959] [exploration]: v=+0.20 w=+0.00 | 直行 d=0.99
[INFO] [1790737891.827177601] [exploration]: v=+0.20 w=+0.00 | 直行 d=0.97
[INFO] [1790737891.926614689] [exploration]: v=+0.20 w=+0.00 | 直行 d=0.95
[INFO] [1790737892.026307628] [exploration]: v=+0.20 w=+0.00 | 直行 d=0.92
[INFO] [1790737892.125671295] [exploration]: v=+0.20 w=+0.00 | 直行 d=0.91
[INFO] [1790737892.226634031] [exploration]: v=+0.20 w=+0.00 | 直行 d=0.89
[INFO] [1790737892.325838209] [exploration]: v=+0.10 w=+0.00 | 减速 d=0.86
[INFO] [1790737892.426459915] [exploration]: v=+0.00 w=-0.70 | 转向，由于危险 d=0.15
[INFO] [1790737892.525897394] [exploration]: v=+0.00 w=-0.70 | 转向中 front=0.14 目标>1.0
[INFO] [1790737892.726030974] [exploration]: v=+0.00 w=-0.70 | 转向中 front=0.83 目标>1.0
[INFO] [1790737892.926590655] [exploration]: v=+0.00 w=-0.70 | 转向中 front=0.14 目标>1.0
[INFO] [1790737893.127014740] [exploration]: v=+0.00 w=-0.70 | 转向中 front=0.85 目标>1.0
[INFO] [1790737893.226956826] [exploration]: v=+0.00 w=-0.70 | 转向中 front=0.84 目标>1.0
[INFO] [1790737893.327026597] [exploration]: v=+0.00 w=-0.70 | 转向中 front=0.83 目标>1.0
[INFO] [1790737893.427201855] [exploration]: v=+0.00 w=-0.70 | 转向中 front=0.84 目标>1.0
[INFO] [1790737893.528737613] [exploration]: v=+0.00 w=-0.70 | 转向中 front=0.83 目标>1.0
[INFO] [1790737893.629198036] [exploration]: v=+0.00 w=-0.70 | 转向中 front=0.84 目标>1.0
[INFO] [1790737893.829471213] [exploration]: v=+0.00 w=+0.00 | 转向完成，停稳 front=1.01
[INFO] [1790737893.929824230] [exploration]: v=+0.20 w=+0.00 | 直行 d=1.21
[INFO] [1790737894.029707468] [exploration]: v=+0.20 w=+0.00 | 直行 d=1.22
[INFO] [1790737894.129455865] [exploration]: v=+0.20 w=+0.00 | 直行 d=1.26
[INFO] [1790737894.230075796] [exploration]: v=+0.20 w=+0.00 | 直行 d=1.29
[INFO] [1790737894.431454627] [exploration]: v=+0.20 w=+0.00 | 直行 d=1.32
[INFO] [1790737894.530798023] [exploration]: v=+0.20 w=+0.00 | 直行 d=1.33
[INFO] [1790737894.730928054] [exploration]: v=+0.20 w=+0.00 | 直行 d=1.32
[INFO] [1790737894.830574746] [exploration]: v=+0.20 w=+0.00 | 直行 d=1.29
[INFO] [1790737894.930073260] [exploration]: v=+0.20 w=+0.00 | 直行 d=1.27
[INFO] [1790737895.031818720] [exploration]: v=+0.20 w=+0.00 | 直行 d=1.25
[INFO] [1790737895.130788792] [exploration]: v=+0.20 w=+0.00 | 直行 d=1.24
[INFO] [1790737895.231895229] [exploration]: v=+0.20 w=+0.00 | 直行 d=1.23
[INFO] [1790737895.331128757] [exploration]: v=+0.20 w=+0.00 | 直行 d=1.20
[INFO] [1790737895.432116778] [exploration]: v=+0.20 w=+0.00 | 直行 d=1.19
[INFO] [1790737895.531610054] [exploration]: v=+0.20 w=+0.00 | 直行 d=1.16
[INFO] [1790737895.632215710] [exploration]: v=+0.20 w=+0.00 | 直行 d=1.15
[INFO] [1790737895.731656132] [exploration]: v=+0.20 w=+0.00 | 直行 d=1.13
[INFO] [1790737895.832405709] [exploration]: v=+0.20 w=+0.00 | 直行 d=1.11
[INFO] [1790737895.931741055] [exploration]: v=+0.20 w=+0.00 | 直行 d=1.10
[INFO] [1790737896.031779701] [exploration]: v=+0.20 w=+0.00 | 直行 d=1.08
[INFO] [1790737896.132113089] [exploration]: v=+0.20 w=+0.00 | 直行 d=1.06
[INFO] [1790737896.232061767] [exploration]: v=+0.20 w=+0.00 | 直行 d=1.03
[INFO] [1790737896.332563539] [exploration]: v=+0.20 w=+0.00 | 直行 d=1.01
[INFO] [1790737896.432604106] [exploration]: v=+0.20 w=+0.00 | 直行 d=1.00
[INFO] [1790737896.533224472] [exploration]: v=+0.20 w=+0.00 | 直行 d=0.98
[INFO] [1790737896.632882310] [exploration]: v=+0.20 w=+0.00 | 直行 d=0.96
[INFO] [1790737896.733613407] [exploration]: v=+0.20 w=+0.00 | 直行 d=0.94
[INFO] [1790737896.832288660] [exploration]: v=+0.20 w=+0.00 | 直行 d=0.93
[INFO] [1790737896.933906291] [exploration]: v=+0.20 w=+0.00 | 直行 d=0.90
[INFO] [1790737897.034109408] [exploration]: v=+0.11 w=+0.00 | 减速 d=0.88
[INFO] [1790737897.134498253] [exploration]: v=+0.00 w=-0.70 | 转向，由于危险 d=0.16
[INFO] [1790737897.234412956] [exploration]: v=+0.00 w=-0.70 | 转向中 front=0.85 目标>1.0
[INFO] [1790737897.334929871] [exploration]: v=+0.00 w=-0.70 | 转向中 front=0.83 目标>1.0
[INFO] [1790737897.434067555] [exploration]: v=+0.00 w=-0.70 | 转向中 front=0.14 目标>1.0
[INFO] [1790737897.535700470] [exploration]: v=+0.00 w=-0.70 | 转向中 front=0.85 目标>1.0
[INFO] [1790737897.635481802] [exploration]: v=+0.00 w=-0.70 | 转向中 front=0.83 目标>1.0
[INFO] [1790737897.736048508] [exploration]: v=+0.00 w=-0.70 | 转向中 front=0.13 目标>1.0
[INFO] [1790737897.835950007] [exploration]: v=+0.00 w=-0.70 | 转向中 front=0.85 目标>1.0
[INFO] [1790737897.935910952] [exploration]: v=+0.00 w=-0.70 | 转向中 front=0.87 目标>1.0
[INFO] [1790737898.037278539] [exploration]: v=+0.00 w=-0.70 | 转向中 front=0.88 目标>1.0
[INFO] [1790737898.135790957] [exploration]: v=+0.00 w=-0.70 | 转向中 front=0.90 目标>1.0
[INFO] [1790737898.235937059] [exploration]: v=+0.00 w=-0.70 | 转向中 front=0.91 目标>1.0
[INFO] [1790737898.337295455] [exploration]: v=+0.00 w=-0.70 | 转向中 front=0.95 目标>1.0
[INFO] [1790737898.437383895] [exploration]: v=+0.00 w=-0.70 | 转向中 front=0.97 目标>1.0
[INFO] [1790737898.537707621] [exploration]: v=+0.00 w=+0.00 | 转向完成，停稳 front=1.01
[INFO] [1790737898.636225998] [exploration]: v=+0.20 w=+0.00 | 直行 d=1.05
[INFO] [1790737898.737191648] [exploration]: v=+0.20 w=+0.00 | 直行 d=1.03
[INFO] [1790737898.837148061] [exploration]: v=+0.20 w=+0.00 | 直行 d=1.05
[INFO] [1790737898.938636803] [exploration]: v=+0.20 w=+0.00 | 直行 d=1.02
[INFO] [1790737899.036797801] [exploration]: v=+0.20 w=+0.00 | 直行 d=1.00
[INFO] [1790737899.137455818] [exploration]: v=+0.20 w=+0.00 | 直行 d=1.01
[INFO] [1790737899.238177443] [exploration]: v=+0.20 w=+0.00 | 直行 d=0.99
[INFO] [1790737899.338898119] [exploration]: v=+0.20 w=+0.00 | 直行 d=0.97
[INFO] [1790737899.439622355] [exploration]: v=+0.20 w=+0.00 | 直行 d=0.95
[INFO] [1790737899.538455848] [exploration]: v=+0.20 w=+0.00 | 直行 d=0.96
[INFO] [1790737899.639796497] [exploration]: v=+0.20 w=+0.00 | 直行 d=0.95
[INFO] [1790737899.738898153] [exploration]: v=+0.20 w=+0.00 | 直行 d=0.94
[INFO] [1790737899.839716685] [exploration]: v=+0.20 w=+0.00 | 直行 d=0.92
[INFO] [1790737899.939815813] [exploration]: v=+0.20 w=+0.00 | 直行 d=0.91
[INFO] [1790737900.040593457] [exploration]: v=+0.20 w=+0.00 | 直行 d=0.90
[INFO] [1790737900.139499330] [exploration]: v=+0.20 w=+0.00 | 直行 d=0.88
[INFO] [1790737900.339179375] [exploration]: v=+0.10 w=+0.00 | 减速 d=0.87
[INFO] [1790737900.439325462] [exploration]: v=+0.00 w=-0.70 | 转向，由于危险 d=0.14
[INFO] [1790737900.539828613] [exploration]: v=+0.00 w=-0.70 | 转向中 front=0.85 目标>1.0
[INFO] [1790737900.638541725] [exploration]: v=+0.00 w=-0.70 | 转向中 front=0.80 目标>1.0
[INFO] [1790737900.739114427] [exploration]: v=+0.00 w=-0.70 | 转向中 front=0.14 目标>1.0
[INFO] [1790737900.840609443] [exploration]: v=+0.00 w=-0.70 | 转向中 front=0.15 目标>1.0
[INFO] [1790737901.040441973] [exploration]: v=+0.00 w=+0.00 | 转向完成，停稳 front=1.16
[INFO] [1790737901.140106529] [exploration]: v=+0.20 w=+0.00 | 直行 d=1.23
[INFO] [1790737901.340727472] [exploration]: v=+0.20 w=+0.00 | 直行 d=1.26
[INFO] [1790737901.440393808] [exploration]: v=+0.20 w=+0.00 | 直行 d=1.24
[INFO] [1790737901.541079405] [exploration]: v=+0.20 w=+0.00 | 直行 d=1.22
[INFO] [1790737901.742784427] [exploration]: v=+0.20 w=+0.00 | 直行 d=1.21
[INFO] [1790737901.841942225] [exploration]: v=+0.20 w=+0.00 | 直行 d=1.22
[INFO] [1790737901.941552854] [exploration]: v=+0.20 w=+0.00 | 直行 d=1.21
[INFO] [1790737902.041500868] [exploration]: v=+0.20 w=+0.00 | 直行 d=1.19
[INFO] [1790737902.141800288] [exploration]: v=+0.20 w=+0.00 | 直行 d=1.22
[INFO] [1790737902.242101630] [exploration]: v=+0.20 w=+0.00 | 直行 d=1.19
[INFO] [1790737902.442685031] [exploration]: v=+0.20 w=+0.00 | 直行 d=1.15
[INFO] [1790737902.742305867] [exploration]: v=+0.20 w=+0.00 | 直行 d=1.14
[INFO] [1790737902.943420874] [exploration]: v=+0.20 w=+0.00 | 直行 d=1.13
[INFO] [1790737903.042473547] [exploration]: v=+0.20 w=+0.00 | 直行 d=1.10
[INFO] [1790737903.143298111] [exploration]: v=+0.20 w=+0.00 | 直行 d=1.12
[INFO] [1790737903.345329943] [exploration]: v=+0.20 w=+0.00 | 直行 d=1.10
[INFO] [1790737903.444572749] [exploration]: v=+0.20 w=+0.00 | 直行 d=1.12
[INFO] [1790737903.543914558] [exploration]: v=+0.20 w=+0.00 | 直行 d=1.11
[INFO] [1790737903.644341114] [exploration]: v=+0.20 w=+0.00 | 直行 d=1.09
[INFO] [1790737903.744718216] [exploration]: v=+0.20 w=+0.00 | 直行 d=1.11
[INFO] [1790737903.845005617] [exploration]: v=+0.20 w=+0.00 | 直行 d=1.10
[INFO] [1790737903.944359519] [exploration]: v=+0.20 w=+0.00 | 直行 d=1.08
[INFO] [1790737904.044077756] [exploration]: v=+0.20 w=+0.00 | 直行 d=1.07
[INFO] [1790737904.143505335] [exploration]: v=+0.20 w=+0.00 | 直行 d=1.09
[INFO] [1790737904.243332369] [exploration]: v=+0.20 w=+0.00 | 直行 d=1.08
[INFO] [1790737904.343909656] [exploration]: v=+0.20 w=+0.00 | 直行 d=1.06
[INFO] [1790737904.745402748] [exploration]: v=+0.20 w=+0.00 | 直行 d=1.04
[INFO] [1790737904.945541356] [exploration]: v=+0.20 w=+0.00 | 直行 d=1.02
[INFO] [1790737905.044952683] [exploration]: v=+0.20 w=+0.00 | 直行 d=1.00
[INFO] [1790737905.244906022] [exploration]: v=+0.20 w=+0.00 | 直行 d=1.02
[INFO] [1790737905.446940368] [exploration]: v=+0.20 w=+0.00 | 直行 d=1.04
[INFO] [1790737905.548356973] [exploration]: v=+0.20 w=+0.00 | 直行 d=0.99
[INFO] [1790737905.646837237] [exploration]: v=+0.20 w=+0.00 | 直行 d=0.98
[INFO] [1790737905.746768506] [exploration]: v=+0.20 w=+0.00 | 直行 d=1.00
[INFO] [1790737905.846894281] [exploration]: v=+0.20 w=+0.00 | 直行 d=0.99
[INFO] [1790737905.948372280] [exploration]: v=+0.20 w=+0.00 | 直行 d=0.96
[INFO] [1790737906.146639219] [exploration]: v=+0.20 w=+0.00 | 直行 d=0.97
[INFO] [1790737906.248935663] [exploration]: v=+0.20 w=+0.00 | 直行 d=0.95
[INFO] [1790737906.448678761] [exploration]: v=+0.20 w=+0.00 | 直行 d=0.93
[INFO] [1790737906.549006399] [exploration]: v=+0.20 w=+0.00 | 直行 d=0.95
[INFO] [1790737906.650013750] [exploration]: v=+0.20 w=+0.00 | 直行 d=0.94
[INFO] [1790737906.748753529] [exploration]: v=+0.20 w=+0.00 | 直行 d=0.91
[INFO] [1790737906.849953689] [exploration]: v=+0.20 w=+0.00 | 直行 d=0.92
[INFO] [1790737906.949873667] [exploration]: v=+0.20 w=+0.00 | 直行 d=0.93
[INFO] [1790737907.049534676] [exploration]: v=+0.20 w=+0.00 | 直行 d=0.92
[INFO] [1790737907.249803510] [exploration]: v=+0.10 w=+0.00 | 减速 d=0.88
[INFO] [1790737907.349523584] [exploration]: v=+0.00 w=+0.70 | 转向，由于危险 d=0.14
[INFO] [1790737907.450063095] [exploration]: v=+0.00 w=+0.70 | 转向中 front=0.15 目标>1.0
[INFO] [1790737907.550729312] [exploration]: v=+0.00 w=+0.70 | 转向中 front=0.14 目标>1.0
[INFO] [1790737907.649789237] [exploration]: v=+0.00 w=+0.00 | 转向完成，停稳 front=1.01
[INFO] [1790737907.750487912] [exploration]: v=+0.00 w=+0.70 | 转向，由于危险 d=0.14
[INFO] [1790737907.851736882] [exploration]: v=+0.00 w=+0.70 | 转向中 front=0.15 目标>1.0
[INFO] [1790737907.950229240] [exploration]: v=+0.00 w=+0.70 | 转向中 front=0.14 目标>1.0
[INFO] [1790737908.150888253] [exploration]: v=+0.00 w=+0.70 | 转向中 front=0.62 目标>1.0
[INFO] [1790737908.251636017] [exploration]: v=+0.00 w=+0.70 | 转向中 front=0.14 目标>1.0
[INFO] [1790737908.351462943] [exploration]: v=+0.00 w=+0.70 | 转向中 front=0.60 目标>1.0
[INFO] [1790737908.451696991] [exploration]: v=+0.00 w=+0.70 | 转向中 front=0.57 目标>1.0
[INFO] [1790737908.551687280] [exploration]: v=+0.00 w=+0.70 | 转向中 front=0.56 目标>1.0
[INFO] [1790737908.651812487] [exploration]: v=+0.00 w=+0.70 | 转向中 front=0.55 目标>1.0
[INFO] [1790737908.751690520] [exploration]: v=+0.00 w=+0.70 | 转向中 front=0.54 目标>1.0
[INFO] [1790737908.851972386] [exploration]: v=+0.00 w=+0.70 | 转向中 front=0.53 目标>1.0
[INFO] [1790737909.152991302] [exploration]: v=+0.00 w=+0.70 | 转向中 front=0.52 目标>1.0
[INFO] [1790737909.453614203] [exploration]: v=+0.00 w=+0.70 | 转向中 front=0.53 目标>1.0
[INFO] [1790737909.552294337] [exploration]: v=+0.00 w=+0.70 | 转向中 front=0.52 目标>1.0
[INFO] [1790737909.652533313] [exploration]: v=+0.00 w=+0.70 | 转向中 front=0.53 目标>1.0
[INFO] [1790737909.752567961] [exploration]: v=+0.00 w=+0.70 | 转向中 front=0.52 目标>1.0
[INFO] [1790737910.052999610] [exploration]: v=+0.00 w=+0.70 | 转向中 front=0.53 目标>1.0
[INFO] [1790737910.166511641] [exploration]: v=+0.00 w=+0.70 | 转向中 front=0.52 目标>1.0
[INFO] [1790737910.355117630] [exploration]: v=+0.00 w=+0.70 | 转向中 front=0.53 目标>1.0
[INFO] [1790737910.553552330] [exploration]: v=+0.00 w=+0.70 | 转向中 front=0.54 目标>1.0
[INFO] [1790737910.754948035] [exploration]: v=+0.00 w=+0.70 | 转向中 front=0.55 目标>1.0
[INFO] [1790737910.855309579] [exploration]: v=+0.00 w=+0.70 | 转向中 front=0.56 目标>1.0
[INFO] [1790737910.955825240] [exploration]: v=+0.00 w=+0.70 | 转向中 front=0.58 目标>1.0
[INFO] [1790737911.055795425] [exploration]: v=+0.00 w=+0.70 | 转向中 front=0.61 目标>1.0
[INFO] [1790737911.256945709] [exploration]: v=+0.00 w=+0.70 | 转向中 front=0.64 目标>1.0
[INFO] [1790737911.356321641] [exploration]: v=+0.00 w=+0.70 | 转向中 front=0.68 目标>1.0
[INFO] [1790737911.456191327] [exploration]: v=+0.00 w=+0.70 | 转向中 front=0.72 目标>1.0
[INFO] [1790737911.557543439] [exploration]: v=+0.00 w=+0.70 | 转向中 front=0.77 目标>1.0
[INFO] [1790737911.655747303] [exploration]: v=+0.00 w=+0.70 | 转向中 front=0.82 目标>1.0
[INFO] [1790737911.756512024] [exploration]: v=+0.00 w=+0.70 | 转向中 front=0.90 目标>1.0
[INFO] [1790737911.856584672] [exploration]: v=+0.00 w=+0.70 | 转向中 front=0.99 目标>1.0
[INFO] [1790737911.956462170] [exploration]: v=+0.00 w=+0.00 | 转向完成，停稳 front=1.11
[INFO] [1790737912.056643258] [exploration]: v=+0.20 w=+0.00 | 直行 d=1.22
[INFO] [1790737912.256375483] [exploration]: v=+0.20 w=+0.00 | 直行 d=1.24
[INFO] [1790737912.357065614] [exploration]: v=+0.20 w=+0.00 | 直行 d=1.22
[INFO] [1790737912.457871787] [exploration]: v=+0.20 w=+0.00 | 直行 d=1.24
[INFO] [1790737912.557554677] [exploration]: v=+0.20 w=+0.00 | 直行 d=1.22
[INFO] [1790737912.657253811] [exploration]: v=+0.20 w=+0.00 | 直行 d=1.23
[INFO] [1790737912.958395269] [exploration]: v=+0.20 w=+0.00 | 直行 d=1.21
[INFO] [1790737913.558695989] [exploration]: v=+0.20 w=+0.00 | 直行 d=1.18
[INFO] [1790737913.658252216] [exploration]: v=+0.20 w=+0.00 | 直行 d=1.20
[INFO] [1790737913.958436271] [exploration]: v=+0.20 w=+0.00 | 直行 d=1.19
[INFO] [1790737914.057947305] [exploration]: v=+0.20 w=+0.00 | 直行 d=1.20
[INFO] [1790737914.158627251] [exploration]: v=+0.20 w=+0.00 | 直行 d=1.18
[INFO] [1790737914.258699778] [exploration]: v=+0.20 w=+0.00 | 直行 d=1.19
[INFO] [1790737914.359058966] [exploration]: v=+0.20 w=+0.00 | 直行 d=1.18
[INFO] [1790737914.459840450] [exploration]: v=+0.20 w=+0.00 | 直行 d=1.19
[INFO] [1790737914.660992636] [exploration]: v=+0.20 w=+0.00 | 直行 d=1.18
[INFO] [1790737914.760732661] [exploration]: v=+0.20 w=+0.00 | 直行 d=1.20
[INFO] [1790737914.861042783] [exploration]: v=+0.20 w=+0.00 | 直行 d=1.17
[INFO] [1790737914.960668268] [exploration]: v=+0.20 w=+0.00 | 直行 d=1.22
[INFO] [1790737915.061694751] [exploration]: v=+0.20 w=+0.00 | 直行 d=1.23
[INFO] [1790737915.161012795] [exploration]: v=+0.20 w=+0.00 | 直行 d=1.21
[INFO] [1790737915.260872432] [exploration]: v=+0.20 w=+0.00 | 直行 d=1.19
[INFO] [1790737915.361173556] [exploration]: v=+0.20 w=+0.00 | 直行 d=1.21
[INFO] [1790737915.462050010] [exploration]: v=+0.20 w=+0.00 | 直行 d=1.20
[INFO] [1790737915.561393458] [exploration]: v=+0.20 w=+0.00 | 直行 d=1.19
[INFO] [1790737915.662109715] [exploration]: v=+0.20 w=+0.00 | 直行 d=1.16
[INFO] [1790737915.762592011] [exploration]: v=+0.20 w=+0.00 | 直行 d=1.15
[INFO] [1790737915.862001815] [exploration]: v=+0.20 w=+0.00 | 直行 d=1.12
[INFO] [1790737915.961521116] [exploration]: v=+0.20 w=+0.00 | 直行 d=1.11
[INFO] [1790737916.062010017] [exploration]: v=+0.20 w=+0.00 | 直行 d=1.09
[INFO] [1790737916.161949224] [exploration]: v=+0.20 w=+0.00 | 直行 d=1.07
[INFO] [1790737916.262312748] [exploration]: v=+0.20 w=+0.00 | 直行 d=1.05
[INFO] [1790737916.362715816] [exploration]: v=+0.20 w=+0.00 | 直行 d=1.03
[INFO] [1790737916.462800497] [exploration]: v=+0.20 w=+0.00 | 直行 d=1.01
[INFO] [1790737916.562208812] [exploration]: v=+0.20 w=+0.00 | 直行 d=0.99
[INFO] [1790737916.662348741] [exploration]: v=+0.20 w=+0.00 | 直行 d=0.97
[INFO] [1790737916.762150040] [exploration]: v=+0.20 w=+0.00 | 直行 d=0.96
[INFO] [1790737916.863245302] [exploration]: v=+0.20 w=+0.00 | 直行 d=0.94
[INFO] [1790737916.963372093] [exploration]: v=+0.20 w=+0.00 | 直行 d=0.92
[INFO] [1790737917.064081569] [exploration]: v=+0.20 w=+0.00 | 直行 d=0.89
[INFO] [1790737917.163380069] [exploration]: v=+0.11 w=+0.00 | 减速 d=0.88
[INFO] [1790737917.264063242] [exploration]: v=+0.00 w=+0.70 | 转向，由于危险 d=0.14
[INFO] [1790737917.363875814] [exploration]: v=+0.00 w=+0.70 | 转向中 front=0.85 目标>1.0
[INFO] [1790737917.464082439] [exploration]: v=+0.00 w=+0.70 | 转向中 front=0.83 目标>1.0
[INFO] [1790737917.564978070] [exploration]: v=+0.00 w=+0.70 | 转向中 front=0.84 目标>1.0
[INFO] [1790737917.763635547] [exploration]: v=+0.00 w=+0.70 | 转向中 front=0.15 目标>1.0
[INFO] [1790737917.865105369] [exploration]: v=+0.00 w=+0.70 | 转向中 front=0.14 目标>1.0
[INFO] [1790737917.965479142] [exploration]: v=+0.00 w=+0.70 | 转向中 front=0.84 目标>1.0
[INFO] [1790737918.065377124] [exploration]: v=+0.00 w=+0.70 | 转向中 front=0.85 目标>1.0
[INFO] [1790737918.165678131] [exploration]: v=+0.00 w=+0.70 | 转向中 front=0.86 目标>1.0
[INFO] [1790737918.465636229] [exploration]: v=+0.00 w=+0.00 | 转向完成，停稳 front=1.35
[INFO] [1790737918.566513969] [exploration]: v=+0.20 w=+0.00 | 直行 d=1.40
[INFO] [1790737918.867022606] [exploration]: v=+0.20 w=+0.00 | 直行 d=1.36
[INFO] [1790737919.067301295] [exploration]: v=+0.20 w=+0.00 | 直行 d=1.34
[INFO] [1790737919.267065570] [exploration]: v=+0.20 w=+0.00 | 直行 d=1.32
[INFO] [1790737919.366052119] [exploration]: v=+0.20 w=+0.00 | 直行 d=1.31
[INFO] [1790737919.467970651] [exploration]: v=+0.20 w=+0.00 | 直行 d=1.30
[INFO] [1790737919.567147142] [exploration]: v=+0.20 w=+0.00 | 直行 d=1.28
[INFO] [1790737919.667328194] [exploration]: v=+0.20 w=+0.00 | 直行 d=1.24
[INFO] [1790737919.766972408] [exploration]: v=+0.20 w=+0.00 | 直行 d=1.22
[INFO] [1790737919.967805331] [exploration]: v=+0.20 w=+0.00 | 直行 d=1.19
[INFO] [1790737920.068419576] [exploration]: v=+0.20 w=+0.00 | 直行 d=1.16
[INFO] [1790737920.168314735] [exploration]: v=+0.20 w=+0.00 | 直行 d=1.13
[INFO] [1790737920.269742946] [exploration]: v=+0.20 w=+0.00 | 直行 d=1.11
[INFO] [1790737920.469723797] [exploration]: v=+0.20 w=+0.00 | 直行 d=1.08
[INFO] [1790737920.570696294] [exploration]: v=+0.20 w=+0.00 | 直行 d=1.05
[INFO] [1790737920.769841204] [exploration]: v=+0.20 w=+0.00 | 直行 d=1.01
[INFO] [1790737920.870226833] [exploration]: v=+0.20 w=+0.00 | 直行 d=0.98
[INFO] [1790737921.071108608] [exploration]: v=+0.20 w=+0.00 | 直行 d=0.96
[INFO] [1790737921.171053124] [exploration]: v=+0.20 w=+0.00 | 直行 d=0.94
[INFO] [1790737921.272307449] [exploration]: v=+0.20 w=+0.00 | 直行 d=0.91
[INFO] [1790737921.370881397] [exploration]: v=+0.20 w=+0.00 | 直行 d=0.90
[INFO] [1790737921.471136236] [exploration]: v=+0.10 w=+0.00 | 减速 d=0.86
[INFO] [1790737921.571053497] [exploration]: v=+0.00 w=+0.70 | 转向，由于危险 d=0.16
[INFO] [1790737921.672128151] [exploration]: v=+0.00 w=+0.70 | 转向中 front=0.15 目标>1.0
[INFO] [1790737921.772964678] [exploration]: v=+0.00 w=+0.70 | 转向中 front=0.14 目标>1.0
[INFO] [1790737921.972622785] [exploration]: v=+0.00 w=+0.70 | 转向中 front=0.13 目标>1.0
[INFO] [1790737922.071969853] [exploration]: v=+0.00 w=+0.70 | 转向中 front=0.81 目标>1.0
[INFO] [1790737922.172422437] [exploration]: v=+0.00 w=+0.70 | 转向中 front=0.83 目标>1.0
[INFO] [1790737922.273183096] [exploration]: v=+0.00 w=+0.70 | 转向中 front=0.85 目标>1.0
[INFO] [1790737922.573904682] [exploration]: v=+0.00 w=+0.70 | 转向中 front=0.83 目标>1.0
[INFO] [1790737922.673884963] [exploration]: v=+0.00 w=+0.70 | 转向中 front=0.84 目标>1.0
[INFO] [1790737922.772822173] [exploration]: v=+0.00 w=+0.70 | 转向中 front=0.85 目标>1.0
[INFO] [1790737922.874149797] [exploration]: v=+0.00 w=+0.70 | 转向中 front=0.96 目标>1.0
[INFO] [1790737922.974790490] [exploration]: v=+0.00 w=+0.00 | 转向完成，停稳 front=1.15
[INFO] [1790737923.074124610] [exploration]: v=+0.20 w=+0.00 | 直行 d=1.31
[INFO] [1790737923.275950858] [exploration]: v=+0.20 w=+0.00 | 直行 d=1.35
[INFO] [1790737923.475191364] [exploration]: v=+0.20 w=+0.00 | 直行 d=1.36
[INFO] [1790737923.575405576] [exploration]: v=+0.20 w=+0.00 | 直行 d=1.38
[INFO] [1790737923.874558418] [exploration]: v=+0.20 w=+0.00 | 直行 d=1.40
[INFO] [1790737923.976773249] [exploration]: v=+0.20 w=+0.00 | 直行 d=1.38
[INFO] [1790737924.076130586] [exploration]: v=+0.20 w=+0.00 | 直行 d=1.39
[INFO] [1790737924.175483723] [exploration]: v=+0.20 w=+0.00 | 直行 d=1.38
[INFO] [1790737924.278303910] [exploration]: v=+0.20 w=+0.00 | 直行 d=1.40
[INFO] [1790737924.377503116] [exploration]: v=+0.20 w=+0.00 | 直行 d=1.41
[INFO] [1790737924.477693464] [exploration]: v=+0.20 w=+0.00 | 直行 d=1.42
[INFO] [1790737924.577200247] [exploration]: v=+0.20 w=+0.00 | 直行 d=1.40
[INFO] [1790737924.678875249] [exploration]: v=+0.20 w=+0.00 | 直行 d=1.39
[INFO] [1790737924.778015640] [exploration]: v=+0.20 w=+0.00 | 直行 d=1.36
[INFO] [1790737924.877710556] [exploration]: v=+0.20 w=+0.00 | 直行 d=1.35
[INFO] [1790737924.977169626] [exploration]: v=+0.20 w=+0.00 | 直行 d=1.33
[INFO] [1790737925.077226510] [exploration]: v=+0.20 w=+0.00 | 直行 d=1.31
[INFO] [1790737925.177029639] [exploration]: v=+0.20 w=+0.00 | 直行 d=1.29
[INFO] [1790737925.277990392] [exploration]: v=+0.20 w=+0.00 | 直行 d=1.28
[INFO] [1790737925.377708601] [exploration]: v=+0.20 w=+0.00 | 直行 d=1.26
[INFO] [1790737925.478849358] [exploration]: v=+0.20 w=+0.00 | 直行 d=1.23
[INFO] [1790737925.577805986] [exploration]: v=+0.20 w=+0.00 | 直行 d=1.22
[INFO] [1790737925.678309734] [exploration]: v=+0.20 w=+0.00 | 直行 d=1.19
[INFO] [1790737925.778559015] [exploration]: v=+0.20 w=+0.00 | 直行 d=1.17
[INFO] [1790737925.879533938] [exploration]: v=+0.20 w=+0.00 | 直行 d=1.16
[INFO] [1790737925.978092116] [exploration]: v=+0.20 w=+0.00 | 直行 d=1.14
[INFO] [1790737926.078181152] [exploration]: v=+0.20 w=+0.00 | 直行 d=1.12
[INFO] [1790737926.178561745] [exploration]: v=+0.20 w=+0.00 | 直行 d=1.10
[INFO] [1790737926.278135323] [exploration]: v=+0.20 w=+0.00 | 直行 d=1.08
[INFO] [1790737926.379099478] [exploration]: v=+0.20 w=+0.00 | 直行 d=1.06
[INFO] [1790737926.479465570] [exploration]: v=+0.20 w=+0.00 | 直行 d=1.04
[INFO] [1790737926.580183148] [exploration]: v=+0.20 w=+0.00 | 直行 d=1.02
[INFO] [1790737926.682604485] [exploration]: v=+0.20 w=+0.00 | 直行 d=1.00
[INFO] [1790737926.782581766] [exploration]: v=+0.20 w=+0.00 | 直行 d=0.98
[INFO] [1790737926.881333556] [exploration]: v=+0.20 w=+0.00 | 直行 d=0.96
[INFO] [1790737926.981789623] [exploration]: v=+0.20 w=+0.00 | 直行 d=0.94
[INFO] [1790737927.081525592] [exploration]: v=+0.20 w=+0.00 | 直行 d=0.92
[INFO] [1790737927.181478806] [exploration]: v=+0.20 w=+0.00 | 直行 d=0.90
[INFO] [1790737927.281426429] [exploration]: v=+0.20 w=+0.00 | 直行 d=0.88
[INFO] [1790737927.381561917] [exploration]: v=+0.10 w=+0.00 | 减速 d=0.86
[INFO] [1790737927.481568100] [exploration]: v=+0.00 w=-0.70 | 转向，由于危险 d=0.14
[INFO] [1790737927.581294172] [exploration]: v=+0.00 w=-0.70 | 转向中 front=0.15 目标>1.0
[INFO] [1790737927.681645691] [exploration]: v=+0.00 w=-0.70 | 转向中 front=0.14 目标>1.0
[INFO] [1790737927.781420446] [exploration]: v=+0.00 w=-0.70 | 转向中 front=0.13 目标>1.0
[INFO] [1790737927.882641445] [exploration]: v=+0.00 w=-0.70 | 转向中 front=0.14 目标>1.0
[INFO] [1790737927.981882779] [exploration]: v=+0.00 w=-0.70 | 转向中 front=0.81 目标>1.0
[INFO] [1790737928.081936068] [exploration]: v=+0.00 w=-0.70 | 转向中 front=0.76 目标>1.0
[INFO] [1790737928.181400392] [exploration]: v=+0.00 w=-0.70 | 转向中 front=0.74 目标>1.0
[INFO] [1790737928.281524473] [exploration]: v=+0.00 w=-0.70 | 转向中 front=0.68 目标>1.0
[INFO] [1790737928.381978177] [exploration]: v=+0.00 w=-0.70 | 转向中 front=0.64 目标>1.0
[INFO] [1790737928.482780019] [exploration]: v=+0.00 w=-0.70 | 转向中 front=0.58 目标>1.0
[INFO] [1790737928.583696380] [exploration]: v=+0.00 w=-0.70 | 转向中 front=0.57 目标>1.0
[INFO] [1790737928.682694845] [exploration]: v=+0.00 w=-0.70 | 转向中 front=0.54 目标>1.0
[INFO] [1790737928.781640132] [exploration]: v=+0.00 w=-0.70 | 转向中 front=0.53 目标>1.0
[INFO] [1790737928.882875172] [exploration]: v=+0.00 w=-0.70 | 转向中 front=0.50 目标>1.0
[INFO] [1790737928.983200453] [exploration]: v=+0.00 w=-0.70 | 转向中 front=0.49 目标>1.0
[INFO] [1790737929.083721353] [exploration]: v=+0.00 w=-0.70 | 转向中 front=0.47 目标>1.0
[INFO] [1790737929.384679364] [exploration]: v=+0.00 w=-0.70 | 转向中 front=0.46 目标>1.0
[INFO] [1790737929.584305555] [exploration]: v=+0.00 w=-0.70 | 转向中 front=0.45 目标>1.0
[INFO] [1790737930.886745125] [exploration]: v=+0.00 w=-0.70 | 转向中 front=0.46 目标>1.0
[INFO] [1790737931.087733313] [exploration]: v=+0.00 w=-0.70 | 转向中 front=0.47 目标>1.0
[INFO] [1790737931.187292431] [exploration]: v=+0.00 w=-0.70 | 转向中 front=0.48 目标>1.0
[INFO] [1790737931.287804364] [exploration]: v=+0.00 w=+0.00 | 转向完成，停稳 front=1.11
[INFO] [1790737931.387362791] [exploration]: v=+0.20 w=+0.00 | 直行 d=1.13
[INFO] [1790737931.486740151] [exploration]: v=+0.20 w=+0.00 | 直行 d=1.12
[INFO] [1790737931.788108983] [exploration]: v=+0.20 w=+0.00 | 直行 d=1.10
[INFO] [1790737931.887285131] [exploration]: v=+0.20 w=+0.00 | 直行 d=1.09
[INFO] [1790737931.987627942] [exploration]: v=+0.20 w=+0.00 | 直行 d=1.07
[INFO] [1790737932.086393963] [exploration]: v=+0.20 w=+0.00 | 直行 d=1.09
[INFO] [1790737932.187841482] [exploration]: v=+0.20 w=+0.00 | 直行 d=1.05
[INFO] [1790737932.287724721] [exploration]: v=+0.20 w=+0.00 | 直行 d=1.03
[INFO] [1790737932.387955335] [exploration]: v=+0.20 w=+0.00 | 直行 d=0.99
[INFO] [1790737932.488311123] [exploration]: v=+0.20 w=+0.00 | 直行 d=0.98
[INFO] [1790737932.589007376] [exploration]: v=+0.20 w=+0.00 | 直行 d=0.96
[INFO] [1790737932.688500626] [exploration]: v=+0.20 w=+0.00 | 直行 d=0.94
[INFO] [1790737932.789100273] [exploration]: v=+0.20 w=+0.00 | 直行 d=0.92
[INFO] [1790737932.889039218] [exploration]: v=+0.20 w=+0.00 | 直行 d=0.90
[INFO] [1790737932.988619679] [exploration]: v=+0.20 w=+0.00 | 直行 d=0.88
[INFO] [1790737933.088830135] [exploration]: v=+0.10 w=+0.00 | 减速 d=0.86
[INFO] [1790737933.189146542] [exploration]: v=+0.00 w=-0.70 | 转向，由于危险 d=0.15
[INFO] [1790737933.289258186] [exploration]: v=+0.00 w=-0.70 | 转向中 front=0.17 目标>1.0
[INFO] [1790737933.389415065] [exploration]: v=+0.00 w=-0.70 | 转向中 front=0.14 目标>1.0
[INFO] [1790737933.487753242] [exploration]: v=+0.00 w=-0.70 | 转向中 front=0.15 目标>1.0
[INFO] [1790737933.588411342] [exploration]: v=+0.00 w=-0.70 | 转向中 front=0.14 目标>1.0
[INFO] [1790737933.689056629] [exploration]: v=+0.00 w=-0.70 | 转向中 front=0.80 目标>1.0
[INFO] [1790737933.788557475] [exploration]: v=+0.00 w=-0.70 | 转向中 front=0.15 目标>1.0
[INFO] [1790737933.889159253] [exploration]: v=+0.00 w=-0.70 | 转向中 front=0.83 目标>1.0
[INFO] [1790737933.988865779] [exploration]: v=+0.00 w=-0.70 | 转向中 front=0.84 目标>1.0
[INFO] [1790737934.388925728] [exploration]: v=+0.00 w=-0.70 | 转向中 front=0.82 目标>1.0
[INFO] [1790737934.490409745] [exploration]: v=+0.00 w=-0.70 | 转向中 front=0.84 目标>1.0
[INFO] [1790737934.589400032] [exploration]: v=+0.00 w=-0.70 | 转向中 front=0.93 目标>1.0
[INFO] [1790737934.688969512] [exploration]: v=+0.00 w=+0.00 | 转向完成，停稳 front=1.26
[INFO] [1790737934.789567578] [exploration]: v=+0.20 w=+0.00 | 直行 d=1.45
[INFO] [1790737934.990349296] [exploration]: v=+0.20 w=+0.00 | 直行 d=1.43
[INFO] [1790737935.090387708] [exploration]: v=+0.20 w=+0.00 | 直行 d=1.42
[INFO] [1790737935.190235324] [exploration]: v=+0.20 w=+0.00 | 直行 d=1.40
[INFO] [1790737935.290419886] [exploration]: v=+0.20 w=+0.00 | 直行 d=1.39
[INFO] [1790737935.390850381] [exploration]: v=+0.20 w=+0.00 | 直行 d=1.37
[INFO] [1790737935.490818314] [exploration]: v=+0.20 w=+0.00 | 直行 d=1.35
[INFO] [1790737935.591311060] [exploration]: v=+0.20 w=+0.00 | 直行 d=1.32
[INFO] [1790737935.691329018] [exploration]: v=+0.20 w=+0.00 | 直行 d=1.31
[INFO] [1790737935.791535004] [exploration]: v=+0.20 w=+0.00 | 直行 d=1.29
[INFO] [1790737935.890280083] [exploration]: v=+0.20 w=+0.00 | 直行 d=1.28
[INFO] [1790737935.992100004] [exploration]: v=+0.20 w=+0.00 | 直行 d=1.25
[INFO] [1790737936.092923356] [exploration]: v=+0.20 w=+0.00 | 直行 d=1.23
[INFO] [1790737936.191765134] [exploration]: v=+0.20 w=+0.00 | 直行 d=1.21
[INFO] [1790737936.292898312] [exploration]: v=+0.20 w=+0.00 | 直行 d=1.19
[INFO] [1790737936.392079857] [exploration]: v=+0.20 w=+0.00 | 直行 d=1.17
[INFO] [1790737936.492440710] [exploration]: v=+0.20 w=+0.00 | 直行 d=1.15
[INFO] [1790737936.592074710] [exploration]: v=+0.20 w=+0.00 | 直行 d=1.14
[INFO] [1790737936.692386720] [exploration]: v=+0.20 w=+0.00 | 直行 d=1.12
[INFO] [1790737936.792705668] [exploration]: v=+0.20 w=+0.00 | 直行 d=1.10
[INFO] [1790737936.893261601] [exploration]: v=+0.20 w=+0.00 | 直行 d=1.09
[INFO] [1790737936.993276289] [exploration]: v=+0.20 w=+0.00 | 直行 d=1.06
[INFO] [1790737937.093573236] [exploration]: v=+0.20 w=+0.00 | 直行 d=1.04
[INFO] [1790737937.193547420] [exploration]: v=+0.20 w=+0.00 | 直行 d=1.02
[INFO] [1790737937.293969585] [exploration]: v=+0.20 w=+0.00 | 直行 d=1.00
[INFO] [1790737937.395009973] [exploration]: v=+0.20 w=+0.00 | 直行 d=0.98
[INFO] [1790737937.494016324] [exploration]: v=+0.20 w=+0.00 | 直行 d=0.96
[INFO] [1790737937.594540672] [exploration]: v=+0.20 w=+0.00 | 直行 d=0.95
[INFO] [1790737937.695039015] [exploration]: v=+0.20 w=+0.00 | 直行 d=0.92
[INFO] [1790737937.794214148] [exploration]: v=+0.20 w=+0.00 | 直行 d=0.91
[INFO] [1790737937.894851650] [exploration]: v=+0.20 w=+0.00 | 直行 d=0.89
[INFO] [1790737937.995315332] [exploration]: v=+0.10 w=+0.00 | 减速 d=0.86
[INFO] [1790737938.096122028] [exploration]: v=+0.00 w=+0.70 | 转向，由于危险 d=0.14
[INFO] [1790737938.195891178] [exploration]: v=+0.00 w=+0.70 | 转向中 front=0.16 目标>1.0
[INFO] [1790737938.295669652] [exploration]: v=+0.00 w=+0.70 | 转向中 front=0.14 目标>1.0
[INFO] [1790737938.396611085] [exploration]: v=+0.00 w=+0.70 | 转向中 front=0.15 目标>1.0
[INFO] [1790737938.497751914] [exploration]: v=+0.00 w=+0.70 | 转向中 front=0.83 目标>1.0
[INFO] [1790737938.697694305] [exploration]: v=+0.00 w=+0.70 | 转向中 front=0.15 目标>1.0
[INFO] [1790737938.797889493] [exploration]: v=+0.00 w=+0.70 | 转向中 front=0.13 目标>1.0
[INFO] [1790737938.897138806] [exploration]: v=+0.00 w=+0.70 | 转向中 front=0.14 目标>1.0
[INFO] [1790737938.997974969] [exploration]: v=+0.00 w=+0.70 | 转向中 front=0.63 目标>1.0
[INFO] [1790737939.097425747] [exploration]: v=+0.00 w=+0.70 | 转向中 front=0.58 目标>1.0
[INFO] [1790737939.199070055] [exploration]: v=+0.00 w=+0.70 | 转向中 front=0.54 目标>1.0
[INFO] [1790737939.297497273] [exploration]: v=+0.00 w=+0.70 | 转向中 front=0.51 目标>1.0
[INFO] [1790737939.398119988] [exploration]: v=+0.00 w=+0.70 | 转向中 front=0.48 目标>1.0
[INFO] [1790737939.498838810] [exploration]: v=+0.00 w=+0.70 | 转向中 front=0.47 目标>1.0
[INFO] [1790737939.598262162] [exploration]: v=+0.00 w=+0.70 | 转向中 front=0.43 目标>1.0
[INFO] [1790737939.698461513] [exploration]: v=+0.00 w=+0.70 | 转向中 front=0.42 目标>1.0
[INFO] [1790737939.798934751] [exploration]: v=+0.00 w=+0.70 | 转向中 front=0.43 目标>1.0
[INFO] [1790737939.897595667] [exploration]: v=+0.00 w=+0.70 | 转向中 front=0.42 目标>1.0
[INFO] [1790737940.798540854] [exploration]: v=+0.00 w=+0.70 | 转向中 front=0.41 目标>1.0
[INFO] [1790737940.898776515] [exploration]: v=+0.00 w=+0.70 | 转向中 front=0.42 目标>1.0
[INFO] [1790737941.099618729] [exploration]: v=+0.00 w=+0.70 | 转向中 front=0.46 目标>1.0
[INFO] [1790737941.199472041] [exploration]: v=+0.00 w=+0.70 | 转向中 front=0.59 目标>1.0
[INFO] [1790737941.299291854] [exploration]: v=+0.00 w=+0.70 | 转向中 front=0.84 目标>1.0
[INFO] [1790737941.400232976] [exploration]: v=+0.00 w=+0.70 | 转向中 front=0.96 目标>1.0
[INFO] [1790737941.500850730] [exploration]: v=+0.00 w=+0.70 | 转向中 front=0.97 目标>1.0
[INFO] [1790737941.600695504] [exploration]: v=+0.00 w=+0.70 | 转向中 front=0.91 目标>1.0
[INFO] [1790737941.700276780] [exploration]: v=+0.00 w=+0.70 | 转向中 front=0.87 目标>1.0
[INFO] [1790737941.800235279] [exploration]: v=+0.00 w=+0.70 | 转向中 front=0.84 目标>1.0
[INFO] [1790737942.100491211] [exploration]: v=+0.00 w=+0.70 | 转向中 front=0.85 目标>1.0
[INFO] [1790737942.300100919] [exploration]: v=+0.00 w=+0.70 | 转向中 front=0.86 目标>1.0
[INFO] [1790737942.400875366] [exploration]: v=+0.00 w=+0.70 | 转向中 front=0.84 目标>1.0
[INFO] [1790737942.501170567] [exploration]: v=+0.00 w=+0.70 | 转向中 front=0.85 目标>1.0
[INFO] [1790737942.601693373] [exploration]: v=+0.00 w=+0.70 | 转向中 front=0.84 目标>1.0
[INFO] [1790737942.701618082] [exploration]: v=+0.00 w=+0.70 | 转向中 front=0.86 目标>1.0
[INFO] [1790737942.802082611] [exploration]: v=+0.00 w=+0.70 | 转向中 front=0.85 目标>1.0
[INFO] [1790737942.902078284] [exploration]: v=+0.00 w=+0.70 | 转向中 front=0.86 目标>1.0
[INFO] [1790737943.203828621] [exploration]: v=+0.00 w=+0.70 | 转向中 front=0.94 目标>1.0
[INFO] [1790737943.304041568] [exploration]: v=+0.00 w=+0.00 | 转向完成，停稳 front=1.08
[INFO] [1790737943.404021833] [exploration]: v=+0.20 w=+0.00 | 直行 d=1.25
[INFO] [1790737943.503230870] [exploration]: v=+0.20 w=+0.00 | 直行 d=1.29
[INFO] [1790737943.704366593] [exploration]: v=+0.20 w=+0.00 | 直行 d=1.31
[INFO] [1790737943.804001871] [exploration]: v=+0.20 w=+0.00 | 直行 d=1.30
[INFO] [1790737944.004867011] [exploration]: v=+0.20 w=+0.00 | 直行 d=1.33
[INFO] [1790737944.104294986] [exploration]: v=+0.20 w=+0.00 | 直行 d=1.31
[INFO] [1790737944.205254476] [exploration]: v=+0.20 w=+0.00 | 直行 d=1.33
[INFO] [1790737944.506499396] [exploration]: v=+0.20 w=+0.00 | 直行 d=1.34
[INFO] [1790737944.705683253] [exploration]: v=+0.20 w=+0.00 | 直行 d=1.35
[INFO] [1790737944.805522977] [exploration]: v=+0.20 w=+0.00 | 直行 d=1.37
[INFO] [1790737944.905820174] [exploration]: v=+0.20 w=+0.00 | 直行 d=1.35
[INFO] [1790737945.106779406] [exploration]: v=+0.20 w=+0.00 | 直行 d=1.36
[INFO] [1790737945.307749077] [exploration]: v=+0.20 w=+0.00 | 直行 d=1.33
[INFO] [1790737945.506134753] [exploration]: v=+0.20 w=+0.00 | 直行 d=1.30
[INFO] [1790737945.708151660] [exploration]: v=+0.20 w=+0.00 | 直行 d=1.27
[INFO] [1790737945.808499758] [exploration]: v=+0.20 w=+0.00 | 直行 d=1.26
[INFO] [1790737945.909171330] [exploration]: v=+0.20 w=+0.00 | 直行 d=1.23
[INFO] [1790737946.010020060] [exploration]: v=+0.20 w=+0.00 | 直行 d=1.21
[INFO] [1790737946.109874622] [exploration]: v=+0.20 w=+0.00 | 直行 d=1.20
[INFO] [1790737946.209966651] [exploration]: v=+0.20 w=+0.00 | 直行 d=1.18
[INFO] [1790737946.307636610] [exploration]: v=+0.20 w=+0.00 | 直行 d=1.16
[INFO] [1790737946.409954572] [exploration]: v=+0.20 w=+0.00 | 直行 d=1.14
[INFO] [1790737946.509353405] [exploration]: v=+0.20 w=+0.00 | 直行 d=1.12
[INFO] [1790737946.609136785] [exploration]: v=+0.20 w=+0.00 | 直行 d=1.10
[INFO] [1790737946.708629008] [exploration]: v=+0.20 w=+0.00 | 直行 d=1.08
[INFO] [1790737946.808448125] [exploration]: v=+0.20 w=+0.00 | 直行 d=1.07
[INFO] [1790737946.908488598] [exploration]: v=+0.20 w=+0.00 | 直行 d=1.04
[INFO] [1790737947.008321840] [exploration]: v=+0.20 w=+0.00 | 直行 d=1.02
[INFO] [1790737947.109612012] [exploration]: v=+0.20 w=+0.00 | 直行 d=1.00
[INFO] [1790737947.209947428] [exploration]: v=+0.20 w=+0.00 | 直行 d=0.98
[INFO] [1790737947.311124709] [exploration]: v=+0.20 w=+0.00 | 直行 d=0.96
[INFO] [1790737947.410457491] [exploration]: v=+0.20 w=+0.00 | 直行 d=0.94
[INFO] [1790737947.510048035] [exploration]: v=+0.20 w=+0.00 | 直行 d=0.92
[INFO] [1790737947.610302861] [exploration]: v=+0.20 w=+0.00 | 直行 d=0.91
[INFO] [1790737947.710916215] [exploration]: v=+0.20 w=+0.00 | 直行 d=0.89
[INFO] [1790737947.811702035] [exploration]: v=+0.10 w=+0.00 | 减速 d=0.86
[INFO] [1790737947.911873376] [exploration]: v=+0.00 w=-0.70 | 转向，由于危险 d=0.16
[INFO] [1790737948.012596598] [exploration]: v=+0.00 w=-0.70 | 转向中 front=0.83 目标>1.0
[INFO] [1790737948.210784284] [exploration]: v=+0.00 w=-0.70 | 转向中 front=0.14 目标>1.0
[INFO] [1790737948.310561938] [exploration]: v=+0.00 w=-0.70 | 转向中 front=0.74 目标>1.0
[INFO] [1790737948.411892279] [exploration]: v=+0.00 w=-0.70 | 转向中 front=0.82 目标>1.0
[INFO] [1790737948.512202864] [exploration]: v=+0.00 w=-0.70 | 转向中 front=0.13 目标>1.0
[INFO] [1790737948.611882177] [exploration]: v=+0.00 w=-0.70 | 转向中 front=0.14 目标>1.0
[INFO] [1790737948.812375516] [exploration]: v=+0.00 w=-0.70 | 转向中 front=0.61 目标>1.0
[INFO] [1790737948.912198508] [exploration]: v=+0.00 w=-0.70 | 转向中 front=0.57 目标>1.0
[INFO] [1790737949.012757201] [exploration]: v=+0.00 w=-0.70 | 转向中 front=0.55 目标>1.0
[INFO] [1790737949.112656283] [exploration]: v=+0.00 w=-0.70 | 转向中 front=0.52 目标>1.0
[INFO] [1790737949.213598272] [exploration]: v=+0.00 w=-0.70 | 转向中 front=0.49 目标>1.0
[INFO] [1790737949.313724021] [exploration]: v=+0.00 w=-0.70 | 转向中 front=0.48 目标>1.0
[INFO] [1790737949.513923408] [exploration]: v=+0.00 w=-0.70 | 转向中 front=0.47 目标>1.0
[INFO] [1790737949.613585071] [exploration]: v=+0.00 w=-0.70 | 转向中 front=0.45 目标>1.0
