[INFO] [1790756718.837244060] [exploration]: 探索节点已启动
[INFO] [1790756718.840805859] [exploration]: v=+0.20 w=+0.00 | 直行 d=1.89
[INFO] [1790756718.940238408] [exploration]: v=+0.20 w=+0.00 | 直行 d=1.90
[INFO] [1790756719.138874573] [exploration]: v=+0.20 w=+0.00 | 直行 d=1.86
[INFO] [1790756719.240484363] [exploration]: v=+0.20 w=+0.00 | 直行 d=1.85
[INFO] [1790756719.339692971] [exploration]: v=+0.20 w=+0.00 | 直行 d=1.82
[INFO] [1790756719.439385175] [exploration]: v=+0.20 w=+0.00 | 直行 d=1.80
[INFO] [1790756719.540277785] [exploration]: v=+0.20 w=+0.00 | 直行 d=1.79
[INFO] [1790756719.639806594] [exploration]: v=+0.20 w=+0.00 | 直行 d=1.76
[INFO] [1790756719.741244837] [exploration]: v=+0.20 w=+0.00 | 直行 d=1.75
[INFO] [1790756719.841026675] [exploration]: v=+0.20 w=+0.00 | 直行 d=1.73
[INFO] [1790756719.941088033] [exploration]: v=+0.20 w=+0.00 | 直行 d=1.71
[INFO] [1790756720.040716239] [exploration]: v=+0.20 w=+0.00 | 直行 d=1.68
[INFO] [1790756720.142045551] [exploration]: v=+0.20 w=+0.00 | 直行 d=1.67
[INFO] [1790756720.242450791] [exploration]: v=+0.20 w=+0.00 | 直行 d=1.66
[INFO] [1790756720.341226989] [exploration]: v=+0.20 w=+0.00 | 直行 d=1.64
[INFO] [1790756720.444036655] [exploration]: v=+0.20 w=+0.00 | 直行 d=1.61
[INFO] [1790756720.543024288] [exploration]: v=+0.20 w=+0.00 | 直行 d=1.59
[INFO] [1790756720.644301652] [exploration]: v=+0.20 w=+0.00 | 直行 d=1.57
[INFO] [1790756720.745761446] [exploration]: v=+0.20 w=+0.00 | 直行 d=1.55
[INFO] [1790756720.845562828] [exploration]: v=+0.20 w=+0.00 | 直行 d=1.52
[INFO] [1790756721.045084054] [exploration]: v=+0.20 w=+0.00 | 直行 d=1.49
[INFO] [1790756721.144554059] [exploration]: v=+0.20 w=+0.00 | 直行 d=1.47
[INFO] [1790756721.246742751] [exploration]: v=+0.20 w=+0.00 | 直行 d=1.46
[INFO] [1790756721.346530429] [exploration]: v=+0.20 w=+0.00 | 直行 d=1.43
[INFO] [1790756721.446326819] [exploration]: v=+0.20 w=+0.00 | 直行 d=1.40
[INFO] [1790756721.646580579] [exploration]: v=+0.20 w=+0.00 | 直行 d=1.37
[INFO] [1790756721.745676332] [exploration]: v=+0.20 w=+0.00 | 直行 d=1.35
[INFO] [1790756721.846889677] [exploration]: v=+0.20 w=+0.00 | 直行 d=1.34
[INFO] [1790756721.946322027] [exploration]: v=+0.20 w=+0.00 | 直行 d=1.32
[INFO] [1790756722.046087822] [exploration]: v=+0.20 w=+0.00 | 直行 d=1.29
[INFO] [1790756722.146414377] [exploration]: v=+0.20 w=+0.00 | 直行 d=1.27
[INFO] [1790756722.246662388] [exploration]: v=+0.20 w=+0.00 | 直行 d=1.25
[INFO] [1790756722.347192672] [exploration]: v=+0.20 w=+0.00 | 直行 d=1.23
[INFO] [1790756722.447765785] [exploration]: v=+0.20 w=+0.00 | 直行 d=1.21
[INFO] [1790756722.548112647] [exploration]: v=+0.20 w=+0.00 | 直行 d=1.19
[INFO] [1790756722.649201035] [exploration]: v=+0.20 w=+0.00 | 直行 d=1.18
[INFO] [1790756722.749607972] [exploration]: v=+0.20 w=+0.00 | 直行 d=1.15
[INFO] [1790756722.850759964] [exploration]: v=+0.20 w=+0.00 | 直行 d=1.12
[INFO] [1790756722.950366874] [exploration]: v=+0.20 w=+0.00 | 直行 d=1.11
[INFO] [1790756723.049564971] [exploration]: v=+0.20 w=+0.00 | 直行 d=1.09
[INFO] [1790756723.149447741] [exploration]: v=+0.20 w=+0.00 | 直行 d=1.07
[INFO] [1790756723.250855520] [exploration]: v=+0.20 w=+0.00 | 直行 d=1.05
[INFO] [1790756723.350645164] [exploration]: v=+0.20 w=+0.00 | 直行 d=1.03
[INFO] [1790756723.450537318] [exploration]: v=+0.20 w=+0.00 | 直行 d=1.01
[INFO] [1790756723.550222576] [exploration]: v=+0.20 w=+0.00 | 直行 d=0.99
[INFO] [1790756723.650361760] [exploration]: v=+0.20 w=+0.00 | 直行 d=0.98
[INFO] [1790756723.750752509] [exploration]: v=+0.20 w=+0.00 | 直行 d=0.95
[INFO] [1790756723.849852569] [exploration]: v=+0.20 w=+0.00 | 直行 d=0.93
[INFO] [1790756723.950769669] [exploration]: v=+0.20 w=+0.00 | 直行 d=0.91
[INFO] [1790756724.050351775] [exploration]: v=+0.20 w=+0.00 | 直行 d=0.90
[INFO] [1790756724.151422137] [exploration]: v=+0.20 w=+0.00 | 直行 d=0.87
[INFO] [1790756724.250786700] [exploration]: v=+0.20 w=+0.00 | 直行 d=0.86
[INFO] [1790756724.350419017] [exploration]: v=+0.20 w=+0.00 | 直行 d=0.82
[INFO] [1790756724.550521407] [exploration]: v=+0.09 w=+0.00 | 减速 d=0.80
[INFO] [1790756724.651692580] [exploration]: v=-0.08 w=+0.00 | 三面极近，倒退
[INFO] [1790756724.750410858] [exploration]: v=-0.08 w=+0.00 | 倒退
[INFO] [1790756725.452099888] [exploration]: v=+0.00 w=+0.00 | 倒退结束，停稳
[INFO] [1790756725.553073663] [exploration]: v=+0.00 w=-0.50 | 进入转向 center=-130° 由于危险 d=0.13
[INFO] [1790756725.652664719] [exploration]: v=+0.00 w=+0.00 | 转向完成，停稳 front=0.83
[INFO] [1790756725.753678601] [exploration]: v=+0.00 w=-0.50 | 进入转向 center=-150° 由于危险 d=0.14
[INFO] [1790756725.854075894] [exploration]: v=+0.00 w=+0.00 | 转向完成，停稳 对准 center=5°
[INFO] [1790756725.953781020] [exploration]: v=+0.20 w=+0.00 | 直行 d=1.01
[INFO] [1790756726.052880407] [exploration]: v=+0.20 w=+0.00 | 直行 d=0.99
[INFO] [1790756726.153111427] [exploration]: v=+0.20 w=+0.00 | 直行 d=1.00
[INFO] [1790756726.253485567] [exploration]: v=+0.20 w=+0.00 | 直行 d=0.99
[INFO] [1790756726.353090619] [exploration]: v=+0.20 w=+0.00 | 直行 d=1.00
[INFO] [1790756726.454292720] [exploration]: v=+0.20 w=+0.00 | 直行 d=1.02
[INFO] [1790756726.553149231] [exploration]: v=+0.20 w=+0.00 | 直行 d=1.04
[INFO] [1790756726.653489783] [exploration]: v=+0.20 w=+0.00 | 直行 d=1.03
[INFO] [1790756726.852848348] [exploration]: v=+0.20 w=+0.00 | 直行 d=1.06
[INFO] [1790756726.953731159] [exploration]: v=+0.20 w=+0.00 | 直行 d=1.07
[INFO] [1790756727.052770360] [exploration]: v=+0.20 w=+0.00 | 直行 d=1.05
[INFO] [1790756727.154552150] [exploration]: v=+0.20 w=+0.00 | 直行 d=1.08
[INFO] [1790756727.253319796] [exploration]: v=+0.20 w=+0.00 | 直行 d=1.09
[INFO] [1790756727.354747447] [exploration]: v=+0.20 w=+0.00 | 直行 d=1.07
[INFO] [1790756727.455186683] [exploration]: v=+0.20 w=+0.00 | 直行 d=1.09
[INFO] [1790756727.555086527] [exploration]: v=+0.20 w=+0.00 | 直行 d=1.10
[INFO] [1790756727.654783338] [exploration]: v=+0.20 w=+0.00 | 直行 d=1.12
[INFO] [1790756727.755171143] [exploration]: v=+0.20 w=+0.00 | 直行 d=1.10
[INFO] [1790756727.856773469] [exploration]: v=+0.20 w=+0.00 | 直行 d=1.12
[INFO] [1790756727.956667160] [exploration]: v=+0.20 w=+0.00 | 直行 d=1.14
[INFO] [1790756728.056334863] [exploration]: v=+0.20 w=+0.00 | 直行 d=1.17
[INFO] [1790756728.356659011] [exploration]: v=+0.20 w=+0.00 | 直行 d=1.18
[INFO] [1790756728.456872181] [exploration]: v=+0.20 w=+0.00 | 直行 d=1.17
[INFO] [1790756728.556743812] [exploration]: v=+0.20 w=+0.00 | 直行 d=1.20
[INFO] [1790756728.657375251] [exploration]: v=+0.20 w=+0.00 | 直行 d=1.21
[INFO] [1790756729.058353328] [exploration]: v=+0.20 w=+0.00 | 直行 d=1.24
[INFO] [1790756729.158256175] [exploration]: v=+0.20 w=+0.00 | 直行 d=1.22
[INFO] [1790756729.258707684] [exploration]: v=+0.20 w=+0.00 | 直行 d=1.25
[INFO] [1790756729.359347614] [exploration]: v=+0.20 w=+0.00 | 直行 d=1.26
[INFO] [1790756729.660386984] [exploration]: v=+0.20 w=+0.00 | 直行 d=1.28
[INFO] [1790756729.759571533] [exploration]: v=+0.20 w=+0.00 | 直行 d=1.29
[INFO] [1790756729.859983448] [exploration]: v=+0.20 w=+0.00 | 直行 d=1.30
[INFO] [1790756730.160666860] [exploration]: v=+0.20 w=+0.00 | 直行 d=1.31
[INFO] [1790756730.260202188] [exploration]: v=+0.20 w=+0.00 | 直行 d=1.33
[INFO] [1790756730.359692121] [exploration]: v=+0.20 w=+0.00 | 直行 d=1.34
[INFO] [1790756730.459577841] [exploration]: v=+0.20 w=+0.00 | 直行 d=1.35
[INFO] [1790756730.660306019] [exploration]: v=+0.20 w=+0.00 | 直行 d=1.37
[INFO] [1790756730.960736825] [exploration]: v=+0.20 w=+0.00 | 直行 d=1.38
[INFO] [1790756731.161816593] [exploration]: v=+0.20 w=+0.00 | 直行 d=1.39
[INFO] [1790756731.260755904] [exploration]: v=+0.20 w=+0.00 | 直行 d=1.43
[INFO] [1790756731.361258557] [exploration]: v=+0.20 w=+0.00 | 直行 d=1.41
[INFO] [1790756731.561838272] [exploration]: v=+0.20 w=+0.00 | 直行 d=1.42
[INFO] [1790756731.661482228] [exploration]: v=+0.20 w=+0.00 | 直行 d=1.44
[INFO] [1790756731.762939565] [exploration]: v=+0.20 w=+0.00 | 直行 d=1.45
[INFO] [1790756731.863157246] [exploration]: v=+0.20 w=+0.00 | 直行 d=1.47
[INFO] [1790756731.963023629] [exploration]: v=+0.20 w=+0.00 | 直行 d=1.48
[INFO] [1790756732.163266345] [exploration]: v=+0.20 w=+0.00 | 直行 d=1.49
[INFO] [1790756732.263780186] [exploration]: v=+0.20 w=+0.00 | 直行 d=1.48
[INFO] [1790756732.363696717] [exploration]: v=+0.20 w=+0.00 | 直行 d=1.51
[INFO] [1790756732.563283377] [exploration]: v=+0.20 w=+0.00 | 直行 d=1.50
[INFO] [1790756732.665180092] [exploration]: v=+0.20 w=+0.00 | 直行 d=1.52
[INFO] [1790756732.765049475] [exploration]: v=+0.20 w=+0.00 | 直行 d=1.55
[INFO] [1790756732.864806256] [exploration]: v=+0.20 w=+0.00 | 直行 d=1.54
[INFO] [1790756732.964314180] [exploration]: v=+0.20 w=+0.00 | 直行 d=1.55
[INFO] [1790756733.063934927] [exploration]: v=+0.20 w=+0.00 | 直行 d=1.56
[INFO] [1790756733.163334973] [exploration]: v=+0.20 w=+0.00 | 直行 d=1.57
[INFO] [1790756733.264587538] [exploration]: v=+0.20 w=+0.00 | 直行 d=1.59
[INFO] [1790756733.365504183] [exploration]: v=+0.20 w=+0.00 | 直行 d=1.57
[INFO] [1790756733.465988729] [exploration]: v=+0.20 w=+0.00 | 直行 d=1.59
[INFO] [1790756733.564787676] [exploration]: v=+0.20 w=+0.00 | 直行 d=1.58
[INFO] [1790756733.664509646] [exploration]: v=+0.20 w=+0.00 | 直行 d=1.61
[INFO] [1790756733.865328784] [exploration]: v=+0.20 w=+0.00 | 直行 d=1.60
[INFO] [1790756734.066085352] [exploration]: v=+0.20 w=+0.00 | 直行 d=1.59
[INFO] [1790756734.166248913] [exploration]: v=+0.20 w=+0.00 | 直行 d=1.58
[INFO] [1790756734.266506302] [exploration]: v=+0.20 w=+0.00 | 直行 d=1.59
[INFO] [1790756734.366298807] [exploration]: v=+0.20 w=+0.00 | 直行 d=1.58
[INFO] [1790756734.466847147] [exploration]: v=+0.20 w=+0.00 | 直行 d=1.56
[INFO] [1790756734.567846395] [exploration]: v=+0.20 w=+0.00 | 直行 d=1.57
[INFO] [1790756734.767806493] [exploration]: v=+0.20 w=+0.00 | 直行 d=1.55
[INFO] [1790756734.967977578] [exploration]: v=+0.20 w=+0.00 | 直行 d=1.56
[INFO] [1790756735.268501997] [exploration]: v=+0.20 w=+0.00 | 直行 d=1.55
[INFO] [1790756735.369289915] [exploration]: v=+0.20 w=+0.00 | 直行 d=1.58
[INFO] [1790756735.469077632] [exploration]: v=+0.20 w=+0.00 | 直行 d=1.59
[INFO] [1790756735.669562320] [exploration]: v=+0.20 w=+0.00 | 直行 d=1.58
[INFO] [1790756735.868349036] [exploration]: v=+0.20 w=+0.00 | 直行 d=1.57
[INFO] [1790756735.969587400] [exploration]: v=+0.20 w=+0.00 | 直行 d=1.58
[INFO] [1790756736.070116284] [exploration]: v=+0.20 w=+0.00 | 直行 d=1.57
[INFO] [1790756736.270630101] [exploration]: v=+0.20 w=+0.00 | 直行 d=1.56
[INFO] [1790756736.570768694] [exploration]: v=+0.20 w=+0.00 | 直行 d=1.55
[INFO] [1790756736.872244759] [exploration]: v=+0.20 w=+0.00 | 直行 d=1.53
[INFO] [1790756736.970548339] [exploration]: v=+0.20 w=+0.00 | 直行 d=1.55
[INFO] [1790756737.070769009] [exploration]: v=+0.20 w=+0.00 | 直行 d=1.56
[INFO] [1790756737.181429725] [exploration]: v=+0.20 w=+0.00 | 直行 d=1.58
[INFO] [1790756737.373120386] [exploration]: v=+0.20 w=+0.00 | 直行 d=1.55
[INFO] [1790756737.470478528] [exploration]: v=+0.20 w=+0.00 | 直行 d=1.58
[INFO] [1790756737.571463769] [exploration]: v=+0.20 w=+0.00 | 直行 d=1.56
[INFO] [1790756737.772289057] [exploration]: v=+0.20 w=+0.00 | 直行 d=1.54
[INFO] [1790756737.872257328] [exploration]: v=+0.20 w=+0.00 | 直行 d=1.56
[INFO] [1790756737.971619329] [exploration]: v=+0.20 w=+0.00 | 直行 d=1.55
[INFO] [1790756738.072315728] [exploration]: v=+0.20 w=+0.00 | 直行 d=1.56
[INFO] [1790756738.271853551] [exploration]: v=+0.20 w=+0.00 | 直行 d=1.54
[INFO] [1790756738.372207206] [exploration]: v=+0.20 w=+0.00 | 直行 d=1.53
[INFO] [1790756738.472491500] [exploration]: v=+0.20 w=+0.00 | 直行 d=1.54
[INFO] [1790756738.573060307] [exploration]: v=+0.20 w=+0.00 | 直行 d=1.52
[INFO] [1790756738.673490877] [exploration]: v=+0.20 w=+0.00 | 直行 d=1.51
[INFO] [1790756738.772856360] [exploration]: v=+0.20 w=+0.00 | 直行 d=1.50
[INFO] [1790756738.873600946] [exploration]: v=+0.20 w=+0.00 | 直行 d=1.51
[INFO] [1790756738.972722056] [exploration]: v=+0.20 w=+0.00 | 直行 d=1.59
[INFO] [1790756739.073685524] [exploration]: v=+0.20 w=+0.00 | 直行 d=1.58
[INFO] [1790756739.173814259] [exploration]: v=+0.20 w=+0.00 | 直行 d=1.57
[INFO] [1790756739.475439285] [exploration]: v=+0.20 w=+0.00 | 直行 d=1.56
[INFO] [1790756739.574981090] [exploration]: v=+0.20 w=+0.00 | 直行 d=1.46
[INFO] [1790756739.674963413] [exploration]: v=+0.20 w=+0.00 | 直行 d=1.45
[INFO] [1790756739.775653895] [exploration]: v=+0.20 w=+0.00 | 直行 d=1.46
[INFO] [1790756739.874563782] [exploration]: v=+0.20 w=+0.00 | 直行 d=1.44
[INFO] [1790756740.075714321] [exploration]: v=+0.20 w=+0.00 | 直行 d=1.45
[INFO] [1790756740.175601461] [exploration]: v=+0.20 w=+0.00 | 直行 d=1.42
[INFO] [1790756740.276800717] [exploration]: v=+0.20 w=+0.00 | 直行 d=1.41
[INFO] [1790756740.375450546] [exploration]: v=+0.20 w=+0.00 | 直行 d=1.42
[INFO] [1790756740.476855216] [exploration]: v=+0.20 w=+0.00 | 直行 d=1.40
[INFO] [1790756740.578451821] [exploration]: v=+0.20 w=+0.00 | 直行 d=1.41
[INFO] [1790756740.678102873] [exploration]: v=+0.20 w=+0.00 | 直行 d=1.39
[INFO] [1790756740.778269954] [exploration]: v=+0.20 w=+0.00 | 直行 d=1.40
[INFO] [1790756740.877252511] [exploration]: v=+0.20 w=+0.00 | 直行 d=1.39
[INFO] [1790756741.078891545] [exploration]: v=+0.20 w=+0.00 | 直行 d=1.40
[INFO] [1790756741.177936749] [exploration]: v=+0.20 w=+0.00 | 直行 d=1.36
[INFO] [1790756741.378452814] [exploration]: v=+0.20 w=+0.00 | 直行 d=1.37
[INFO] [1790756741.479055362] [exploration]: v=+0.20 w=+0.00 | 直行 d=1.38
[INFO] [1790756741.579637087] [exploration]: v=+0.20 w=+0.00 | 直行 d=1.36
[INFO] [1790756741.779264837] [exploration]: v=+0.20 w=+0.00 | 直行 d=1.35
[INFO] [1790756741.879096586] [exploration]: v=+0.20 w=+0.00 | 直行 d=1.33
[INFO] [1790756742.078829565] [exploration]: v=+0.20 w=+0.00 | 直行 d=1.32
[INFO] [1790756742.178722003] [exploration]: v=+0.20 w=+0.00 | 直行 d=1.31
[INFO] [1790756742.679823811] [exploration]: v=+0.20 w=+0.00 | 直行 d=1.30
[INFO] [1790756742.779796934] [exploration]: v=+0.20 w=+0.00 | 直行 d=1.35
[INFO] [1790756742.879967646] [exploration]: v=+0.20 w=+0.00 | 直行 d=1.28
[INFO] [1790756742.980107274] [exploration]: v=+0.20 w=+0.00 | 直行 d=1.27
[INFO] [1790756743.080406600] [exploration]: v=+0.20 w=+0.00 | 直行 d=1.26
[INFO] [1790756743.180780326] [exploration]: v=+0.20 w=+0.00 | 直行 d=1.25
[INFO] [1790756743.281329766] [exploration]: v=+0.20 w=+0.00 | 直行 d=1.27
[INFO] [1790756743.482754737] [exploration]: v=+0.20 w=+0.00 | 直行 d=1.26
[INFO] [1790756743.582722426] [exploration]: v=+0.20 w=+0.00 | 直行 d=1.24
[INFO] [1790756743.682410896] [exploration]: v=+0.20 w=+0.00 | 直行 d=1.25
[INFO] [1790756743.881677252] [exploration]: v=+0.20 w=+0.00 | 直行 d=1.23
[INFO] [1790756743.983150456] [exploration]: v=+0.20 w=+0.00 | 直行 d=1.24
[INFO] [1790756744.081645770] [exploration]: v=+0.20 w=+0.00 | 直行 d=1.21
[INFO] [1790756744.582608792] [exploration]: v=+0.20 w=+0.00 | 直行 d=1.18
[INFO] [1790756744.784937834] [exploration]: v=+0.20 w=+0.00 | 直行 d=1.19
[INFO] [1790756744.884077355] [exploration]: v=+0.20 w=+0.00 | 直行 d=1.16
[INFO] [1790756745.085363726] [exploration]: v=+0.20 w=+0.00 | 直行 d=1.15
[INFO] [1790756745.291514936] [exploration]: v=+0.20 w=+0.00 | 直行 d=1.13
[INFO] [1790756745.389515652] [exploration]: v=+0.20 w=+0.00 | 直行 d=1.16
[INFO] [1790756745.487543811] [exploration]: v=+0.20 w=+0.00 | 直行 d=1.13
[INFO] [1790756745.686959439] [exploration]: v=+0.20 w=+0.00 | 直行 d=1.14
[INFO] [1790756745.886589175] [exploration]: v=+0.20 w=+0.00 | 直行 d=1.12
[INFO] [1790756745.985998740] [exploration]: v=+0.20 w=+0.00 | 直行 d=1.11
[INFO] [1790756746.085508453] [exploration]: v=+0.20 w=+0.00 | 直行 d=1.10
[INFO] [1790756746.185741335] [exploration]: v=+0.20 w=+0.00 | 直行 d=1.11
[INFO] [1790756746.286194216] [exploration]: v=+0.20 w=+0.00 | 直行 d=1.10
[INFO] [1790756746.386069101] [exploration]: v=+0.20 w=+0.00 | 直行 d=1.09
[INFO] [1790756746.587096387] [exploration]: v=+0.20 w=+0.00 | 直行 d=1.08
[INFO] [1790756746.686961047] [exploration]: v=+0.20 w=+0.00 | 直行 d=1.09
[INFO] [1790756746.787517682] [exploration]: v=+0.20 w=+0.00 | 直行 d=1.08
[INFO] [1790756746.988510603] [exploration]: v=+0.20 w=+0.00 | 直行 d=1.06
[INFO] [1790756747.089379452] [exploration]: v=+0.20 w=+0.00 | 直行 d=1.05
[INFO] [1790756747.288162933] [exploration]: v=+0.20 w=+0.00 | 直行 d=1.03
[INFO] [1790756747.388733097] [exploration]: v=+0.20 w=+0.00 | 直行 d=1.05
[INFO] [1790756747.488221497] [exploration]: v=+0.20 w=+0.00 | 直行 d=1.03
[INFO] [1790756747.589159319] [exploration]: v=+0.20 w=+0.00 | 直行 d=1.02
[INFO] [1790756747.889245426] [exploration]: v=+0.20 w=+0.00 | 直行 d=1.00
[INFO] [1790756748.388842999] [exploration]: v=+0.20 w=+0.00 | 直行 d=0.98
[INFO] [1790756748.489640250] [exploration]: v=+0.20 w=+0.00 | 直行 d=0.99
[INFO] [1790756748.591533788] [exploration]: v=+0.20 w=+0.00 | 直行 d=0.97
[INFO] [1790756748.790539805] [exploration]: v=+0.20 w=+0.00 | 直行 d=0.98
[INFO] [1790756748.890375054] [exploration]: v=+0.20 w=+0.00 | 直行 d=0.95
[INFO] [1790756748.990226154] [exploration]: v=+0.20 w=+0.00 | 直行 d=0.97
[INFO] [1790756749.089852290] [exploration]: v=+0.20 w=+0.00 | 直行 d=0.90
[INFO] [1790756749.190267715] [exploration]: v=+0.20 w=+0.00 | 直行 d=0.89
[INFO] [1790756749.290860496] [exploration]: v=+0.20 w=+0.00 | 直行 d=0.88
[INFO] [1790756749.391240339] [exploration]: v=+0.20 w=+0.00 | 直行 d=0.87
[INFO] [1790756749.491610934] [exploration]: v=+0.20 w=+0.00 | 直行 d=0.88
[INFO] [1790756749.591785574] [exploration]: v=+0.20 w=+0.00 | 直行 d=0.87
[INFO] [1790756749.692190386] [exploration]: v=+0.20 w=+0.00 | 直行 d=0.86
[INFO] [1790756749.792259614] [exploration]: v=+0.20 w=+0.00 | 直行 d=0.85
[INFO] [1790756749.893132856] [exploration]: v=+0.20 w=+0.00 | 直行 d=0.87
[INFO] [1790756749.992551602] [exploration]: v=+0.20 w=+0.00 | 直行 d=0.85
[INFO] [1790756750.092609581] [exploration]: v=+0.20 w=+0.00 | 直行 d=0.83
[INFO] [1790756750.192851782] [exploration]: v=+0.20 w=+0.00 | 直行 d=0.84
[INFO] [1790756750.293043229] [exploration]: v=+0.20 w=+0.00 | 直行 d=0.82
[INFO] [1790756750.393125712] [exploration]: v=+0.20 w=+0.00 | 直行 d=0.83
[INFO] [1790756750.494358056] [exploration]: v=+0.20 w=+0.00 | 直行 d=0.82
[INFO] [1790756750.695117894] [exploration]: v=+0.20 w=+0.00 | 直行 d=0.81
[INFO] [1790756750.795720064] [exploration]: v=+0.09 w=+0.00 | 减速 d=0.80
[INFO] [1790756750.995037992] [exploration]: v=+0.00 w=-0.50 | 进入转向 center=-10° 由于危险 d=0.14
[INFO] [1790756751.093965725] [exploration]: v=-0.08 w=+0.00 | 三面极近，倒退
[INFO] [1790756751.194025916] [exploration]: v=-0.08 w=+0.00 | 倒退
[INFO] [1790756751.896011683] [exploration]: v=+0.00 w=+0.00 | 倒退结束，停稳
[INFO] [1790756751.996166553] [exploration]: v=-0.08 w=+0.00 | 三面极近，倒退
[INFO] [1790756752.096174593] [exploration]: v=-0.08 w=+0.00 | 倒退
[INFO] [1790756752.799659702] [exploration]: v=+0.00 w=+0.00 | 倒退结束，停稳
[INFO] [1790756752.899316012] [exploration]: v=+0.00 w=+0.00 | 转向完成，停稳 对准 center=15°
[INFO] [1790756752.997140260] [exploration]: v=-0.08 w=+0.00 | 三面极近，倒退
[INFO] [1790756753.096490599] [exploration]: v=-0.08 w=+0.00 | 倒退
[INFO] [1790756753.798860348] [exploration]: v=+0.00 w=+0.00 | 倒退结束，停稳
[INFO] [1790756753.899893034] [exploration]: v=+0.20 w=+0.00 | 直行 d=0.86
[INFO] [1790756754.098722256] [exploration]: v=-0.08 w=+0.00 | 三面极近，倒退
[INFO] [1790756754.199162184] [exploration]: v=-0.08 w=+0.00 | 倒退
[INFO] [1790756754.901492075] [exploration]: v=+0.00 w=+0.00 | 倒退结束，停稳
[INFO] [1790756755.001162642] [exploration]: v=-0.08 w=+0.00 | 三面极近，倒退
[INFO] [1790756755.101507928] [exploration]: v=-0.08 w=+0.00 | 倒退
[INFO] [1790756755.802669617] [exploration]: v=+0.00 w=+0.00 | 倒退结束，停稳
[INFO] [1790756755.902910902] [exploration]: v=-0.08 w=+0.00 | 三面极近，倒退
[INFO] [1790756756.002752264] [exploration]: v=-0.08 w=+0.00 | 倒退
[INFO] [1790756756.706262749] [exploration]: v=+0.00 w=+0.00 | 倒退结束，停稳
[INFO] [1790756756.805962197] [exploration]: v=+0.00 w=+0.50 | 进入转向 center=115° 由于危险 d=0.13
[INFO] [1790756756.905262786] [exploration]: v=-0.08 w=+0.00 | 三面极近，倒退
[INFO] [1790756757.005580075] [exploration]: v=-0.08 w=+0.00 | 倒退
[INFO] [1790756757.704812444] [exploration]: v=+0.00 w=+0.00 | 倒退结束，停稳
[INFO] [1790756757.804829732] [exploration]: v=-0.08 w=+0.00 | 三面极近，倒退
[INFO] [1790756757.903903911] [exploration]: v=-0.08 w=+0.00 | 倒退
[INFO] [1790756758.604612729] [exploration]: v=+0.00 w=+0.00 | 倒退结束，停稳
[INFO] [1790756758.704913092] [exploration]: v=-0.08 w=+0.00 | 三面极近，倒退
[INFO] [1790756758.804227875] [exploration]: v=-0.08 w=+0.00 | 倒退
[INFO] [1790756759.507151860] [exploration]: v=+0.00 w=+0.00 | 倒退结束，停稳
[INFO] [1790756759.608316194] [exploration]: v=-0.08 w=+0.00 | 三面极近，倒退
[INFO] [1790756759.708435432] [exploration]: v=-0.08 w=+0.00 | 倒退
[INFO] [1790756760.508697098] [exploration]: v=+0.00 w=+0.00 | 倒退结束，停稳
[INFO] [1790756760.608524838] [exploration]: v=+0.00 w=+0.00 | 转向完成，停稳 对准 center=15°
[INFO] [1790756760.709312857] [exploration]: v=-0.08 w=+0.00 | 三面极近，倒退
[INFO] [1790756760.808590724] [exploration]: v=-0.08 w=+0.00 | 倒退
[INFO] [1790756761.509769984] [exploration]: v=+0.00 w=+0.00 | 倒退结束，停稳
[INFO] [1790756761.610277342] [exploration]: v=+0.20 w=+0.00 | 直行 d=0.87
[INFO] [1790756761.710370773] [exploration]: v=-0.08 w=+0.00 | 三面极近，倒退
[INFO] [1790756761.810789897] [exploration]: v=-0.08 w=+0.00 | 倒退
[INFO] [1790756762.512019571] [exploration]: v=+0.00 w=+0.00 | 倒退结束，停稳
[INFO] [1790756762.611491538] [exploration]: v=+0.20 w=+0.00 | 直行 d=1.30
[INFO] [1790756762.710850752] [exploration]: v=+0.20 w=+0.00 | 直行 d=1.29
[INFO] [1790756762.811108410] [exploration]: v=+0.20 w=+0.00 | 直行 d=1.31
[INFO] [1790756762.911795744] [exploration]: v=+0.20 w=+0.00 | 直行 d=1.33
[INFO] [1790756763.012900996] [exploration]: v=+0.20 w=+0.00 | 直行 d=1.35
[INFO] [1790756763.112789933] [exploration]: v=+0.20 w=+0.00 | 直行 d=1.33
[INFO] [1790756763.512924233] [exploration]: v=+0.20 w=+0.00 | 直行 d=1.32
[INFO] [1790756763.812979176] [exploration]: v=+0.20 w=+0.00 | 直行 d=1.34
[INFO] [1790756763.913208861] [exploration]: v=+0.20 w=+0.00 | 直行 d=1.24
[INFO] [1790756764.013541744] [exploration]: v=+0.20 w=+0.00 | 直行 d=1.23
[INFO] [1790756764.112563871] [exploration]: v=+0.20 w=+0.00 | 直行 d=1.25
[INFO] [1790756764.213583768] [exploration]: v=+0.20 w=+0.00 | 直行 d=1.23
[INFO] [1790756764.513942289] [exploration]: v=+0.20 w=+0.00 | 直行 d=1.22
[INFO] [1790756764.616074186] [exploration]: v=+0.20 w=+0.00 | 直行 d=1.24
[INFO] [1790756764.714866039] [exploration]: v=+0.20 w=+0.00 | 直行 d=1.23
[INFO] [1790756764.815304422] [exploration]: v=+0.20 w=+0.00 | 直行 d=1.22
[INFO] [1790756764.915761276] [exploration]: v=+0.20 w=+0.00 | 直行 d=1.20
[INFO] [1790756765.016377715] [exploration]: v=+0.20 w=+0.00 | 直行 d=1.22
[INFO] [1790756765.216494250] [exploration]: v=+0.20 w=+0.00 | 直行 d=1.23
[INFO] [1790756765.316048757] [exploration]: v=+0.20 w=+0.00 | 直行 d=1.22
[INFO] [1790756765.517239624] [exploration]: v=+0.20 w=+0.00 | 直行 d=1.21
[INFO] [1790756765.617087178] [exploration]: v=+0.20 w=+0.00 | 直行 d=1.23
[INFO] [1790756765.716385918] [exploration]: v=+0.20 w=+0.00 | 直行 d=1.22
[INFO] [1790756765.815822649] [exploration]: v=+0.20 w=+0.00 | 直行 d=1.23
[INFO] [1790756765.915784091] [exploration]: v=+0.20 w=+0.00 | 直行 d=1.22
[INFO] [1790756766.317616849] [exploration]: v=+0.20 w=+0.00 | 直行 d=1.23
[INFO] [1790756766.417826698] [exploration]: v=+0.20 w=+0.00 | 直行 d=1.22
[INFO] [1790756766.517773315] [exploration]: v=+0.20 w=+0.00 | 直行 d=1.23
[INFO] [1790756766.818375551] [exploration]: v=+0.20 w=+0.00 | 直行 d=1.22
[INFO] [1790756767.217925388] [exploration]: v=+0.20 w=+0.00 | 直行 d=1.14
[INFO] [1790756767.319492987] [exploration]: v=+0.20 w=+0.00 | 直行 d=1.23
[INFO] [1790756767.518821330] [exploration]: v=+0.20 w=+0.00 | 直行 d=1.21
[INFO] [1790756767.618151144] [exploration]: v=+0.20 w=+0.00 | 直行 d=1.20
[INFO] [1790756767.719650526] [exploration]: v=+0.20 w=+0.00 | 直行 d=1.21
[INFO] [1790756767.819981611] [exploration]: v=+0.20 w=+0.00 | 直行 d=1.23
[INFO] [1790756767.920505523] [exploration]: v=+0.20 w=+0.00 | 直行 d=1.22
[INFO] [1790756768.020428901] [exploration]: v=+0.20 w=+0.00 | 直行 d=1.23
[INFO] [1790756768.119881779] [exploration]: v=+0.20 w=+0.00 | 直行 d=1.22
[INFO] [1790756768.220065379] [exploration]: v=+0.20 w=+0.00 | 直行 d=1.21
[INFO] [1790756768.521600968] [exploration]: v=+0.20 w=+0.00 | 直行 d=1.20
[INFO] [1790756768.622111485] [exploration]: v=+0.20 w=+0.00 | 直行 d=1.21
[INFO] [1790756769.222756414] [exploration]: v=+0.20 w=+0.00 | 直行 d=1.20
[INFO] [1790756769.421726130] [exploration]: v=+0.20 w=+0.00 | 直行 d=1.22
[INFO] [1790756769.522383061] [exploration]: v=+0.20 w=+0.00 | 直行 d=1.20
[INFO] [1790756769.723226612] [exploration]: v=+0.20 w=+0.00 | 直行 d=3.02
[INFO] [1790756769.823127237] [exploration]: v=+0.20 w=+0.00 | 直行 d=3.00
[INFO] [1790756769.923178495] [exploration]: v=+0.20 w=+0.00 | 直行 d=2.96
[INFO] [1790756770.023927800] [exploration]: v=+0.20 w=+0.00 | 直行 d=2.95
[INFO] [1790756770.124687949] [exploration]: v=+0.20 w=+0.00 | 直行 d=2.96
[INFO] [1790756770.224398739] [exploration]: v=+0.20 w=+0.00 | 直行 d=2.93
[INFO] [1790756770.324181039] [exploration]: v=+0.20 w=+0.00 | 直行 d=2.90
[INFO] [1790756770.424303523] [exploration]: v=+0.20 w=+0.00 | 直行 d=2.88
[INFO] [1790756770.523888772] [exploration]: v=+0.20 w=+0.00 | 直行 d=2.86
[INFO] [1790756770.623948956] [exploration]: v=+0.20 w=+0.00 | 直行 d=2.84
[INFO] [1790756770.724732270] [exploration]: v=+0.20 w=+0.00 | 直行 d=2.82
[INFO] [1790756770.825399760] [exploration]: v=+0.20 w=+0.00 | 直行 d=2.81
[INFO] [1790756770.925690548] [exploration]: v=+0.20 w=+0.00 | 直行 d=2.79
[INFO] [1790756771.026231458] [exploration]: v=+0.20 w=+0.00 | 直行 d=2.78
[INFO] [1790756771.125320852] [exploration]: v=+0.20 w=+0.00 | 直行 d=2.75
[INFO] [1790756771.225779253] [exploration]: v=+0.20 w=+0.00 | 直行 d=2.73
[INFO] [1790756771.326324713] [exploration]: v=+0.20 w=+0.00 | 直行 d=2.72
[INFO] [1790756771.426163695] [exploration]: v=+0.20 w=+0.00 | 直行 d=2.69
[INFO] [1790756771.526276422] [exploration]: v=+0.20 w=+0.00 | 直行 d=2.67
[INFO] [1790756771.626204793] [exploration]: v=+0.20 w=+0.00 | 直行 d=2.65
[INFO] [1790756771.726310576] [exploration]: v=+0.20 w=+0.00 | 直行 d=2.63
[INFO] [1790756771.827457273] [exploration]: v=+0.20 w=+0.00 | 直行 d=2.61
[INFO] [1790756771.927414650] [exploration]: v=+0.20 w=+0.00 | 直行 d=2.59
[INFO] [1790756772.026991800] [exploration]: v=+0.20 w=+0.00 | 直行 d=2.57
[INFO] [1790756772.126724736] [exploration]: v=+0.20 w=+0.00 | 直行 d=2.56
[INFO] [1790756772.227052744] [exploration]: v=+0.20 w=+0.00 | 直行 d=2.52
[INFO] [1790756772.427890131] [exploration]: v=+0.20 w=+0.00 | 直行 d=2.49
[INFO] [1790756772.527286364] [exploration]: v=+0.20 w=+0.00 | 直行 d=2.47
[INFO] [1790756772.628349577] [exploration]: v=+0.20 w=+0.00 | 直行 d=2.45
[INFO] [1790756772.728316069] [exploration]: v=+0.20 w=+0.00 | 直行 d=2.43
[INFO] [1790756772.827686861] [exploration]: v=+0.20 w=+0.00 | 直行 d=2.41
[INFO] [1790756772.928124496] [exploration]: v=+0.20 w=+0.00 | 直行 d=2.38
[INFO] [1790756773.028538144] [exploration]: v=+0.20 w=+0.00 | 直行 d=2.36
[INFO] [1790756773.129101736] [exploration]: v=+0.20 w=+0.00 | 直行 d=2.35
[INFO] [1790756773.229336119] [exploration]: v=+0.20 w=+0.00 | 直行 d=2.34
[INFO] [1790756773.328557816] [exploration]: v=+0.20 w=+0.00 | 直行 d=2.32
[INFO] [1790756773.429715894] [exploration]: v=+0.20 w=+0.00 | 直行 d=2.29
[INFO] [1790756773.529637131] [exploration]: v=+0.20 w=+0.00 | 直行 d=2.27
[INFO] [1790756773.630714538] [exploration]: v=+0.20 w=+0.00 | 直行 d=2.25
[INFO] [1790756773.729809267] [exploration]: v=+0.20 w=+0.00 | 直行 d=2.23
[INFO] [1790756773.832130547] [exploration]: v=+0.20 w=+0.00 | 直行 d=2.22
[INFO] [1790756773.932737578] [exploration]: v=+0.20 w=+0.00 | 直行 d=2.20
[INFO] [1790756774.032166678] [exploration]: v=+0.20 w=+0.00 | 直行 d=2.17
[INFO] [1790756774.132108499] [exploration]: v=+0.20 w=+0.00 | 直行 d=2.16
[INFO] [1790756774.232550952] [exploration]: v=+0.20 w=+0.00 | 直行 d=2.13
[INFO] [1790756774.331662874] [exploration]: v=+0.20 w=+0.00 | 直行 d=2.12
[INFO] [1790756774.431459013] [exploration]: v=+0.20 w=+0.00 | 直行 d=2.10
[INFO] [1790756774.531679759] [exploration]: v=+0.20 w=+0.00 | 直行 d=2.09
[INFO] [1790756774.632115931] [exploration]: v=+0.20 w=+0.00 | 直行 d=2.06
[INFO] [1790756774.732365284] [exploration]: v=+0.20 w=+0.00 | 直行 d=2.04
[INFO] [1790756774.832943966] [exploration]: v=+0.20 w=+0.00 | 直行 d=2.02
[INFO] [1790756774.932659681] [exploration]: v=+0.20 w=+0.00 | 直行 d=2.00
[INFO] [1790756775.032824448] [exploration]: v=+0.20 w=+0.00 | 直行 d=1.98
[INFO] [1790756775.132233006] [exploration]: v=+0.20 w=+0.00 | 直行 d=1.96
[INFO] [1790756775.232444370] [exploration]: v=+0.20 w=+0.00 | 直行 d=1.92
[INFO] [1790756775.332413070] [exploration]: v=+0.20 w=+0.00 | 直行 d=1.93
[INFO] [1790756775.432900147] [exploration]: v=+0.20 w=+0.00 | 直行 d=1.90
[INFO] [1790756775.533507180] [exploration]: v=+0.20 w=+0.00 | 直行 d=1.88
[INFO] [1790756775.632774598] [exploration]: v=+0.20 w=+0.00 | 直行 d=1.86
[INFO] [1790756775.732714821] [exploration]: v=+0.20 w=+0.00 | 直行 d=1.84
[INFO] [1790756775.833027133] [exploration]: v=+0.20 w=+0.00 | 直行 d=1.81
[INFO] [1790756775.934175190] [exploration]: v=+0.20 w=+0.00 | 直行 d=1.80
[INFO] [1790756776.033611890] [exploration]: v=+0.20 w=+0.00 | 直行 d=1.81
[INFO] [1790756776.134976381] [exploration]: v=+0.20 w=+0.00 | 直行 d=1.80
[INFO] [1790756776.235454730] [exploration]: v=+0.20 w=+0.00 | 直行 d=1.79
[INFO] [1790756776.534800876] [exploration]: v=+0.20 w=+0.00 | 直行 d=1.80
[INFO] [1790756776.636158830] [exploration]: v=+0.20 w=+0.00 | 直行 d=1.92
[INFO] [1790756776.735965797] [exploration]: v=+0.20 w=+0.00 | 直行 d=2.10
[INFO] [1790756776.936052351] [exploration]: v=+0.20 w=+0.00 | 直行 d=2.29
[INFO] [1790756777.036623357] [exploration]: v=+0.20 w=+0.00 | 直行 d=2.28
[INFO] [1790756777.136319137] [exploration]: v=+0.20 w=+0.00 | 直行 d=2.27
[INFO] [1790756777.235910307] [exploration]: v=+0.20 w=+0.00 | 直行 d=2.28
[INFO] [1790756777.335642700] [exploration]: v=+0.20 w=+0.00 | 直行 d=2.27
[INFO] [1790756777.437390632] [exploration]: v=+0.20 w=+0.00 | 直行 d=2.29
[INFO] [1790756777.537164538] [exploration]: v=+0.20 w=+0.00 | 直行 d=2.30
[INFO] [1790756777.638182843] [exploration]: v=+0.20 w=+0.00 | 直行 d=2.29
[INFO] [1790756777.737860619] [exploration]: v=+0.20 w=+0.00 | 直行 d=2.30
[INFO] [1790756777.837455147] [exploration]: v=+0.20 w=+0.00 | 直行 d=2.28
[INFO] [1790756777.937162538] [exploration]: v=+0.20 w=+0.00 | 直行 d=2.30
[INFO] [1790756778.037655130] [exploration]: v=+0.20 w=+0.00 | 直行 d=2.29
[INFO] [1790756778.337383357] [exploration]: v=+0.20 w=+0.00 | 直行 d=2.28
[INFO] [1790756778.537481991] [exploration]: v=+0.20 w=+0.00 | 直行 d=2.30
[INFO] [1790756778.639049935] [exploration]: v=+0.20 w=+0.00 | 直行 d=2.29
[INFO] [1790756778.738529617] [exploration]: v=+0.20 w=+0.00 | 直行 d=2.26
[INFO] [1790756778.839475910] [exploration]: v=+0.20 w=+0.00 | 直行 d=2.28
[INFO] [1790756778.939408204] [exploration]: v=+0.20 w=+0.00 | 直行 d=2.29
[INFO] [1790756779.038852063] [exploration]: v=+0.20 w=+0.00 | 直行 d=2.30
[INFO] [1790756779.138830178] [exploration]: v=+0.20 w=+0.00 | 直行 d=2.28
[INFO] [1790756779.338763522] [exploration]: v=+0.20 w=+0.00 | 直行 d=2.29
[INFO] [1790756779.438843205] [exploration]: v=+0.20 w=+0.00 | 直行 d=2.30
[INFO] [1790756779.539941068] [exploration]: v=+0.20 w=+0.00 | 直行 d=2.29
[INFO] [1790756779.639959846] [exploration]: v=+0.20 w=+0.00 | 直行 d=2.28
[INFO] [1790756779.740216676] [exploration]: v=+0.20 w=+0.00 | 直行 d=2.29
[INFO] [1790756779.841222266] [exploration]: v=+0.20 w=+0.00 | 直行 d=2.28
[INFO] [1790756779.940649507] [exploration]: v=+0.20 w=+0.00 | 直行 d=2.30
[INFO] [1790756780.141757501] [exploration]: v=+0.20 w=+0.00 | 直行 d=2.31
[INFO] [1790756780.241394448] [exploration]: v=+0.20 w=+0.00 | 直行 d=2.29
[INFO] [1790756780.343254347] [exploration]: v=+0.20 w=+0.00 | 直行 d=2.30
[INFO] [1790756780.542327972] [exploration]: v=+0.20 w=+0.00 | 直行 d=2.31
[INFO] [1790756780.642712552] [exploration]: v=+0.20 w=+0.00 | 直行 d=2.30
[INFO] [1790756780.742313913] [exploration]: v=+0.20 w=+0.00 | 直行 d=2.29
[INFO] [1790756781.042512559] [exploration]: v=+0.20 w=+0.00 | 直行 d=2.30
[INFO] [1790756781.142436079] [exploration]: v=+0.20 w=+0.00 | 直行 d=2.31
[INFO] [1790756781.243774234] [exploration]: v=+0.20 w=+0.00 | 直行 d=2.32
[INFO] [1790756781.343841740] [exploration]: v=+0.20 w=+0.00 | 直行 d=2.31
[INFO] [1790756781.443262773] [exploration]: v=+0.20 w=+0.00 | 直行 d=2.28
[INFO] [1790756781.544028056] [exploration]: v=+0.20 w=+0.00 | 直行 d=2.29
[INFO] [1790756781.744291781] [exploration]: v=+0.20 w=+0.00 | 直行 d=2.30
[INFO] [1790756781.944464446] [exploration]: v=+0.20 w=+0.00 | 直行 d=2.29
[INFO] [1790756782.045592412] [exploration]: v=+0.20 w=+0.00 | 直行 d=2.27
[INFO] [1790756782.145933715] [exploration]: v=+0.20 w=+0.00 | 直行 d=2.29
[INFO] [1790756782.245576575] [exploration]: v=+0.20 w=+0.00 | 直行 d=2.27
[INFO] [1790756782.345082563] [exploration]: v=+0.20 w=+0.00 | 直行 d=2.29
[INFO] [1790756782.546009678] [exploration]: v=+0.20 w=+0.00 | 直行 d=2.28
[INFO] [1790756782.646480605] [exploration]: v=+0.20 w=+0.00 | 直行 d=2.27
[INFO] [1790756782.745794583] [exploration]: v=+0.20 w=+0.00 | 直行 d=2.25
[INFO] [1790756782.846423123] [exploration]: v=+0.20 w=+0.00 | 直行 d=2.22
[INFO] [1790756782.946600844] [exploration]: v=+0.20 w=+0.00 | 直行 d=2.20
[INFO] [1790756783.046246532] [exploration]: v=+0.20 w=+0.00 | 直行 d=2.18
[INFO] [1790756783.248566617] [exploration]: v=+0.20 w=+0.00 | 直行 d=2.16
[INFO] [1790756783.346671215] [exploration]: v=+0.20 w=+0.00 | 直行 d=2.13
[INFO] [1790756783.446985083] [exploration]: v=+0.20 w=+0.00 | 直行 d=2.11
[INFO] [1790756783.547825480] [exploration]: v=+0.20 w=+0.00 | 直行 d=2.10
[INFO] [1790756783.648937381] [exploration]: v=+0.20 w=+0.00 | 直行 d=2.08
[INFO] [1790756783.749167282] [exploration]: v=+0.20 w=+0.00 | 直行 d=2.05
[INFO] [1790756783.848487948] [exploration]: v=+0.20 w=+0.00 | 直行 d=2.03
[INFO] [1790756783.949155966] [exploration]: v=+0.20 w=+0.00 | 直行 d=2.01
[INFO] [1790756784.048291212] [exploration]: v=+0.20 w=+0.00 | 直行 d=1.99
[INFO] [1790756784.148065083] [exploration]: v=+0.20 w=+0.00 | 直行 d=1.98
[INFO] [1790756784.249101334] [exploration]: v=+0.20 w=+0.00 | 直行 d=1.96
[INFO] [1790756784.349498743] [exploration]: v=+0.20 w=+0.00 | 直行 d=1.94
[INFO] [1790756784.448490507] [exploration]: v=+0.20 w=+0.00 | 直行 d=1.92
[INFO] [1790756784.549188247] [exploration]: v=+0.20 w=+0.00 | 直行 d=1.90
[INFO] [1790756784.650346855] [exploration]: v=+0.20 w=+0.00 | 直行 d=1.88
[INFO] [1790756784.749183436] [exploration]: v=+0.20 w=+0.00 | 直行 d=1.86
[INFO] [1790756784.848995858] [exploration]: v=+0.20 w=+0.00 | 直行 d=1.84
[INFO] [1790756784.949798349] [exploration]: v=+0.20 w=+0.00 | 直行 d=1.81
[INFO] [1790756785.049475988] [exploration]: v=+0.20 w=+0.00 | 直行 d=1.80
[INFO] [1790756785.150062649] [exploration]: v=+0.20 w=+0.00 | 直行 d=1.78
[INFO] [1790756785.250407875] [exploration]: v=+0.20 w=+0.00 | 直行 d=1.76
[INFO] [1790756785.350666093] [exploration]: v=+0.20 w=+0.00 | 直行 d=1.74
[INFO] [1790756785.449480690] [exploration]: v=+0.20 w=+0.00 | 直行 d=1.71
[INFO] [1790756785.549287579] [exploration]: v=+0.20 w=+0.00 | 直行 d=1.70
[INFO] [1790756785.650147377] [exploration]: v=+0.20 w=+0.00 | 直行 d=1.68
[INFO] [1790756785.751129076] [exploration]: v=+0.20 w=+0.00 | 直行 d=1.67
[INFO] [1790756785.851392875] [exploration]: v=+0.20 w=+0.00 | 直行 d=1.64
[INFO] [1790756785.950613431] [exploration]: v=+0.20 w=+0.00 | 直行 d=1.62
[INFO] [1790756786.050857614] [exploration]: v=+0.20 w=+0.00 | 直行 d=1.60
[INFO] [1790756786.150409102] [exploration]: v=+0.20 w=+0.00 | 直行 d=1.58
[INFO] [1790756786.252843176] [exploration]: v=+0.20 w=+0.00 | 直行 d=1.56
[INFO] [1790756786.353449258] [exploration]: v=+0.20 w=+0.00 | 直行 d=1.54
[INFO] [1790756786.453899073] [exploration]: v=+0.20 w=+0.00 | 直行 d=1.52
[INFO] [1790756786.553155237] [exploration]: v=+0.20 w=+0.00 | 直行 d=1.50
[INFO] [1790756786.652538899] [exploration]: v=+0.20 w=+0.00 | 直行 d=1.48
[INFO] [1790756786.753541168] [exploration]: v=+0.20 w=+0.00 | 直行 d=1.46
[INFO] [1790756786.853622844] [exploration]: v=+0.20 w=+0.00 | 直行 d=1.44
[INFO] [1790756786.954185741] [exploration]: v=+0.20 w=+0.00 | 直行 d=1.42
[INFO] [1790756787.054779222] [exploration]: v=+0.20 w=+0.00 | 直行 d=1.40
[INFO] [1790756787.152360220] [exploration]: v=+0.20 w=+0.00 | 直行 d=1.38
[INFO] [1790756787.253279401] [exploration]: v=+0.20 w=+0.00 | 直行 d=1.36
[INFO] [1790756787.353387914] [exploration]: v=+0.20 w=+0.00 | 直行 d=1.34
[INFO] [1790756787.455017508] [exploration]: v=+0.20 w=+0.00 | 直行 d=1.32
[INFO] [1790756787.554560602] [exploration]: v=+0.20 w=+0.00 | 直行 d=1.30
[INFO] [1790756787.655922005] [exploration]: v=+0.20 w=+0.00 | 直行 d=1.28
[INFO] [1790756787.755763203] [exploration]: v=+0.20 w=+0.00 | 直行 d=1.26
[INFO] [1790756787.855586597] [exploration]: v=+0.20 w=+0.00 | 直行 d=1.24
[INFO] [1790756787.955219752] [exploration]: v=+0.20 w=+0.00 | 直行 d=1.22
[INFO] [1790756788.055027965] [exploration]: v=+0.20 w=+0.00 | 直行 d=1.20
[INFO] [1790756788.154688979] [exploration]: v=+0.20 w=+0.00 | 直行 d=1.18
[INFO] [1790756788.255012803] [exploration]: v=+0.20 w=+0.00 | 直行 d=1.16
[INFO] [1790756788.354974133] [exploration]: v=+0.20 w=+0.00 | 直行 d=1.14
[INFO] [1790756788.454550133] [exploration]: v=+0.20 w=+0.00 | 直行 d=1.12
[INFO] [1790756788.555972576] [exploration]: v=+0.20 w=+0.00 | 直行 d=1.10
[INFO] [1790756788.655733630] [exploration]: v=+0.20 w=+0.00 | 直行 d=1.08
[INFO] [1790756788.756357544] [exploration]: v=+0.20 w=+0.00 | 直行 d=1.06
[INFO] [1790756788.856487831] [exploration]: v=+0.20 w=+0.00 | 直行 d=1.04
[INFO] [1790756788.957466337] [exploration]: v=+0.20 w=+0.00 | 直行 d=1.01
[INFO] [1790756789.057609230] [exploration]: v=+0.20 w=+0.00 | 直行 d=1.00
[INFO] [1790756789.158446937] [exploration]: v=+0.20 w=+0.00 | 直行 d=0.99
[INFO] [1790756789.257686118] [exploration]: v=+0.20 w=+0.00 | 直行 d=0.97
[INFO] [1790756789.356807597] [exploration]: v=+0.20 w=+0.00 | 直行 d=0.94
[INFO] [1790756789.458633630] [exploration]: v=+0.20 w=+0.00 | 直行 d=0.92
[INFO] [1790756789.557818344] [exploration]: v=+0.20 w=+0.00 | 直行 d=0.89
[INFO] [1790756789.657293556] [exploration]: v=+0.20 w=+0.00 | 直行 d=0.87
[INFO] [1790756789.857370731] [exploration]: v=+0.20 w=+0.00 | 直行 d=0.84
[INFO] [1790756789.957280027] [exploration]: v=+0.20 w=+0.00 | 直行 d=0.82
[INFO] [1790756790.057011547] [exploration]: v=+0.09 w=+0.00 | 减速 d=0.80
[INFO] [1790756790.156974651] [exploration]: v=+0.08 w=+0.00 | 减速 d=0.78
[INFO] [1790756790.257837014] [exploration]: v=+0.00 w=+0.50 | 进入转向 center=180° 由于危险 d=0.16
[INFO] [1790756790.358796659] [exploration]: v=-0.08 w=+0.00 | 三面极近，倒退
[INFO] [1790756790.458097451] [exploration]: v=-0.08 w=+0.00 | 倒退
[INFO] [1790756791.161118724] [exploration]: v=+0.00 w=+0.00 | 倒退结束，停稳
[INFO] [1790756791.260483563] [exploration]: v=-0.08 w=+0.00 | 三面极近，倒退
[INFO] [1790756791.360337088] [exploration]: v=-0.08 w=+0.00 | 倒退
[INFO] [1790756792.061969076] [exploration]: v=+0.00 w=+0.00 | 倒退结束，停稳
[INFO] [1790756792.162312960] [exploration]: v=-0.08 w=+0.00 | 三面极近，倒退
[INFO] [1790756792.262319938] [exploration]: v=-0.08 w=+0.00 | 倒退
[INFO] [1790756792.962599753] [exploration]: v=+0.00 w=+0.00 | 倒退结束，停稳
[INFO] [1790756793.063607028] [exploration]: v=-0.08 w=+0.00 | 三面极近，倒退
[INFO] [1790756793.162132307] [exploration]: v=-0.08 w=+0.00 | 倒退
[INFO] [1790756793.865923635] [exploration]: v=+0.00 w=+0.00 | 倒退结束，停稳
[INFO] [1790756793.966417277] [exploration]: v=-0.08 w=+0.00 | 三面极近，倒退
[INFO] [1790756794.065854288] [exploration]: v=-0.08 w=+0.00 | 倒退
[INFO] [1790756794.765760787] [exploration]: v=+0.00 w=+0.00 | 倒退结束，停稳
[INFO] [1790756794.866347516] [exploration]: v=-0.08 w=+0.00 | 三面极近，倒退
[INFO] [1790756794.966829358] [exploration]: v=-0.08 w=+0.00 | 倒退
[INFO] [1790756795.668262423] [exploration]: v=+0.00 w=+0.00 | 倒退结束，停稳
[INFO] [1790756795.767729527] [exploration]: v=-0.08 w=+0.00 | 三面极近，倒退
[INFO] [1790756795.868067218] [exploration]: v=-0.08 w=+0.00 | 倒退
[INFO] [1790756796.568145765] [exploration]: v=+0.00 w=+0.00 | 倒退结束，停稳
[INFO] [1790756796.669655636] [exploration]: v=-0.08 w=+0.00 | 三面极近，倒退
[INFO] [1790756796.768608421] [exploration]: v=-0.08 w=+0.00 | 倒退
[INFO] [1790756797.471684249] [exploration]: v=+0.00 w=+0.00 | 倒退结束，停稳
[INFO] [1790756797.570818897] [exploration]: v=-0.08 w=+0.00 | 三面极近，倒退
[INFO] [1790756797.670525732] [exploration]: v=-0.08 w=+0.00 | 倒退
[INFO] [1790756798.372910591] [exploration]: v=+0.00 w=+0.00 | 倒退结束，停稳
[INFO] [1790756798.472666134] [exploration]: v=-0.08 w=+0.00 | 三面极近，倒退
[INFO] [1790756798.571371693] [exploration]: v=-0.08 w=+0.00 | 倒退
[INFO] [1790756799.272401043] [exploration]: v=+0.00 w=+0.00 | 倒退结束，停稳
[INFO] [1790756799.374448902] [exploration]: v=-0.08 w=+0.00 | 三面极近，倒退
[INFO] [1790756799.473977997] [exploration]: v=-0.08 w=+0.00 | 倒退
[INFO] [1790756800.274049178] [exploration]: v=+0.00 w=+0.00 | 倒退结束，停稳
[INFO] [1790756800.374647007] [exploration]: v=-0.08 w=+0.00 | 三面极近，倒退
[INFO] [1790756800.474488263] [exploration]: v=-0.08 w=+0.00 | 倒退
[INFO] [1790756801.175148223] [exploration]: v=+0.00 w=+0.00 | 倒退结束，停稳
[INFO] [1790756801.276792557] [exploration]: v=+0.00 w=+0.00 | 转向完成，停稳 对准 center=5°
[INFO] [1790756801.374729847] [exploration]: v=+0.20 w=+0.00 | 直行 d=1.03
[INFO] [1790756801.476262572] [exploration]: v=-0.08 w=+0.00 | 三面极近，倒退
[INFO] [1790756801.576555843] [exploration]: v=-0.08 w=+0.00 | 倒退
[INFO] [1790756802.276213766] [exploration]: v=+0.00 w=+0.00 | 倒退结束，停稳
[INFO] [1790756802.376739402] [exploration]: v=-0.08 w=+0.00 | 三面极近，倒退
[INFO] [1790756802.476409819] [exploration]: v=-0.08 w=+0.00 | 倒退
[INFO] [1790756803.176444956] [exploration]: v=+0.00 w=+0.00 | 倒退结束，停稳
[INFO] [1790756803.276809337] [exploration]: v=-0.08 w=+0.00 | 三面极近，倒退
[INFO] [1790756803.377382767] [exploration]: v=-0.08 w=+0.00 | 倒退
[INFO] [1790756804.079041626] [exploration]: v=+0.00 w=+0.00 | 倒退结束，停稳
[INFO] [1790756804.179248965] [exploration]: v=-0.08 w=+0.00 | 三面极近，倒退
[INFO] [1790756804.278494732] [exploration]: v=-0.08 w=+0.00 | 倒退
[INFO] [1790756804.980367802] [exploration]: v=+0.00 w=+0.00 | 倒退结束，停稳
[INFO] [1790756805.079763253] [exploration]: v=-0.08 w=+0.00 | 三面极近，倒退
[INFO] [1790756805.179252286] [exploration]: v=-0.08 w=+0.00 | 倒退
[INFO] [1790756805.881166660] [exploration]: v=+0.00 w=+0.00 | 倒退结束，停稳
[INFO] [1790756805.981346856] [exploration]: v=-0.08 w=+0.00 | 三面极近，倒退
[INFO] [1790756806.080585315] [exploration]: v=-0.08 w=+0.00 | 倒退
[INFO] [1790756806.781645230] [exploration]: v=+0.00 w=+0.00 | 倒退结束，停稳
[INFO] [1790756806.882153860] [exploration]: v=-0.08 w=+0.00 | 三面极近，倒退
[INFO] [1790756806.981730814] [exploration]: v=-0.08 w=+0.00 | 倒退
[INFO] [1790756807.683677774] [exploration]: v=+0.00 w=+0.00 | 倒退结束，停稳
[INFO] [1790756807.784457376] [exploration]: v=+0.20 w=+0.00 | 直行 d=0.87
[INFO] [1790756807.883014334] [exploration]: v=-0.08 w=+0.00 | 三面极近，倒退
[INFO] [1790756807.984069661] [exploration]: v=-0.08 w=+0.00 | 倒退
[INFO] [1790756808.686099061] [exploration]: v=+0.00 w=+0.00 | 倒退结束，停稳
[INFO] [1790756808.785110712] [exploration]: v=+0.20 w=+0.00 | 直行 d=2.00
[INFO] [1790756808.884767195] [exploration]: v=+0.20 w=+0.00 | 直行 d=2.01
[INFO] [1790756808.985363407] [exploration]: v=+0.20 w=+0.00 | 直行 d=2.00
[INFO] [1790756809.085004942] [exploration]: v=+0.20 w=+0.00 | 直行 d=1.98
[INFO] [1790756809.185057767] [exploration]: v=+0.20 w=+0.00 | 直行 d=1.97
[INFO] [1790756809.286454327] [exploration]: v=+0.20 w=+0.00 | 直行 d=1.95
[INFO] [1790756809.387660899] [exploration]: v=+0.20 w=+0.00 | 直行 d=1.93
[INFO] [1790756809.486636001] [exploration]: v=+0.20 w=+0.00 | 直行 d=1.90
[INFO] [1790756809.586945072] [exploration]: v=+0.20 w=+0.00 | 直行 d=1.89
[INFO] [1790756809.686407865] [exploration]: v=+0.20 w=+0.00 | 直行 d=1.87
[INFO] [1790756809.786058177] [exploration]: v=+0.20 w=+0.00 | 直行 d=1.85
[INFO] [1790756809.885780679] [exploration]: v=+0.20 w=+0.00 | 直行 d=1.83
[INFO] [1790756809.986338423] [exploration]: v=+0.20 w=+0.00 | 直行 d=1.80
[INFO] [1790756810.086933139] [exploration]: v=+0.20 w=+0.00 | 直行 d=1.79
[INFO] [1790756810.187086711] [exploration]: v=+0.20 w=+0.00 | 直行 d=1.76
[INFO] [1790756810.287073462] [exploration]: v=+0.20 w=+0.00 | 直行 d=1.74
[INFO] [1790756810.387145234] [exploration]: v=+0.20 w=+0.00 | 直行 d=1.73
[INFO] [1790756810.486731635] [exploration]: v=+0.20 w=+0.00 | 直行 d=1.71
[INFO] [1790756810.586482545] [exploration]: v=+0.20 w=+0.00 | 直行 d=1.69
[INFO] [1790756810.686885248] [exploration]: v=+0.20 w=+0.00 | 直行 d=1.67
[INFO] [1790756810.786734398] [exploration]: v=+0.20 w=+0.00 | 直行 d=1.65
[INFO] [1790756810.888129104] [exploration]: v=+0.20 w=+0.00 | 直行 d=1.63
[INFO] [1790756810.988131160] [exploration]: v=+0.20 w=+0.00 | 直行 d=1.60
[INFO] [1790756811.088114318] [exploration]: v=+0.20 w=+0.00 | 直行 d=1.59
[INFO] [1790756811.187989230] [exploration]: v=+0.20 w=+0.00 | 直行 d=1.57
[INFO] [1790756811.288164779] [exploration]: v=+0.20 w=+0.00 | 直行 d=1.55
[INFO] [1790756811.387896669] [exploration]: v=+0.20 w=+0.00 | 直行 d=1.53
[INFO] [1790756811.488423049] [exploration]: v=+0.20 w=+0.00 | 直行 d=1.51
[INFO] [1790756811.589141517] [exploration]: v=+0.20 w=+0.00 | 直行 d=1.48
[INFO] [1790756811.689369764] [exploration]: v=+0.20 w=+0.00 | 直行 d=1.47
[INFO] [1790756811.788783167] [exploration]: v=+0.20 w=+0.00 | 直行 d=1.45
[INFO] [1790756811.889319594] [exploration]: v=+0.20 w=+0.00 | 直行 d=1.43
[INFO] [1790756811.988377291] [exploration]: v=+0.20 w=+0.00 | 直行 d=1.41
[INFO] [1790756812.089592125] [exploration]: v=+0.20 w=+0.00 | 直行 d=1.39
[INFO] [1790756812.190967651] [exploration]: v=+0.20 w=+0.00 | 直行 d=1.37
[INFO] [1790756812.291362041] [exploration]: v=+0.20 w=+0.00 | 直行 d=1.35
[INFO] [1790756812.390269535] [exploration]: v=+0.20 w=+0.00 | 直行 d=1.33
[INFO] [1790756812.490302604] [exploration]: v=+0.20 w=+0.00 | 直行 d=1.31
[INFO] [1790756812.589970578] [exploration]: v=+0.20 w=+0.00 | 直行 d=1.29
[INFO] [1790756812.690646579] [exploration]: v=+0.20 w=+0.00 | 直行 d=1.27
[INFO] [1790756812.791096542] [exploration]: v=+0.20 w=+0.00 | 直行 d=1.25
[INFO] [1790756812.890239155] [exploration]: v=+0.20 w=+0.00 | 直行 d=1.23
[INFO] [1790756812.989918575] [exploration]: v=+0.20 w=+0.00 | 直行 d=1.21
[INFO] [1790756813.089881585] [exploration]: v=+0.20 w=+0.00 | 直行 d=1.19
[INFO] [1790756813.190352322] [exploration]: v=+0.20 w=+0.00 | 直行 d=1.17
[INFO] [1790756813.291254154] [exploration]: v=+0.20 w=+0.00 | 直行 d=1.15
[INFO] [1790756813.390830104] [exploration]: v=+0.20 w=+0.00 | 直行 d=1.13
[INFO] [1790756813.490891839] [exploration]: v=+0.20 w=+0.00 | 直行 d=1.11
[INFO] [1790756813.591425483] [exploration]: v=+0.20 w=+0.00 | 直行 d=1.09
[INFO] [1790756813.692034172] [exploration]: v=+0.20 w=+0.00 | 直行 d=1.07
[INFO] [1790756813.792061294] [exploration]: v=+0.20 w=+0.00 | 直行 d=1.05
[INFO] [1790756813.891738860] [exploration]: v=+0.20 w=+0.00 | 直行 d=1.03
[INFO] [1790756813.992322708] [exploration]: v=+0.20 w=+0.00 | 直行 d=1.02
[INFO] [1790756814.092588813] [exploration]: v=+0.20 w=+0.00 | 直行 d=0.99
[INFO] [1790756814.193520647] [exploration]: v=+0.20 w=+0.00 | 直行 d=0.98
[INFO] [1790756814.293094437] [exploration]: v=+0.20 w=+0.00 | 直行 d=0.96
[INFO] [1790756814.392761611] [exploration]: v=+0.20 w=+0.00 | 直行 d=0.93
[INFO] [1790756814.493082105] [exploration]: v=+0.20 w=+0.00 | 直行 d=0.91
[INFO] [1790756814.592949815] [exploration]: v=+0.20 w=+0.00 | 直行 d=0.89
[INFO] [1790756814.693109958] [exploration]: v=+0.20 w=+0.00 | 直行 d=0.86
[INFO] [1790756814.793102318] [exploration]: v=+0.20 w=+0.00 | 直行 d=0.85
[INFO] [1790756814.893460790] [exploration]: v=+0.20 w=+0.00 | 直行 d=0.83
[INFO] [1790756814.995285399] [exploration]: v=+0.20 w=+0.00 | 直行 d=0.81
[INFO] [1790756815.094004231] [exploration]: v=+0.09 w=+0.00 | 减速 d=0.79
[INFO] [1790756815.193409192] [exploration]: v=+0.08 w=+0.00 | 减速 d=0.77
[INFO] [1790756815.293403772] [exploration]: v=-0.08 w=+0.00 | 三面极近，倒退
[INFO] [1790756815.393852182] [exploration]: v=-0.08 w=+0.00 | 倒退
[INFO] [1790756816.094579174] [exploration]: v=+0.00 w=+0.00 | 倒退结束，停稳
[INFO] [1790756816.195674227] [exploration]: v=-0.08 w=+0.00 | 三面极近，倒退
[INFO] [1790756816.294820234] [exploration]: v=-0.08 w=+0.00 | 倒退
[INFO] [1790756816.997206118] [exploration]: v=+0.00 w=+0.00 | 倒退结束，停稳
[INFO] [1790756817.096703474] [exploration]: v=-0.08 w=+0.00 | 三面极近，倒退
[INFO] [1790756817.196598584] [exploration]: v=-0.08 w=+0.00 | 倒退
[INFO] [1790756817.898529190] [exploration]: v=+0.00 w=+0.00 | 倒退结束，停稳
[INFO] [1790756817.998992509] [exploration]: v=+0.00 w=-0.50 | 进入转向 center=-125° 由于危险 d=0.14
[INFO] [1790756818.099996239] [exploration]: v=+0.00 w=+0.00 | 转向完成，停稳 front=0.93
[INFO] [1790756818.200132245] [exploration]: v=-0.08 w=+0.00 | 三面极近，倒退
[INFO] [1790756818.300151800] [exploration]: v=-0.08 w=+0.00 | 倒退
[INFO] [1790756819.000071805] [exploration]: v=+0.00 w=+0.00 | 倒退结束，停稳
[INFO] [1790756819.100749439] [exploration]: v=+0.00 w=-0.50 | 进入转向 center=-105° 由于危险 d=0.40
[INFO] [1790756819.200586398] [exploration]: v=-0.08 w=+0.00 | 转向中 center=180° 在后方 → 倒退
[INFO] [1790756819.301464704] [exploration]: v=+0.00 w=+0.00 | 转向完成，停稳 对准 center=0°
[INFO] [1790756819.402126456] [exploration]: v=+0.00 w=+0.50 | 进入转向 center=175° 由于危险 d=0.14
[INFO] [1790756819.503223024] [exploration]: v=-0.08 w=+0.00 | 转向中 center=-145° 在后方 → 倒退
[INFO] [1790756819.602027515] [exploration]: v=+0.00 w=+0.00 | 转向完成，停稳 对准 center=0°
[INFO] [1790756819.701418006] [exploration]: v=+0.00 w=-0.50 | 进入转向 center=-160° 由于危险 d=0.16
[INFO] [1790756819.801072092] [exploration]: v=-0.08 w=+0.00 | 三面极近，倒退
[INFO] [1790756819.902043510] [exploration]: v=-0.08 w=+0.00 | 倒退
[INFO] [1790756820.603093535] [exploration]: v=+0.00 w=+0.00 | 倒退结束，停稳
[INFO] [1790756820.703434742] [exploration]: v=+0.00 w=+0.00 | 转向完成，停稳 对准 center=0°
[INFO] [1790756820.803387296] [exploration]: v=+0.20 w=+0.00 | 直行 d=1.07
[INFO] [1790756820.902975074] [exploration]: v=+0.20 w=+0.00 | 直行 d=1.06
[INFO] [1790756821.002992863] [exploration]: v=+0.20 w=+0.00 | 直行 d=1.07
[INFO] [1790756821.102538722] [exploration]: v=+0.20 w=+0.00 | 直行 d=1.05
[INFO] [1790756821.202191333] [exploration]: v=+0.20 w=+0.00 | 直行 d=1.03
[INFO] [1790756821.302727886] [exploration]: v=+0.20 w=+0.00 | 直行 d=1.01
[INFO] [1790756821.403947427] [exploration]: v=+0.20 w=+0.00 | 直行 d=0.98
[INFO] [1790756821.504273444] [exploration]: v=+0.20 w=+0.00 | 直行 d=0.97
[INFO] [1790756821.603245241] [exploration]: v=+0.20 w=+0.00 | 直行 d=0.94
[INFO] [1790756821.703969081] [exploration]: v=+0.20 w=+0.00 | 直行 d=0.93
[INFO] [1790756821.804376774] [exploration]: v=+0.20 w=+0.00 | 直行 d=0.90
[INFO] [1790756821.904656799] [exploration]: v=+0.20 w=+0.00 | 直行 d=0.89
[INFO] [1790756822.005316273] [exploration]: v=+0.20 w=+0.00 | 直行 d=0.87
[INFO] [1790756822.104808282] [exploration]: v=+0.20 w=+0.00 | 直行 d=0.84
[INFO] [1790756822.205415964] [exploration]: v=+0.20 w=+0.00 | 直行 d=0.83
[INFO] [1790756822.305815071] [exploration]: v=+0.20 w=+0.00 | 直行 d=0.81
[INFO] [1790756822.404993906] [exploration]: v=+0.08 w=+0.00 | 减速 d=0.79
[INFO] [1790756822.505890442] [exploration]: v=+0.08 w=+0.00 | 减速 d=0.76
[INFO] [1790756822.605564573] [exploration]: v=+0.00 w=+0.50 | 进入转向 center=180° 由于危险 d=0.40
[INFO] [1790756822.705557726] [exploration]: v=-0.08 w=+0.00 | 三面极近，倒退
[INFO] [1790756822.805576367] [exploration]: v=-0.08 w=+0.00 | 倒退
[INFO] [1790756823.505671859] [exploration]: v=+0.00 w=+0.00 | 倒退结束，停稳
[INFO] [1790756823.607842785] [exploration]: v=-0.08 w=+0.00 | 三面极近，倒退
[INFO] [1790756823.706744413] [exploration]: v=-0.08 w=+0.00 | 倒退
[INFO] [1790756824.408237045] [exploration]: v=+0.00 w=+0.00 | 倒退结束，停稳
[INFO] [1790756824.508620037] [exploration]: v=-0.08 w=+0.00 | 三面极近，倒退
[INFO] [1790756824.608046260] [exploration]: v=-0.08 w=+0.00 | 倒退
[INFO] [1790756825.308901518] [exploration]: v=+0.00 w=+0.00 | 倒退结束，停稳
[INFO] [1790756825.409516029] [exploration]: v=-0.08 w=+0.00 | 三面极近，倒退
[INFO] [1790756825.508999691] [exploration]: v=-0.08 w=+0.00 | 倒退
[INFO] [1790756826.211262685] [exploration]: v=+0.00 w=+0.00 | 倒退结束，停稳
[INFO] [1790756826.311127393] [exploration]: v=-0.08 w=+0.00 | 三面极近，倒退
[INFO] [1790756826.411558407] [exploration]: v=-0.08 w=+0.00 | 倒退
[INFO] [1790756827.111430007] [exploration]: v=+0.00 w=+0.00 | 倒退结束，停稳
[INFO] [1790756827.212020256] [exploration]: v=-0.08 w=+0.00 | 三面极近，倒退
[INFO] [1790756827.311530819] [exploration]: v=-0.08 w=+0.00 | 倒退
[INFO] [1790756828.012701595] [exploration]: v=+0.00 w=+0.00 | 倒退结束，停稳
[INFO] [1790756828.113757307] [exploration]: v=-0.08 w=+0.00 | 三面极近，倒退
[INFO] [1790756828.214208720] [exploration]: v=-0.08 w=+0.00 | 倒退
[INFO] [1790756828.913973145] [exploration]: v=+0.00 w=+0.00 | 倒退结束，停稳
[INFO] [1790756829.014788658] [exploration]: v=+0.00 w=+0.00 | 转向完成，停稳 对准 center=-20°
[INFO] [1790756829.114038651] [exploration]: v=-0.08 w=+0.00 | 三面极近，倒退
[INFO] [1790756829.226823298] [exploration]: v=-0.08 w=+0.00 | 倒退
[INFO] [1790756829.914636349] [exploration]: v=+0.00 w=+0.00 | 倒退结束，停稳
[INFO] [1790756830.016035855] [exploration]: v=+0.00 w=+0.50 | 进入转向 center=0° 由于危险 d=0.40
[INFO] [1790756830.115046029] [exploration]: v=-0.08 w=+0.00 | 三面极近，倒退
[INFO] [1790756830.214904383] [exploration]: v=-0.08 w=+0.00 | 倒退
[INFO] [1790756830.916819401] [exploration]: v=+0.00 w=+0.00 | 倒退结束，停稳
[INFO] [1790756831.017324904] [exploration]: v=+0.00 w=+0.00 | 转向完成，停稳 对准 center=20°
[INFO] [1790756831.117082416] [exploration]: v=+0.00 w=+0.50 | 进入转向 center=45° 由于危险 d=0.15
[INFO] [1790756831.216782084] [exploration]: v=+0.00 w=+0.00 | 转向完成，停稳 front=1.31
[INFO] [1790756831.316699274] [exploration]: v=-0.08 w=+0.00 | 三面极近，倒退
[INFO] [1790756831.417036491] [exploration]: v=-0.08 w=+0.00 | 倒退
[INFO] [1790756832.119503647] [exploration]: v=+0.00 w=+0.00 | 倒退结束，停稳
[INFO] [1790756832.219863916] [exploration]: v=+0.20 w=+0.00 | 直行 d=1.38
[INFO] [1790756832.319427863] [exploration]: v=+0.20 w=+0.00 | 直行 d=1.37
[INFO] [1790756832.519567735] [exploration]: v=+0.20 w=+0.00 | 直行 d=1.35
[INFO] [1790756832.619616342] [exploration]: v=+0.20 w=+0.00 | 直行 d=1.34
[INFO] [1790756832.720001974] [exploration]: v=+0.20 w=+0.00 | 直行 d=1.32
[INFO] [1790756832.820188909] [exploration]: v=+0.20 w=+0.00 | 直行 d=1.30
[INFO] [1790756832.921293024] [exploration]: v=+0.20 w=+0.00 | 直行 d=1.28
[INFO] [1790756833.019282768] [exploration]: v=+0.20 w=+0.00 | 直行 d=1.26
[INFO] [1790756833.119450625] [exploration]: v=+0.20 w=+0.00 | 直行 d=1.25
[INFO] [1790756833.221431455] [exploration]: v=+0.20 w=+0.00 | 直行 d=1.22
[INFO] [1790756833.319725962] [exploration]: v=+0.20 w=+0.00 | 直行 d=1.20
[INFO] [1790756833.421145576] [exploration]: v=+0.20 w=+0.00 | 直行 d=1.19
[INFO] [1790756833.521158836] [exploration]: v=+0.20 w=+0.00 | 直行 d=1.16
[INFO] [1790756833.620214028] [exploration]: v=+0.20 w=+0.00 | 直行 d=1.14
[INFO] [1790756833.720969461] [exploration]: v=+0.20 w=+0.00 | 直行 d=1.12
[INFO] [1790756833.821328493] [exploration]: v=+0.20 w=+0.00 | 直行 d=1.11
[INFO] [1790756833.922177510] [exploration]: v=+0.20 w=+0.00 | 直行 d=1.08
[INFO] [1790756834.021736727] [exploration]: v=+0.20 w=+0.00 | 直行 d=1.06
[INFO] [1790756834.122316271] [exploration]: v=+0.20 w=+0.00 | 直行 d=1.04
[INFO] [1790756834.221408530] [exploration]: v=+0.20 w=+0.00 | 直行 d=1.03
[INFO] [1790756834.321780500] [exploration]: v=+0.20 w=+0.00 | 直行 d=1.01
[INFO] [1790756834.421430346] [exploration]: v=+0.20 w=+0.00 | 直行 d=0.98
[INFO] [1790756834.521513491] [exploration]: v=+0.20 w=+0.00 | 直行 d=0.97
[INFO] [1790756834.622294095] [exploration]: v=+0.20 w=+0.00 | 直行 d=0.95
[INFO] [1790756834.722498301] [exploration]: v=+0.20 w=+0.00 | 直行 d=0.93
[INFO] [1790756834.824074784] [exploration]: v=+0.20 w=+0.00 | 直行 d=0.91
[INFO] [1790756834.923693065] [exploration]: v=+0.20 w=+0.00 | 直行 d=0.89
[INFO] [1790756835.023820909] [exploration]: v=+0.20 w=+0.00 | 直行 d=0.87
[INFO] [1790756835.123191279] [exploration]: v=+0.20 w=+0.00 | 直行 d=0.85
[INFO] [1790756835.222880731] [exploration]: v=+0.20 w=+0.00 | 直行 d=0.82
[INFO] [1790756835.322106184] [exploration]: v=+0.20 w=+0.00 | 直行 d=0.81
[INFO] [1790756835.423073763] [exploration]: v=+0.08 w=+0.00 | 减速 d=0.78
[INFO] [1790756835.523709018] [exploration]: v=+0.08 w=+0.00 | 减速 d=0.77
[INFO] [1790756835.624169230] [exploration]: v=+0.00 w=-0.50 | 进入转向 center=-175° 由于危险 d=0.15
[INFO] [1790756835.724113344] [exploration]: v=-0.08 w=+0.00 | 转向中 center=-170° 在后方 → 倒退
[INFO] [1790756835.823967704] [exploration]: v=-0.08 w=+0.00 | 三面极近，倒退
[INFO] [1790756835.925030320] [exploration]: v=-0.08 w=+0.00 | 倒退
[INFO] [1790756836.624596625] [exploration]: v=+0.00 w=+0.00 | 倒退结束，停稳
[INFO] [1790756836.725218610] [exploration]: v=-0.08 w=+0.00 | 三面极近，倒退
[INFO] [1790756836.825090893] [exploration]: v=-0.08 w=+0.00 | 倒退
[INFO] [1790756837.525697899] [exploration]: v=+0.00 w=+0.00 | 倒退结束，停稳
[INFO] [1790756837.625960967] [exploration]: v=-0.08 w=+0.00 | 三面极近，倒退
[INFO] [1790756837.726479655] [exploration]: v=-0.08 w=+0.00 | 倒退
[INFO] [1790756838.427135809] [exploration]: v=+0.00 w=+0.00 | 倒退结束，停稳
[INFO] [1790756838.526824881] [exploration]: v=+0.00 w=+0.00 | 转向完成，停稳 对准 center=5°
[INFO] [1790756838.627235716] [exploration]: v=-0.08 w=+0.00 | 三面极近，倒退
[INFO] [1790756838.727968713] [exploration]: v=-0.08 w=+0.00 | 倒退
[INFO] [1790756839.427968717] [exploration]: v=+0.00 w=+0.00 | 倒退结束，停稳
[INFO] [1790756839.527978889] [exploration]: v=+0.20 w=+0.00 | 直行 d=0.87
[INFO] [1790756839.629914937] [exploration]: v=+0.00 w=-0.50 | 进入转向 center=-165° 由于危险 d=0.14
[INFO] [1790756839.729392788] [exploration]: v=-0.08 w=+0.00 | 三面极近，倒退
[INFO] [1790756839.829665046] [exploration]: v=-0.08 w=+0.00 | 倒退
[INFO] [1790756840.529408223] [exploration]: v=+0.00 w=+0.00 | 倒退结束，停稳
[INFO] [1790756840.630618628] [exploration]: v=-0.08 w=+0.00 | 三面极近，倒退
[INFO] [1790756840.730300782] [exploration]: v=-0.08 w=+0.00 | 倒退
[INFO] [1790756841.432599250] [exploration]: v=+0.00 w=+0.00 | 倒退结束，停稳
[INFO] [1790756841.532441995] [exploration]: v=-0.08 w=+0.00 | 三面极近，倒退
[INFO] [1790756841.632145690] [exploration]: v=-0.08 w=+0.00 | 倒退
[INFO] [1790756842.334738784] [exploration]: v=+0.00 w=+0.00 | 倒退结束，停稳
[INFO] [1790756842.435803149] [exploration]: v=-0.08 w=+0.00 | 转向中 center=-120° 在后方 → 倒退
[INFO] [1790756842.536481571] [exploration]: v=+0.00 w=+0.00 | 转向完成，停稳 对准 center=0°
[INFO] [1790756842.634040268] [exploration]: v=+0.20 w=+0.00 | 直行 d=1.13
[INFO] [1790756842.734305513] [exploration]: v=+0.00 w=+0.50 | 进入转向 center=20° 由于危险 d=0.15
[INFO] [1790756842.836029633] [exploration]: v=-0.08 w=+0.00 | 转向中 center=-160° 在后方 → 倒退
[INFO] [1790756842.936105836] [exploration]: v=+0.00 w=+0.00 | 转向完成，停稳 对准 center=0°
[INFO] [1790756843.035058440] [exploration]: v=+0.20 w=+0.00 | 直行 d=1.17
[INFO] [1790756843.134166152] [exploration]: v=-0.08 w=+0.00 | 三面极近，倒退
[INFO] [1790756843.234703389] [exploration]: v=-0.08 w=+0.00 | 倒退
[INFO] [1790756843.936374914] [exploration]: v=+0.00 w=+0.00 | 倒退结束，停稳
[INFO] [1790756844.035819844] [exploration]: v=+0.00 w=+0.50 | 进入转向 center=5° 由于危险 d=0.40
[INFO] [1790756844.138210034] [exploration]: v=-0.08 w=+0.00 | 三面极近，倒退
[INFO] [1790756844.239459233] [exploration]: v=-0.08 w=+0.00 | 倒退
[INFO] [1790756844.938796853] [exploration]: v=+0.00 w=+0.00 | 倒退结束，停稳
[INFO] [1790756845.039224775] [exploration]: v=-0.08 w=+0.00 | 三面极近，倒退
[INFO] [1790756845.139548175] [exploration]: v=-0.08 w=+0.00 | 倒退
[INFO] [1790756845.838884652] [exploration]: v=+0.00 w=+0.00 | 倒退结束，停稳
[INFO] [1790756845.939522132] [exploration]: v=-0.08 w=+0.00 | 三面极近，倒退
[INFO] [1790756846.039428143] [exploration]: v=-0.08 w=+0.00 | 倒退
[INFO] [1790756846.740778660] [exploration]: v=+0.00 w=+0.00 | 倒退结束，停稳
[INFO] [1790756846.840950746] [exploration]: v=-0.08 w=+0.00 | 三面极近，倒退
[INFO] [1790756846.940356697] [exploration]: v=-0.08 w=+0.00 | 倒退
[INFO] [1790756847.642232375] [exploration]: v=+0.00 w=+0.00 | 倒退结束，停稳
[INFO] [1790756847.741967193] [exploration]: v=-0.08 w=+0.00 | 三面极近，倒退
[INFO] [1790756847.843654076] [exploration]: v=-0.08 w=+0.00 | 倒退
[INFO] [1790756848.542959119] [exploration]: v=+0.00 w=+0.00 | 倒退结束，停稳
[INFO] [1790756848.643021078] [exploration]: v=-0.08 w=+0.00 | 三面极近，倒退
[INFO] [1790756848.743958004] [exploration]: v=-0.08 w=+0.00 | 倒退
[INFO] [1790756849.444507934] [exploration]: v=+0.00 w=+0.00 | 倒退结束，停稳
[INFO] [1790756849.544822408] [exploration]: v=-0.08 w=+0.00 | 三面极近，倒退
[INFO] [1790756849.645691768] [exploration]: v=-0.08 w=+0.00 | 倒退
[INFO] [1790756850.344996827] [exploration]: v=+0.00 w=+0.00 | 倒退结束，停稳
[INFO] [1790756850.446531493] [exploration]: v=+0.00 w=+0.00 | 转向完成，停稳 对准 center=-15°
[INFO] [1790756850.546382199] [exploration]: v=+0.00 w=-0.50 | 进入转向 center=-15° 由于危险 d=0.40
[INFO] [1790756850.645747733] [exploration]: v=-0.08 w=+0.00 | 三面极近，倒退
[INFO] [1790756850.745074070] [exploration]: v=-0.08 w=+0.00 | 倒退
[INFO] [1790756851.446568713] [exploration]: v=+0.00 w=+0.00 | 倒退结束，停稳
[INFO] [1790756851.546380052] [exploration]: v=+0.00 w=+0.00 | 转向完成，停稳 front=1.71
[INFO] [1790756851.645998774] [exploration]: v=+0.20 w=+0.00 | 直行 d=1.72
[INFO] [1790756851.746555971] [exploration]: v=+0.20 w=+0.00 | 直行 d=1.71
[INFO] [1790756851.946714684] [exploration]: v=+0.20 w=+0.00 | 直行 d=1.69
[INFO] [1790756852.046375618] [exploration]: v=+0.20 w=+0.00 | 直行 d=1.67
[INFO] [1790756852.146720768] [exploration]: v=+0.20 w=+0.00 | 直行 d=1.66
[INFO] [1790756852.246448097] [exploration]: v=+0.20 w=+0.00 | 直行 d=1.64
[INFO] [1790756852.346660414] [exploration]: v=+0.20 w=+0.00 | 直行 d=1.62
[INFO] [1790756852.447167364] [exploration]: v=+0.20 w=+0.00 | 直行 d=1.60
[INFO] [1790756852.547096948] [exploration]: v=+0.20 w=+0.00 | 直行 d=1.57
[INFO] [1790756852.647060419] [exploration]: v=+0.20 w=+0.00 | 直行 d=1.56
[INFO] [1790756852.746810627] [exploration]: v=+0.20 w=+0.00 | 直行 d=1.54
[INFO] [1790756852.847189685] [exploration]: v=+0.20 w=+0.00 | 直行 d=1.52
[INFO] [1790756852.947788965] [exploration]: v=+0.20 w=+0.00 | 直行 d=1.50
[INFO] [1790756853.047750722] [exploration]: v=+0.20 w=+0.00 | 直行 d=1.47
[INFO] [1790756853.147811862] [exploration]: v=+0.20 w=+0.00 | 直行 d=1.46
[INFO] [1790756853.250193708] [exploration]: v=+0.20 w=+0.00 | 直行 d=1.43
[INFO] [1790756853.348046943] [exploration]: v=+0.20 w=+0.00 | 直行 d=1.42
[INFO] [1790756853.449146084] [exploration]: v=+0.20 w=+0.00 | 直行 d=1.40
[INFO] [1790756853.548423677] [exploration]: v=+0.20 w=+0.00 | 直行 d=1.38
[INFO] [1790756853.648012029] [exploration]: v=+0.20 w=+0.00 | 直行 d=1.36
[INFO] [1790756853.749616654] [exploration]: v=+0.20 w=+0.00 | 直行 d=1.34
[INFO] [1790756853.848881298] [exploration]: v=+0.20 w=+0.00 | 直行 d=1.32
[INFO] [1790756853.949177965] [exploration]: v=+0.20 w=+0.00 | 直行 d=1.30
[INFO] [1790756854.049642629] [exploration]: v=+0.20 w=+0.00 | 直行 d=1.29
[INFO] [1790756854.148546925] [exploration]: v=+0.20 w=+0.00 | 直行 d=1.26
[INFO] [1790756854.248777944] [exploration]: v=+0.20 w=+0.00 | 直行 d=1.24
[INFO] [1790756854.350532441] [exploration]: v=+0.20 w=+0.00 | 直行 d=1.22
[INFO] [1790756854.450862784] [exploration]: v=+0.20 w=+0.00 | 直行 d=1.20
[INFO] [1790756854.551248239] [exploration]: v=+0.20 w=+0.00 | 直行 d=1.19
[INFO] [1790756854.651619511] [exploration]: v=+0.20 w=+0.00 | 直行 d=1.16
[INFO] [1790756854.751318862] [exploration]: v=+0.20 w=+0.00 | 直行 d=1.15
[INFO] [1790756854.851312414] [exploration]: v=+0.20 w=+0.00 | 直行 d=1.13
[INFO] [1790756854.951045328] [exploration]: v=+0.20 w=+0.00 | 直行 d=1.11
[INFO] [1790756855.051076399] [exploration]: v=+0.20 w=+0.00 | 直行 d=1.09
[INFO] [1790756855.150824111] [exploration]: v=+0.20 w=+0.00 | 直行 d=1.06
[INFO] [1790756855.251153608] [exploration]: v=+0.20 w=+0.00 | 直行 d=1.04
[INFO] [1790756855.350263983] [exploration]: v=+0.20 w=+0.00 | 直行 d=1.03
[INFO] [1790756855.451419921] [exploration]: v=+0.20 w=+0.00 | 直行 d=1.01
[INFO] [1790756855.551684030] [exploration]: v=+0.20 w=+0.00 | 直行 d=0.98
[INFO] [1790756855.651424395] [exploration]: v=+0.20 w=+0.00 | 直行 d=0.97
[INFO] [1790756855.751472991] [exploration]: v=+0.20 w=+0.00 | 直行 d=0.94
[INFO] [1790756855.851521866] [exploration]: v=+0.20 w=+0.00 | 直行 d=0.93
[INFO] [1790756855.951774558] [exploration]: v=+0.20 w=+0.00 | 直行 d=0.92
[INFO] [1790756856.051135911] [exploration]: v=+0.20 w=+0.00 | 直行 d=0.89
[INFO] [1790756856.151831736] [exploration]: v=+0.20 w=+0.00 | 直行 d=0.87
[INFO] [1790756856.251596321] [exploration]: v=+0.20 w=+0.00 | 直行 d=0.85
[INFO] [1790756856.351860550] [exploration]: v=+0.20 w=+0.00 | 直行 d=0.83
[INFO] [1790756856.452079716] [exploration]: v=+0.20 w=+0.00 | 直行 d=0.81
[INFO] [1790756856.552307651] [exploration]: v=+0.09 w=+0.00 | 减速 d=0.79
[INFO] [1790756856.652867196] [exploration]: v=+0.08 w=+0.00 | 减速 d=0.77
[INFO] [1790756856.753155363] [exploration]: v=+0.00 w=+0.50 | 进入转向 center=0° 由于危险 d=0.16
[INFO] [1790756856.855009804] [exploration]: v=-0.08 w=+0.00 | 转向中 center=-165° 在后方 → 倒退
[INFO] [1790756856.953764432] [exploration]: v=-0.08 w=+0.00 | 三面极近，倒退
[INFO] [1790756857.054147062] [exploration]: v=-0.08 w=+0.00 | 倒退
[INFO] [1790756857.754066099] [exploration]: v=+0.00 w=+0.00 | 倒退结束，停稳
[INFO] [1790756857.854337189] [exploration]: v=-0.08 w=+0.00 | 三面极近，倒退
[INFO] [1790756857.953692312] [exploration]: v=-0.08 w=+0.00 | 倒退
[INFO] [1790756858.655148351] [exploration]: v=+0.00 w=+0.00 | 倒退结束，停稳
[INFO] [1790756858.756794115] [exploration]: v=+0.00 w=+0.00 | 转向完成，停稳 front=0.86
[INFO] [1790756858.855668010] [exploration]: v=-0.08 w=+0.00 | 三面极近，倒退
[INFO] [1790756858.956269157] [exploration]: v=-0.08 w=+0.00 | 倒退
[INFO] [1790756859.657695245] [exploration]: v=+0.00 w=+0.00 | 倒退结束，停稳
[INFO] [1790756859.759160630] [exploration]: v=+0.00 w=-0.50 | 进入转向 center=-125° 由于危险 d=0.40
[INFO] [1790756859.858362411] [exploration]: v=-0.08 w=+0.00 | 三面极近，倒退
[INFO] [1790756859.957652085] [exploration]: v=-0.08 w=+0.00 | 倒退
[INFO] [1790756860.659494136] [exploration]: v=+0.00 w=+0.00 | 倒退结束，停稳
[INFO] [1790756860.760097197] [exploration]: v=-0.08 w=+0.00 | 三面极近，倒退
[INFO] [1790756860.859859152] [exploration]: v=-0.08 w=+0.00 | 倒退
[INFO] [1790756861.660055711] [exploration]: v=+0.00 w=+0.00 | 倒退结束，停稳
[INFO] [1790756861.760778031] [exploration]: v=-0.08 w=+0.00 | 转向中 center=-120° 在后方 → 倒退
[INFO] [1790756861.860320928] [exploration]: v=+0.00 w=+0.00 | 转向完成，停稳 front=1.06
[INFO] [1790756861.960279101] [exploration]: v=+0.00 w=-0.50 | 进入转向 center=-170° 由于危险 d=0.14
[INFO] [1790756862.060721515] [exploration]: v=-0.08 w=+0.00 | 转向中 center=-175° 在后方 → 倒退
[INFO] [1790756862.160051736] [exploration]: v=+0.00 w=+0.00 | 转向完成，停稳 front=1.06
[INFO] [1790756862.260241278] [exploration]: v=+0.00 w=-0.50 | 进入转向 center=-160° 由于危险 d=0.13
[INFO] [1790756862.360913299] [exploration]: v=-0.08 w=+0.00 | 三面极近，倒退
[INFO] [1790756862.461471624] [exploration]: v=-0.08 w=+0.00 | 倒退
[INFO] [1790756863.261633878] [exploration]: v=+0.00 w=+0.00 | 倒退结束，停稳
[INFO] [1790756863.362783651] [exploration]: v=-0.08 w=+0.00 | 三面极近，倒退
[INFO] [1790756863.461918601] [exploration]: v=-0.08 w=+0.00 | 倒退
[INFO] [1790756864.162118720] [exploration]: v=+0.00 w=+0.00 | 倒退结束，停稳
[INFO] [1790756864.264808193] [exploration]: v=-0.08 w=+0.00 | 三面极近，倒退
[INFO] [1790756864.364245312] [exploration]: v=-0.08 w=+0.00 | 倒退
[INFO] [1790756865.163435519] [exploration]: v=+0.00 w=+0.00 | 倒退结束，停稳
[INFO] [1790756865.264364093] [exploration]: v=-0.08 w=+0.00 | 转向中 center=-175° 在后方 → 倒退
[INFO] [1790756865.364645027] [exploration]: v=-0.08 w=+0.00 | 转向中 center=-145° 在后方 → 倒退
[INFO] [1790756865.465258746] [exploration]: v=-0.08 w=+0.00 | 三面极近，倒退
[INFO] [1790756865.564546981] [exploration]: v=-0.08 w=+0.00 | 倒退
[INFO] [1790756866.266102817] [exploration]: v=+0.00 w=+0.00 | 倒退结束，停稳
[INFO] [1790756866.366233261] [exploration]: v=-0.08 w=+0.00 | 三面极近，倒退
[INFO] [1790756866.466235737] [exploration]: v=-0.08 w=+0.00 | 倒退
[INFO] [1790756867.166903770] [exploration]: v=+0.00 w=+0.00 | 倒退结束，停稳
[INFO] [1790756867.267922176] [exploration]: v=+0.00 w=+0.50 | 转向中 center=60°
[INFO] [1790756867.367023177] [exploration]: v=+0.00 w=-0.50 | 转向中 center=-90°
[INFO] [1790756867.467151666] [exploration]: v=-0.08 w=+0.00 | 三面极近，倒退
[INFO] [1790756867.566864732] [exploration]: v=-0.08 w=+0.00 | 倒退
[INFO] [1790756868.267957505] [exploration]: v=+0.00 w=+0.00 | 倒退结束，停稳
[INFO] [1790756868.369365362] [exploration]: v=+0.00 w=+0.00 | 转向完成，停稳 front=2.20
[INFO] [1790756868.469097491] [exploration]: v=-0.08 w=+0.00 | 三面极近，倒退
[INFO] [1790756868.569303744] [exploration]: v=-0.08 w=+0.00 | 倒退
[INFO] [1790756869.280495848] [exploration]: v=+0.00 w=+0.00 | 倒退结束，停稳
[INFO] [1790756869.376443290] [exploration]: v=+0.20 w=+0.00 | 直行 d=0.87
[INFO] [1790756869.474444585] [exploration]: v=+0.00 w=-0.50 | 进入转向 center=-60° 由于危险 d=0.40
[INFO] [1790756869.571328574] [exploration]: v=-0.08 w=+0.00 | 三面极近，倒退
[INFO] [1790756869.670978558] [exploration]: v=-0.08 w=+0.00 | 倒退
[INFO] [1790756870.372012565] [exploration]: v=+0.00 w=+0.00 | 倒退结束，停稳
[INFO] [1790756870.471844841] [exploration]: v=-0.08 w=+0.00 | 三面极近，倒退
[INFO] [1790756870.571925805] [exploration]: v=-0.08 w=+0.00 | 倒退
[INFO] [1790756871.273024315] [exploration]: v=+0.00 w=+0.00 | 倒退结束，停稳
[INFO] [1790756871.372807219] [exploration]: v=-0.08 w=+0.00 | 三面极近，倒退
[INFO] [1790756871.474483209] [exploration]: v=-0.08 w=+0.00 | 倒退
[INFO] [1790756872.174838508] [exploration]: v=+0.00 w=+0.00 | 倒退结束，停稳
[INFO] [1790756872.275793181] [exploration]: v=+0.00 w=+0.00 | 转向完成，停稳 front=0.87
[INFO] [1790756872.375064980] [exploration]: v=+0.20 w=+0.00 | 直行 d=0.88
[INFO] [1790756872.475620679] [exploration]: v=-0.08 w=+0.00 | 三面极近，倒退
[INFO] [1790756872.575301293] [exploration]: v=-0.08 w=+0.00 | 倒退
[INFO] [1790756873.276199859] [exploration]: v=+0.00 w=+0.00 | 倒退结束，停稳
[INFO] [1790756873.376602980] [exploration]: v=-0.08 w=+0.00 | 三面极近，倒退
[INFO] [1790756873.477742745] [exploration]: v=-0.08 w=+0.00 | 倒退
[INFO] [1790756874.178670016] [exploration]: v=+0.00 w=+0.00 | 倒退结束，停稳
[INFO] [1790756874.278040440] [exploration]: v=+0.20 w=+0.00 | 直行 d=0.87
[INFO] [1790756874.379004930] [exploration]: v=+0.00 w=-0.50 | 进入转向 center=-45° 由于危险 d=0.40
[INFO] [1790756874.478325024] [exploration]: v=+0.00 w=+0.00 | 转向完成，停稳 front=1.02
[INFO] [1790756874.578609353] [exploration]: v=+0.20 w=+0.00 | 直行 d=1.26
[INFO] [1790756874.679468878] [exploration]: v=+0.00 w=+0.50 | 进入转向 center=55° 由于危险 d=0.40
[INFO] [1790756874.778667069] [exploration]: v=-0.08 w=+0.00 | 三面极近，倒退
[INFO] [1790756874.879544713] [exploration]: v=-0.08 w=+0.00 | 倒退
[INFO] [1790756875.579748554] [exploration]: v=+0.00 w=+0.00 | 倒退结束，停稳
[INFO] [1790756875.680666375] [exploration]: v=-0.08 w=+0.00 | 三面极近，倒退
[INFO] [1790756875.780567076] [exploration]: v=-0.08 w=+0.00 | 倒退
[INFO] [1790756876.481341650] [exploration]: v=+0.00 w=+0.00 | 倒退结束，停稳
[INFO] [1790756876.582156951] [exploration]: v=-0.08 w=+0.00 | 三面极近，倒退
[INFO] [1790756876.682060516] [exploration]: v=-0.08 w=+0.00 | 倒退
[INFO] [1790756877.382436205] [exploration]: v=+0.00 w=+0.00 | 倒退结束，停稳
[INFO] [1790756877.483161245] [exploration]: v=+0.00 w=+0.00 | 转向完成，停稳 对准 center=0°
[INFO] [1790756877.583855314] [exploration]: v=-0.08 w=+0.00 | 三面极近，倒退
[INFO] [1790756877.683627184] [exploration]: v=-0.08 w=+0.00 | 倒退
[INFO] [1790756878.385752967] [exploration]: v=+0.00 w=+0.00 | 倒退结束，停稳
[INFO] [1790756878.486105753] [exploration]: v=+0.20 w=+0.00 | 直行 d=0.88
[INFO] [1790756878.587575434] [exploration]: v=+0.20 w=+0.00 | 直行 d=0.87
[INFO] [1790756878.688849772] [exploration]: v=+0.00 w=-0.50 | 进入转向 center=-50° 由于危险 d=0.40
[INFO] [1790756878.785582042] [exploration]: v=+0.00 w=+0.00 | 转向完成，停稳 对准 center=5°
[INFO] [1790756878.885857231] [exploration]: v=+0.20 w=+0.00 | 直行 d=1.55
[INFO] [1790756878.987436793] [exploration]: v=+0.00 w=-0.50 | 进入转向 center=-60° 由于危险 d=0.13
[INFO] [1790756879.086333458] [exploration]: v=+0.00 w=+0.00 | 转向完成，停稳 对准 center=-20°
[INFO] [1790756879.184758190] [exploration]: v=-0.08 w=+0.00 | 三面极近，倒退
[INFO] [1790756879.285344215] [exploration]: v=-0.08 w=+0.00 | 倒退
[INFO] [1790756879.987786491] [exploration]: v=+0.00 w=+0.00 | 倒退结束，停稳
[INFO] [1790756880.088522455] [exploration]: v=-0.08 w=+0.00 | 三面极近，倒退
[INFO] [1790756880.188453278] [exploration]: v=-0.08 w=+0.00 | 倒退
[INFO] [1790756880.887744180] [exploration]: v=+0.00 w=+0.00 | 倒退结束，停稳
[INFO] [1790756880.989077807] [exploration]: v=-0.08 w=+0.00 | 三面极近，倒退
[INFO] [1790756881.088877653] [exploration]: v=-0.08 w=+0.00 | 倒退
[INFO] [1790756881.789084516] [exploration]: v=+0.00 w=+0.00 | 倒退结束，停稳
[INFO] [1790756881.889473678] [exploration]: v=-0.08 w=+0.00 | 三面极近，倒退
[INFO] [1790756881.990459427] [exploration]: v=-0.08 w=+0.00 | 倒退
[INFO] [1790756882.690091376] [exploration]: v=+0.00 w=+0.00 | 倒退结束，停稳
[INFO] [1790756882.791407824] [exploration]: v=-0.08 w=+0.00 | 三面极近，倒退
[INFO] [1790756882.890653035] [exploration]: v=-0.08 w=+0.00 | 倒退
[INFO] [1790756883.591699373] [exploration]: v=+0.00 w=+0.00 | 倒退结束，停稳
[INFO] [1790756883.692343080] [exploration]: v=-0.08 w=+0.00 | 三面极近，倒退
[INFO] [1790756883.792600553] [exploration]: v=-0.08 w=+0.00 | 倒退
[INFO] [1790756884.493918916] [exploration]: v=+0.00 w=+0.00 | 倒退结束，停稳
[INFO] [1790756884.592746355] [exploration]: v=-0.08 w=+0.00 | 三面极近，倒退
[INFO] [1790756884.692675603] [exploration]: v=-0.08 w=+0.00 | 倒退
[INFO] [1790756885.394651074] [exploration]: v=+0.00 w=+0.00 | 倒退结束，停稳
[INFO] [1790756885.494465569] [exploration]: v=+0.20 w=+0.00 | 直行 d=0.87
[INFO] [1790756885.695034931] [exploration]: v=-0.08 w=+0.00 | 三面极近，倒退
[INFO] [1790756885.794065937] [exploration]: v=-0.08 w=+0.00 | 倒退
[INFO] [1790756886.595485804] [exploration]: v=+0.00 w=+0.00 | 倒退结束，停稳
[INFO] [1790756886.696449495] [exploration]: v=-0.08 w=+0.00 | 三面极近，倒退
[INFO] [1790756886.794883163] [exploration]: v=-0.08 w=+0.00 | 倒退
[INFO] [1790756887.495690277] [exploration]: v=+0.00 w=+0.00 | 倒退结束，停稳
[INFO] [1790756887.596731898] [exploration]: v=+0.20 w=+0.00 | 直行 d=0.87
[INFO] [1790756887.697802059] [exploration]: v=+0.00 w=-0.50 | 进入转向 center=-80° 由于危险 d=0.13
[INFO] [1790756887.798477954] [exploration]: v=+0.00 w=+0.00 | 转向完成，停稳 front=0.98
[INFO] [1790756887.897945541] [exploration]: v=-0.08 w=+0.00 | 三面极近，倒退
[INFO] [1790756887.997610713] [exploration]: v=-0.08 w=+0.00 | 倒退
[INFO] [1790756888.699504857] [exploration]: v=+0.00 w=+0.00 | 倒退结束，停稳
[INFO] [1790756888.799300490] [exploration]: v=+0.20 w=+0.00 | 直行 d=0.87
[INFO] [1790756888.899439215] [exploration]: v=-0.08 w=+0.00 | 三面极近，倒退
[INFO] [1790756888.999557940] [exploration]: v=-0.08 w=+0.00 | 倒退
[INFO] [1790756889.700423671] [exploration]: v=+0.00 w=+0.00 | 倒退结束，停稳
[INFO] [1790756889.800982537] [exploration]: v=+0.20 w=+0.00 | 直行 d=0.87
[INFO] [1790756889.900669820] [exploration]: v=-0.08 w=+0.00 | 三面极近，倒退
[INFO] [1790756890.001181753] [exploration]: v=-0.08 w=+0.00 | 倒退
[INFO] [1790756890.703794151] [exploration]: v=+0.00 w=+0.00 | 倒退结束，停稳
[INFO] [1790756890.804199093] [exploration]: v=+0.00 w=+0.50 | 进入转向 center=65° 由于危险 d=0.13
[INFO] [1790756890.904116518] [exploration]: v=-0.08 w=+0.00 | 三面极近，倒退
[INFO] [1790756891.003138386] [exploration]: v=-0.08 w=+0.00 | 倒退
[INFO] [1790756891.703600314] [exploration]: v=+0.00 w=+0.00 | 倒退结束，停稳
[INFO] [1790756891.805705602] [exploration]: v=+0.00 w=+0.00 | 转向完成，停稳 对准 center=0°
[INFO] [1790756891.905191198] [exploration]: v=+0.20 w=+0.00 | 直行 d=0.87
[INFO] [1790756892.104482985] [exploration]: v=-0.08 w=+0.00 | 三面极近，倒退
[INFO] [1790756892.205422261] [exploration]: v=-0.08 w=+0.00 | 倒退
[INFO] [1790756892.906414626] [exploration]: v=+0.00 w=+0.00 | 倒退结束，停稳
[INFO] [1790756893.007118813] [exploration]: v=+0.00 w=-0.50 | 进入转向 center=-50° 由于危险 d=0.15
[INFO] [1790756893.107831988] [exploration]: v=+0.00 w=+0.00 | 转向完成，停稳 front=0.87
[INFO] [1790756893.206471458] [exploration]: v=+0.20 w=+0.00 | 直行 d=0.87
[INFO] [1790756893.309480480] [exploration]: v=+0.00 w=-0.50 | 进入转向 center=-55° 由于危险 d=0.40
[INFO] [1790756893.406358320] [exploration]: v=-0.08 w=+0.00 | 三面极近，倒退
[INFO] [1790756893.507344361] [exploration]: v=-0.08 w=+0.00 | 倒退
[INFO] [1790756894.209164021] [exploration]: v=+0.00 w=+0.00 | 倒退结束，停稳
[INFO] [1790756894.309799333] [exploration]: v=+0.00 w=-0.50 | 转向中 center=-70°
[INFO] [1790756894.409774583] [exploration]: v=-0.08 w=+0.00 | 三面极近，倒退
[INFO] [1790756894.508961031] [exploration]: v=-0.08 w=+0.00 | 倒退
[INFO] [1790756895.209577782] [exploration]: v=+0.00 w=+0.00 | 倒退结束，停稳
[INFO] [1790756895.312339821] [exploration]: v=+0.00 w=+0.00 | 转向完成，停稳 对准 center=10°
[INFO] [1790756895.411295454] [exploration]: v=-0.08 w=+0.00 | 三面极近，倒退
[INFO] [1790756895.511231523] [exploration]: v=-0.08 w=+0.00 | 倒退
[INFO] [1790756896.211524399] [exploration]: v=+0.00 w=+0.00 | 倒退结束，停稳
[INFO] [1790756896.312437213] [exploration]: v=-0.08 w=+0.00 | 三面极近，倒退
[INFO] [1790756896.412095039] [exploration]: v=-0.08 w=+0.00 | 倒退
[INFO] [1790756897.112087462] [exploration]: v=+0.00 w=+0.00 | 倒退结束，停稳
[INFO] [1790756897.211803669] [exploration]: v=+0.20 w=+0.00 | 直行 d=0.87
[INFO] [1790756897.415516390] [exploration]: v=+0.00 w=+0.50 | 进入转向 center=85° 由于危险 d=0.40
[INFO] [1790756897.514390900] [exploration]: v=+0.00 w=-0.50 | 转向中 center=-75°
[INFO] [1790756897.615159565] [exploration]: v=+0.00 w=+0.00 | 转向完成，停稳 对准 center=0°
[INFO] [1790756897.714541688] [exploration]: v=-0.08 w=+0.00 | 三面极近，倒退
[INFO] [1790756897.813779493] [exploration]: v=-0.08 w=+0.00 | 倒退
[INFO] [1790756898.514589738] [exploration]: v=+0.00 w=+0.00 | 倒退结束，停稳
[INFO] [1790756898.615076271] [exploration]: v=+0.20 w=+0.00 | 直行 d=0.87
[INFO] [1790756898.715079728] [exploration]: v=-0.08 w=+0.00 | 三面极近，倒退
[INFO] [1790756898.815638514] [exploration]: v=-0.08 w=+0.00 | 倒退
[INFO] [1790756899.515963628] [exploration]: v=+0.00 w=+0.00 | 倒退结束，停稳
[INFO] [1790756899.617290555] [exploration]: v=+0.00 w=+0.50 | 进入转向 center=50° 由于危险 d=0.15
[INFO] [1790756899.717502750] [exploration]: v=+0.00 w=-0.50 | 转向中 center=-75°
[INFO] [1790756899.816976805] [exploration]: v=-0.08 w=+0.00 | 三面极近，倒退
[INFO] [1790756899.917049842] [exploration]: v=-0.08 w=+0.00 | 倒退
[INFO] [1790756900.616958853] [exploration]: v=+0.00 w=+0.00 | 倒退结束，停稳
[INFO] [1790756900.717919773] [exploration]: v=-0.08 w=+0.00 | 三面极近，倒退
[INFO] [1790756900.817294649] [exploration]: v=-0.08 w=+0.00 | 倒退
[INFO] [1790756901.519646952] [exploration]: v=+0.00 w=+0.00 | 倒退结束，停稳
[INFO] [1790756901.619948884] [exploration]: v=+0.00 w=+0.50 | 转向中 center=35°
[INFO] [1790756901.719246398] [exploration]: v=+0.00 w=-0.50 | 转向中 center=-80°
[INFO] [1790756901.819297465] [exploration]: v=+0.00 w=+0.00 | 转向完成，停稳 front=0.87
[INFO] [1790756901.918907619] [exploration]: v=-0.08 w=+0.00 | 三面极近，倒退
[INFO] [1790756902.018519427] [exploration]: v=-0.08 w=+0.00 | 倒退
[INFO] [1790756902.720984782] [exploration]: v=+0.00 w=+0.00 | 倒退结束，停稳
[INFO] [1790756902.821099582] [exploration]: v=-0.08 w=+0.00 | 三面极近，倒退
[INFO] [1790756902.921597491] [exploration]: v=-0.08 w=+0.00 | 倒退
