[INFO] [1790745207.983026318] [exploration]: 探索节点已启动
[INFO] [1790745208.036680170] [exploration]: v=+0.20 w=+0.00 | 直行 d=3.10
[INFO] [1790745208.334555742] [exploration]: v=+0.20 w=+0.00 | 直行 d=3.08
[INFO] [1790745208.435566565] [exploration]: v=+0.20 w=+0.00 | 直行 d=3.07
[INFO] [1790745208.534503647] [exploration]: v=+0.20 w=+0.00 | 直行 d=3.04
[INFO] [1790745208.636019753] [exploration]: v=+0.20 w=+0.00 | 直行 d=3.02
[INFO] [1790745208.736271750] [exploration]: v=+0.20 w=+0.00 | 直行 d=3.00
[INFO] [1790745208.836493803] [exploration]: v=+0.20 w=+0.00 | 直行 d=2.99
[INFO] [1790745208.936550039] [exploration]: v=+0.20 w=+0.00 | 直行 d=2.96
[INFO] [1790745209.035377847] [exploration]: v=+0.20 w=+0.00 | 直行 d=2.95
[INFO] [1790745209.238512150] [exploration]: v=+0.20 w=+0.00 | 直行 d=2.91
[INFO] [1790745209.337590204] [exploration]: v=+0.20 w=+0.00 | 直行 d=2.87
[INFO] [1790745209.437780006] [exploration]: v=+0.20 w=+0.00 | 直行 d=2.88
[INFO] [1790745209.539304589] [exploration]: v=+0.20 w=+0.00 | 直行 d=2.85
[INFO] [1790745209.639495875] [exploration]: v=+0.20 w=+0.00 | 直行 d=2.83
[INFO] [1790745209.739093938] [exploration]: v=+0.20 w=+0.00 | 直行 d=2.81
[INFO] [1790745209.840350953] [exploration]: v=+0.20 w=+0.00 | 直行 d=2.80
[INFO] [1790745209.937164282] [exploration]: v=+0.20 w=+0.00 | 直行 d=2.76
[INFO] [1790745210.138843865] [exploration]: v=+0.20 w=+0.00 | 直行 d=2.73
[INFO] [1790745210.237525255] [exploration]: v=+0.20 w=+0.00 | 直行 d=2.71
[INFO] [1790745210.338863025] [exploration]: v=+0.20 w=+0.00 | 直行 d=2.70
[INFO] [1790745210.438571439] [exploration]: v=+0.20 w=+0.00 | 直行 d=2.69
[INFO] [1790745210.539627931] [exploration]: v=+0.20 w=+0.00 | 直行 d=2.66
[INFO] [1790745210.742838923] [exploration]: v=+0.20 w=+0.00 | 直行 d=2.64
[INFO] [1790745210.842668794] [exploration]: v=+0.20 w=+0.00 | 直行 d=2.59
[INFO] [1790745211.043051362] [exploration]: v=+0.20 w=+0.00 | 直行 d=2.56
[INFO] [1790745211.142389187] [exploration]: v=+0.20 w=+0.00 | 直行 d=2.55
[INFO] [1790745211.242177107] [exploration]: v=+0.20 w=+0.00 | 直行 d=2.54
[INFO] [1790745211.342795483] [exploration]: v=+0.20 w=+0.00 | 直行 d=2.51
[INFO] [1790745211.443932086] [exploration]: v=+0.20 w=+0.00 | 直行 d=2.47
[INFO] [1790745211.644417418] [exploration]: v=+0.20 w=+0.00 | 直行 d=2.46
[INFO] [1790745211.744186790] [exploration]: v=+0.20 w=+0.00 | 直行 d=2.43
[INFO] [1790745211.843377393] [exploration]: v=+0.20 w=+0.00 | 直行 d=2.42
[INFO] [1790745211.943058252] [exploration]: v=+0.20 w=+0.00 | 直行 d=2.39
[INFO] [1790745212.044472926] [exploration]: v=+0.20 w=+0.00 | 直行 d=2.93
[INFO] [1790745212.143981874] [exploration]: v=+0.20 w=+0.00 | 直行 d=2.37
[INFO] [1790745212.243647820] [exploration]: v=+0.20 w=+0.00 | 直行 d=2.36
[INFO] [1790745212.343631402] [exploration]: v=+0.20 w=+0.00 | 直行 d=2.33
[INFO] [1790745212.444992691] [exploration]: v=+0.20 w=+0.00 | 直行 d=2.31
[INFO] [1790745212.545188718] [exploration]: v=+0.20 w=+0.00 | 直行 d=2.30
[INFO] [1790745212.645090718] [exploration]: v=+0.20 w=+0.00 | 直行 d=2.27
[INFO] [1790745212.745076286] [exploration]: v=+0.20 w=+0.00 | 直行 d=2.24
[INFO] [1790745212.845841156] [exploration]: v=+0.20 w=+0.00 | 直行 d=2.23
[INFO] [1790745212.945388724] [exploration]: v=+0.20 w=+0.00 | 直行 d=2.19
[INFO] [1790745213.045911041] [exploration]: v=+0.20 w=+0.00 | 直行 d=2.18
[INFO] [1790745213.145240508] [exploration]: v=+0.20 w=+0.00 | 直行 d=2.17
[INFO] [1790745213.246286957] [exploration]: v=+0.20 w=+0.00 | 直行 d=2.14
[INFO] [1790745213.345739286] [exploration]: v=+0.20 w=+0.00 | 直行 d=2.12
[INFO] [1790745213.445730968] [exploration]: v=+0.20 w=+0.00 | 直行 d=2.11
[INFO] [1790745213.545705062] [exploration]: v=+0.20 w=+0.00 | 直行 d=2.10
[INFO] [1790745213.646192100] [exploration]: v=+0.20 w=+0.00 | 直行 d=2.07
[INFO] [1790745213.746339069] [exploration]: v=+0.20 w=+0.00 | 直行 d=2.06
[INFO] [1790745213.846401963] [exploration]: v=+0.20 w=+0.00 | 直行 d=2.03
[INFO] [1790745213.946426284] [exploration]: v=+0.20 w=+0.00 | 直行 d=2.02
[INFO] [1790745214.046626362] [exploration]: v=+0.20 w=+0.00 | 直行 d=2.00
[INFO] [1790745214.148026791] [exploration]: v=+0.20 w=+0.00 | 直行 d=1.96
[INFO] [1790745214.247501621] [exploration]: v=+0.20 w=+0.00 | 直行 d=1.94
[INFO] [1790745214.346923837] [exploration]: v=+0.20 w=+0.00 | 直行 d=1.91
[INFO] [1790745214.447880378] [exploration]: v=+0.20 w=+0.00 | 直行 d=1.89
[INFO] [1790745214.648382580] [exploration]: v=+0.20 w=+0.00 | 直行 d=1.85
[INFO] [1790745214.748358769] [exploration]: v=+0.20 w=+0.00 | 直行 d=1.83
[INFO] [1790745214.847983961] [exploration]: v=+0.20 w=+0.00 | 直行 d=1.81
[INFO] [1790745214.948276916] [exploration]: v=+0.20 w=+0.00 | 直行 d=1.79
[INFO] [1790745215.048032510] [exploration]: v=+0.20 w=+0.00 | 直行 d=1.77
[INFO] [1790745215.148312070] [exploration]: v=+0.20 w=+0.00 | 直行 d=1.76
[INFO] [1790745215.248830736] [exploration]: v=+0.20 w=+0.00 | 直行 d=1.73
[INFO] [1790745215.350690207] [exploration]: v=+0.20 w=+0.00 | 直行 d=1.71
[INFO] [1790745215.448633051] [exploration]: v=+0.20 w=+0.00 | 直行 d=1.70
[INFO] [1790745215.549293109] [exploration]: v=+0.20 w=+0.00 | 直行 d=1.67
[INFO] [1790745215.649306696] [exploration]: v=+0.20 w=+0.00 | 直行 d=1.65
[INFO] [1790745215.749219508] [exploration]: v=+0.20 w=+0.00 | 直行 d=1.62
[INFO] [1790745215.849555185] [exploration]: v=+0.20 w=+0.00 | 直行 d=1.61
[INFO] [1790745215.949661909] [exploration]: v=+0.20 w=+0.00 | 直行 d=1.59
[INFO] [1790745216.049142207] [exploration]: v=+0.20 w=+0.00 | 直行 d=1.58
[INFO] [1790745216.149808782] [exploration]: v=+0.20 w=+0.00 | 直行 d=1.53
[INFO] [1790745216.249805041] [exploration]: v=+0.20 w=+0.00 | 直行 d=1.52
[INFO] [1790745216.349696788] [exploration]: v=+0.20 w=+0.00 | 直行 d=1.51
[INFO] [1790745216.450794353] [exploration]: v=+0.20 w=+0.00 | 直行 d=1.48
[INFO] [1790745216.549973478] [exploration]: v=+0.20 w=+0.00 | 直行 d=1.45
[INFO] [1790745216.750136417] [exploration]: v=+0.20 w=+0.00 | 直行 d=1.43
[INFO] [1790745216.850854404] [exploration]: v=+0.20 w=+0.00 | 直行 d=1.40
[INFO] [1790745216.950715306] [exploration]: v=+0.20 w=+0.00 | 直行 d=1.38
[INFO] [1790745217.050356421] [exploration]: v=+0.20 w=+0.00 | 直行 d=1.36
[INFO] [1790745217.150769776] [exploration]: v=+0.20 w=+0.00 | 直行 d=1.35
[INFO] [1790745217.251004689] [exploration]: v=+0.20 w=+0.00 | 直行 d=1.33
[INFO] [1790745217.352405617] [exploration]: v=+0.20 w=+0.00 | 直行 d=1.29
[INFO] [1790745217.453149225] [exploration]: v=+0.20 w=+0.00 | 直行 d=1.27
[INFO] [1790745217.653078315] [exploration]: v=+0.20 w=+0.00 | 直行 d=1.23
[INFO] [1790745217.751947968] [exploration]: v=+0.20 w=+0.00 | 直行 d=1.22
[INFO] [1790745217.852912271] [exploration]: v=+0.20 w=+0.00 | 直行 d=1.20
[INFO] [1790745217.952835296] [exploration]: v=+0.20 w=+0.00 | 直行 d=1.19
[INFO] [1790745218.053003845] [exploration]: v=+0.20 w=+0.00 | 直行 d=1.16
[INFO] [1790745218.153057883] [exploration]: v=+0.20 w=+0.00 | 直行 d=1.14
[INFO] [1790745218.253902738] [exploration]: v=+0.20 w=+0.00 | 直行 d=1.12
[INFO] [1790745218.353792165] [exploration]: v=+0.20 w=+0.00 | 直行 d=1.09
[INFO] [1790745218.454824256] [exploration]: v=+0.20 w=+0.00 | 直行 d=1.08
[INFO] [1790745218.554973621] [exploration]: v=+0.20 w=+0.00 | 直行 d=1.07
[INFO] [1790745218.654033710] [exploration]: v=+0.20 w=+0.00 | 直行 d=1.04
[INFO] [1790745218.754545695] [exploration]: v=+0.20 w=+0.00 | 直行 d=1.02
[INFO] [1790745218.854085296] [exploration]: v=+0.20 w=+0.00 | 直行 d=1.01
[INFO] [1790745218.954251556] [exploration]: v=+0.20 w=+0.00 | 直行 d=0.98
[INFO] [1790745219.055668651] [exploration]: v=+0.20 w=+0.00 | 直行 d=0.96
[INFO] [1790745219.154053719] [exploration]: v=+0.20 w=+0.00 | 直行 d=0.94
[INFO] [1790745219.254898019] [exploration]: v=+0.20 w=+0.00 | 直行 d=0.92
[INFO] [1790745219.355430225] [exploration]: v=+0.20 w=+0.00 | 直行 d=0.91
[INFO] [1790745219.455777083] [exploration]: v=+0.20 w=+0.00 | 直行 d=0.89
[INFO] [1790745219.554984910] [exploration]: v=+0.20 w=+0.00 | 直行 d=0.86
[INFO] [1790745219.655075532] [exploration]: v=+0.20 w=+0.00 | 直行 d=0.85
[INFO] [1790745219.755524330] [exploration]: v=+0.20 w=+0.00 | 直行 d=0.83
[INFO] [1790745219.855843181] [exploration]: v=+0.20 w=+0.00 | 直行 d=0.82
[INFO] [1790745219.956428041] [exploration]: v=+0.09 w=+0.00 | 减速 d=0.79
[INFO] [1790745220.055601978] [exploration]: v=+0.00 w=-0.50 | 转向，由于危险 d=0.17
[INFO] [1790745220.156821871] [exploration]: v=+0.00 w=-0.50 | 转向中 front=0.76 目标>0.8
[INFO] [1790745220.256499267] [exploration]: v=+0.00 w=+0.00 | 转向完成，停稳 front=0.83
[INFO] [1790745220.356283567] [exploration]: v=+0.00 w=-0.50 | 转向，由于危险 d=0.40
[INFO] [1790745220.456981839] [exploration]: v=+0.00 w=-0.50 | 转向中 front=0.77 目标>0.8
[INFO] [1790745220.556317461] [exploration]: v=+0.00 w=-0.50 | 转向中 front=0.76 目标>0.8
[INFO] [1790745220.656364470] [exploration]: v=+0.00 w=-0.50 | 转向中 front=0.13 目标>0.8
[INFO] [1790745220.756207067] [exploration]: v=+0.00 w=-0.50 | 转向中 front=0.76 目标>0.8
[INFO] [1790745220.856971155] [exploration]: v=+0.00 w=-0.50 | 转向中 front=0.75 目标>0.8
[INFO] [1790745220.957852804] [exploration]: v=+0.00 w=-0.50 | 转向中 front=0.76 目标>0.8
[INFO] [1790745221.058591494] [exploration]: v=+0.00 w=-0.50 | 转向中 front=0.75 目标>0.8
[INFO] [1790745221.156767490] [exploration]: v=+0.00 w=-0.50 | 转向中 front=0.76 目标>0.8
[INFO] [1790745221.458974601] [exploration]: v=+0.00 w=+0.00 | 转向完成，停稳 front=0.81
[INFO] [1790745221.559719278] [exploration]: v=+0.20 w=+0.00 | 直行 d=1.60
[INFO] [1790745221.758398417] [exploration]: v=+0.20 w=+0.00 | 直行 d=1.59
[INFO] [1790745221.858915491] [exploration]: v=+0.20 w=+0.00 | 直行 d=1.57
[INFO] [1790745221.958584135] [exploration]: v=+0.20 w=+0.00 | 直行 d=1.55
[INFO] [1790745222.059613868] [exploration]: v=+0.20 w=+0.00 | 直行 d=1.53
[INFO] [1790745222.159340418] [exploration]: v=+0.20 w=+0.00 | 直行 d=1.52
[INFO] [1790745222.260387799] [exploration]: v=+0.20 w=+0.00 | 直行 d=1.49
[INFO] [1790745222.359511591] [exploration]: v=+0.20 w=+0.00 | 直行 d=1.48
[INFO] [1790745222.458176929] [exploration]: v=+0.20 w=+0.00 | 直行 d=1.45
[INFO] [1790745222.559937212] [exploration]: v=+0.20 w=+0.00 | 直行 d=1.44
[INFO] [1790745222.659911540] [exploration]: v=+0.20 w=+0.00 | 直行 d=1.42
[INFO] [1790745222.759304280] [exploration]: v=+0.20 w=+0.00 | 直行 d=1.40
[INFO] [1790745222.859612256] [exploration]: v=+0.20 w=+0.00 | 直行 d=1.38
[INFO] [1790745222.959202255] [exploration]: v=+0.20 w=+0.00 | 直行 d=1.35
[INFO] [1790745223.059690538] [exploration]: v=+0.20 w=+0.00 | 直行 d=1.33
[INFO] [1790745223.159556642] [exploration]: v=+0.20 w=+0.00 | 直行 d=1.31
[INFO] [1790745223.259883105] [exploration]: v=+0.20 w=+0.00 | 直行 d=1.30
[INFO] [1790745223.361018459] [exploration]: v=+0.20 w=+0.00 | 直行 d=1.28
[INFO] [1790745223.460227898] [exploration]: v=+0.20 w=+0.00 | 直行 d=1.26
[INFO] [1790745223.560515426] [exploration]: v=+0.20 w=+0.00 | 直行 d=1.24
[INFO] [1790745223.660885005] [exploration]: v=+0.20 w=+0.00 | 直行 d=1.22
[INFO] [1790745223.760868309] [exploration]: v=+0.20 w=+0.00 | 直行 d=1.21
[INFO] [1790745223.859452534] [exploration]: v=+0.20 w=+0.00 | 直行 d=1.19
[INFO] [1790745223.960223631] [exploration]: v=+0.20 w=+0.00 | 直行 d=1.16
[INFO] [1790745224.061643173] [exploration]: v=+0.20 w=+0.00 | 直行 d=1.14
[INFO] [1790745224.161606341] [exploration]: v=+0.20 w=+0.00 | 直行 d=1.13
[INFO] [1790745224.260913356] [exploration]: v=+0.20 w=+0.00 | 直行 d=1.10
[INFO] [1790745224.361111576] [exploration]: v=+0.20 w=+0.00 | 直行 d=1.08
[INFO] [1790745224.461396409] [exploration]: v=+0.20 w=+0.00 | 直行 d=1.06
[INFO] [1790745224.562037710] [exploration]: v=+0.20 w=+0.00 | 直行 d=1.04
[INFO] [1790745224.662055808] [exploration]: v=+0.20 w=+0.00 | 直行 d=1.03
[INFO] [1790745224.762363808] [exploration]: v=+0.20 w=+0.00 | 直行 d=1.00
[INFO] [1790745224.862226589] [exploration]: v=+0.20 w=+0.00 | 直行 d=0.98
[INFO] [1790745224.962805853] [exploration]: v=+0.20 w=+0.00 | 直行 d=0.96
[INFO] [1790745225.061847102] [exploration]: v=+0.20 w=+0.00 | 直行 d=0.94
[INFO] [1790745225.161193713] [exploration]: v=+0.20 w=+0.00 | 直行 d=0.93
[INFO] [1790745225.263126977] [exploration]: v=+0.20 w=+0.00 | 直行 d=0.91
[INFO] [1790745225.363558067] [exploration]: v=+0.20 w=+0.00 | 直行 d=0.89
[INFO] [1790745225.463118397] [exploration]: v=+0.20 w=+0.00 | 直行 d=0.86
[INFO] [1790745225.562673563] [exploration]: v=+0.20 w=+0.00 | 直行 d=0.85
[INFO] [1790745225.663768023] [exploration]: v=+0.20 w=+0.00 | 直行 d=0.82
[INFO] [1790745225.762760851] [exploration]: v=+0.20 w=+0.00 | 直行 d=0.80
[INFO] [1790745225.863037814] [exploration]: v=+0.00 w=+0.50 | 左侧缺口 l=0.20 r=1.32
[INFO] [1790745225.962825516] [exploration]: v=+0.00 w=+0.50 | 转向中 front=0.14 目标>0.8
[INFO] [1790745226.063734434] [exploration]: v=+0.00 w=+0.50 | 转向中 front=0.13 目标>0.8
[INFO] [1790745226.163325129] [exploration]: v=+0.00 w=+0.50 | 转向中 front=0.14 目标>0.8
[INFO] [1790745226.264873467] [exploration]: v=+0.00 w=+0.50 | 转向中 front=0.76 目标>0.8
[INFO] [1790745226.365113937] [exploration]: v=+0.00 w=+0.50 | 转向中 front=0.14 目标>0.8
[INFO] [1790745226.463976690] [exploration]: v=+0.00 w=+0.50 | 转向中 front=0.13 目标>0.8
[INFO] [1790745226.563605442] [exploration]: v=+0.00 w=+0.50 | 转向中 front=0.76 目标>0.8
[INFO] [1790745226.663502711] [exploration]: v=+0.00 w=+0.00 | 转向完成，停稳 front=0.80
[INFO] [1790745226.764599155] [exploration]: v=+0.09 w=+0.00 | 减速 d=0.80
[INFO] [1790745226.864757560] [exploration]: v=+0.20 w=+0.00 | 直行 d=0.80
[INFO] [1790745226.964664766] [exploration]: v=+0.08 w=+0.00 | 减速 d=0.79
[INFO] [1790745227.065210268] [exploration]: v=+0.00 w=+0.50 | 转向，由于危险 d=0.14
[INFO] [1790745227.165200382] [exploration]: v=+0.00 w=+0.50 | 转向中 front=0.75 目标>0.8
[INFO] [1790745227.264974900] [exploration]: v=+0.00 w=+0.50 | 转向中 front=0.13 目标>0.8
[INFO] [1790745227.465041308] [exploration]: v=+0.00 w=+0.00 | 转向完成，停稳 front=0.81
[INFO] [1790745227.566017013] [exploration]: v=+0.00 w=-0.50 | 转向，由于危险 d=0.40
[INFO] [1790745227.666718192] [exploration]: v=+0.00 w=-0.50 | 转向中 front=0.15 目标>0.8
[INFO] [1790745227.766796644] [exploration]: v=+0.00 w=-0.50 | 转向中 front=0.80 目标>0.8
[INFO] [1790745227.866237148] [exploration]: v=+0.00 w=-0.50 | 转向中 front=0.78 目标>0.8
[INFO] [1790745227.966114318] [exploration]: v=+0.00 w=-0.50 | 转向中 front=0.76 目标>0.8
[INFO] [1790745228.066804624] [exploration]: v=+0.00 w=-0.50 | 转向中 front=0.75 目标>0.8
[INFO] [1790745228.266722708] [exploration]: v=+0.00 w=-0.50 | 转向中 front=0.74 目标>0.8
[INFO] [1790745228.367448873] [exploration]: v=+0.00 w=-0.50 | 转向中 front=0.73 目标>0.8
[INFO] [1790745228.565225623] [exploration]: v=+0.00 w=-0.50 | 转向中 front=0.72 目标>0.8
[INFO] [1790745228.966211652] [exploration]: v=-0.08 w=+0.00 | 卡死：3.0s 内位移 < 0.05m，倒退脱困
[INFO] [1790745229.067470053] [exploration]: v=-0.08 w=+0.00 | 脱困：倒退
[INFO] [1790745230.970905372] [exploration]: v=+0.00 w=+0.00 | 脱困完成，停稳
[INFO] [1790745231.071357344] [exploration]: v=+0.00 w=+0.00 | 转向完成，停稳 front=0.87
[INFO] [1790745231.170641853] [exploration]: v=+0.00 w=-0.50 | 转向，由于危险 d=0.13
[INFO] [1790745231.271047378] [exploration]: v=+0.00 w=-0.50 | 转向中 front=0.14 目标>0.8
[INFO] [1790745231.370534806] [exploration]: v=+0.00 w=+0.00 | 转向完成，停稳 front=0.86
[INFO] [1790745231.471292057] [exploration]: v=+0.00 w=-0.50 | 转向，由于危险 d=0.14
[INFO] [1790745231.571661185] [exploration]: v=+0.00 w=-0.50 | 转向中 front=0.14 目标>0.8
[INFO] [1790745231.672069764] [exploration]: v=+0.00 w=-0.50 | 转向中 front=0.13 目标>0.8
[INFO] [1790745231.771507951] [exploration]: v=+0.00 w=-0.50 | 转向中 front=0.15 目标>0.8
[INFO] [1790745231.870529686] [exploration]: v=+0.00 w=-0.50 | 转向中 front=0.14 目标>0.8
[INFO] [1790745232.171069306] [exploration]: v=+0.00 w=+0.00 | 转向完成，停稳 front=0.88
[INFO] [1790745232.271937333] [exploration]: v=+0.20 w=+0.00 | 直行 d=0.87
[INFO] [1790745232.372527769] [exploration]: v=+0.00 w=-0.50 | 转向，由于危险 d=0.13
[INFO] [1790745232.474125604] [exploration]: v=+0.00 w=+0.00 | 转向完成，停稳 front=0.89
[INFO] [1790745232.573487416] [exploration]: v=+0.00 w=-0.50 | 转向，由于危险 d=0.14
[INFO] [1790745232.674195983] [exploration]: v=+0.00 w=+0.00 | 转向完成，停稳 front=0.90
[INFO] [1790745232.774113691] [exploration]: v=+0.00 w=-0.50 | 转向，由于危险 d=0.13
[INFO] [1790745232.873868123] [exploration]: v=+0.00 w=-0.50 | 转向中 front=0.13 目标>0.8
[INFO] [1790745233.074036131] [exploration]: v=+0.00 w=-0.50 | 转向中 front=0.15 目标>0.8
[INFO] [1790745233.174249993] [exploration]: v=+0.00 w=-0.50 | 转向中 front=0.13 目标>0.8
[INFO] [1790745233.373948395] [exploration]: v=+0.00 w=-0.50 | 转向中 front=0.14 目标>0.8
[INFO] [1790745233.673087388] [exploration]: v=+0.00 w=-0.50 | 转向中 front=0.15 目标>0.8
[INFO] [1790745233.775461831] [exploration]: v=+0.00 w=+0.00 | 转向完成，停稳 front=0.98
[INFO] [1790745233.874724292] [exploration]: v=+0.00 w=-0.50 | 转向，由于危险 d=0.14
[INFO] [1790745233.973859673] [exploration]: v=+0.00 w=-0.50 | 转向中 front=0.15 目标>0.8
[INFO] [1790745234.075063500] [exploration]: v=+0.00 w=-0.50 | 转向中 front=0.16 目标>0.8
[INFO] [1790745234.175303244] [exploration]: v=+0.00 w=+0.00 | 转向完成，停稳 front=0.99
[INFO] [1790745234.275729931] [exploration]: v=+0.00 w=-0.50 | 转向，由于危险 d=0.14
[INFO] [1790745234.375895503] [exploration]: v=+0.00 w=-0.50 | 转向中 front=0.14 目标>0.8
[INFO] [1790745234.475680092] [exploration]: v=+0.00 w=-0.50 | 转向中 front=0.13 目标>0.8
[INFO] [1790745234.575135680] [exploration]: v=+0.00 w=+0.00 | 转向完成，停稳 front=1.05
[INFO] [1790745234.675098484] [exploration]: v=+0.00 w=-0.50 | 转向，由于危险 d=0.14
[INFO] [1790745234.776316711] [exploration]: v=+0.00 w=-0.50 | 转向中 front=0.14 目标>0.8
[INFO] [1790745234.975218776] [exploration]: v=+0.00 w=+0.00 | 转向完成，停稳 front=1.06
[INFO] [1790745235.077423775] [exploration]: v=+0.00 w=-0.50 | 转向，由于危险 d=0.40
[INFO] [1790745235.176994641] [exploration]: v=+0.00 w=+0.00 | 转向完成，停稳 front=1.07
[INFO] [1790745235.278073600] [exploration]: v=+0.00 w=-0.50 | 转向，由于危险 d=0.40
[INFO] [1790745235.377406365] [exploration]: v=+0.00 w=-0.50 | 转向中 front=0.13 目标>0.8
[INFO] [1790745235.477780912] [exploration]: v=+0.00 w=+0.00 | 转向完成，停稳 front=1.08
[INFO] [1790745235.578167952] [exploration]: v=+0.00 w=-0.50 | 转向，由于危险 d=0.14
[INFO] [1790745235.677641383] [exploration]: v=+0.00 w=-0.50 | 转向中 front=0.13 目标>0.8
[INFO] [1790745235.777734766] [exploration]: v=+0.00 w=-0.50 | 转向中 front=0.15 目标>0.8
[INFO] [1790745235.876805417] [exploration]: v=+0.00 w=-0.50 | 转向中 front=0.14 目标>0.8
[INFO] [1790745236.077484757] [exploration]: v=+0.00 w=+0.00 | 转向完成，停稳 front=1.22
[INFO] [1790745236.178309727] [exploration]: v=+0.00 w=-0.50 | 转向，由于危险 d=0.14
[INFO] [1790745236.277274011] [exploration]: v=+0.00 w=-0.50 | 转向中 front=0.14 目标>0.8
[INFO] [1790745236.377632758] [exploration]: v=+0.00 w=+0.00 | 转向完成，停稳 front=1.22
[INFO] [1790745236.477734065] [exploration]: v=+0.00 w=-0.50 | 转向，由于危险 d=0.13
[INFO] [1790745236.578126447] [exploration]: v=+0.00 w=+0.00 | 转向完成，停稳 front=1.27
[INFO] [1790745236.678300408] [exploration]: v=+0.00 w=-0.50 | 转向，由于危险 d=0.14
[INFO] [1790745236.779357253] [exploration]: v=+0.00 w=-0.50 | 转向中 front=0.14 目标>0.8
[INFO] [1790745236.879178312] [exploration]: v=+0.00 w=+0.00 | 转向完成，停稳 front=1.29
[INFO] [1790745236.979746250] [exploration]: v=+0.20 w=+0.00 | 直行 d=1.33
[INFO] [1790745237.079567067] [exploration]: v=+0.20 w=+0.00 | 直行 d=1.31
[INFO] [1790745237.179757014] [exploration]: v=-0.08 w=+0.00 | 卡死：3.0s 内位移 < 0.05m，倒退脱困
[INFO] [1790745237.280389886] [exploration]: v=-0.08 w=+0.00 | 脱困：倒退
[INFO] [1790745239.181645347] [exploration]: v=+0.00 w=+0.00 | 脱困完成，停稳
[INFO] [1790745239.282164870] [exploration]: v=+0.00 w=-0.50 | 转向，由于危险 d=0.15
[INFO] [1790745239.381451845] [exploration]: v=+0.00 w=-0.50 | 转向中 front=0.15 目标>0.8
[INFO] [1790745239.482557385] [exploration]: v=+0.00 w=-0.50 | 转向中 front=0.14 目标>0.8
[INFO] [1790745239.583471620] [exploration]: v=+0.00 w=+0.00 | 转向完成，停稳 front=1.20
[INFO] [1790745239.683085448] [exploration]: v=+0.00 w=-0.50 | 转向，由于危险 d=0.15
[INFO] [1790745239.782295282] [exploration]: v=+0.00 w=+0.00 | 转向完成，停稳 front=1.20
[INFO] [1790745239.882090635] [exploration]: v=+0.00 w=-0.50 | 转向，由于危险 d=0.14
[INFO] [1790745239.982591426] [exploration]: v=+0.00 w=-0.50 | 转向中 front=0.17 目标>0.8
[INFO] [1790745240.083676751] [exploration]: v=+0.00 w=-0.50 | 转向中 front=0.15 目标>0.8
[INFO] [1790745240.184626910] [exploration]: v=+0.00 w=-0.50 | 转向中 front=0.13 目标>0.8
[INFO] [1790745240.284835475] [exploration]: v=+0.00 w=+0.00 | 转向完成，停稳 front=1.20
[INFO] [1790745240.384230873] [exploration]: v=+0.00 w=-0.50 | 转向，由于危险 d=0.14
[INFO] [1790745240.483582998] [exploration]: v=+0.00 w=+0.00 | 转向完成，停稳 front=1.19
[INFO] [1790745240.583419830] [exploration]: v=+0.00 w=-0.50 | 转向，由于危险 d=0.40
[INFO] [1790745240.684521222] [exploration]: v=+0.00 w=-0.50 | 转向中 front=0.13 目标>0.8
[INFO] [1790745240.783951104] [exploration]: v=+0.00 w=-0.50 | 转向中 front=0.15 目标>0.8
[INFO] [1790745240.884018917] [exploration]: v=+0.00 w=-0.50 | 转向中 front=0.13 目标>0.8
[INFO] [1790745241.084837564] [exploration]: v=+0.00 w=+0.00 | 转向完成，停稳 front=1.19
[INFO] [1790745241.184829042] [exploration]: v=+0.00 w=-0.50 | 转向，由于危险 d=0.40
[INFO] [1790745241.285532936] [exploration]: v=+0.00 w=+0.00 | 转向完成，停稳 front=1.19
[INFO] [1790745241.385465612] [exploration]: v=+0.20 w=+0.00 | 直行 d=1.19
[INFO] [1790745241.485304595] [exploration]: v=+0.20 w=+0.00 | 直行 d=1.34
[INFO] [1790745241.585839281] [exploration]: v=+0.00 w=-0.50 | 转向，由于危险 d=0.14
[INFO] [1790745241.687403506] [exploration]: v=+0.00 w=+0.00 | 转向完成，停稳 front=1.56
[INFO] [1790745241.787698351] [exploration]: v=+0.20 w=+0.00 | 直行 d=1.56
[INFO] [1790745241.987693586] [exploration]: v=+0.20 w=+0.00 | 直行 d=1.54
[INFO] [1790745242.086932880] [exploration]: v=+0.20 w=+0.00 | 直行 d=1.52
[INFO] [1790745242.187609473] [exploration]: v=+0.20 w=+0.00 | 直行 d=1.50
[INFO] [1790745242.287161665] [exploration]: v=+0.20 w=+0.00 | 直行 d=1.49
[INFO] [1790745242.387777218] [exploration]: v=+0.20 w=+0.00 | 直行 d=1.47
[INFO] [1790745242.487489656] [exploration]: v=+0.20 w=+0.00 | 直行 d=1.45
[INFO] [1790745242.588011550] [exploration]: v=+0.20 w=+0.00 | 直行 d=1.44
[INFO] [1790745242.687418522] [exploration]: v=+0.20 w=+0.00 | 直行 d=1.41
[INFO] [1790745242.787427906] [exploration]: v=+0.20 w=+0.00 | 直行 d=1.39
[INFO] [1790745242.888185466] [exploration]: v=+0.20 w=+0.00 | 直行 d=1.37
[INFO] [1790745242.987787108] [exploration]: v=+0.20 w=+0.00 | 直行 d=1.35
[INFO] [1790745243.088592215] [exploration]: v=+0.20 w=+0.00 | 直行 d=1.34
[INFO] [1790745243.188760806] [exploration]: v=+0.20 w=+0.00 | 直行 d=1.31
[INFO] [1790745243.289014653] [exploration]: v=+0.20 w=+0.00 | 直行 d=1.30
[INFO] [1790745243.389550309] [exploration]: v=+0.20 w=+0.00 | 直行 d=1.28
[INFO] [1790745243.489552845] [exploration]: v=+0.20 w=+0.00 | 直行 d=1.26
[INFO] [1790745243.588824169] [exploration]: v=+0.20 w=+0.00 | 直行 d=1.24
[INFO] [1790745243.689265446] [exploration]: v=+0.20 w=+0.00 | 直行 d=1.23
[INFO] [1790745243.789904124] [exploration]: v=+0.20 w=+0.00 | 直行 d=1.21
[INFO] [1790745243.889100758] [exploration]: v=+0.20 w=+0.00 | 直行 d=1.17
[INFO] [1790745243.989796087] [exploration]: v=+0.20 w=+0.00 | 直行 d=1.16
[INFO] [1790745244.090868027] [exploration]: v=+0.20 w=+0.00 | 直行 d=1.14
[INFO] [1790745244.191007340] [exploration]: v=+0.20 w=+0.00 | 直行 d=1.12
[INFO] [1790745244.290752769] [exploration]: v=+0.20 w=+0.00 | 直行 d=1.11
[INFO] [1790745244.390613771] [exploration]: v=+0.20 w=+0.00 | 直行 d=1.10
[INFO] [1790745244.489599809] [exploration]: v=+0.20 w=+0.00 | 直行 d=1.06
[INFO] [1790745244.590128958] [exploration]: v=+0.20 w=+0.00 | 直行 d=1.05
[INFO] [1790745244.690521475] [exploration]: v=+0.20 w=+0.00 | 直行 d=1.04
[INFO] [1790745244.791092352] [exploration]: v=+0.20 w=+0.00 | 直行 d=1.01
[INFO] [1790745244.891114757] [exploration]: v=+0.20 w=+0.00 | 直行 d=1.96
[INFO] [1790745244.991823574] [exploration]: v=+0.20 w=+0.00 | 直行 d=1.95
[INFO] [1790745245.092720000] [exploration]: v=+0.20 w=+0.00 | 直行 d=1.94
[INFO] [1790745245.192662244] [exploration]: v=+0.20 w=+0.00 | 直行 d=1.99
[INFO] [1790745245.292361643] [exploration]: v=+0.20 w=+0.00 | 直行 d=1.95
[INFO] [1790745245.391981406] [exploration]: v=+0.20 w=+0.00 | 直行 d=1.96
[INFO] [1790745245.492915925] [exploration]: v=+0.20 w=+0.00 | 直行 d=1.95
[INFO] [1790745245.593575644] [exploration]: v=+0.20 w=+0.00 | 直行 d=1.94
[INFO] [1790745245.692670988] [exploration]: v=+0.20 w=+0.00 | 直行 d=1.93
[INFO] [1790745245.792411850] [exploration]: v=+0.20 w=+0.00 | 直行 d=1.91
[INFO] [1790745245.891430788] [exploration]: v=+0.20 w=+0.00 | 直行 d=1.99
[INFO] [1790745245.992282146] [exploration]: v=+0.20 w=+0.00 | 直行 d=1.95
[INFO] [1790745246.093491970] [exploration]: v=+0.20 w=+0.00 | 直行 d=1.94
[INFO] [1790745246.193615086] [exploration]: v=+0.20 w=+0.00 | 直行 d=1.95
[INFO] [1790745246.293218886] [exploration]: v=+0.20 w=+0.00 | 直行 d=1.92
[INFO] [1790745246.493133090] [exploration]: v=+0.20 w=+0.00 | 直行 d=1.91
[INFO] [1790745246.593296373] [exploration]: v=+0.20 w=+0.00 | 直行 d=1.88
[INFO] [1790745246.695178797] [exploration]: v=+0.20 w=+0.00 | 直行 d=1.89
[INFO] [1790745246.795026573] [exploration]: v=+0.20 w=+0.00 | 直行 d=1.88
[INFO] [1790745246.894175761] [exploration]: v=+0.20 w=+0.00 | 直行 d=1.89
[INFO] [1790745246.994145335] [exploration]: v=+0.20 w=+0.00 | 直行 d=1.85
[INFO] [1790745247.094784501] [exploration]: v=+0.20 w=+0.00 | 直行 d=1.86
[INFO] [1790745247.194746691] [exploration]: v=+0.20 w=+0.00 | 直行 d=1.84
[INFO] [1790745247.294926707] [exploration]: v=+0.20 w=+0.00 | 直行 d=1.82
[INFO] [1790745247.395459816] [exploration]: v=+0.20 w=+0.00 | 直行 d=1.87
[INFO] [1790745247.495583381] [exploration]: v=+0.20 w=+0.00 | 直行 d=1.85
[INFO] [1790745247.596623094] [exploration]: v=+0.20 w=+0.00 | 直行 d=1.93
[INFO] [1790745247.697567320] [exploration]: v=+0.20 w=+0.00 | 直行 d=1.90
[INFO] [1790745247.796470478] [exploration]: v=+0.20 w=+0.00 | 直行 d=1.88
[INFO] [1790745247.896269447] [exploration]: v=+0.20 w=+0.00 | 直行 d=1.90
[INFO] [1790745247.995785182] [exploration]: v=+0.20 w=+0.00 | 直行 d=1.87
[INFO] [1790745248.095842736] [exploration]: v=+0.20 w=+0.00 | 直行 d=1.85
[INFO] [1790745248.296709770] [exploration]: v=+0.20 w=+0.00 | 直行 d=1.84
[INFO] [1790745248.396111150] [exploration]: v=+0.20 w=+0.00 | 直行 d=1.85
[INFO] [1790745248.498114604] [exploration]: v=+0.20 w=+0.00 | 直行 d=1.84
[INFO] [1790745248.597412212] [exploration]: v=+0.20 w=+0.00 | 直行 d=1.81
[INFO] [1790745248.697405392] [exploration]: v=+0.20 w=+0.00 | 直行 d=1.79
[INFO] [1790745248.896981062] [exploration]: v=+0.20 w=+0.00 | 直行 d=1.77
[INFO] [1790745248.997590320] [exploration]: v=+0.20 w=+0.00 | 直行 d=1.76
[INFO] [1790745249.097257105] [exploration]: v=+0.20 w=+0.00 | 直行 d=1.75
[INFO] [1790745249.196979062] [exploration]: v=+0.20 w=+0.00 | 直行 d=1.72
[INFO] [1790745249.298049687] [exploration]: v=+0.20 w=+0.00 | 直行 d=1.74
[INFO] [1790745249.398415628] [exploration]: v=+0.20 w=+0.00 | 直行 d=1.73
[INFO] [1790745249.497823816] [exploration]: v=+0.20 w=+0.00 | 直行 d=1.71
[INFO] [1790745249.598073215] [exploration]: v=+0.20 w=+0.00 | 直行 d=1.70
[INFO] [1790745249.698282331] [exploration]: v=+0.20 w=+0.00 | 直行 d=1.67
[INFO] [1790745249.798642885] [exploration]: v=+0.20 w=+0.00 | 直行 d=1.66
[INFO] [1790745249.997920583] [exploration]: v=+0.20 w=+0.00 | 直行 d=1.64
[INFO] [1790745250.099399714] [exploration]: v=+0.20 w=+0.00 | 直行 d=1.63
[INFO] [1790745250.199095809] [exploration]: v=+0.20 w=+0.00 | 直行 d=1.64
[INFO] [1790745250.299144248] [exploration]: v=+0.20 w=+0.00 | 直行 d=1.59
[INFO] [1790745250.400262687] [exploration]: v=+0.20 w=+0.00 | 直行 d=1.60
[INFO] [1790745250.499724229] [exploration]: v=+0.20 w=+0.00 | 直行 d=1.58
[INFO] [1790745250.700177055] [exploration]: v=+0.20 w=+0.00 | 直行 d=1.57
[INFO] [1790745250.800797718] [exploration]: v=+0.20 w=+0.00 | 直行 d=1.54
[INFO] [1790745250.901072571] [exploration]: v=+0.20 w=+0.00 | 直行 d=1.55
[INFO] [1790745251.000723226] [exploration]: v=+0.20 w=+0.00 | 直行 d=1.52
[INFO] [1790745251.201166799] [exploration]: v=+0.20 w=+0.00 | 直行 d=1.49
[INFO] [1790745251.301255974] [exploration]: v=+0.20 w=+0.00 | 直行 d=1.51
[INFO] [1790745251.401536178] [exploration]: v=+0.20 w=+0.00 | 直行 d=1.49
[INFO] [1790745251.501769186] [exploration]: v=+0.20 w=+0.00 | 直行 d=1.46
[INFO] [1790745251.702676770] [exploration]: v=+0.20 w=+0.00 | 直行 d=1.45
[INFO] [1790745251.801761135] [exploration]: v=+0.20 w=+0.00 | 直行 d=1.43
[INFO] [1790745251.901397341] [exploration]: v=+0.20 w=+0.00 | 直行 d=1.41
[INFO] [1790745252.001273154] [exploration]: v=+0.20 w=+0.00 | 直行 d=1.42
[INFO] [1790745252.102817745] [exploration]: v=+0.20 w=+0.00 | 直行 d=1.38
[INFO] [1790745252.201943986] [exploration]: v=+0.20 w=+0.00 | 直行 d=1.40
[INFO] [1790745252.301548420] [exploration]: v=+0.20 w=+0.00 | 直行 d=1.38
[INFO] [1790745252.402305149] [exploration]: v=+0.20 w=+0.00 | 直行 d=1.35
[INFO] [1790745252.603101383] [exploration]: v=+0.20 w=+0.00 | 直行 d=1.33
[INFO] [1790745252.702615939] [exploration]: v=+0.20 w=+0.00 | 直行 d=1.35
[INFO] [1790745252.802872799] [exploration]: v=+0.20 w=+0.00 | 直行 d=1.33
[INFO] [1790745252.903424461] [exploration]: v=+0.20 w=+0.00 | 直行 d=1.31
[INFO] [1790745253.003075671] [exploration]: v=+0.20 w=+0.00 | 直行 d=1.30
[INFO] [1790745253.204870702] [exploration]: v=+0.20 w=+0.00 | 直行 d=1.28
[INFO] [1790745253.303603659] [exploration]: v=+0.20 w=+0.00 | 直行 d=1.27
[INFO] [1790745253.503966380] [exploration]: v=+0.20 w=+0.00 | 直行 d=1.25
[INFO] [1790745253.603520823] [exploration]: v=+0.20 w=+0.00 | 直行 d=1.23
[INFO] [1790745253.803987552] [exploration]: v=+0.20 w=+0.00 | 直行 d=1.20
[INFO] [1790745253.903965109] [exploration]: v=+0.20 w=+0.00 | 直行 d=1.21
[INFO] [1790745254.003640946] [exploration]: v=+0.20 w=+0.00 | 直行 d=1.20
[INFO] [1790745254.105106500] [exploration]: v=+0.20 w=+0.00 | 直行 d=1.18
[INFO] [1790745254.204418647] [exploration]: v=+0.20 w=+0.00 | 直行 d=1.17
[INFO] [1790745254.305300042] [exploration]: v=+0.20 w=+0.00 | 直行 d=1.16
[INFO] [1790745254.404319791] [exploration]: v=+0.20 w=+0.00 | 直行 d=1.13
[INFO] [1790745254.604309524] [exploration]: v=+0.20 w=+0.00 | 直行 d=1.11
[INFO] [1790745254.705257158] [exploration]: v=+0.20 w=+0.00 | 直行 d=1.09
[INFO] [1790745254.905562576] [exploration]: v=+0.20 w=+0.00 | 直行 d=1.07
[INFO] [1790745255.005136035] [exploration]: v=+0.20 w=+0.00 | 直行 d=1.06
[INFO] [1790745255.305886706] [exploration]: v=+0.20 w=+0.00 | 直行 d=1.02
[INFO] [1790745255.406289748] [exploration]: v=+0.20 w=+0.00 | 直行 d=1.03
[INFO] [1790745255.505889845] [exploration]: v=+0.20 w=+0.00 | 直行 d=1.01
[INFO] [1790745255.706694943] [exploration]: v=+0.20 w=+0.00 | 直行 d=0.97
[INFO] [1790745255.805395139] [exploration]: v=+0.20 w=+0.00 | 直行 d=0.98
[INFO] [1790745255.905582064] [exploration]: v=+0.20 w=+0.00 | 直行 d=0.97
[INFO] [1790745256.106705571] [exploration]: v=+0.20 w=+0.00 | 直行 d=0.93
[INFO] [1790745256.205285081] [exploration]: v=+0.20 w=+0.00 | 直行 d=0.95
[INFO] [1790745256.306405357] [exploration]: v=+0.20 w=+0.00 | 直行 d=0.93
[INFO] [1790745256.407633867] [exploration]: v=+0.20 w=+0.00 | 直行 d=0.90
[INFO] [1790745256.607422908] [exploration]: v=+0.20 w=+0.00 | 直行 d=0.89
[INFO] [1790745256.707220221] [exploration]: v=+0.20 w=+0.00 | 直行 d=0.88
[INFO] [1790745256.808052204] [exploration]: v=+0.20 w=+0.00 | 直行 d=0.89
[INFO] [1790745256.909132233] [exploration]: v=+0.20 w=+0.00 | 直行 d=0.86
[INFO] [1790745257.008124036] [exploration]: v=+0.20 w=+0.00 | 直行 d=0.84
[INFO] [1790745257.107065965] [exploration]: v=+0.20 w=+0.00 | 直行 d=0.82
[INFO] [1790745257.208685808] [exploration]: v=+0.20 w=+0.00 | 直行 d=0.81
[INFO] [1790745257.409743279] [exploration]: v=+0.09 w=+0.00 | 减速 d=0.79
[INFO] [1790745257.508240942] [exploration]: v=+0.00 w=-0.50 | 转向，由于危险 d=0.14
[INFO] [1790745257.608883985] [exploration]: v=+0.00 w=-0.50 | 转向中 front=0.71 目标>0.8
[INFO] [1790745257.710419869] [exploration]: v=+0.00 w=-0.50 | 转向中 front=0.14 目标>0.8
[INFO] [1790745257.809596781] [exploration]: v=+0.00 w=+0.00 | 转向完成，停稳 front=0.85
[INFO] [1790745257.908937909] [exploration]: v=+0.00 w=-0.50 | 转向，由于危险 d=0.15
[INFO] [1790745258.008993975] [exploration]: v=+0.00 w=-0.50 | 转向中 front=0.13 目标>0.8
[INFO] [1790745258.109407817] [exploration]: v=+0.00 w=+0.00 | 转向完成，停稳 front=1.34
[INFO] [1790745258.210765737] [exploration]: v=+0.00 w=-0.50 | 转向，由于危险 d=0.13
[INFO] [1790745258.310221327] [exploration]: v=+0.00 w=+0.00 | 转向完成，停稳 front=1.50
[INFO] [1790745258.410732035] [exploration]: v=+0.20 w=+0.00 | 直行 d=1.51
[INFO] [1790745258.610999168] [exploration]: v=+0.20 w=+0.00 | 直行 d=1.50
[INFO] [1790745258.711224631] [exploration]: v=+0.20 w=+0.00 | 直行 d=1.48
[INFO] [1790745258.810582878] [exploration]: v=+0.20 w=+0.00 | 直行 d=1.45
[INFO] [1790745258.911504704] [exploration]: v=+0.20 w=+0.00 | 直行 d=1.43
[INFO] [1790745259.011090446] [exploration]: v=+0.20 w=+0.00 | 直行 d=1.42
[INFO] [1790745259.111060463] [exploration]: v=+0.20 w=+0.00 | 直行 d=1.40
[INFO] [1790745259.211429501] [exploration]: v=+0.20 w=+0.00 | 直行 d=1.38
[INFO] [1790745259.311799886] [exploration]: v=+0.20 w=+0.00 | 直行 d=1.36
[INFO] [1790745259.411977962] [exploration]: v=+0.20 w=+0.00 | 直行 d=1.34
[INFO] [1790745259.511904433] [exploration]: v=+0.20 w=+0.00 | 直行 d=1.32
[INFO] [1790745259.611513774] [exploration]: v=+0.20 w=+0.00 | 直行 d=1.30
[INFO] [1790745259.712716280] [exploration]: v=+0.20 w=+0.00 | 直行 d=1.27
[INFO] [1790745259.811510624] [exploration]: v=+0.20 w=+0.00 | 直行 d=1.26
[INFO] [1790745259.912300958] [exploration]: v=+0.20 w=+0.00 | 直行 d=1.24
[INFO] [1790745260.012063297] [exploration]: v=+0.20 w=+0.00 | 直行 d=1.22
[INFO] [1790745260.113609396] [exploration]: v=+0.20 w=+0.00 | 直行 d=1.20
[INFO] [1790745260.212496955] [exploration]: v=+0.20 w=+0.00 | 直行 d=1.18
[INFO] [1790745260.314017378] [exploration]: v=+0.20 w=+0.00 | 直行 d=1.16
[INFO] [1790745260.413816002] [exploration]: v=+0.20 w=+0.00 | 直行 d=1.14
[INFO] [1790745260.513742624] [exploration]: v=+0.20 w=+0.00 | 直行 d=1.12
[INFO] [1790745260.613862810] [exploration]: v=+0.20 w=+0.00 | 直行 d=1.10
[INFO] [1790745260.713473698] [exploration]: v=+0.20 w=+0.00 | 直行 d=1.08
[INFO] [1790745260.813647337] [exploration]: v=+0.20 w=+0.00 | 直行 d=1.06
[INFO] [1790745260.912827916] [exploration]: v=+0.20 w=+0.00 | 直行 d=1.04
[INFO] [1790745261.013820197] [exploration]: v=+0.20 w=+0.00 | 直行 d=1.02
[INFO] [1790745261.112744055] [exploration]: v=+0.20 w=+0.00 | 直行 d=0.99
[INFO] [1790745261.213888424] [exploration]: v=+0.20 w=+0.00 | 直行 d=0.98
[INFO] [1790745261.313524577] [exploration]: v=+0.20 w=+0.00 | 直行 d=0.96
[INFO] [1790745261.413484236] [exploration]: v=+0.20 w=+0.00 | 直行 d=0.94
[INFO] [1790745261.513983469] [exploration]: v=+0.20 w=+0.00 | 直行 d=0.92
[INFO] [1790745261.614995032] [exploration]: v=+0.20 w=+0.00 | 直行 d=0.90
[INFO] [1790745261.714815665] [exploration]: v=+0.20 w=+0.00 | 直行 d=0.87
[INFO] [1790745261.815397955] [exploration]: v=+0.20 w=+0.00 | 直行 d=0.85
[INFO] [1790745261.914124127] [exploration]: v=+0.20 w=+0.00 | 直行 d=0.84
[INFO] [1790745262.014533482] [exploration]: v=+0.20 w=+0.00 | 直行 d=0.81
[INFO] [1790745262.115380253] [exploration]: v=+0.20 w=+0.00 | 直行 d=0.80
[INFO] [1790745262.215558741] [exploration]: v=+0.08 w=+0.00 | 减速 d=0.77
[INFO] [1790745262.315397605] [exploration]: v=+0.00 w=-0.50 | 转向，由于危险 d=0.16
[INFO] [1790745262.416109385] [exploration]: v=+0.00 w=-0.50 | 转向中 front=0.16 目标>0.8
[INFO] [1790745262.516918953] [exploration]: v=+0.00 w=-0.50 | 转向中 front=0.74 目标>0.8
[INFO] [1790745262.617077592] [exploration]: v=+0.00 w=-0.50 | 转向中 front=0.13 目标>0.8
[INFO] [1790745262.716651289] [exploration]: v=+0.00 w=-0.50 | 转向中 front=0.14 目标>0.8
[INFO] [1790745262.818318899] [exploration]: v=+0.00 w=-0.50 | 转向中 front=0.75 目标>0.8
[INFO] [1790745262.917395993] [exploration]: v=+0.00 w=-0.50 | 转向中 front=0.14 目标>0.8
[INFO] [1790745263.018127752] [exploration]: v=+0.00 w=-0.50 | 转向中 front=0.76 目标>0.8
[INFO] [1790745263.117079562] [exploration]: v=+0.00 w=-0.50 | 转向中 front=0.75 目标>0.8
[INFO] [1790745263.216854430] [exploration]: v=+0.00 w=-0.50 | 转向中 front=0.13 目标>0.8
[INFO] [1790745263.317945470] [exploration]: v=+0.00 w=-0.50 | 转向中 front=0.76 目标>0.8
[INFO] [1790745263.417529366] [exploration]: v=+0.00 w=-0.50 | 转向中 front=0.78 目标>0.8
[INFO] [1790745263.517908254] [exploration]: v=+0.00 w=-0.50 | 转向中 front=0.79 目标>0.8
[INFO] [1790745263.617466527] [exploration]: v=+0.00 w=+0.00 | 转向完成，停稳 front=0.81
[INFO] [1790745263.717559613] [exploration]: v=+0.20 w=+0.00 | 直行 d=0.82
[INFO] [1790745263.818740130] [exploration]: v=+0.20 w=+0.00 | 直行 d=0.81
[INFO] [1790745263.917955953] [exploration]: v=+0.20 w=+0.00 | 直行 d=0.80
[INFO] [1790745264.018649010] [exploration]: v=+0.09 w=+0.00 | 减速 d=0.79
[INFO] [1790745264.119249021] [exploration]: v=+0.00 w=-0.50 | 转向，由于危险 d=0.14
[INFO] [1790745264.219428703] [exploration]: v=+0.00 w=-0.50 | 转向中 front=0.74 目标>0.8
[INFO] [1790745264.319641792] [exploration]: v=+0.00 w=-0.50 | 转向中 front=0.13 目标>0.8
[INFO] [1790745264.419106728] [exploration]: v=+0.00 w=-0.50 | 转向中 front=0.78 目标>0.8
[INFO] [1790745264.519437896] [exploration]: v=+0.00 w=-0.50 | 转向中 front=0.14 目标>0.8
[INFO] [1790745264.619528768] [exploration]: v=+0.00 w=+0.00 | 转向完成，停稳 front=0.84
[INFO] [1790745264.719500879] [exploration]: v=+0.20 w=+0.00 | 直行 d=0.84
[INFO] [1790745264.919727268] [exploration]: v=+0.20 w=+0.00 | 直行 d=0.83
[INFO] [1790745265.019800330] [exploration]: v=+0.20 w=+0.00 | 直行 d=0.82
[INFO] [1790745265.120633152] [exploration]: v=+0.09 w=+0.00 | 减速 d=0.80
[INFO] [1790745265.220804155] [exploration]: v=+0.00 w=-0.50 | 转向，由于危险 d=0.40
[INFO] [1790745265.320892801] [exploration]: v=+0.00 w=-0.50 | 转向中 front=0.13 目标>0.8
[INFO] [1790745265.521049341] [exploration]: v=+0.00 w=+0.00 | 转向完成，停稳 front=0.81
[INFO] [1790745265.620709959] [exploration]: v=+0.20 w=+0.00 | 直行 d=0.84
[INFO] [1790745265.721305199] [exploration]: v=+0.00 w=-0.50 | 转向，由于危险 d=0.14
[INFO] [1790745265.822012461] [exploration]: v=+0.00 w=-0.50 | 转向中 front=0.13 目标>0.8
[INFO] [1790745265.920742459] [exploration]: v=+0.00 w=+0.00 | 转向完成，停稳 front=0.85
[INFO] [1790745266.020936675] [exploration]: v=+0.00 w=-0.50 | 转向，由于危险 d=0.14
[INFO] [1790745266.122002447] [exploration]: v=+0.00 w=-0.50 | 转向中 front=0.13 目标>0.8
[INFO] [1790745266.321796228] [exploration]: v=+0.00 w=-0.50 | 转向中 front=0.14 目标>0.8
[INFO] [1790745266.422324923] [exploration]: v=+0.00 w=-0.50 | 转向中 front=0.15 目标>0.8
[INFO] [1790745266.522768201] [exploration]: v=+0.00 w=-0.50 | 转向中 front=0.14 目标>0.8
[INFO] [1790745266.624892579] [exploration]: v=+0.00 w=+0.00 | 转向完成，停稳 front=0.87
[INFO] [1790745266.724464134] [exploration]: v=+0.00 w=-0.50 | 转向，由于危险 d=0.40
[INFO] [1790745266.823644532] [exploration]: v=+0.00 w=+0.00 | 转向完成，停稳 front=0.87
[INFO] [1790745266.924120143] [exploration]: v=+0.20 w=+0.00 | 直行 d=0.88
[INFO] [1790745267.024125893] [exploration]: v=+0.00 w=-0.50 | 转向，由于危险 d=0.14
[INFO] [1790745267.123338625] [exploration]: v=+0.00 w=-0.50 | 转向中 front=0.15 目标>0.8
[INFO] [1790745267.223513297] [exploration]: v=+0.00 w=-0.50 | 转向中 front=0.14 目标>0.8
[INFO] [1790745267.323904071] [exploration]: v=+0.00 w=-0.50 | 转向中 front=0.13 目标>0.8
[INFO] [1790745267.423613599] [exploration]: v=+0.00 w=+0.00 | 转向完成，停稳 front=0.96
[INFO] [1790745267.523891602] [exploration]: v=+0.20 w=+0.00 | 直行 d=0.88
[INFO] [1790745267.624425065] [exploration]: v=+0.20 w=+0.00 | 直行 d=1.01
[INFO] [1790745267.723031267] [exploration]: v=+0.00 w=-0.50 | 转向，由于危险 d=0.14
[INFO] [1790745267.824896882] [exploration]: v=+0.00 w=+0.00 | 转向完成，停稳 front=1.53
[INFO] [1790745267.923807769] [exploration]: v=+0.00 w=-0.50 | 转向，由于危险 d=0.40
[INFO] [1790745268.023937194] [exploration]: v=+0.00 w=-0.50 | 转向中 front=0.14 目标>0.8
[INFO] [1790745268.124023042] [exploration]: v=+0.00 w=-0.50 | 转向中 front=0.13 目标>0.8
[INFO] [1790745268.224797769] [exploration]: v=+0.00 w=+0.00 | 转向完成，停稳 front=1.11
[INFO] [1790745268.324436120] [exploration]: v=+0.20 w=+0.00 | 直行 d=1.34
[INFO] [1790745268.424448134] [exploration]: v=+0.00 w=-0.50 | 转向，由于危险 d=0.14
[INFO] [1790745268.524621183] [exploration]: v=+0.00 w=-0.50 | 转向中 front=0.15 目标>0.8
[INFO] [1790745268.625211405] [exploration]: v=+0.00 w=-0.50 | 转向中 front=0.14 目标>0.8
[INFO] [1790745268.825974654] [exploration]: v=+0.00 w=+0.00 | 转向完成，停稳 front=1.50
[INFO] [1790745268.926563012] [exploration]: v=+0.20 w=+0.00 | 直行 d=1.51
[INFO] [1790745269.026382594] [exploration]: v=+0.00 w=-0.50 | 转向，由于危险 d=0.14
[INFO] [1790745269.126422971] [exploration]: v=+0.00 w=+0.00 | 转向完成，停稳 front=1.51
[INFO] [1790745269.226044149] [exploration]: v=+0.00 w=-0.50 | 转向，由于危险 d=0.13
[INFO] [1790745269.325725030] [exploration]: v=+0.00 w=-0.50 | 转向中 front=0.13 目标>0.8
[INFO] [1790745269.426802908] [exploration]: v=+0.00 w=+0.00 | 转向完成，停稳 front=1.51
[INFO] [1790745269.526221665] [exploration]: v=+0.00 w=+0.50 | 转向，由于危险 d=0.40
[INFO] [1790745269.626537728] [exploration]: v=+0.00 w=+0.50 | 转向中 front=0.13 目标>0.8
[INFO] [1790745269.725803548] [exploration]: v=+0.00 w=+0.00 | 转向完成，停稳 front=0.87
[INFO] [1790745269.826714277] [exploration]: v=+0.00 w=+0.50 | 转向，由于危险 d=0.14
[INFO] [1790745269.926615713] [exploration]: v=+0.00 w=+0.50 | 转向中 front=0.13 目标>0.8
[INFO] [1790745270.027142737] [exploration]: v=+0.00 w=+0.00 | 转向完成，停稳 front=0.86
[INFO] [1790745270.127026348] [exploration]: v=+0.00 w=+0.50 | 转向，由于危险 d=0.13
[INFO] [1790745270.227161570] [exploration]: v=+0.00 w=+0.00 | 转向完成，停稳 front=0.87
[INFO] [1790745270.327898922] [exploration]: v=+0.00 w=+0.50 | 转向，由于危险 d=0.13
[INFO] [1790745270.428344953] [exploration]: v=+0.00 w=+0.50 | 转向中 front=0.14 目标>0.8
[INFO] [1790745270.528806762] [exploration]: v=+0.00 w=+0.50 | 转向中 front=0.13 目标>0.8
[INFO] [1790745270.628041998] [exploration]: v=+0.00 w=+0.00 | 转向完成，停稳 front=0.86
[INFO] [1790745270.728387239] [exploration]: v=-0.08 w=+0.00 | 卡死：3.0s 内位移 < 0.05m，倒退脱困
[INFO] [1790745270.828230673] [exploration]: v=-0.08 w=+0.00 | 脱困：倒退
[INFO] [1790745272.731979924] [exploration]: v=+0.00 w=+0.00 | 脱困完成，停稳
[INFO] [1790745272.833015033] [exploration]: v=+0.20 w=+0.00 | 直行 d=0.98
[INFO] [1790745272.933729009] [exploration]: v=+0.00 w=+0.50 | 转向，由于危险 d=0.13
[INFO] [1790745273.032339357] [exploration]: v=+0.00 w=+0.50 | 转向中 front=0.14 目标>0.8
[INFO] [1790745273.131891359] [exploration]: v=+0.00 w=+0.50 | 转向中 front=0.13 目标>0.8
[INFO] [1790745273.232961503] [exploration]: v=+0.00 w=+0.50 | 转向中 front=0.14 目标>0.8
[INFO] [1790745273.333163608] [exploration]: v=+0.00 w=+0.00 | 转向完成，停稳 front=1.62
[INFO] [1790745273.432863232] [exploration]: v=+0.00 w=-0.50 | 转向，由于危险 d=0.16
[INFO] [1790745273.533043276] [exploration]: v=+0.00 w=-0.50 | 转向中 front=0.13 目标>0.8
[INFO] [1790745273.633680500] [exploration]: v=+0.00 w=+0.00 | 转向完成，停稳 front=1.63
[INFO] [1790745273.733384785] [exploration]: v=+0.20 w=+0.00 | 直行 d=1.64
[INFO] [1790745273.932926192] [exploration]: v=+0.20 w=+0.00 | 直行 d=1.63
[INFO] [1790745274.033188534] [exploration]: v=+0.20 w=+0.00 | 直行 d=1.61
[INFO] [1790745274.133101360] [exploration]: v=+0.20 w=+0.00 | 直行 d=1.59
[INFO] [1790745274.233752159] [exploration]: v=+0.20 w=+0.00 | 直行 d=1.57
[INFO] [1790745274.332892932] [exploration]: v=+0.20 w=+0.00 | 直行 d=1.55
[INFO] [1790745274.433573676] [exploration]: v=+0.20 w=+0.00 | 直行 d=1.53
[INFO] [1790745274.534462700] [exploration]: v=+0.20 w=+0.00 | 直行 d=1.51
[INFO] [1790745274.634678913] [exploration]: v=+0.20 w=+0.00 | 直行 d=1.49
[INFO] [1790745274.735167195] [exploration]: v=+0.20 w=+0.00 | 直行 d=1.47
[INFO] [1790745274.834148877] [exploration]: v=+0.20 w=+0.00 | 直行 d=1.45
[INFO] [1790745274.934651759] [exploration]: v=+0.20 w=+0.00 | 直行 d=1.43
[INFO] [1790745275.034483428] [exploration]: v=+0.20 w=+0.00 | 直行 d=1.41
[INFO] [1790745275.135009172] [exploration]: v=+0.20 w=+0.00 | 直行 d=1.39
[INFO] [1790745275.235667567] [exploration]: v=+0.20 w=+0.00 | 直行 d=1.37
[INFO] [1790745275.336036902] [exploration]: v=+0.20 w=+0.00 | 直行 d=1.35
[INFO] [1790745275.435392853] [exploration]: v=+0.20 w=+0.00 | 直行 d=1.33
[INFO] [1790745275.535716750] [exploration]: v=+0.20 w=+0.00 | 直行 d=1.31
[INFO] [1790745275.636096834] [exploration]: v=+0.20 w=+0.00 | 直行 d=1.29
[INFO] [1790745275.735574403] [exploration]: v=+0.20 w=+0.00 | 直行 d=1.27
[INFO] [1790745275.835467113] [exploration]: v=+0.20 w=+0.00 | 直行 d=1.25
[INFO] [1790745275.935421708] [exploration]: v=+0.20 w=+0.00 | 直行 d=1.23
[INFO] [1790745276.036021990] [exploration]: v=+0.20 w=+0.00 | 直行 d=1.21
[INFO] [1790745276.136180096] [exploration]: v=+0.20 w=+0.00 | 直行 d=1.19
[INFO] [1790745276.236025924] [exploration]: v=+0.20 w=+0.00 | 直行 d=1.17
[INFO] [1790745276.337378325] [exploration]: v=+0.20 w=+0.00 | 直行 d=1.15
[INFO] [1790745276.436611003] [exploration]: v=+0.20 w=+0.00 | 直行 d=1.13
[INFO] [1790745276.537137475] [exploration]: v=+0.20 w=+0.00 | 直行 d=1.11
[INFO] [1790745276.636305471] [exploration]: v=+0.20 w=+0.00 | 直行 d=1.09
[INFO] [1790745276.736539870] [exploration]: v=+0.20 w=+0.00 | 直行 d=1.07
[INFO] [1790745276.836776720] [exploration]: v=+0.20 w=+0.00 | 直行 d=1.05
[INFO] [1790745276.936913051] [exploration]: v=+0.20 w=+0.00 | 直行 d=1.03
[INFO] [1790745277.038039471] [exploration]: v=+0.20 w=+0.00 | 直行 d=1.00
[INFO] [1790745277.137569134] [exploration]: v=+0.20 w=+0.00 | 直行 d=0.99
[INFO] [1790745277.237788957] [exploration]: v=+0.20 w=+0.00 | 直行 d=0.97
[INFO] [1790745277.338120886] [exploration]: v=+0.20 w=+0.00 | 直行 d=0.95
[INFO] [1790745277.436905263] [exploration]: v=+0.20 w=+0.00 | 直行 d=0.93
[INFO] [1790745277.539248188] [exploration]: v=+0.20 w=+0.00 | 直行 d=0.91
[INFO] [1790745277.638590197] [exploration]: v=+0.20 w=+0.00 | 直行 d=0.89
[INFO] [1790745277.738605343] [exploration]: v=+0.20 w=+0.00 | 直行 d=0.88
[INFO] [1790745277.838541880] [exploration]: v=+0.20 w=+0.00 | 直行 d=0.85
[INFO] [1790745277.938438564] [exploration]: v=+0.20 w=+0.00 | 直行 d=0.83
[INFO] [1790745278.039352930] [exploration]: v=+0.20 w=+0.00 | 直行 d=0.81
[INFO] [1790745278.138197563] [exploration]: v=+0.09 w=+0.00 | 减速 d=0.79
[INFO] [1790745278.239657191] [exploration]: v=+0.00 w=-0.50 | 转向，由于危险 d=0.40
[INFO] [1790745278.340013239] [exploration]: v=+0.00 w=-0.50 | 转向中 front=0.14 目标>0.8
[INFO] [1790745278.440360731] [exploration]: v=+0.00 w=-0.50 | 转向中 front=0.76 目标>0.8
[INFO] [1790745278.539814586] [exploration]: v=+0.00 w=-0.50 | 转向中 front=0.15 目标>0.8
[INFO] [1790745278.641388850] [exploration]: v=+0.00 w=-0.50 | 转向中 front=0.14 目标>0.8
[INFO] [1790745278.740653689] [exploration]: v=+0.00 w=-0.50 | 转向中 front=0.15 目标>0.8
[INFO] [1790745278.840678234] [exploration]: v=+0.00 w=-0.50 | 转向中 front=0.14 目标>0.8
[INFO] [1790745278.941082846] [exploration]: v=+0.00 w=-0.50 | 转向中 front=0.76 目标>0.8
[INFO] [1790745279.041402164] [exploration]: v=+0.00 w=-0.50 | 转向中 front=0.14 目标>0.8
[INFO] [1790745279.141112755] [exploration]: v=+0.00 w=-0.50 | 转向中 front=0.77 目标>0.8
[INFO] [1790745279.240894866] [exploration]: v=+0.00 w=-0.50 | 转向中 front=0.78 目标>0.8
[INFO] [1790745279.341210836] [exploration]: v=+0.00 w=-0.50 | 转向中 front=0.79 目标>0.8
[INFO] [1790745279.541410808] [exploration]: v=+0.00 w=+0.00 | 转向完成，停稳 front=0.81
[INFO] [1790745279.641607636] [exploration]: v=+0.20 w=+0.00 | 直行 d=0.82
[INFO] [1790745279.841926250] [exploration]: v=+0.09 w=+0.00 | 减速 d=0.80
[INFO] [1790745279.941730026] [exploration]: v=+0.00 w=-0.50 | 转向，由于危险 d=0.14
[INFO] [1790745280.042151826] [exploration]: v=+0.00 w=-0.50 | 转向中 front=0.14 目标>0.8
[INFO] [1790745280.242880712] [exploration]: v=+0.00 w=-0.50 | 转向中 front=0.78 目标>0.8
[INFO] [1790745280.342539102] [exploration]: v=+0.00 w=-0.50 | 转向中 front=0.15 目标>0.8
[INFO] [1790745280.441751707] [exploration]: v=+0.00 w=-0.50 | 转向中 front=0.13 目标>0.8
[INFO] [1790745280.542418064] [exploration]: v=+0.00 w=+0.00 | 转向完成，停稳 front=0.87
[INFO] [1790745280.642180469] [exploration]: v=+0.20 w=+0.00 | 直行 d=0.89
[INFO] [1790745280.842828411] [exploration]: v=+0.20 w=+0.00 | 直行 d=0.88
[INFO] [1790745280.942803981] [exploration]: v=+0.20 w=+0.00 | 直行 d=0.84
[INFO] [1790745281.043204999] [exploration]: v=+0.20 w=+0.00 | 直行 d=0.85
[INFO] [1790745281.144557573] [exploration]: v=+0.20 w=+0.00 | 直行 d=0.82
[INFO] [1790745281.245205854] [exploration]: v=+0.20 w=+0.00 | 直行 d=0.81
[INFO] [1790745281.344462328] [exploration]: v=+0.09 w=+0.00 | 减速 d=0.80
[INFO] [1790745281.444087618] [exploration]: v=+0.00 w=+0.50 | 转向，由于危险 d=0.13
[INFO] [1790745281.543451349] [exploration]: v=+0.00 w=+0.50 | 转向中 front=0.72 目标>0.8
[INFO] [1790745281.644088172] [exploration]: v=+0.00 w=+0.50 | 转向中 front=0.14 目标>0.8
[INFO] [1790745281.744625719] [exploration]: v=+0.00 w=+0.50 | 转向中 front=0.15 目标>0.8
[INFO] [1790745281.844180654] [exploration]: v=+0.00 w=+0.50 | 转向中 front=0.68 目标>0.8
[INFO] [1790745281.943829658] [exploration]: v=+0.00 w=+0.50 | 转向中 front=0.14 目标>0.8
[INFO] [1790745282.143847297] [exploration]: v=+0.00 w=+0.50 | 转向中 front=0.67 目标>0.8
[INFO] [1790745282.244360161] [exploration]: v=+0.00 w=+0.50 | 转向中 front=0.65 目标>0.8
[INFO] [1790745282.344159343] [exploration]: v=+0.00 w=+0.50 | 转向中 front=0.66 目标>0.8
[INFO] [1790745282.444774560] [exploration]: v=+0.00 w=+0.50 | 转向中 front=0.65 目标>0.8
[INFO] [1790745282.544136395] [exploration]: v=+0.00 w=+0.50 | 转向中 front=0.64 目标>0.8
[INFO] [1790745282.845741668] [exploration]: v=+0.00 w=+0.50 | 转向中 front=0.63 目标>0.8
[INFO] [1790745283.047140112] [exploration]: v=+0.00 w=+0.50 | 转向中 front=0.64 目标>0.8
[INFO] [1790745283.146565314] [exploration]: v=+0.00 w=+0.50 | 转向中 front=0.63 目标>0.8
[INFO] [1790745283.546903819] [exploration]: v=+0.00 w=+0.50 | 转向中 front=0.64 目标>0.8
[INFO] [1790745283.648001588] [exploration]: v=+0.00 w=+0.50 | 转向中 front=0.65 目标>0.8
[INFO] [1790745283.848303040] [exploration]: v=+0.00 w=+0.50 | 转向中 front=0.64 目标>0.8
[INFO] [1790745283.947267746] [exploration]: v=+0.00 w=+0.50 | 转向中 front=0.65 目标>0.8
[INFO] [1790745284.048339280] [exploration]: v=+0.00 w=+0.50 | 转向中 front=0.66 目标>0.8
[INFO] [1790745284.148268553] [exploration]: v=+0.00 w=+0.50 | 转向中 front=0.67 目标>0.8
[INFO] [1790745284.248281881] [exploration]: v=-0.08 w=+0.00 | 卡死：3.0s 内位移 < 0.05m，倒退脱困
[INFO] [1790745284.348573911] [exploration]: v=-0.08 w=+0.00 | 脱困：倒退
[INFO] [1790745286.250104062] [exploration]: v=+0.00 w=+0.00 | 脱困完成，停稳
[INFO] [1790745286.350504325] [exploration]: v=+0.00 w=+0.50 | 转向中 front=0.15 目标>0.8
[INFO] [1790745286.450421966] [exploration]: v=+0.00 w=+0.50 | 转向中 front=0.13 目标>0.8
[INFO] [1790745286.550783140] [exploration]: v=+0.00 w=+0.50 | 转向中 front=0.14 目标>0.8
[INFO] [1790745286.650532520] [exploration]: v=+0.00 w=+0.50 | 转向中 front=0.13 目标>0.8
[INFO] [1790745286.751633513] [exploration]: v=+0.00 w=+0.00 | 转向完成，停稳 front=0.88
[INFO] [1790745286.851384848] [exploration]: v=+0.20 w=+0.00 | 直行 d=0.89
[INFO] [1790745286.951903625] [exploration]: v=+0.20 w=+0.00 | 直行 d=0.87
[INFO] [1790745287.152593562] [exploration]: v=+0.20 w=+0.00 | 直行 d=0.86
[INFO] [1790745287.252539800] [exploration]: v=+0.20 w=+0.00 | 直行 d=0.83
[INFO] [1790745287.352637333] [exploration]: v=+0.20 w=+0.00 | 直行 d=0.82
[INFO] [1790745287.452032463] [exploration]: v=+0.09 w=+0.00 | 减速 d=0.79
[INFO] [1790745287.551954195] [exploration]: v=+0.00 w=-0.50 | 转向，由于危险 d=0.14
[INFO] [1790745287.652595401] [exploration]: v=+0.00 w=-0.50 | 转向中 front=0.13 目标>0.8
[INFO] [1790745287.752943239] [exploration]: v=+0.00 w=-0.50 | 转向中 front=0.79 目标>0.8
[INFO] [1790745287.852972872] [exploration]: v=+0.00 w=-0.50 | 转向中 front=0.14 目标>0.8
[INFO] [1790745287.952993418] [exploration]: v=+0.00 w=-0.50 | 转向中 front=0.76 目标>0.8
[INFO] [1790745288.153616788] [exploration]: v=+0.00 w=-0.50 | 转向中 front=0.74 目标>0.8
[INFO] [1790745288.354122171] [exploration]: v=+0.00 w=-0.50 | 转向中 front=0.71 目标>0.8
[INFO] [1790745288.554960505] [exploration]: v=+0.00 w=-0.50 | 转向中 front=0.70 目标>0.8
[INFO] [1790745288.653807722] [exploration]: v=+0.00 w=-0.50 | 转向中 front=0.69 目标>0.8
[INFO] [1790745288.754267344] [exploration]: v=+0.00 w=-0.50 | 转向中 front=0.70 目标>0.8
[INFO] [1790745288.854661566] [exploration]: v=+0.00 w=-0.50 | 转向中 front=0.68 目标>0.8
[INFO] [1790745289.154547901] [exploration]: v=+0.00 w=-0.50 | 转向中 front=0.67 目标>0.8
[INFO] [1790745289.355868846] [exploration]: v=+0.00 w=-0.50 | 转向中 front=0.68 目标>0.8
[INFO] [1790745289.954770727] [exploration]: v=+0.00 w=-0.50 | 转向中 front=0.69 目标>0.8
[INFO] [1790745290.055577400] [exploration]: v=+0.00 w=-0.50 | 转向中 front=0.70 目标>0.8
[INFO] [1790745290.256496717] [exploration]: v=+0.00 w=-0.50 | 转向中 front=0.71 目标>0.8
[INFO] [1790745290.356331012] [exploration]: v=-0.08 w=+0.00 | 卡死：3.0s 内位移 < 0.05m，倒退脱困
[INFO] [1790745290.456195136] [exploration]: v=-0.08 w=+0.00 | 脱困：倒退
[INFO] [1790745292.358632943] [exploration]: v=+0.00 w=+0.00 | 脱困完成，停稳
[INFO] [1790745292.460252071] [exploration]: v=+0.00 w=+0.00 | 转向完成，停稳 front=0.86
[INFO] [1790745292.560038158] [exploration]: v=+0.00 w=-0.50 | 转向，由于危险 d=0.14
[INFO] [1790745292.660284203] [exploration]: v=+0.00 w=+0.00 | 转向完成，停稳 front=0.88
[INFO] [1790745292.759814474] [exploration]: v=+0.00 w=-0.50 | 转向，由于危险 d=0.18
[INFO] [1790745292.860289162] [exploration]: v=+0.00 w=+0.00 | 转向完成，停稳 front=0.91
[INFO] [1790745292.960110833] [exploration]: v=+0.20 w=+0.00 | 直行 d=0.93
[INFO] [1790745293.060319978] [exploration]: v=+0.20 w=+0.00 | 直行 d=0.90
[INFO] [1790745293.160924728] [exploration]: v=+0.20 w=+0.00 | 直行 d=0.91
[INFO] [1790745293.260487391] [exploration]: v=+0.20 w=+0.00 | 直行 d=0.90
[INFO] [1790745293.360192956] [exploration]: v=+0.20 w=+0.00 | 直行 d=0.87
[INFO] [1790745293.561644369] [exploration]: v=+0.20 w=+0.00 | 直行 d=0.85
[INFO] [1790745293.661139078] [exploration]: v=+0.20 w=+0.00 | 直行 d=0.83
[INFO] [1790745293.761393829] [exploration]: v=+0.20 w=+0.00 | 直行 d=0.82
[INFO] [1790745293.860281644] [exploration]: v=+0.09 w=+0.00 | 减速 d=0.79
[INFO] [1790745293.960205063] [exploration]: v=+0.00 w=+0.50 | 转向，由于危险 d=0.13
[INFO] [1790745294.060788547] [exploration]: v=+0.00 w=+0.50 | 转向中 front=0.14 目标>0.8
[INFO] [1790745294.160857207] [exploration]: v=+0.00 w=+0.50 | 转向中 front=0.13 目标>0.8
[INFO] [1790745294.261635054] [exploration]: v=+0.00 w=+0.50 | 转向中 front=0.74 目标>0.8
[INFO] [1790745294.362795458] [exploration]: v=+0.00 w=+0.50 | 转向中 front=0.14 目标>0.8
[INFO] [1790745294.463189526] [exploration]: v=+0.00 w=+0.50 | 转向中 front=0.71 目标>0.8
[INFO] [1790745294.562541108] [exploration]: v=+0.00 w=+0.50 | 转向中 front=0.69 目标>0.8
[INFO] [1790745294.662137693] [exploration]: v=+0.00 w=+0.50 | 转向中 front=0.70 目标>0.8
[INFO] [1790745294.762116295] [exploration]: v=+0.00 w=+0.50 | 转向中 front=0.69 目标>0.8
[INFO] [1790745294.862279360] [exploration]: v=+0.00 w=+0.50 | 转向中 front=0.68 目标>0.8
[INFO] [1790745294.961973364] [exploration]: v=+0.00 w=+0.50 | 转向中 front=0.67 目标>0.8
[INFO] [1790745295.964379999] [exploration]: v=+0.00 w=+0.50 | 转向中 front=0.68 目标>0.8
[INFO] [1790745296.063967030] [exploration]: v=+0.00 w=+0.50 | 转向中 front=0.69 目标>0.8
[INFO] [1790745296.264302965] [exploration]: v=+0.00 w=+0.50 | 转向中 front=0.70 目标>0.8
[INFO] [1790745296.465695355] [exploration]: v=+0.00 w=+0.50 | 转向中 front=0.71 目标>0.8
[INFO] [1790745296.566427339] [exploration]: v=+0.00 w=+0.50 | 转向中 front=0.73 目标>0.8
[INFO] [1790745296.666270586] [exploration]: v=+0.00 w=+0.50 | 转向中 front=0.74 目标>0.8
[INFO] [1790745296.766470632] [exploration]: v=-0.08 w=+0.00 | 卡死：3.0s 内位移 < 0.05m，倒退脱困
[INFO] [1790745296.865720706] [exploration]: v=-0.08 w=+0.00 | 脱困：倒退
[INFO] [1790745298.768974284] [exploration]: v=+0.00 w=+0.00 | 脱困完成，停稳
[INFO] [1790745298.869300817] [exploration]: v=+0.00 w=+0.50 | 转向中 front=0.14 目标>0.8
[INFO] [1790745298.968934938] [exploration]: v=+0.00 w=+0.50 | 转向中 front=0.15 目标>0.8
[INFO] [1790745299.069415977] [exploration]: v=+0.00 w=+0.50 | 转向中 front=0.13 目标>0.8
[INFO] [1790745299.169696614] [exploration]: v=+0.00 w=+0.50 | 转向中 front=0.15 目标>0.8
[INFO] [1790745299.269706156] [exploration]: v=+0.00 w=+0.00 | 转向完成，停稳 front=0.89
[INFO] [1790745299.369398099] [exploration]: v=+0.00 w=+0.50 | 转向，由于危险 d=0.14
[INFO] [1790745299.470085196] [exploration]: v=+0.00 w=+0.00 | 转向完成，停稳 front=0.88
[INFO] [1790745299.570769148] [exploration]: v=+0.20 w=+0.00 | 直行 d=0.87
[INFO] [1790745299.770119945] [exploration]: v=+0.20 w=+0.00 | 直行 d=0.86
[INFO] [1790745299.869639788] [exploration]: v=+0.20 w=+0.00 | 直行 d=0.83
[INFO] [1790745299.970509818] [exploration]: v=+0.20 w=+0.00 | 直行 d=0.81
[INFO] [1790745300.070916386] [exploration]: v=+0.09 w=+0.00 | 减速 d=0.79
[INFO] [1790745300.170448761] [exploration]: v=+0.00 w=+0.50 | 转向，由于危险 d=0.40
[INFO] [1790745300.270880850] [exploration]: v=+0.00 w=+0.50 | 转向中 front=0.13 目标>0.8
[INFO] [1790745300.369996799] [exploration]: v=+0.00 w=+0.50 | 转向中 front=0.76 目标>0.8
[INFO] [1790745300.471157931] [exploration]: v=+0.00 w=+0.50 | 转向中 front=0.13 目标>0.8
[INFO] [1790745300.572008436] [exploration]: v=+0.00 w=+0.50 | 转向中 front=0.73 目标>0.8
[INFO] [1790745300.671646827] [exploration]: v=+0.00 w=+0.50 | 转向中 front=0.13 目标>0.8
[INFO] [1790745300.772698634] [exploration]: v=+0.00 w=+0.50 | 转向中 front=0.72 目标>0.8
[INFO] [1790745301.172996443] [exploration]: v=+0.00 w=+0.50 | 转向中 front=0.71 目标>0.8
[INFO] [1790745301.773241809] [exploration]: v=+0.00 w=+0.50 | 转向中 front=0.70 目标>0.8
[INFO] [1790745301.872769213] [exploration]: v=+0.00 w=+0.50 | 转向中 front=0.71 目标>0.8
[INFO] [1790745301.988312657] [exploration]: v=+0.00 w=+0.50 | 转向中 front=0.72 目标>0.8
[INFO] [1790745302.079879242] [exploration]: v=+0.00 w=+0.50 | 转向中 front=0.71 目标>0.8
[INFO] [1790745302.176734324] [exploration]: v=+0.00 w=+0.50 | 转向中 front=0.72 目标>0.8
[INFO] [1790745302.275974273] [exploration]: v=+0.00 w=+0.50 | 转向中 front=0.73 目标>0.8
[INFO] [1790745302.373905184] [exploration]: v=+0.00 w=+0.50 | 转向中 front=0.74 目标>0.8
[INFO] [1790745302.473925077] [exploration]: v=+0.00 w=+0.50 | 转向中 front=0.76 目标>0.8
[INFO] [1790745302.574418445] [exploration]: v=+0.00 w=+0.50 | 转向中 front=0.77 目标>0.8
[INFO] [1790745302.674565236] [exploration]: v=+0.00 w=+0.50 | 转向中 front=0.78 目标>0.8
[INFO] [1790745302.774715375] [exploration]: v=+0.00 w=+0.00 | 转向完成，停稳 front=0.80
[INFO] [1790745302.874712815] [exploration]: v=+0.20 w=+0.00 | 直行 d=0.82
[INFO] [1790745302.975481004] [exploration]: v=-0.08 w=+0.00 | 卡死：3.0s 内位移 < 0.05m，倒退脱困
[INFO] [1790745303.074521370] [exploration]: v=-0.08 w=+0.00 | 脱困：倒退
[INFO] [1790745304.976931069] [exploration]: v=+0.00 w=+0.00 | 脱困完成，停稳
[INFO] [1790745305.078327747] [exploration]: v=+0.00 w=+0.50 | 转向，由于危险 d=0.14
[INFO] [1790745305.178736680] [exploration]: v=+0.00 w=+0.50 | 转向中 front=0.14 目标>0.8
[INFO] [1790745305.278318754] [exploration]: v=+0.00 w=+0.50 | 转向中 front=0.13 目标>0.8
[INFO] [1790745305.477774038] [exploration]: v=+0.00 w=+0.00 | 转向完成，停稳 front=1.07
[INFO] [1790745305.578528137] [exploration]: v=+0.20 w=+0.00 | 直行 d=1.08
[INFO] [1790745305.679100432] [exploration]: v=+0.20 w=+0.00 | 直行 d=1.09
[INFO] [1790745305.879624395] [exploration]: v=+0.20 w=+0.00 | 直行 d=1.05
[INFO] [1790745305.978929241] [exploration]: v=+0.20 w=+0.00 | 直行 d=1.04
[INFO] [1790745306.079649680] [exploration]: v=+0.20 w=+0.00 | 直行 d=1.03
[INFO] [1790745306.280340403] [exploration]: v=+0.20 w=+0.00 | 直行 d=1.01
[INFO] [1790745306.380803864] [exploration]: v=+0.20 w=+0.00 | 直行 d=0.97
[INFO] [1790745306.480766142] [exploration]: v=+0.20 w=+0.00 | 直行 d=0.96
[INFO] [1790745306.580804374] [exploration]: v=+0.20 w=+0.00 | 直行 d=0.93
[INFO] [1790745306.782241698] [exploration]: v=+0.20 w=+0.00 | 直行 d=0.91
[INFO] [1790745306.882347408] [exploration]: v=+0.20 w=+0.00 | 直行 d=0.90
[INFO] [1790745306.981406072] [exploration]: v=+0.20 w=+0.00 | 直行 d=0.87
[INFO] [1790745307.081649455] [exploration]: v=+0.20 w=+0.00 | 直行 d=0.86
[INFO] [1790745307.181061025] [exploration]: v=+0.20 w=+0.00 | 直行 d=0.85
[INFO] [1790745307.282651882] [exploration]: v=+0.20 w=+0.00 | 直行 d=0.82
[INFO] [1790745307.381569692] [exploration]: v=+0.20 w=+0.00 | 直行 d=0.83
[INFO] [1790745307.482052716] [exploration]: v=+0.20 w=+0.00 | 直行 d=0.80
[INFO] [1790745307.582527823] [exploration]: v=+0.09 w=+0.00 | 减速 d=0.79
[INFO] [1790745307.681999418] [exploration]: v=+0.00 w=+0.50 | 转向，由于危险 d=0.40
[INFO] [1790745307.782333822] [exploration]: v=+0.00 w=+0.50 | 转向中 front=0.72 目标>0.8
[INFO] [1790745307.882436487] [exploration]: v=+0.00 w=+0.50 | 转向中 front=0.78 目标>0.8
[INFO] [1790745307.982003307] [exploration]: v=+0.00 w=+0.50 | 转向中 front=0.79 目标>0.8
[INFO] [1790745308.081542539] [exploration]: v=+0.00 w=+0.50 | 转向中 front=0.13 目标>0.8
[INFO] [1790745308.182857483] [exploration]: v=+0.00 w=+0.00 | 转向完成，停稳 front=0.93
[INFO] [1790745308.283586127] [exploration]: v=+0.20 w=+0.00 | 直行 d=0.95
[INFO] [1790745308.483463964] [exploration]: v=+0.20 w=+0.00 | 直行 d=0.94
[INFO] [1790745308.583487557] [exploration]: v=+0.20 w=+0.00 | 直行 d=0.93
[INFO] [1790745308.784609264] [exploration]: v=+0.20 w=+0.00 | 直行 d=0.92
[INFO] [1790745308.885233764] [exploration]: v=+0.20 w=+0.00 | 直行 d=0.90
[INFO] [1790745308.984640714] [exploration]: v=+0.20 w=+0.00 | 直行 d=0.89
[INFO] [1790745309.084842319] [exploration]: v=+0.20 w=+0.00 | 直行 d=0.86
[INFO] [1790745309.185319317] [exploration]: v=+0.20 w=+0.00 | 直行 d=0.84
[INFO] [1790745309.284968142] [exploration]: v=+0.20 w=+0.00 | 直行 d=0.85
[INFO] [1790745309.385668990] [exploration]: v=+0.20 w=+0.00 | 直行 d=0.81
[INFO] [1790745309.586047992] [exploration]: v=+0.09 w=+0.00 | 减速 d=0.80
[INFO] [1790745309.685343074] [exploration]: v=+0.00 w=+0.50 | 转向，由于危险 d=0.14
[INFO] [1790745309.786716681] [exploration]: v=+0.00 w=+0.50 | 转向中 front=0.13 目标>0.8
[INFO] [1790745309.886227446] [exploration]: v=+0.00 w=+0.50 | 转向中 front=0.14 目标>0.8
[INFO] [1790745310.186451244] [exploration]: v=+0.00 w=+0.00 | 转向完成，停稳 front=0.83
[INFO] [1790745310.285575324] [exploration]: v=+0.00 w=+0.50 | 转向，由于危险 d=0.13
[INFO] [1790745310.386911881] [exploration]: v=+0.00 w=+0.00 | 转向完成，停稳 front=0.84
[INFO] [1790745310.486996712] [exploration]: v=+0.20 w=+0.00 | 直行 d=0.84
[INFO] [1790745310.686887611] [exploration]: v=+0.20 w=+0.00 | 直行 d=0.82
[INFO] [1790745310.787082852] [exploration]: v=+0.09 w=+0.00 | 减速 d=0.79
[INFO] [1790745310.888705116] [exploration]: v=+0.00 w=+0.50 | 转向，由于危险 d=0.13
[INFO] [1790745310.988571197] [exploration]: v=+0.00 w=+0.50 | 转向中 front=0.78 目标>0.8
[INFO] [1790745311.089546884] [exploration]: v=+0.00 w=+0.50 | 转向中 front=0.13 目标>0.8
[INFO] [1790745311.289060798] [exploration]: v=+0.00 w=+0.50 | 转向中 front=0.78 目标>0.8
[INFO] [1790745311.389708099] [exploration]: v=+0.00 w=+0.50 | 转向中 front=0.14 目标>0.8
[INFO] [1790745311.488698511] [exploration]: v=+0.00 w=+0.50 | 转向中 front=0.77 目标>0.8
[INFO] [1790745311.589175849] [exploration]: v=+0.00 w=+0.50 | 转向中 front=0.78 目标>0.8
[INFO] [1790745311.988812335] [exploration]: v=+0.00 w=+0.50 | 转向中 front=0.79 目标>0.8
[INFO] [1790745312.089147297] [exploration]: v=+0.00 w=+0.50 | 转向中 front=0.80 目标>0.8
[INFO] [1790745312.189476158] [exploration]: v=+0.00 w=+0.00 | 转向完成，停稳 front=0.80
[INFO] [1790745312.289855409] [exploration]: v=+0.20 w=+0.00 | 直行 d=0.81
[INFO] [1790745312.490022173] [exploration]: v=+0.09 w=+0.00 | 减速 d=0.79
[INFO] [1790745312.589247634] [exploration]: v=+0.00 w=+0.50 | 转向，由于危险 d=0.14
[INFO] [1790745312.689662017] [exploration]: v=+0.00 w=+0.50 | 转向中 front=0.14 目标>0.8
[INFO] [1790745313.290101666] [exploration]: v=+0.00 w=+0.00 | 转向完成，停稳 front=0.88
[INFO] [1790745313.390011843] [exploration]: v=+0.20 w=+0.00 | 直行 d=0.90
[INFO] [1790745313.590663786] [exploration]: v=+0.20 w=+0.00 | 直行 d=0.86
[INFO] [1790745313.791523394] [exploration]: v=+0.20 w=+0.00 | 直行 d=0.84
[INFO] [1790745313.891342221] [exploration]: v=+0.20 w=+0.00 | 直行 d=0.82
[INFO] [1790745314.091003033] [exploration]: v=+0.08 w=+0.00 | 减速 d=0.79
[INFO] [1790745314.192671819] [exploration]: v=+0.00 w=-0.50 | 转向，由于危险 d=0.15
[INFO] [1790745314.291633119] [exploration]: v=+0.00 w=-0.50 | 转向中 front=0.14 目标>0.8
[INFO] [1790745314.392343953] [exploration]: v=+0.00 w=-0.50 | 转向中 front=0.13 目标>0.8
[INFO] [1790745314.592732081] [exploration]: v=+0.00 w=-0.50 | 转向中 front=0.70 目标>0.8
[INFO] [1790745314.692512262] [exploration]: v=+0.00 w=-0.50 | 转向中 front=0.13 目标>0.8
[INFO] [1790745314.893852938] [exploration]: v=+0.00 w=-0.50 | 转向中 front=0.67 目标>0.8
[INFO] [1790745314.993586473] [exploration]: v=+0.00 w=-0.50 | 转向中 front=0.66 目标>0.8
[INFO] [1790745315.193867708] [exploration]: v=+0.00 w=-0.50 | 转向中 front=0.65 目标>0.8
[INFO] [1790745315.293921308] [exploration]: v=+0.00 w=-0.50 | 转向中 front=0.64 目标>0.8
[INFO] [1790745316.093624851] [exploration]: v=+0.00 w=-0.50 | 转向中 front=0.63 目标>0.8
[INFO] [1790745316.295289166] [exploration]: v=+0.00 w=-0.50 | 转向中 front=0.64 目标>0.8
[INFO] [1790745316.395614792] [exploration]: v=+0.00 w=-0.50 | 转向中 front=0.65 目标>0.8
[INFO] [1790745316.595828700] [exploration]: v=+0.00 w=-0.50 | 转向中 front=0.66 目标>0.8
[INFO] [1790745316.795592799] [exploration]: v=+0.00 w=-0.50 | 转向中 front=0.67 目标>0.8
[INFO] [1790745316.896535567] [exploration]: v=+0.00 w=-0.50 | 转向中 front=0.68 目标>0.8
[INFO] [1790745316.996592132] [exploration]: v=-0.08 w=+0.00 | 卡死：3.0s 内位移 < 0.05m，倒退脱困
[INFO] [1790745317.096209552] [exploration]: v=-0.08 w=+0.00 | 脱困：倒退
[INFO] [1790745318.998703050] [exploration]: v=+0.00 w=+0.00 | 脱困完成，停稳
[INFO] [1790745319.098709037] [exploration]: v=+0.00 w=+0.00 | 转向完成，停稳 front=0.84
[INFO] [1790745319.199168114] [exploration]: v=+0.00 w=-0.50 | 转向，由于危险 d=0.13
[INFO] [1790745319.300073864] [exploration]: v=+0.00 w=+0.00 | 转向完成，停稳 front=0.85
[INFO] [1790745319.399694450] [exploration]: v=+0.00 w=-0.50 | 转向，由于危险 d=0.15
[INFO] [1790745319.499068541] [exploration]: v=+0.00 w=+0.00 | 转向完成，停稳 front=0.84
[INFO] [1790745319.600610896] [exploration]: v=+0.20 w=+0.00 | 直行 d=0.83
[INFO] [1790745319.700216063] [exploration]: v=+0.20 w=+0.00 | 直行 d=0.81
[INFO] [1790745319.800122868] [exploration]: v=+0.09 w=+0.00 | 减速 d=0.79
[INFO] [1790745319.899700444] [exploration]: v=+0.00 w=-0.50 | 转向，由于危险 d=0.15
[INFO] [1790745319.999578890] [exploration]: v=+0.00 w=-0.50 | 转向中 front=0.14 目标>0.8
[INFO] [1790745320.199358866] [exploration]: v=+0.00 w=-0.50 | 转向中 front=0.13 目标>0.8
[INFO] [1790745320.299088133] [exploration]: v=+0.00 w=-0.50 | 转向中 front=0.14 目标>0.8
[INFO] [1790745320.399180564] [exploration]: v=+0.00 w=-0.50 | 转向中 front=0.17 目标>0.8
[INFO] [1790745320.499936817] [exploration]: v=+0.00 w=-0.50 | 转向中 front=0.67 目标>0.8
[INFO] [1790745320.700294355] [exploration]: v=+0.00 w=-0.50 | 转向中 front=0.66 目标>0.8
[INFO] [1790745320.900632725] [exploration]: v=+0.00 w=-0.50 | 转向中 front=0.64 目标>0.8
[INFO] [1790745321.000280964] [exploration]: v=+0.00 w=-0.50 | 转向中 front=0.63 目标>0.8
[INFO] [1790745321.300883288] [exploration]: v=+0.00 w=-0.50 | 转向中 front=0.62 目标>0.8
[INFO] [1790745321.900695378] [exploration]: v=+0.00 w=-0.50 | 转向中 front=0.63 目标>0.8
[INFO] [1790745322.101620730] [exploration]: v=-0.08 w=+0.00 | 卡死：3.0s 内位移 < 0.05m，倒退脱困
[INFO] [1790745322.201459759] [exploration]: v=-0.08 w=+0.00 | 脱困：倒退
[INFO] [1790745324.103801849] [exploration]: v=+0.00 w=+0.00 | 脱困完成，停稳
[INFO] [1790745324.204869971] [exploration]: v=+0.00 w=-0.50 | 转向中 front=0.77 目标>0.8
[INFO] [1790745324.304853785] [exploration]: v=+0.00 w=-0.50 | 转向中 front=0.14 目标>0.8
[INFO] [1790745324.406259829] [exploration]: v=+0.00 w=-0.50 | 转向中 front=0.78 目标>0.8
[INFO] [1790745324.506613034] [exploration]: v=+0.00 w=-0.50 | 转向中 front=0.13 目标>0.8
[INFO] [1790745324.605259110] [exploration]: v=+0.00 w=+0.00 | 转向完成，停稳 front=0.81
[INFO] [1790745324.706744841] [exploration]: v=+0.00 w=-0.50 | 转向，由于危险 d=0.15
[INFO] [1790745324.806074259] [exploration]: v=+0.00 w=+0.00 | 转向完成，停稳 front=0.82
[INFO] [1790745324.906420699] [exploration]: v=+0.20 w=+0.00 | 直行 d=0.83
[INFO] [1790745325.108871399] [exploration]: v=+0.20 w=+0.00 | 直行 d=0.81
[INFO] [1790745325.307980367] [exploration]: v=+0.08 w=+0.00 | 减速 d=0.79
[INFO] [1790745325.408187052] [exploration]: v=+0.00 w=-0.50 | 转向，由于危险 d=0.16
[INFO] [1790745325.507981281] [exploration]: v=+0.00 w=-0.50 | 转向中 front=0.13 目标>0.8
[INFO] [1790745325.607668608] [exploration]: v=+0.00 w=-0.50 | 转向中 front=0.74 目标>0.8
[INFO] [1790745325.709148462] [exploration]: v=+0.00 w=-0.50 | 转向中 front=0.14 目标>0.8
[INFO] [1790745325.908407075] [exploration]: v=+0.00 w=-0.50 | 转向中 front=0.13 目标>0.8
[INFO] [1790745326.008278174] [exploration]: v=+0.00 w=+0.00 | 转向完成，停稳 front=0.86
[INFO] [1790745326.107801006] [exploration]: v=+0.20 w=+0.00 | 直行 d=0.88
[INFO] [1790745326.308949800] [exploration]: v=+0.20 w=+0.00 | 直行 d=0.87
[INFO] [1790745326.409078788] [exploration]: v=+0.20 w=+0.00 | 直行 d=0.85
[INFO] [1790745326.509807947] [exploration]: v=+0.20 w=+0.00 | 直行 d=0.83
[INFO] [1790745326.609478327] [exploration]: v=+0.20 w=+0.00 | 直行 d=0.82
[INFO] [1790745326.709168583] [exploration]: v=+0.09 w=+0.00 | 减速 d=0.80
[INFO] [1790745326.809597790] [exploration]: v=+0.00 w=-0.50 | 转向，由于危险 d=0.15
[INFO] [1790745326.909311546] [exploration]: v=+0.00 w=-0.50 | 转向中 front=0.14 目标>0.8
[INFO] [1790745327.009859211] [exploration]: v=+0.00 w=-0.50 | 转向中 front=0.78 目标>0.8
[INFO] [1790745327.110332518] [exploration]: v=+0.00 w=-0.50 | 转向中 front=0.13 目标>0.8
[INFO] [1790745327.210963087] [exploration]: v=+0.00 w=-0.50 | 转向中 front=0.14 目标>0.8
[INFO] [1790745327.510787211] [exploration]: v=+0.00 w=+0.00 | 转向完成，停稳 front=1.05
[INFO] [1790745327.611212788] [exploration]: v=+0.20 w=+0.00 | 直行 d=1.04
[INFO] [1790745327.711164622] [exploration]: v=+0.20 w=+0.00 | 直行 d=1.05
[INFO] [1790745327.812385048] [exploration]: v=+0.20 w=+0.00 | 直行 d=1.03
[INFO] [1790745327.911706333] [exploration]: v=+0.20 w=+0.00 | 直行 d=1.04
[INFO] [1790745328.011732464] [exploration]: v=+0.20 w=+0.00 | 直行 d=1.03
[INFO] [1790745328.112148706] [exploration]: v=+0.20 w=+0.00 | 直行 d=1.02
[INFO] [1790745328.213763162] [exploration]: v=+0.20 w=+0.00 | 直行 d=1.01
[INFO] [1790745328.311065240] [exploration]: v=+0.20 w=+0.00 | 直行 d=0.98
[INFO] [1790745328.411450298] [exploration]: v=+0.20 w=+0.00 | 直行 d=0.96
[INFO] [1790745328.512686208] [exploration]: v=+0.20 w=+0.00 | 直行 d=0.94
[INFO] [1790745328.712360114] [exploration]: v=+0.20 w=+0.00 | 直行 d=0.91
[INFO] [1790745328.812670749] [exploration]: v=+0.20 w=+0.00 | 直行 d=0.90
[INFO] [1790745328.912849132] [exploration]: v=+0.20 w=+0.00 | 直行 d=0.88
[INFO] [1790745329.012202574] [exploration]: v=+0.20 w=+0.00 | 直行 d=0.87
[INFO] [1790745329.212931999] [exploration]: v=+0.20 w=+0.00 | 直行 d=0.85
[INFO] [1790745329.313099387] [exploration]: v=+0.20 w=+0.00 | 直行 d=0.84
[INFO] [1790745329.413516157] [exploration]: v=+0.20 w=+0.00 | 直行 d=0.82
[INFO] [1790745329.513460578] [exploration]: v=+0.20 w=+0.00 | 直行 d=0.81
[INFO] [1790745329.613749171] [exploration]: v=+0.20 w=+0.00 | 直行 d=0.80
[INFO] [1790745329.713500923] [exploration]: v=+0.08 w=+0.00 | 减速 d=0.77
[INFO] [1790745329.814260927] [exploration]: v=+0.00 w=-0.50 | 转向，由于危险 d=0.14
[INFO] [1790745329.913315165] [exploration]: v=+0.00 w=-0.50 | 转向中 front=0.76 目标>0.8
[INFO] [1790745330.013457680] [exploration]: v=+0.00 w=+0.00 | 转向完成，停稳 front=0.81
[INFO] [1790745330.113701325] [exploration]: v=+0.00 w=-0.50 | 转向，由于危险 d=0.40
[INFO] [1790745330.213906511] [exploration]: v=+0.00 w=+0.00 | 转向完成，停稳 front=0.82
[INFO] [1790745330.313812421] [exploration]: v=+0.00 w=-0.50 | 转向，由于危险 d=0.13
[INFO] [1790745330.413719542] [exploration]: v=+0.00 w=+0.00 | 转向完成，停稳 front=0.83
[INFO] [1790745330.514376885] [exploration]: v=+0.20 w=+0.00 | 直行 d=0.83
[INFO] [1790745330.715705737] [exploration]: v=+0.20 w=+0.00 | 直行 d=0.81
[INFO] [1790745330.815613266] [exploration]: v=+0.09 w=+0.00 | 减速 d=0.79
[INFO] [1790745330.914917777] [exploration]: v=+0.00 w=-0.50 | 转向，由于危险 d=0.14
[INFO] [1790745331.016196654] [exploration]: v=+0.00 w=-0.50 | 转向中 front=0.76 目标>0.8
[INFO] [1790745331.116253678] [exploration]: v=+0.00 w=-0.50 | 转向中 front=0.15 目标>0.8
[INFO] [1790745331.316316244] [exploration]: v=+0.00 w=-0.50 | 转向中 front=0.14 目标>0.8
[INFO] [1790745331.416803195] [exploration]: v=+0.00 w=-0.50 | 转向中 front=0.13 目标>0.8
[INFO] [1790745331.517637348] [exploration]: v=+0.00 w=-0.50 | 转向中 front=0.75 目标>0.8
[INFO] [1790745331.617128556] [exploration]: v=+0.00 w=-0.50 | 转向中 front=0.76 目标>0.8
[INFO] [1790745331.816281484] [exploration]: v=+0.00 w=-0.50 | 转向中 front=0.77 目标>0.8
[INFO] [1790745332.016931023] [exploration]: v=+0.00 w=-0.50 | 转向中 front=0.76 目标>0.8
[INFO] [1790745332.217299056] [exploration]: v=+0.00 w=-0.50 | 转向中 front=0.77 目标>0.8
[INFO] [1790745332.418124762] [exploration]: v=+0.00 w=-0.50 | 转向中 front=0.78 目标>0.8
[INFO] [1790745332.517839803] [exploration]: v=+0.00 w=-0.50 | 转向中 front=0.79 目标>0.8
[INFO] [1790745332.617081092] [exploration]: v=+0.00 w=+0.00 | 转向完成，停稳 front=0.80
[INFO] [1790745332.717401146] [exploration]: v=+0.20 w=+0.00 | 直行 d=0.80
[INFO] [1790745332.917586408] [exploration]: v=+0.08 w=+0.00 | 减速 d=0.77
[INFO] [1790745333.017729794] [exploration]: v=+0.00 w=-0.50 | 转向，由于危险 d=0.15
[INFO] [1790745333.118374767] [exploration]: v=+0.00 w=-0.50 | 转向中 front=0.75 目标>0.8
[INFO] [1790745333.318072748] [exploration]: v=+0.00 w=-0.50 | 转向中 front=0.17 目标>0.8
[INFO] [1790745333.418202510] [exploration]: v=+0.00 w=-0.50 | 转向中 front=0.15 目标>0.8
[INFO] [1790745333.518193669] [exploration]: v=+0.00 w=-0.50 | 转向中 front=0.13 目标>0.8
[INFO] [1790745333.618992407] [exploration]: v=+0.00 w=+0.00 | 转向完成，停稳 front=0.84
[INFO] [1790745333.718352731] [exploration]: v=+0.20 w=+0.00 | 直行 d=0.85
[INFO] [1790745333.819817857] [exploration]: v=+0.20 w=+0.00 | 直行 d=0.84
[INFO] [1790745333.918949509] [exploration]: v=+0.20 w=+0.00 | 直行 d=0.83
[INFO] [1790745334.119094462] [exploration]: v=+0.20 w=+0.00 | 直行 d=0.80
[INFO] [1790745334.220498526] [exploration]: v=+0.08 w=+0.00 | 减速 d=0.78
[INFO] [1790745334.320046732] [exploration]: v=+0.08 w=+0.00 | 减速 d=0.76
[INFO] [1790745334.419737556] [exploration]: v=+0.00 w=-0.50 | 转向，由于危险 d=0.16
[INFO] [1790745334.520976985] [exploration]: v=+0.00 w=-0.50 | 转向中 front=0.76 目标>0.8
[INFO] [1790745334.621061160] [exploration]: v=+0.00 w=-0.50 | 转向中 front=0.14 目标>0.8
[INFO] [1790745334.720662002] [exploration]: v=+0.00 w=-0.50 | 转向中 front=0.77 目标>0.8
[INFO] [1790745334.819985351] [exploration]: v=+0.00 w=+0.00 | 转向完成，停稳 front=0.81
[INFO] [1790745334.920925261] [exploration]: v=+0.20 w=+0.00 | 直行 d=0.84
[INFO] [1790745335.121232603] [exploration]: v=+0.20 w=+0.00 | 直行 d=0.83
[INFO] [1790745335.221223265] [exploration]: v=+0.20 w=+0.00 | 直行 d=0.82
[INFO] [1790745335.320499868] [exploration]: v=+0.20 w=+0.00 | 直行 d=0.81
[INFO] [1790745335.421100863] [exploration]: v=+0.09 w=+0.00 | 减速 d=0.79
[INFO] [1790745335.522436723] [exploration]: v=+0.08 w=+0.00 | 减速 d=0.78
[INFO] [1790745335.621916831] [exploration]: v=+0.00 w=-0.50 | 转向，由于危险 d=0.13
[INFO] [1790745335.721698212] [exploration]: v=+0.00 w=-0.50 | 转向中 front=0.13 目标>0.8
[INFO] [1790745335.922577606] [exploration]: v=+0.00 w=+0.00 | 转向完成，停稳 front=0.83
[INFO] [1790745336.022500283] [exploration]: v=+0.00 w=-0.50 | 转向，由于危险 d=0.13
[INFO] [1790745336.122168965] [exploration]: v=+0.00 w=+0.00 | 转向完成，停稳 front=0.85
[INFO] [1790745336.223092828] [exploration]: v=+0.20 w=+0.00 | 直行 d=0.89
[INFO] [1790745336.423556081] [exploration]: v=+0.20 w=+0.00 | 直行 d=0.92
[INFO] [1790745336.523511750] [exploration]: v=+0.20 w=+0.00 | 直行 d=0.91
[INFO] [1790745336.623624822] [exploration]: v=+0.20 w=+0.00 | 直行 d=0.90
[INFO] [1790745336.724068415] [exploration]: v=+0.20 w=+0.00 | 直行 d=0.86
[INFO] [1790745336.922982976] [exploration]: v=+0.20 w=+0.00 | 直行 d=0.83
[INFO] [1790745337.024478327] [exploration]: v=+0.20 w=+0.00 | 直行 d=0.82
[INFO] [1790745337.124814914] [exploration]: v=+0.20 w=+0.00 | 直行 d=0.80
[INFO] [1790745337.224212251] [exploration]: v=+0.08 w=+0.00 | 减速 d=0.77
[INFO] [1790745337.324405227] [exploration]: v=+0.00 w=-0.50 | 转向，由于危险 d=0.14
[INFO] [1790745337.424314600] [exploration]: v=+0.00 w=-0.50 | 转向中 front=0.13 目标>0.8
[INFO] [1790745337.525050258] [exploration]: v=+0.00 w=-0.50 | 转向中 front=0.74 目标>0.8
[INFO] [1790745337.624713339] [exploration]: v=+0.00 w=-0.50 | 转向中 front=0.14 目标>0.8
[INFO] [1790745337.725186059] [exploration]: v=+0.00 w=-0.50 | 转向中 front=0.15 目标>0.8
[INFO] [1790745337.825470597] [exploration]: v=+0.00 w=+0.00 | 转向完成，停稳 front=1.00
[INFO] [1790745337.924814354] [exploration]: v=+0.00 w=-0.50 | 转向，由于危险 d=0.40
[INFO] [1790745338.025656799] [exploration]: v=+0.00 w=+0.00 | 转向完成，停稳 front=1.10
[INFO] [1790745338.124711264] [exploration]: v=+0.20 w=+0.00 | 直行 d=1.10
[INFO] [1790745338.425718715] [exploration]: v=+0.20 w=+0.00 | 直行 d=1.09
[INFO] [1790745338.625681760] [exploration]: v=+0.20 w=+0.00 | 直行 d=1.08
[INFO] [1790745338.725860293] [exploration]: v=+0.20 w=+0.00 | 直行 d=1.07
[INFO] [1790745338.825863654] [exploration]: v=+0.20 w=+0.00 | 直行 d=1.06
[INFO] [1790745338.928083056] [exploration]: v=+0.20 w=+0.00 | 直行 d=1.05
[INFO] [1790745339.027327646] [exploration]: v=+0.20 w=+0.00 | 直行 d=1.06
[INFO] [1790745339.126514158] [exploration]: v=+0.20 w=+0.00 | 直行 d=1.07
[INFO] [1790745339.228044710] [exploration]: v=+0.20 w=+0.00 | 直行 d=1.06
[INFO] [1790745339.328964393] [exploration]: v=+0.20 w=+0.00 | 直行 d=1.03
[INFO] [1790745339.428475242] [exploration]: v=+0.20 w=+0.00 | 直行 d=1.08
[INFO] [1790745339.627315511] [exploration]: v=+0.20 w=+0.00 | 直行 d=1.05
[INFO] [1790745339.726973979] [exploration]: v=+0.20 w=+0.00 | 直行 d=1.06
[INFO] [1790745339.828160990] [exploration]: v=+0.20 w=+0.00 | 直行 d=1.02
[INFO] [1790745339.927357164] [exploration]: v=+0.20 w=+0.00 | 直行 d=1.03
[INFO] [1790745340.028295393] [exploration]: v=+0.20 w=+0.00 | 直行 d=1.02
[INFO] [1790745340.127929911] [exploration]: v=+0.20 w=+0.00 | 直行 d=0.99
[INFO] [1790745340.229137040] [exploration]: v=+0.20 w=+0.00 | 直行 d=0.98
[INFO] [1790745340.328272415] [exploration]: v=+0.20 w=+0.00 | 直行 d=0.99
[INFO] [1790745340.427877816] [exploration]: v=+0.20 w=+0.00 | 直行 d=0.98
[INFO] [1790745340.528526185] [exploration]: v=+0.20 w=+0.00 | 直行 d=0.94
[INFO] [1790745340.628642409] [exploration]: v=+0.20 w=+0.00 | 直行 d=0.95
[INFO] [1790745340.929769444] [exploration]: v=+0.20 w=+0.00 | 直行 d=0.92
[INFO] [1790745341.030078817] [exploration]: v=+0.20 w=+0.00 | 直行 d=0.90
[INFO] [1790745341.231105693] [exploration]: v=+0.20 w=+0.00 | 直行 d=0.88
[INFO] [1790745341.431604297] [exploration]: v=+0.20 w=+0.00 | 直行 d=0.87
[INFO] [1790745341.630131206] [exploration]: v=+0.20 w=+0.00 | 直行 d=0.85
[INFO] [1790745341.731107296] [exploration]: v=+0.20 w=+0.00 | 直行 d=0.82
[INFO] [1790745341.830169639] [exploration]: v=+0.20 w=+0.00 | 直行 d=0.84
[INFO] [1790745341.930269187] [exploration]: v=+0.20 w=+0.00 | 直行 d=0.81
[INFO] [1790745342.030412214] [exploration]: v=+0.20 w=+0.00 | 直行 d=0.80
[INFO] [1790745342.130879935] [exploration]: v=+0.08 w=+0.00 | 减速 d=0.78
[INFO] [1790745342.230587093] [exploration]: v=+0.00 w=-0.50 | 转向，由于危险 d=0.14
[INFO] [1790745342.332215826] [exploration]: v=+0.00 w=-0.50 | 转向中 front=0.70 目标>0.8
[INFO] [1790745342.432780020] [exploration]: v=+0.00 w=-0.50 | 转向中 front=0.14 目标>0.8
[INFO] [1790745342.531880779] [exploration]: v=+0.00 w=+0.00 | 转向完成，停稳 front=0.92
[INFO] [1790745342.631882392] [exploration]: v=+0.20 w=+0.00 | 直行 d=0.98
[INFO] [1790745342.731921508] [exploration]: v=+0.00 w=-0.50 | 转向，由于危险 d=0.14
[INFO] [1790745342.833130462] [exploration]: v=+0.00 w=-0.50 | 转向中 front=0.14 目标>0.8
[INFO] [1790745342.933059518] [exploration]: v=+0.00 w=-0.50 | 转向中 front=0.13 目标>0.8
[INFO] [1790745343.032875939] [exploration]: v=+0.00 w=+0.00 | 转向完成，停稳 front=1.24
[INFO] [1790745343.132208267] [exploration]: v=+0.00 w=-0.50 | 转向，由于危险 d=0.15
[INFO] [1790745343.233133201] [exploration]: v=+0.00 w=+0.00 | 转向完成，停稳 front=1.01
[INFO] [1790745343.333680070] [exploration]: v=+0.20 w=+0.00 | 直行 d=0.90
[INFO] [1790745343.434326861] [exploration]: v=+0.00 w=-0.50 | 转向，由于危险 d=0.13
[INFO] [1790745343.533876033] [exploration]: v=+0.00 w=+0.00 | 转向完成，停稳 front=1.24
[INFO] [1790745343.633989906] [exploration]: v=+0.20 w=+0.00 | 直行 d=1.23
[INFO] [1790745343.733043490] [exploration]: v=+0.00 w=-0.50 | 转向，由于危险 d=0.14
[INFO] [1790745343.833161821] [exploration]: v=+0.00 w=+0.00 | 转向完成，停稳 front=1.22
[INFO] [1790745343.933288700] [exploration]: v=+0.20 w=+0.00 | 直行 d=1.22
[INFO] [1790745344.134378000] [exploration]: v=+0.20 w=+0.00 | 直行 d=1.20
[INFO] [1790745344.234625997] [exploration]: v=+0.20 w=+0.00 | 直行 d=1.18
[INFO] [1790745344.335046635] [exploration]: v=+0.20 w=+0.00 | 直行 d=1.17
[INFO] [1790745344.435684841] [exploration]: v=+0.20 w=+0.00 | 直行 d=1.14
[INFO] [1790745344.536098787] [exploration]: v=+0.20 w=+0.00 | 直行 d=1.12
[INFO] [1790745344.635748361] [exploration]: v=+0.20 w=+0.00 | 直行 d=1.11
[INFO] [1790745344.736507649] [exploration]: v=+0.20 w=+0.00 | 直行 d=1.08
[INFO] [1790745344.835963384] [exploration]: v=+0.20 w=+0.00 | 直行 d=1.06
[INFO] [1790745344.936128231] [exploration]: v=+0.20 w=+0.00 | 直行 d=1.04
[INFO] [1790745345.036932563] [exploration]: v=+0.20 w=+0.00 | 直行 d=1.03
[INFO] [1790745345.238296212] [exploration]: v=+0.20 w=+0.00 | 直行 d=1.02
[INFO] [1790745345.538540183] [exploration]: v=+0.20 w=+0.00 | 直行 d=1.01
[INFO] [1790745345.739383440] [exploration]: v=+0.20 w=+0.00 | 直行 d=0.95
[INFO] [1790745345.838143027] [exploration]: v=+0.20 w=+0.00 | 直行 d=0.90
[INFO] [1790745345.939776608] [exploration]: v=+0.00 w=-0.50 | 转向，由于危险 d=0.40
[INFO] [1790745346.051059033] [exploration]: v=+0.00 w=+0.00 | 转向完成，停稳 front=0.84
[INFO] [1790745346.142884798] [exploration]: v=+0.00 w=-0.50 | 转向，由于危险 d=0.40
[INFO] [1790745346.240286680] [exploration]: v=+0.00 w=-0.50 | 转向中 front=0.27 目标>0.8
[INFO] [1790745346.342882048] [exploration]: v=+0.00 w=-0.50 | 转向中 front=0.24 目标>0.8
[INFO] [1790745346.441469137] [exploration]: v=+0.00 w=-0.50 | 转向中 front=0.23 目标>0.8
[INFO] [1790745346.541711826] [exploration]: v=+0.00 w=-0.50 | 转向中 front=0.20 目标>0.8
[INFO] [1790745346.942465582] [exploration]: v=+0.00 w=-0.50 | 转向中 front=0.19 目标>0.8
[INFO] [1790745347.241472701] [exploration]: v=+0.00 w=-0.50 | 转向中 front=0.18 目标>0.8
[INFO] [1790745347.342084739] [exploration]: v=+0.00 w=-0.50 | 转向中 front=0.19 目标>0.8
[INFO] [1790745348.241527949] [exploration]: v=+0.00 w=-0.50 | 转向中 front=0.20 目标>0.8
[INFO] [1790745348.442579235] [exploration]: v=+0.00 w=-0.50 | 转向中 front=0.22 目标>0.8
[INFO] [1790745348.642899158] [exploration]: v=-0.08 w=+0.00 | 卡死：3.0s 内位移 < 0.05m，倒退脱困
[INFO] [1790745348.743195370] [exploration]: v=-0.08 w=+0.00 | 脱困：倒退
[INFO] [1790745350.645138670] [exploration]: v=+0.00 w=+0.00 | 脱困完成，停稳
[INFO] [1790745350.745202421] [exploration]: v=+0.00 w=-0.50 | 转向中 front=0.30 目标>0.8
[INFO] [1790745350.847091597] [exploration]: v=+0.00 w=-0.50 | 转向中 front=0.31 目标>0.8
[INFO] [1790745350.945987956] [exploration]: v=+0.00 w=-0.50 | 转向中 front=0.15 目标>0.8
[INFO] [1790745351.046460139] [exploration]: v=+0.00 w=-0.50 | 转向中 front=0.30 目标>0.8
[INFO] [1790745351.147031656] [exploration]: v=+0.00 w=-0.50 | 转向中 front=0.31 目标>0.8
[INFO] [1790745351.246239921] [exploration]: v=+0.00 w=-0.50 | 转向中 front=0.15 目标>0.8
[INFO] [1790745351.348042121] [exploration]: v=+0.00 w=-0.50 | 转向中 front=0.32 目标>0.8
[INFO] [1790745351.447686594] [exploration]: v=+0.00 w=-0.50 | 转向中 front=0.14 目标>0.8
[INFO] [1790745351.547511039] [exploration]: v=+0.00 w=+0.00 | 转向完成，停稳 front=0.81
[INFO] [1790745351.647328124] [exploration]: v=+0.00 w=+0.50 | 转向，由于危险 d=0.13
[INFO] [1790745351.747335389] [exploration]: v=+0.00 w=+0.00 | 转向完成，停稳 front=0.80
[INFO] [1790745351.848322780] [exploration]: v=+0.00 w=+0.50 | 转向，由于危险 d=0.40
[INFO] [1790745351.947975182] [exploration]: v=+0.00 w=+0.50 | 转向中 front=0.34 目标>0.8
[INFO] [1790745352.049574417] [exploration]: v=+0.00 w=+0.50 | 转向中 front=0.33 目标>0.8
[INFO] [1790745352.148634949] [exploration]: v=+0.00 w=+0.50 | 转向中 front=0.29 目标>0.8
[INFO] [1790745352.249254519] [exploration]: v=+0.00 w=+0.50 | 转向中 front=0.28 目标>0.8
[INFO] [1790745352.448668617] [exploration]: v=+0.00 w=+0.50 | 转向中 front=0.27 目标>0.8
[INFO] [1790745352.749638678] [exploration]: v=+0.00 w=+0.50 | 转向中 front=0.13 目标>0.8
[INFO] [1790745352.848872027] [exploration]: v=+0.00 w=+0.50 | 转向中 front=0.14 目标>0.8
[INFO] [1790745352.949838051] [exploration]: v=+0.00 w=+0.50 | 转向中 front=0.27 目标>0.8
[INFO] [1790745353.150058079] [exploration]: v=+0.00 w=+0.50 | 转向中 front=0.13 目标>0.8
[INFO] [1790745353.250614334] [exploration]: v=+0.00 w=+0.50 | 转向中 front=0.28 目标>0.8
[INFO] [1790745353.450206140] [exploration]: v=+0.00 w=+0.50 | 转向中 front=0.27 目标>0.8
[INFO] [1790745353.550862045] [exploration]: v=+0.00 w=+0.50 | 转向中 front=0.28 目标>0.8
[INFO] [1790745353.650943288] [exploration]: v=+0.00 w=+0.50 | 转向中 front=0.14 目标>0.8
[INFO] [1790745353.750651443] [exploration]: v=+0.00 w=+0.50 | 转向中 front=0.28 目标>0.8
[INFO] [1790745353.850977662] [exploration]: v=+0.00 w=+0.50 | 转向中 front=0.31 目标>0.8
[INFO] [1790745353.950228108] [exploration]: v=+0.00 w=+0.50 | 转向中 front=0.32 目标>0.8
[INFO] [1790745354.051035583] [exploration]: v=+0.00 w=+0.50 | 转向中 front=0.34 目标>0.8
[INFO] [1790745354.151005860] [exploration]: v=+0.00 w=+0.50 | 转向中 front=0.33 目标>0.8
[INFO] [1790745354.251490146] [exploration]: v=+0.00 w=+0.00 | 转向完成，停稳 front=0.83
[INFO] [1790745354.351543387] [exploration]: v=+0.00 w=-0.50 | 转向，由于危险 d=0.13
[INFO] [1790745354.450806344] [exploration]: v=+0.00 w=+0.00 | 转向完成，停稳 front=0.83
[INFO] [1790745354.552167176] [exploration]: v=+0.00 w=-0.50 | 转向，由于危险 d=0.14
[INFO] [1790745354.651571785] [exploration]: v=+0.00 w=-0.50 | 转向中 front=0.37 目标>0.8
[INFO] [1790745354.752081613] [exploration]: v=+0.00 w=-0.50 | 转向中 front=0.32 目标>0.8
[INFO] [1790745354.852620289] [exploration]: v=+0.00 w=-0.50 | 转向中 front=0.31 目标>0.8
[INFO] [1790745354.952639558] [exploration]: v=+0.00 w=-0.50 | 转向中 front=0.30 目标>0.8
[INFO] [1790745355.053828086] [exploration]: v=+0.00 w=-0.50 | 转向中 front=0.28 目标>0.8
[INFO] [1790745355.353722973] [exploration]: v=+0.00 w=-0.50 | 转向中 front=0.26 目标>0.8
[INFO] [1790745355.453305603] [exploration]: v=+0.00 w=-0.50 | 转向中 front=0.27 目标>0.8
[INFO] [1790745355.554027990] [exploration]: v=+0.00 w=-0.50 | 转向中 front=0.26 目标>0.8
[INFO] [1790745355.654111247] [exploration]: v=+0.00 w=-0.50 | 转向中 front=0.27 目标>0.8
[INFO] [1790745355.753405031] [exploration]: v=+0.00 w=-0.50 | 转向中 front=0.26 目标>0.8
[INFO] [1790745355.854772599] [exploration]: v=+0.00 w=-0.50 | 转向中 front=0.13 目标>0.8
[INFO] [1790745355.955132107] [exploration]: v=+0.00 w=-0.50 | 转向中 front=0.27 目标>0.8
[INFO] [1790745356.055827982] [exploration]: v=+0.00 w=-0.50 | 转向中 front=0.26 目标>0.8
[INFO] [1790745356.154641293] [exploration]: v=+0.00 w=-0.50 | 转向中 front=0.27 目标>0.8
[INFO] [1790745356.256313721] [exploration]: v=+0.00 w=-0.50 | 转向中 front=0.26 目标>0.8
[INFO] [1790745356.355947605] [exploration]: v=+0.00 w=-0.50 | 转向中 front=0.27 目标>0.8
[INFO] [1790745356.455576654] [exploration]: v=+0.00 w=-0.50 | 转向中 front=0.14 目标>0.8
[INFO] [1790745356.556405715] [exploration]: v=+0.00 w=-0.50 | 转向中 front=0.29 目标>0.8
[INFO] [1790745356.656104791] [exploration]: v=+0.00 w=-0.50 | 转向中 front=0.13 目标>0.8
[INFO] [1790745356.755528742] [exploration]: v=+0.00 w=-0.50 | 转向中 front=0.33 目标>0.8
[INFO] [1790745356.855215030] [exploration]: v=+0.00 w=+0.00 | 转向完成，停稳 front=0.80
[INFO] [1790745356.956549886] [exploration]: v=+0.00 w=-0.50 | 转向，由于危险 d=0.13
[INFO] [1790745357.056930592] [exploration]: v=+0.00 w=-0.50 | 转向中 front=0.13 目标>0.8
[INFO] [1790745357.156556043] [exploration]: v=+0.00 w=+0.00 | 转向完成，停稳 front=0.82
[INFO] [1790745357.256084036] [exploration]: v=+0.00 w=-0.50 | 转向，由于危险 d=0.13
[INFO] [1790745357.357236766] [exploration]: v=+0.00 w=+0.00 | 转向完成，停稳 front=0.85
[INFO] [1790745357.456074085] [exploration]: v=+0.00 w=-0.50 | 转向，由于危险 d=0.14
[INFO] [1790745357.556692926] [exploration]: v=+0.00 w=-0.50 | 转向中 front=0.16 目标>0.8
[INFO] [1790745357.657088353] [exploration]: v=+0.00 w=-0.50 | 转向中 front=0.14 目标>0.8
[INFO] [1790745357.756870888] [exploration]: v=+0.00 w=-0.50 | 转向中 front=0.13 目标>0.8
[INFO] [1790745357.858254130] [exploration]: v=+0.00 w=+0.00 | 转向完成，停稳 front=0.87
[INFO] [1790745357.957148558] [exploration]: v=+0.20 w=+0.00 | 直行 d=0.87
[INFO] [1790745358.057753179] [exploration]: v=-0.08 w=+0.00 | 卡死：3.0s 内位移 < 0.05m，倒退脱困
[INFO] [1790745358.157688333] [exploration]: v=-0.08 w=+0.00 | 脱困：倒退
