[INFO] [1790740222.346659484] [exploration]: 探索节点已启动
[INFO] [1790740222.347693279] [exploration]: v=+0.00 w=+0.00 | 尚未收到雷达数据
[INFO] [1790740222.438292704] [exploration]: v=+0.05 w=+0.00 | 减速 d=0.59
[INFO] [1790740222.540002230] [exploration]: v=+0.00 w=+0.50 | 转向，由于危险 d=0.13
[INFO] [1790740222.640408202] [exploration]: v=+0.00 w=+0.50 | 转向中 front=0.14 目标>0.8
[INFO] [1790740222.740390806] [exploration]: v=+0.00 w=+0.50 | 转向中 front=0.15 目标>0.8
[INFO] [1790740222.839141499] [exploration]: v=+0.00 w=+0.50 | 转向中 front=0.59 目标>0.8
[INFO] [1790740222.938809556] [exploration]: v=+0.00 w=+0.50 | 转向中 front=0.14 目标>0.8
[INFO] [1790740223.140318023] [exploration]: v=+0.00 w=+0.50 | 转向中 front=0.59 目标>0.8
[INFO] [1790740223.240393591] [exploration]: v=+0.00 w=+0.50 | 转向中 front=0.13 目标>0.8
[INFO] [1790740223.339204149] [exploration]: v=+0.00 w=+0.50 | 转向中 front=0.60 目标>0.8
[INFO] [1790740223.440646025] [exploration]: v=+0.00 w=+0.50 | 转向中 front=0.14 目标>0.8
[INFO] [1790740223.540252693] [exploration]: v=+0.00 w=+0.50 | 转向中 front=0.58 目标>0.8
[INFO] [1790740223.640143027] [exploration]: v=+0.00 w=+0.50 | 转向中 front=0.13 目标>0.8
[INFO] [1790740223.740335276] [exploration]: v=+0.00 w=+0.50 | 转向中 front=0.59 目标>0.8
[INFO] [1790740223.841743442] [exploration]: v=+0.00 w=+0.50 | 转向中 front=0.60 目标>0.8
[INFO] [1790740223.941307239] [exploration]: v=+0.00 w=+0.50 | 转向中 front=0.15 目标>0.8
[INFO] [1790740224.041075598] [exploration]: v=+0.00 w=+0.50 | 转向中 front=0.14 目标>0.8
[INFO] [1790740224.241211520] [exploration]: v=+0.00 w=+0.50 | 转向中 front=0.69 目标>0.8
[INFO] [1790740224.341874047] [exploration]: v=+0.00 w=+0.50 | 转向中 front=0.13 目标>0.8
[INFO] [1790740224.442032240] [exploration]: v=+0.00 w=+0.50 | 转向中 front=0.74 目标>0.8
[INFO] [1790740224.541791718] [exploration]: v=+0.00 w=+0.50 | 转向中 front=0.14 目标>0.8
[INFO] [1790740224.642509641] [exploration]: v=+0.00 w=+0.00 | 转向完成，停稳 front=0.87
[INFO] [1790740224.742444961] [exploration]: v=+0.00 w=+0.50 | 转向，由于危险 d=0.13
[INFO] [1790740224.842611558] [exploration]: v=+0.00 w=+0.00 | 转向完成，停稳 front=0.87
[INFO] [1790740224.942833945] [exploration]: v=+0.20 w=+0.00 | 直行 d=0.88
[INFO] [1790740225.043299721] [exploration]: v=+0.00 w=+0.50 | 转向，由于危险 d=0.14
[INFO] [1790740225.143777680] [exploration]: v=+0.00 w=+0.50 | 转向中 front=0.16 目标>0.8
[INFO] [1790740225.243743354] [exploration]: v=+0.00 w=+0.00 | 转向完成，停稳 front=1.17
[INFO] [1790740225.343222945] [exploration]: v=+0.20 w=+0.00 | 直行 d=1.12
[INFO] [1790740225.443348425] [exploration]: v=+0.00 w=+0.50 | 转向，由于危险 d=0.15
[INFO] [1790740225.543502801] [exploration]: v=+0.00 w=+0.00 | 转向完成，停稳 front=1.15
[INFO] [1790740225.643534032] [exploration]: v=+0.00 w=+0.50 | 转向，由于危险 d=0.14
[INFO] [1790740225.744732157] [exploration]: v=+0.00 w=+0.50 | 转向中 front=0.14 目标>0.8
[INFO] [1790740225.845500290] [exploration]: v=+0.00 w=+0.00 | 转向完成，停稳 front=0.88
[INFO] [1790740225.943654549] [exploration]: v=+0.00 w=+0.50 | 转向，由于危险 d=0.14
[INFO] [1790740226.043648625] [exploration]: v=+0.00 w=+0.50 | 转向中 front=0.14 目标>0.8
[INFO] [1790740226.144642237] [exploration]: v=+0.00 w=+0.00 | 转向完成，停稳 front=0.87
[INFO] [1790740226.245594450] [exploration]: v=+0.00 w=+0.50 | 转向，由于危险 d=0.13
[INFO] [1790740226.345673363] [exploration]: v=+0.00 w=+0.00 | 转向完成，停稳 front=0.86
[INFO] [1790740226.443746698] [exploration]: v=+0.00 w=+0.50 | 转向，由于危险 d=0.13
[INFO] [1790740226.544859200] [exploration]: v=+0.00 w=+0.50 | 转向中 front=0.13 目标>0.8
[INFO] [1790740226.746088511] [exploration]: v=+0.00 w=+0.50 | 转向中 front=0.14 目标>0.8
[INFO] [1790740226.945724843] [exploration]: v=+0.00 w=+0.00 | 转向完成，停稳 front=0.87
[INFO] [1790740227.046204109] [exploration]: v=+0.20 w=+0.00 | 直行 d=0.87
[INFO] [1790740227.145693624] [exploration]: v=+0.20 w=+0.00 | 直行 d=0.95
[INFO] [1790740227.246069876] [exploration]: v=+0.00 w=-0.50 | 转向，由于危险 d=0.13
[INFO] [1790740227.345898545] [exploration]: v=+0.00 w=+0.00 | 转向完成，停稳 front=2.30
[INFO] [1790740227.445685956] [exploration]: v=+0.00 w=-0.50 | 转向，由于危险 d=0.15
[INFO] [1790740227.545235478] [exploration]: v=+0.00 w=+0.00 | 转向完成，停稳 front=1.13
[INFO] [1790740227.646173756] [exploration]: v=+0.00 w=-0.50 | 转向，由于危险 d=0.13
[INFO] [1790740227.745992983] [exploration]: v=+0.00 w=-0.50 | 转向中 front=0.13 目标>0.8
[INFO] [1790740227.947913804] [exploration]: v=+0.00 w=+0.00 | 转向完成，停稳 front=1.11
[INFO] [1790740228.047984887] [exploration]: v=+0.00 w=-0.50 | 转向，由于危险 d=0.14
[INFO] [1790740228.148574159] [exploration]: v=+0.00 w=-0.50 | 转向中 front=0.13 目标>0.8
[INFO] [1790740228.248803056] [exploration]: v=+0.00 w=+0.00 | 转向完成，停稳 front=1.12
[INFO] [1790740228.347043695] [exploration]: v=+0.00 w=+0.50 | 转向，由于危险 d=0.40
[INFO] [1790740228.447864323] [exploration]: v=+0.00 w=+0.50 | 转向中 front=0.13 目标>0.8
[INFO] [1790740228.548680267] [exploration]: v=+0.00 w=+0.50 | 转向中 front=0.14 目标>0.8
[INFO] [1790740228.648921134] [exploration]: v=+0.00 w=+0.00 | 转向完成，停稳 front=1.11
[INFO] [1790740228.747818378] [exploration]: v=+0.00 w=+0.50 | 转向，由于危险 d=0.40
[INFO] [1790740228.848965624] [exploration]: v=+0.00 w=+0.00 | 转向完成，停稳 front=1.12
[INFO] [1790740228.948231244] [exploration]: v=+0.20 w=+0.00 | 直行 d=1.11
[INFO] [1790740229.049319417] [exploration]: v=+0.00 w=+0.50 | 转向，由于危险 d=0.40
[INFO] [1790740229.148572802] [exploration]: v=+0.00 w=+0.00 | 转向完成，停稳 front=1.10
[INFO] [1790740229.248333256] [exploration]: v=+0.00 w=+0.50 | 转向，由于危险 d=0.40
[INFO] [1790740229.350117125] [exploration]: v=+0.00 w=+0.50 | 转向中 front=0.13 目标>0.8
[INFO] [1790740229.450064538] [exploration]: v=+0.00 w=+0.00 | 转向完成，停稳 front=2.23
[INFO] [1790740229.549222369] [exploration]: v=+0.20 w=+0.00 | 直行 d=2.26
[INFO] [1790740229.649876131] [exploration]: v=+0.20 w=+0.00 | 直行 d=2.25
[INFO] [1790740229.750194734] [exploration]: v=+0.20 w=+0.00 | 直行 d=2.30
[INFO] [1790740229.850568143] [exploration]: v=+0.20 w=+0.00 | 直行 d=2.31
[INFO] [1790740229.950698298] [exploration]: v=+0.20 w=+0.00 | 直行 d=2.29
[INFO] [1790740230.050469837] [exploration]: v=+0.20 w=+0.00 | 直行 d=2.26
[INFO] [1790740230.149839355] [exploration]: v=+0.20 w=+0.00 | 直行 d=2.27
[INFO] [1790740230.250531151] [exploration]: v=+0.20 w=+0.00 | 直行 d=2.25
[INFO] [1790740230.350654383] [exploration]: v=+0.20 w=+0.00 | 直行 d=2.24
[INFO] [1790740230.450660453] [exploration]: v=+0.20 w=+0.00 | 直行 d=2.23
[INFO] [1790740230.550362842] [exploration]: v=+0.20 w=+0.00 | 直行 d=2.22
[INFO] [1790740230.650523381] [exploration]: v=+0.20 w=+0.00 | 直行 d=2.20
[INFO] [1790740230.750717092] [exploration]: v=+0.20 w=+0.00 | 直行 d=2.18
[INFO] [1790740230.850463667] [exploration]: v=+0.20 w=+0.00 | 直行 d=2.16
[INFO] [1790740230.951296631] [exploration]: v=+0.20 w=+0.00 | 直行 d=2.15
[INFO] [1790740231.051580783] [exploration]: v=+0.20 w=+0.00 | 直行 d=2.12
[INFO] [1790740231.150755470] [exploration]: v=+0.20 w=+0.00 | 直行 d=2.10
[INFO] [1790740231.251602849] [exploration]: v=+0.20 w=+0.00 | 直行 d=2.08
[INFO] [1790740231.451838521] [exploration]: v=+0.20 w=+0.00 | 直行 d=2.05
[INFO] [1790740231.551263288] [exploration]: v=+0.20 w=+0.00 | 直行 d=2.02
[INFO] [1790740231.653692396] [exploration]: v=+0.20 w=+0.00 | 直行 d=2.01
[INFO] [1790740231.752882005] [exploration]: v=+0.20 w=+0.00 | 直行 d=1.99
[INFO] [1790740231.852883383] [exploration]: v=+0.20 w=+0.00 | 直行 d=1.96
[INFO] [1790740232.053550615] [exploration]: v=+0.20 w=+0.00 | 直行 d=1.94
[INFO] [1790740232.152967911] [exploration]: v=+0.20 w=+0.00 | 直行 d=1.92
[INFO] [1790740232.254339111] [exploration]: v=+0.20 w=+0.00 | 直行 d=1.89
[INFO] [1790740232.354602846] [exploration]: v=+0.20 w=+0.00 | 直行 d=1.87
[INFO] [1790740232.453539392] [exploration]: v=+0.20 w=+0.00 | 直行 d=1.86
[INFO] [1790740232.554095015] [exploration]: v=+0.20 w=+0.00 | 直行 d=1.84
[INFO] [1790740232.653329490] [exploration]: v=+0.20 w=+0.00 | 直行 d=1.82
[INFO] [1790740232.753905308] [exploration]: v=+0.20 w=+0.00 | 直行 d=1.79
[INFO] [1790740232.854178333] [exploration]: v=+0.20 w=+0.00 | 直行 d=1.78
[INFO] [1790740232.953854744] [exploration]: v=+0.20 w=+0.00 | 直行 d=1.75
[INFO] [1790740233.154223457] [exploration]: v=+0.20 w=+0.00 | 直行 d=1.72
[INFO] [1790740233.254770592] [exploration]: v=+0.20 w=+0.00 | 直行 d=1.71
[INFO] [1790740233.354418739] [exploration]: v=+0.20 w=+0.00 | 直行 d=1.68
[INFO] [1790740233.454520236] [exploration]: v=+0.20 w=+0.00 | 直行 d=1.67
[INFO] [1790740233.554706689] [exploration]: v=+0.20 w=+0.00 | 直行 d=1.65
[INFO] [1790740233.654996806] [exploration]: v=+0.20 w=+0.00 | 直行 d=1.63
[INFO] [1790740233.755182915] [exploration]: v=+0.20 w=+0.00 | 直行 d=1.61
[INFO] [1790740233.855105370] [exploration]: v=+0.20 w=+0.00 | 直行 d=1.59
[INFO] [1790740233.955145966] [exploration]: v=+0.20 w=+0.00 | 直行 d=1.57
[INFO] [1790740234.055331843] [exploration]: v=+0.20 w=+0.00 | 直行 d=1.56
[INFO] [1790740234.155838045] [exploration]: v=+0.20 w=+0.00 | 直行 d=1.51
[INFO] [1790740234.357483591] [exploration]: v=+0.20 w=+0.00 | 直行 d=1.49
[INFO] [1790740234.456369382] [exploration]: v=+0.20 w=+0.00 | 直行 d=1.46
[INFO] [1790740234.557525580] [exploration]: v=+0.20 w=+0.00 | 直行 d=1.45
[INFO] [1790740234.657217519] [exploration]: v=+0.20 w=+0.00 | 直行 d=1.42
[INFO] [1790740234.757003023] [exploration]: v=+0.20 w=+0.00 | 直行 d=1.41
[INFO] [1790740234.857292864] [exploration]: v=+0.20 w=+0.00 | 直行 d=1.40
[INFO] [1790740234.957650599] [exploration]: v=+0.20 w=+0.00 | 直行 d=1.37
[INFO] [1790740235.057899008] [exploration]: v=+0.20 w=+0.00 | 直行 d=1.35
[INFO] [1790740235.159151059] [exploration]: v=+0.20 w=+0.00 | 直行 d=1.33
[INFO] [1790740235.257880916] [exploration]: v=+0.20 w=+0.00 | 直行 d=1.31
[INFO] [1790740235.358672469] [exploration]: v=+0.20 w=+0.00 | 直行 d=1.29
[INFO] [1790740235.458316424] [exploration]: v=+0.20 w=+0.00 | 直行 d=1.26
[INFO] [1790740235.558261675] [exploration]: v=+0.20 w=+0.00 | 直行 d=1.25
[INFO] [1790740235.658146762] [exploration]: v=+0.20 w=+0.00 | 直行 d=1.23
[INFO] [1790740235.757891288] [exploration]: v=+0.20 w=+0.00 | 直行 d=1.21
[INFO] [1790740235.858879487] [exploration]: v=+0.20 w=+0.00 | 直行 d=1.19
[INFO] [1790740235.958668853] [exploration]: v=+0.20 w=+0.00 | 直行 d=1.18
[INFO] [1790740236.059094417] [exploration]: v=+0.20 w=+0.00 | 直行 d=1.15
[INFO] [1790740236.159081154] [exploration]: v=+0.20 w=+0.00 | 直行 d=1.13
[INFO] [1790740236.259618554] [exploration]: v=+0.20 w=+0.00 | 直行 d=1.11
[INFO] [1790740236.359883610] [exploration]: v=+0.20 w=+0.00 | 直行 d=1.08
[INFO] [1790740236.460332804] [exploration]: v=+0.20 w=+0.00 | 直行 d=1.07
[INFO] [1790740236.558157963] [exploration]: v=+0.20 w=+0.00 | 直行 d=1.06
[INFO] [1790740236.660053601] [exploration]: v=+0.20 w=+0.00 | 直行 d=1.04
[INFO] [1790740236.760553065] [exploration]: v=+0.20 w=+0.00 | 直行 d=1.02
[INFO] [1790740236.861285330] [exploration]: v=+0.20 w=+0.00 | 直行 d=0.99
[INFO] [1790740236.960866091] [exploration]: v=+0.20 w=+0.00 | 直行 d=0.98
[INFO] [1790740237.060102964] [exploration]: v=+0.20 w=+0.00 | 直行 d=0.96
[INFO] [1790740237.160175320] [exploration]: v=+0.20 w=+0.00 | 直行 d=0.93
[INFO] [1790740237.360640427] [exploration]: v=+0.20 w=+0.00 | 直行 d=0.90
[INFO] [1790740237.461932834] [exploration]: v=+0.20 w=+0.00 | 直行 d=0.87
[INFO] [1790740237.561043468] [exploration]: v=+0.20 w=+0.00 | 直行 d=0.85
[INFO] [1790740237.661408965] [exploration]: v=+0.20 w=+0.00 | 直行 d=0.84
[INFO] [1790740237.762809200] [exploration]: v=+0.20 w=+0.00 | 直行 d=0.82
[INFO] [1790740237.863076889] [exploration]: v=+0.20 w=+0.00 | 直行 d=0.81
[INFO] [1790740237.962111609] [exploration]: v=+0.09 w=+0.00 | 减速 d=0.79
[INFO] [1790740238.061449948] [exploration]: v=+0.00 w=+0.50 | 转向，由于危险 d=0.17
[INFO] [1790740238.163069001] [exploration]: v=+0.00 w=+0.50 | 转向中 front=0.75 目标>0.8
[INFO] [1790740238.263387025] [exploration]: v=+0.00 w=+0.50 | 转向中 front=0.13 目标>0.8
[INFO] [1790740238.363235556] [exploration]: v=+0.00 w=+0.50 | 转向中 front=0.15 目标>0.8
[INFO] [1790740238.463532847] [exploration]: v=+0.00 w=+0.50 | 转向中 front=0.13 目标>0.8
[INFO] [1790740238.563057672] [exploration]: v=+0.00 w=+0.00 | 转向完成，停稳 front=0.98
[INFO] [1790740238.663158313] [exploration]: v=+0.00 w=+0.50 | 转向，由于危险 d=0.14
[INFO] [1790740238.763954696] [exploration]: v=+0.00 w=+0.00 | 转向完成，停稳 front=0.94
[INFO] [1790740238.863472391] [exploration]: v=+0.20 w=+0.00 | 直行 d=0.90
[INFO] [1790740238.963680404] [exploration]: v=+0.20 w=+0.00 | 直行 d=0.89
[INFO] [1790740239.064097603] [exploration]: v=+0.20 w=+0.00 | 直行 d=0.88
[INFO] [1790740239.264225773] [exploration]: v=+0.20 w=+0.00 | 直行 d=0.87
[INFO] [1790740239.364497463] [exploration]: v=+0.20 w=+0.00 | 直行 d=0.84
[INFO] [1790740239.565218667] [exploration]: v=+0.20 w=+0.00 | 直行 d=0.81
[INFO] [1790740239.665471261] [exploration]: v=+0.09 w=+0.00 | 减速 d=0.80
[INFO] [1790740239.766293747] [exploration]: v=+0.00 w=+0.50 | 转向，由于危险 d=0.14
[INFO] [1790740239.865954290] [exploration]: v=+0.00 w=+0.50 | 转向中 front=0.13 目标>0.8
[INFO] [1790740240.166186093] [exploration]: v=+0.00 w=+0.50 | 转向中 front=0.66 目标>0.8
[INFO] [1790740240.267256333] [exploration]: v=+0.00 w=+0.50 | 转向中 front=0.14 目标>0.8
[INFO] [1790740240.467492693] [exploration]: v=+0.00 w=+0.50 | 转向中 front=0.61 目标>0.8
[INFO] [1790740240.667421622] [exploration]: v=+0.00 w=+0.50 | 转向中 front=0.58 目标>0.8
[INFO] [1790740240.767813664] [exploration]: v=+0.00 w=+0.50 | 转向中 front=0.57 目标>0.8
[INFO] [1790740240.869073037] [exploration]: v=+0.00 w=+0.50 | 转向中 front=0.56 目标>0.8
[INFO] [1790740240.968192978] [exploration]: v=+0.00 w=+0.50 | 转向中 front=0.55 目标>0.8
[INFO] [1790740241.068678874] [exploration]: v=+0.00 w=+0.50 | 转向中 front=0.54 目标>0.8
[INFO] [1790740241.168424205] [exploration]: v=+0.00 w=+0.50 | 转向中 front=0.53 目标>0.8
[INFO] [1790740241.268827189] [exploration]: v=+0.00 w=+0.50 | 转向中 front=0.52 目标>0.8
[INFO] [1790740241.468363686] [exploration]: v=+0.00 w=+0.50 | 转向中 front=0.51 目标>0.8
[INFO] [1790740242.569601522] [exploration]: v=+0.00 w=+0.50 | 转向中 front=0.52 目标>0.8
[INFO] [1790740242.870713367] [exploration]: v=+0.00 w=+0.50 | 转向中 front=0.54 目标>0.8
[INFO] [1790740243.072281497] [exploration]: v=+0.00 w=+0.50 | 转向中 front=0.55 目标>0.8
[INFO] [1790740243.171534107] [exploration]: v=+0.00 w=+0.50 | 转向中 front=0.56 目标>0.8
[INFO] [1790740243.271534367] [exploration]: v=+0.00 w=+0.50 | 转向中 front=0.58 目标>0.8
[INFO] [1790740243.371603001] [exploration]: v=+0.00 w=+0.50 | 转向中 front=0.59 目标>0.8
[INFO] [1790740243.473724850] [exploration]: v=+0.00 w=+0.50 | 转向中 front=0.62 目标>0.8
[INFO] [1790740243.573660149] [exploration]: v=+0.00 w=+0.50 | 转向中 front=0.64 目标>0.8
[INFO] [1790740243.672878747] [exploration]: v=+0.00 w=+0.50 | 转向中 front=0.66 目标>0.8
[INFO] [1790740243.773003099] [exploration]: v=+0.00 w=+0.50 | 转向中 front=0.68 目标>0.8
[INFO] [1790740243.873162188] [exploration]: v=+0.00 w=+0.50 | 转向中 front=0.73 目标>0.8
[INFO] [1790740243.973611334] [exploration]: v=+0.00 w=+0.50 | 转向中 front=0.76 目标>0.8
[INFO] [1790740244.074473794] [exploration]: v=+0.00 w=+0.50 | 转向中 front=0.79 目标>0.8
[INFO] [1790740244.173561766] [exploration]: v=+0.00 w=+0.00 | 转向完成，停稳 front=0.86
[INFO] [1790740244.274366466] [exploration]: v=+0.20 w=+0.00 | 直行 d=0.90
[INFO] [1790740244.373880094] [exploration]: v=+0.20 w=+0.00 | 直行 d=0.89
[INFO] [1790740244.473648014] [exploration]: v=+0.20 w=+0.00 | 直行 d=0.90
[INFO] [1790740244.573830478] [exploration]: v=+0.20 w=+0.00 | 直行 d=0.89
[INFO] [1790740244.674011286] [exploration]: v=+0.20 w=+0.00 | 直行 d=0.87
[INFO] [1790740244.774290575] [exploration]: v=+0.20 w=+0.00 | 直行 d=0.84
[INFO] [1790740244.974999050] [exploration]: v=+0.20 w=+0.00 | 直行 d=0.82
[INFO] [1790740245.075108475] [exploration]: v=+0.20 w=+0.00 | 直行 d=0.81
[INFO] [1790740245.175332250] [exploration]: v=+0.09 w=+0.00 | 减速 d=0.79
[INFO] [1790740245.274718379] [exploration]: v=+0.00 w=+0.50 | 转向，由于危险 d=0.13
[INFO] [1790740245.376273399] [exploration]: v=+0.00 w=+0.50 | 转向中 front=0.13 目标>0.8
[INFO] [1790740245.575648782] [exploration]: v=+0.00 w=+0.50 | 转向中 front=0.14 目标>0.8
[INFO] [1790740245.675925689] [exploration]: v=+0.00 w=+0.50 | 转向中 front=0.13 目标>0.8
[INFO] [1790740245.775369249] [exploration]: v=+0.00 w=+0.00 | 转向完成，停稳 front=1.07
[INFO] [1790740245.874902674] [exploration]: v=+0.00 w=+0.50 | 转向，由于危险 d=0.14
[INFO] [1790740245.974877480] [exploration]: v=+0.00 w=+0.00 | 转向完成，停稳 front=1.22
[INFO] [1790740246.075666776] [exploration]: v=+0.20 w=+0.00 | 直行 d=1.28
[INFO] [1790740246.175275008] [exploration]: v=+0.20 w=+0.00 | 直行 d=1.30
[INFO] [1790740246.275709213] [exploration]: v=+0.20 w=+0.00 | 直行 d=1.29
[INFO] [1790740246.377052702] [exploration]: v=+0.20 w=+0.00 | 直行 d=1.28
[INFO] [1790740246.477048998] [exploration]: v=+0.20 w=+0.00 | 直行 d=1.30
[INFO] [1790740246.578215903] [exploration]: v=+0.20 w=+0.00 | 直行 d=1.28
[INFO] [1790740246.676562815] [exploration]: v=+0.20 w=+0.00 | 直行 d=1.25
[INFO] [1790740246.877609132] [exploration]: v=+0.20 w=+0.00 | 直行 d=1.24
[INFO] [1790740246.976108685] [exploration]: v=+0.20 w=+0.00 | 直行 d=1.23
[INFO] [1790740247.077635754] [exploration]: v=+0.20 w=+0.00 | 直行 d=1.22
[INFO] [1790740247.478402067] [exploration]: v=+0.20 w=+0.00 | 直行 d=1.19
[INFO] [1790740247.678122226] [exploration]: v=+0.20 w=+0.00 | 直行 d=1.18
[INFO] [1790740247.777446982] [exploration]: v=+0.20 w=+0.00 | 直行 d=1.14
[INFO] [1790740247.878187558] [exploration]: v=+0.20 w=+0.00 | 直行 d=1.16
[INFO] [1790740247.977864401] [exploration]: v=+0.20 w=+0.00 | 直行 d=1.15
[INFO] [1790740248.080246855] [exploration]: v=+0.20 w=+0.00 | 直行 d=1.11
[INFO] [1790740248.179621431] [exploration]: v=+0.20 w=+0.00 | 直行 d=1.13
[INFO] [1790740248.279759558] [exploration]: v=+0.20 w=+0.00 | 直行 d=1.12
[INFO] [1790740248.379158189] [exploration]: v=+0.20 w=+0.00 | 直行 d=1.11
[INFO] [1790740248.479067434] [exploration]: v=+0.20 w=+0.00 | 直行 d=1.09
[INFO] [1790740248.581770293] [exploration]: v=+0.20 w=+0.00 | 直行 d=1.08
[INFO] [1790740248.680856322] [exploration]: v=+0.20 w=+0.00 | 直行 d=1.07
[INFO] [1790740248.780558897] [exploration]: v=+0.20 w=+0.00 | 直行 d=1.06
[INFO] [1790740248.980490953] [exploration]: v=+0.20 w=+0.00 | 直行 d=1.05
[INFO] [1790740249.179978062] [exploration]: v=+0.20 w=+0.00 | 直行 d=1.03
[INFO] [1790740249.280368936] [exploration]: v=+0.20 w=+0.00 | 直行 d=1.02
[INFO] [1790740249.380587766] [exploration]: v=+0.20 w=+0.00 | 直行 d=0.99
[INFO] [1790740249.480931872] [exploration]: v=+0.20 w=+0.00 | 直行 d=1.00
[INFO] [1790740249.681042791] [exploration]: v=+0.20 w=+0.00 | 直行 d=0.97
[INFO] [1790740249.782372997] [exploration]: v=+0.20 w=+0.00 | 直行 d=0.98
[INFO] [1790740249.882148837] [exploration]: v=+0.20 w=+0.00 | 直行 d=0.96
[INFO] [1790740249.981894226] [exploration]: v=+0.20 w=+0.00 | 直行 d=0.94
[INFO] [1790740250.281992339] [exploration]: v=+0.20 w=+0.00 | 直行 d=0.92
[INFO] [1790740250.382268385] [exploration]: v=+0.20 w=+0.00 | 直行 d=0.90
[INFO] [1790740250.482619122] [exploration]: v=+0.20 w=+0.00 | 直行 d=0.91
[INFO] [1790740250.582952397] [exploration]: v=+0.20 w=+0.00 | 直行 d=0.89
[INFO] [1790740250.683609197] [exploration]: v=+0.20 w=+0.00 | 直行 d=0.88
[INFO] [1790740250.783701894] [exploration]: v=+0.20 w=+0.00 | 直行 d=0.86
[INFO] [1790740250.884033753] [exploration]: v=+0.20 w=+0.00 | 直行 d=0.87
[INFO] [1790740250.983819888] [exploration]: v=+0.20 w=+0.00 | 直行 d=0.86
[INFO] [1790740251.085382397] [exploration]: v=+0.20 w=+0.00 | 直行 d=0.84
[INFO] [1790740251.384472368] [exploration]: v=+0.20 w=+0.00 | 直行 d=0.83
[INFO] [1790740251.484458437] [exploration]: v=+0.20 w=+0.00 | 直行 d=0.81
[INFO] [1790740251.585031739] [exploration]: v=+0.09 w=+0.00 | 减速 d=0.80
[INFO] [1790740251.684069658] [exploration]: v=+0.00 w=+0.50 | 转向，由于危险 d=0.13
[INFO] [1790740251.784499536] [exploration]: v=+0.00 w=+0.50 | 转向中 front=0.13 目标>0.8
[INFO] [1790740251.884552690] [exploration]: v=+0.00 w=+0.50 | 转向中 front=0.78 目标>0.8
[INFO] [1790740251.985113806] [exploration]: v=+0.00 w=+0.50 | 转向中 front=0.14 目标>0.8
[INFO] [1790740252.184927011] [exploration]: v=+0.00 w=+0.50 | 转向中 front=0.77 目标>0.8
[INFO] [1790740252.286521658] [exploration]: v=+0.00 w=+0.50 | 转向中 front=0.14 目标>0.8
[INFO] [1790740252.386814513] [exploration]: v=+0.00 w=+0.50 | 转向中 front=0.78 目标>0.8
[INFO] [1790740252.487060251] [exploration]: v=+0.00 w=+0.50 | 转向中 front=0.79 目标>0.8
[INFO] [1790740252.586508530] [exploration]: v=+0.00 w=+0.50 | 转向中 front=0.78 目标>0.8
[INFO] [1790740252.687325565] [exploration]: v=+0.00 w=+0.50 | 转向中 front=0.79 目标>0.8
[INFO] [1790740252.887554613] [exploration]: v=+0.00 w=+0.00 | 转向完成，停稳 front=0.80
[INFO] [1790740252.987528884] [exploration]: v=+0.20 w=+0.00 | 直行 d=0.81
[INFO] [1790740253.188150793] [exploration]: v=+0.20 w=+0.00 | 直行 d=0.80
[INFO] [1790740253.288339062] [exploration]: v=+0.08 w=+0.00 | 减速 d=0.77
[INFO] [1790740253.388332791] [exploration]: v=+0.00 w=+0.50 | 转向，由于危险 d=0.13
[INFO] [1790740253.488217794] [exploration]: v=+0.00 w=+0.50 | 转向中 front=0.13 目标>0.8
[INFO] [1790740253.589579496] [exploration]: v=+0.00 w=+0.50 | 转向中 front=0.76 目标>0.8
[INFO] [1790740253.689105593] [exploration]: v=+0.00 w=+0.50 | 转向中 front=0.13 目标>0.8
[INFO] [1790740253.988982155] [exploration]: v=+0.00 w=+0.50 | 转向中 front=0.14 目标>0.8
[INFO] [1790740254.088919007] [exploration]: v=+0.00 w=+0.00 | 转向完成，停稳 front=0.84
[INFO] [1790740254.189326032] [exploration]: v=+0.20 w=+0.00 | 直行 d=0.86
[INFO] [1790740254.289565161] [exploration]: v=+0.20 w=+0.00 | 直行 d=0.85
[INFO] [1790740254.490012645] [exploration]: v=+0.20 w=+0.00 | 直行 d=0.84
[INFO] [1790740254.590850787] [exploration]: v=+0.20 w=+0.00 | 直行 d=0.80
[INFO] [1790740254.791375323] [exploration]: v=+0.08 w=+0.00 | 减速 d=0.77
[INFO] [1790740254.990452332] [exploration]: v=+0.08 w=+0.00 | 减速 d=0.75
[INFO] [1790740255.091003165] [exploration]: v=+0.00 w=+0.50 | 转向，由于危险 d=0.14
[INFO] [1790740255.191118778] [exploration]: v=+0.00 w=+0.50 | 转向中 front=0.15 目标>0.8
[INFO] [1790740255.290871844] [exploration]: v=+0.00 w=+0.50 | 转向中 front=0.13 目标>0.8
[INFO] [1790740255.391808266] [exploration]: v=+0.00 w=+0.50 | 转向中 front=0.15 目标>0.8
[INFO] [1790740255.491439170] [exploration]: v=+0.00 w=+0.50 | 转向中 front=0.16 目标>0.8
[INFO] [1790740255.592424521] [exploration]: v=+0.00 w=+0.00 | 转向完成，停稳 front=0.86
[INFO] [1790740255.692317745] [exploration]: v=+0.20 w=+0.00 | 直行 d=0.89
[INFO] [1790740255.792651540] [exploration]: v=+0.20 w=+0.00 | 直行 d=0.88
[INFO] [1790740255.993144867] [exploration]: v=+0.20 w=+0.00 | 直行 d=0.85
[INFO] [1790740256.093456442] [exploration]: v=+0.20 w=+0.00 | 直行 d=0.84
[INFO] [1790740256.193989205] [exploration]: v=+0.20 w=+0.00 | 直行 d=0.83
[INFO] [1790740256.294842940] [exploration]: v=+0.20 w=+0.00 | 直行 d=0.81
[INFO] [1790740256.393315147] [exploration]: v=+0.08 w=+0.00 | 减速 d=0.79
[INFO] [1790740256.493069249] [exploration]: v=+0.00 w=+0.50 | 转向，由于危险 d=0.13
[INFO] [1790740256.593970901] [exploration]: v=+0.00 w=+0.50 | 转向中 front=0.13 目标>0.8
[INFO] [1790740256.695145377] [exploration]: v=+0.00 w=+0.50 | 转向中 front=0.76 目标>0.8
[INFO] [1790740256.793213410] [exploration]: v=+0.00 w=+0.50 | 转向中 front=0.14 目标>0.8
[INFO] [1790740256.895377757] [exploration]: v=+0.00 w=+0.50 | 转向中 front=0.15 目标>0.8
[INFO] [1790740256.995492747] [exploration]: v=+0.00 w=+0.00 | 转向完成，停稳 front=0.90
[INFO] [1790740257.096567064] [exploration]: v=+0.00 w=+0.50 | 转向，由于危险 d=0.14
[INFO] [1790740257.194283060] [exploration]: v=+0.00 w=+0.00 | 转向完成，停稳 front=1.02
[INFO] [1790740257.295668484] [exploration]: v=+0.20 w=+0.00 | 直行 d=1.05
[INFO] [1790740257.395100146] [exploration]: v=+0.20 w=+0.00 | 直行 d=1.04
[INFO] [1790740257.495167071] [exploration]: v=+0.20 w=+0.00 | 直行 d=1.03
[INFO] [1790740257.595839936] [exploration]: v=+0.20 w=+0.00 | 直行 d=1.02
[INFO] [1790740257.895187124] [exploration]: v=+0.20 w=+0.00 | 直行 d=1.01
[INFO] [1790740257.996339478] [exploration]: v=+0.20 w=+0.00 | 直行 d=0.99
[INFO] [1790740258.195286458] [exploration]: v=+0.20 w=+0.00 | 直行 d=0.95
[INFO] [1790740258.295936628] [exploration]: v=+0.20 w=+0.00 | 直行 d=0.94
[INFO] [1790740258.496848222] [exploration]: v=+0.20 w=+0.00 | 直行 d=0.93
[INFO] [1790740258.597235673] [exploration]: v=+0.20 w=+0.00 | 直行 d=0.92
[INFO] [1790740258.697626561] [exploration]: v=+0.20 w=+0.00 | 直行 d=0.89
[INFO] [1790740258.796851739] [exploration]: v=+0.20 w=+0.00 | 直行 d=0.88
[INFO] [1790740258.897272811] [exploration]: v=+0.20 w=+0.00 | 直行 d=0.87
[INFO] [1790740258.997704709] [exploration]: v=+0.20 w=+0.00 | 直行 d=0.84
[INFO] [1790740259.097416491] [exploration]: v=+0.20 w=+0.00 | 直行 d=0.85
[INFO] [1790740259.198068788] [exploration]: v=+0.20 w=+0.00 | 直行 d=0.84
[INFO] [1790740259.297934730] [exploration]: v=+0.20 w=+0.00 | 直行 d=0.81
[INFO] [1790740259.498895011] [exploration]: v=+0.09 w=+0.00 | 减速 d=0.79
[INFO] [1790740259.598274145] [exploration]: v=+0.00 w=+0.50 | 转向，由于危险 d=0.13
[INFO] [1790740259.698209413] [exploration]: v=+0.00 w=+0.50 | 转向中 front=0.80 目标>0.8
[INFO] [1790740259.798112939] [exploration]: v=+0.00 w=+0.00 | 转向完成，停稳 front=0.82
[INFO] [1790740259.898295520] [exploration]: v=+0.00 w=+0.50 | 转向，由于危险 d=0.13
[INFO] [1790740259.999023986] [exploration]: v=+0.00 w=+0.50 | 转向中 front=0.14 目标>0.8
[INFO] [1790740260.199219549] [exploration]: v=+0.00 w=+0.00 | 转向完成，停稳 front=0.82
[INFO] [1790740260.299638249] [exploration]: v=+0.06 w=+0.00 | 减速 d=0.65
[INFO] [1790740260.399652379] [exploration]: v=+0.05 w=+0.00 | 减速 d=0.64
[INFO] [1790740260.499578985] [exploration]: v=+0.05 w=+0.00 | 减速 d=0.65
[INFO] [1790740260.599216909] [exploration]: v=+0.05 w=+0.00 | 减速 d=0.64
[INFO] [1790740260.699167703] [exploration]: v=+0.05 w=+0.00 | 减速 d=0.63
[INFO] [1790740260.899474873] [exploration]: v=+0.05 w=+0.00 | 减速 d=0.61
[INFO] [1790740261.100234053] [exploration]: v=+0.05 w=+0.00 | 减速 d=0.62
[INFO] [1790740261.200371978] [exploration]: v=+0.05 w=+0.00 | 减速 d=0.61
[INFO] [1790740261.300761820] [exploration]: v=+0.05 w=+0.00 | 减速 d=0.64
[INFO] [1790740261.400301294] [exploration]: v=+0.05 w=+0.00 | 减速 d=0.63
[INFO] [1790740261.501336110] [exploration]: v=+0.05 w=+0.00 | 减速 d=0.64
[INFO] [1790740261.701637131] [exploration]: v=+0.05 w=+0.00 | 减速 d=0.65
[INFO] [1790740261.802569255] [exploration]: v=+0.06 w=+0.00 | 减速 d=0.67
[INFO] [1790740261.900402669] [exploration]: v=+0.06 w=+0.00 | 减速 d=0.68
[INFO] [1790740262.001649753] [exploration]: v=+0.06 w=+0.00 | 减速 d=0.67
[INFO] [1790740262.102268423] [exploration]: v=+0.06 w=+0.00 | 减速 d=0.68
[INFO] [1790740262.202161378] [exploration]: v=+0.06 w=+0.00 | 减速 d=0.69
[INFO] [1790740262.303923077] [exploration]: v=+0.07 w=+0.00 | 减速 d=0.70
[INFO] [1790740262.404573268] [exploration]: v=+0.07 w=+0.00 | 减速 d=0.71
[INFO] [1790740262.603151447] [exploration]: v=+0.07 w=+0.00 | 减速 d=0.73
[INFO] [1790740262.703622992] [exploration]: v=+0.07 w=+0.00 | 减速 d=0.71
[INFO] [1790740262.803952077] [exploration]: v=+0.07 w=+0.00 | 减速 d=0.73
[INFO] [1790740263.003966873] [exploration]: v=+0.08 w=+0.00 | 减速 d=0.74
[INFO] [1790740263.204423531] [exploration]: v=+0.08 w=+0.00 | 减速 d=0.77
[INFO] [1790740263.304181026] [exploration]: v=+0.06 w=+0.00 | 减速 d=0.66
[INFO] [1790740263.404196486] [exploration]: v=+0.00 w=+0.50 | 转向，由于危险 d=0.13
[INFO] [1790740263.504007306] [exploration]: v=+0.00 w=+0.50 | 转向中 front=0.15 目标>0.8
[INFO] [1790740263.604876568] [exploration]: v=+0.00 w=+0.50 | 转向中 front=0.66 目标>0.8
[INFO] [1790740263.703623389] [exploration]: v=+0.00 w=+0.50 | 转向中 front=0.47 目标>0.8
[INFO] [1790740263.804040612] [exploration]: v=+0.00 w=+0.50 | 转向中 front=0.45 目标>0.8
[INFO] [1790740263.904795124] [exploration]: v=+0.00 w=+0.50 | 转向中 front=0.46 目标>0.8
[INFO] [1790740264.105771869] [exploration]: v=+0.00 w=+0.50 | 转向中 front=0.45 目标>0.8
[INFO] [1790740264.205152661] [exploration]: v=+0.00 w=+0.50 | 转向中 front=0.46 目标>0.8
[INFO] [1790740264.305715173] [exploration]: v=+0.00 w=+0.50 | 转向中 front=0.45 目标>0.8
[INFO] [1790740264.505895711] [exploration]: v=+0.00 w=+0.50 | 转向中 front=0.13 目标>0.8
[INFO] [1790740264.605874098] [exploration]: v=+0.00 w=+0.50 | 转向中 front=0.45 目标>0.8
[INFO] [1790740264.707040808] [exploration]: v=+0.00 w=+0.50 | 转向中 front=0.46 目标>0.8
[INFO] [1790740264.806816078] [exploration]: v=+0.00 w=+0.50 | 转向中 front=0.14 目标>0.8
[INFO] [1790740264.906409835] [exploration]: v=+0.00 w=+0.50 | 转向中 front=0.46 目标>0.8
[INFO] [1790740265.006534293] [exploration]: v=+0.00 w=+0.50 | 转向中 front=0.48 目标>0.8
[INFO] [1790740265.207806182] [exploration]: v=+0.00 w=+0.50 | 转向中 front=0.50 目标>0.8
[INFO] [1790740265.307261908] [exploration]: v=+0.00 w=+0.50 | 转向中 front=0.52 目标>0.8
[INFO] [1790740265.407552400] [exploration]: v=+0.00 w=+0.50 | 转向中 front=0.14 目标>0.8
[INFO] [1790740265.507657738] [exploration]: v=+0.00 w=+0.50 | 转向中 front=0.56 目标>0.8
[INFO] [1790740265.607486162] [exploration]: v=+0.00 w=+0.50 | 转向中 front=0.15 目标>0.8
[INFO] [1790740265.807561196] [exploration]: v=+0.00 w=+0.00 | 转向完成，停稳 front=0.87
[INFO] [1790740265.908327719] [exploration]: v=+0.00 w=+0.50 | 转向，由于危险 d=0.13
[INFO] [1790740266.008713650] [exploration]: v=+0.00 w=+0.50 | 转向中 front=0.14 目标>0.8
[INFO] [1790740266.108334877] [exploration]: v=+0.00 w=+0.00 | 转向完成，停稳 front=0.88
[INFO] [1790740266.208250851] [exploration]: v=+0.00 w=+0.50 | 转向，由于危险 d=0.13
[INFO] [1790740266.309002740] [exploration]: v=+0.00 w=+0.50 | 转向中 front=0.13 目标>0.8
[INFO] [1790740266.408632558] [exploration]: v=+0.00 w=+0.00 | 转向完成，停稳 front=0.88
[INFO] [1790740266.508340107] [exploration]: v=+0.00 w=+0.50 | 转向，由于危险 d=0.15
[INFO] [1790740266.608253588] [exploration]: v=+0.00 w=+0.00 | 转向完成，停稳 front=0.87
[INFO] [1790740266.709319533] [exploration]: v=+0.20 w=+0.00 | 直行 d=0.87
[INFO] [1790740266.808528552] [exploration]: v=+0.00 w=+0.50 | 转向，由于危险 d=0.14
[INFO] [1790740266.908586261] [exploration]: v=+0.00 w=+0.50 | 转向中 front=0.14 目标>0.8
[INFO] [1790740267.010276590] [exploration]: v=+0.00 w=+0.50 | 转向中 front=0.13 目标>0.8
[INFO] [1790740267.210785586] [exploration]: v=+0.00 w=+0.00 | 转向完成，停稳 front=0.93
[INFO] [1790740267.311595605] [exploration]: v=+0.20 w=+0.00 | 直行 d=0.87
[INFO] [1790740267.411604445] [exploration]: v=+0.20 w=+0.00 | 直行 d=0.95
[INFO] [1790740267.510857501] [exploration]: v=+0.00 w=+0.50 | 转向，由于危险 d=0.14
[INFO] [1790740267.610564988] [exploration]: v=+0.00 w=+0.00 | 转向完成，停稳 front=0.96
[INFO] [1790740267.710694882] [exploration]: v=+0.00 w=+0.50 | 转向，由于危险 d=0.14
[INFO] [1790740267.810805456] [exploration]: v=+0.00 w=+0.00 | 转向完成，停稳 front=0.94
[INFO] [1790740267.910013377] [exploration]: v=+0.00 w=+0.50 | 转向，由于危险 d=0.15
[INFO] [1790740268.010663177] [exploration]: v=+0.00 w=+0.50 | 转向中 front=0.14 目标>0.8
[INFO] [1790740268.113650073] [exploration]: v=+0.00 w=+0.00 | 转向完成，停稳 front=0.94
[INFO] [1790740268.211827414] [exploration]: v=+0.00 w=+0.50 | 转向，由于危险 d=0.40
[INFO] [1790740268.312993832] [exploration]: v=+0.00 w=+0.00 | 转向完成，停稳 front=0.94
[INFO] [1790740268.411961498] [exploration]: v=+0.00 w=+0.50 | 转向，由于危险 d=0.40
[INFO] [1790740268.511308947] [exploration]: v=+0.00 w=+0.50 | 转向中 front=0.15 目标>0.8
[INFO] [1790740268.611054697] [exploration]: v=+0.00 w=+0.50 | 转向中 front=0.14 目标>0.8
[INFO] [1790740268.713774397] [exploration]: v=+0.00 w=+0.00 | 转向完成，停稳 front=0.95
[INFO] [1790740268.813106173] [exploration]: v=+0.00 w=+0.50 | 转向，由于危险 d=0.14
[INFO] [1790740268.913364048] [exploration]: v=+0.00 w=+0.50 | 转向中 front=0.14 目标>0.8
[INFO] [1790740269.112724936] [exploration]: v=+0.00 w=+0.50 | 转向中 front=0.13 目标>0.8
[INFO] [1790740269.213284838] [exploration]: v=+0.00 w=+0.50 | 转向中 front=0.14 目标>0.8
[INFO] [1790740269.313587878] [exploration]: v=+0.00 w=+0.00 | 转向完成，停稳 front=1.13
[INFO] [1790740269.412554686] [exploration]: v=+0.20 w=+0.00 | 直行 d=1.01
[INFO] [1790740269.513910168] [exploration]: v=+0.20 w=+0.00 | 直行 d=0.99
[INFO] [1790740269.615849958] [exploration]: v=+0.00 w=+0.50 | 转向，由于危险 d=0.13
[INFO] [1790740269.715426684] [exploration]: v=+0.00 w=+0.00 | 转向完成，停稳 front=1.56
[INFO] [1790740269.813835978] [exploration]: v=+0.00 w=+0.50 | 转向，由于危险 d=0.14
[INFO] [1790740269.915965297] [exploration]: v=+0.00 w=+0.50 | 转向中 front=0.14 目标>0.8
[INFO] [1790740270.013974076] [exploration]: v=+0.00 w=+0.00 | 转向完成，停稳 front=1.47
[INFO] [1790740270.115256863] [exploration]: v=+0.00 w=+0.50 | 转向，由于危险 d=0.15
[INFO] [1790740270.215687401] [exploration]: v=+0.00 w=+0.00 | 转向完成，停稳 front=1.45
[INFO] [1790740270.315593596] [exploration]: v=+0.00 w=+0.50 | 转向，由于危险 d=0.14
[INFO] [1790740270.416475066] [exploration]: v=+0.00 w=+0.00 | 转向完成，停稳 front=1.40
[INFO] [1790740270.516573791] [exploration]: v=+0.20 w=+0.00 | 直行 d=1.38
[INFO] [1790740270.716449512] [exploration]: v=+0.20 w=+0.00 | 直行 d=1.36
[INFO] [1790740270.816116426] [exploration]: v=+0.20 w=+0.00 | 直行 d=1.33
[INFO] [1790740270.916921773] [exploration]: v=+0.20 w=+0.00 | 直行 d=1.32
