[INFO] [1790738972.951284583] [exploration]: 探索节点已启动
[INFO] [1790738972.998293125] [exploration]: v=+0.00 w=+0.50 | 转向，由于危险 d=0.17
[INFO] [1790738973.098688398] [exploration]: v=+0.00 w=+0.50 | 转向中 front=0.17 目标>0.8
[INFO] [1790738973.901810521] [exploration]: v=+0.00 w=+0.50 | 转向中 front=0.18 目标>0.8
[INFO] [1790738974.002910015] [exploration]: v=+0.00 w=+0.50 | 转向中 front=0.17 目标>0.8
[INFO] [1790738974.102298630] [exploration]: v=+0.00 w=+0.50 | 转向中 front=0.18 目标>0.8
[INFO] [1790738974.202300127] [exploration]: v=+0.00 w=+0.50 | 转向中 front=0.19 目标>0.8
[INFO] [1790738974.503473258] [exploration]: v=+0.00 w=+0.50 | 转向中 front=0.20 目标>0.8
[INFO] [1790738974.602795522] [exploration]: v=+0.00 w=+0.50 | 转向中 front=0.21 目标>0.8
[INFO] [1790738974.901598435] [exploration]: v=+0.00 w=+0.50 | 转向中 front=0.22 目标>0.8
[INFO] [1790738975.001169520] [exploration]: v=+0.00 w=+0.50 | 转向中 front=0.23 目标>0.8
[INFO] [1790738975.202672424] [exploration]: v=+0.00 w=+0.50 | 转向中 front=0.24 目标>0.8
[INFO] [1790738975.403184781] [exploration]: v=+0.00 w=+0.50 | 转向中 front=0.25 目标>0.8
[INFO] [1790738975.503633935] [exploration]: v=+0.00 w=+0.50 | 转向中 front=0.27 目标>0.8
[INFO] [1790738975.603786301] [exploration]: v=+0.00 w=+0.50 | 转向中 front=0.28 目标>0.8
[INFO] [1790738975.704052495] [exploration]: v=+0.00 w=+0.50 | 转向中 front=0.29 目标>0.8
[INFO] [1790738975.803637815] [exploration]: v=+0.00 w=+0.50 | 转向中 front=0.33 目标>0.8
[INFO] [1790738976.002204778] [exploration]: v=+0.00 w=+0.50 | 转向中 front=0.36 目标>0.8
[INFO] [1790738976.103984811] [exploration]: v=+0.00 w=+0.50 | 转向中 front=0.40 目标>0.8
[INFO] [1790738976.204360086] [exploration]: v=+0.00 w=+0.50 | 转向中 front=0.43 目标>0.8
[INFO] [1790738976.303997843] [exploration]: v=+0.00 w=+0.50 | 转向中 front=0.47 目标>0.8
[INFO] [1790738976.404599767] [exploration]: v=+0.00 w=+0.50 | 转向中 front=0.51 目标>0.8
[INFO] [1790738976.505169394] [exploration]: v=+0.00 w=+0.50 | 转向中 front=0.60 目标>0.8
[INFO] [1790738976.604754300] [exploration]: v=+0.00 w=+0.50 | 转向中 front=0.65 目标>0.8
[INFO] [1790738976.704329056] [exploration]: v=+0.00 w=+0.50 | 转向中 front=0.76 目标>0.8
[INFO] [1790738976.804965524] [exploration]: v=+0.00 w=+0.00 | 转向完成，停稳 front=0.93
[INFO] [1790738976.905176389] [exploration]: v=+0.20 w=+0.00 | 直行 d=1.07
[INFO] [1790738977.005648872] [exploration]: v=+0.20 w=+0.00 | 直行 d=1.10
[INFO] [1790738977.104437384] [exploration]: v=+0.20 w=+0.00 | 直行 d=1.13
[INFO] [1790738977.205581932] [exploration]: v=+0.20 w=+0.00 | 直行 d=1.15
[INFO] [1790738977.305490729] [exploration]: v=+0.20 w=+0.00 | 直行 d=1.13
[INFO] [1790738977.404892163] [exploration]: v=+0.20 w=+0.00 | 直行 d=1.15
[INFO] [1790738977.606032139] [exploration]: v=+0.20 w=+0.00 | 直行 d=1.16
[INFO] [1790738977.706546570] [exploration]: v=+0.20 w=+0.00 | 直行 d=1.17
[INFO] [1790738978.109041126] [exploration]: v=+0.20 w=+0.00 | 直行 d=1.18
[INFO] [1790738978.208591867] [exploration]: v=+0.20 w=+0.00 | 直行 d=1.21
[INFO] [1790738978.309645046] [exploration]: v=+0.20 w=+0.00 | 直行 d=1.18
[INFO] [1790738978.409755046] [exploration]: v=+0.20 w=+0.00 | 直行 d=1.21
[INFO] [1790738978.710108095] [exploration]: v=+0.20 w=+0.00 | 直行 d=1.23
[INFO] [1790738978.810075890] [exploration]: v=+0.20 w=+0.00 | 直行 d=1.24
[INFO] [1790738978.909809050] [exploration]: v=+0.20 w=+0.00 | 直行 d=1.23
[INFO] [1790738979.010265929] [exploration]: v=+0.20 w=+0.00 | 直行 d=1.22
[INFO] [1790738979.111630208] [exploration]: v=+0.20 w=+0.00 | 直行 d=1.24
[INFO] [1790738979.311002001] [exploration]: v=+0.20 w=+0.00 | 直行 d=1.25
[INFO] [1790738979.411028134] [exploration]: v=+0.20 w=+0.00 | 直行 d=1.24
[INFO] [1790738979.511035464] [exploration]: v=+0.20 w=+0.00 | 直行 d=1.26
[INFO] [1790738979.710799940] [exploration]: v=+0.20 w=+0.00 | 直行 d=1.28
[INFO] [1790738979.810211388] [exploration]: v=+0.20 w=+0.00 | 直行 d=1.26
[INFO] [1790738979.910680063] [exploration]: v=+0.20 w=+0.00 | 直行 d=1.29
[INFO] [1790738980.011003276] [exploration]: v=+0.20 w=+0.00 | 直行 d=1.30
[INFO] [1790738980.111860428] [exploration]: v=+0.20 w=+0.00 | 直行 d=1.32
[INFO] [1790738980.212635385] [exploration]: v=+0.20 w=+0.00 | 直行 d=1.28
[INFO] [1790738980.312434498] [exploration]: v=+0.20 w=+0.00 | 直行 d=1.31
[INFO] [1790738980.412775300] [exploration]: v=+0.20 w=+0.00 | 直行 d=1.29
[INFO] [1790738980.512851237] [exploration]: v=+0.20 w=+0.00 | 直行 d=1.33
[INFO] [1790738980.612431603] [exploration]: v=+0.20 w=+0.00 | 直行 d=1.32
[INFO] [1790738980.712570009] [exploration]: v=+0.20 w=+0.00 | 直行 d=1.35
[INFO] [1790738980.812671341] [exploration]: v=+0.20 w=+0.00 | 直行 d=1.33
[INFO] [1790738980.911979993] [exploration]: v=+0.20 w=+0.00 | 直行 d=1.34
[INFO] [1790738981.214474942] [exploration]: v=+0.20 w=+0.00 | 直行 d=1.35
[INFO] [1790738981.314052081] [exploration]: v=+0.20 w=+0.00 | 直行 d=1.36
[INFO] [1790738981.414195677] [exploration]: v=+0.20 w=+0.00 | 直行 d=1.24
[INFO] [1790738981.515768013] [exploration]: v=+0.20 w=+0.00 | 直行 d=1.26
[INFO] [1790738981.614647527] [exploration]: v=+0.20 w=+0.00 | 直行 d=1.25
[INFO] [1790738981.714305461] [exploration]: v=+0.20 w=+0.00 | 直行 d=1.26
[INFO] [1790738981.815059608] [exploration]: v=+0.20 w=+0.00 | 直行 d=1.27
[INFO] [1790738981.915053523] [exploration]: v=+0.20 w=+0.00 | 直行 d=1.28
[INFO] [1790738982.115916547] [exploration]: v=+0.20 w=+0.00 | 直行 d=1.30
[INFO] [1790738982.215944282] [exploration]: v=+0.20 w=+0.00 | 直行 d=1.29
[INFO] [1790738982.515796369] [exploration]: v=+0.20 w=+0.00 | 直行 d=1.32
[INFO] [1790738982.615864349] [exploration]: v=+0.20 w=+0.00 | 直行 d=1.30
[INFO] [1790738982.715389538] [exploration]: v=+0.20 w=+0.00 | 直行 d=1.31
[INFO] [1790738982.815297405] [exploration]: v=+0.20 w=+0.00 | 直行 d=1.33
[INFO] [1790738983.116006488] [exploration]: v=+0.20 w=+0.00 | 直行 d=1.32
[INFO] [1790738983.216071364] [exploration]: v=+0.20 w=+0.00 | 直行 d=1.33
[INFO] [1790738983.317080337] [exploration]: v=+0.20 w=+0.00 | 直行 d=1.34
[INFO] [1790738983.417650356] [exploration]: v=+0.20 w=+0.00 | 直行 d=1.35
[INFO] [1790738983.617630289] [exploration]: v=+0.20 w=+0.00 | 直行 d=1.37
[INFO] [1790738983.717184144] [exploration]: v=+0.20 w=+0.00 | 直行 d=1.36
[INFO] [1790738983.817934448] [exploration]: v=+0.20 w=+0.00 | 直行 d=1.37
[INFO] [1790738984.018318185] [exploration]: v=+0.20 w=+0.00 | 直行 d=1.38
[INFO] [1790738984.118890170] [exploration]: v=+0.20 w=+0.00 | 直行 d=1.40
[INFO] [1790738984.217988830] [exploration]: v=+0.20 w=+0.00 | 直行 d=1.38
[INFO] [1790738984.419378871] [exploration]: v=+0.20 w=+0.00 | 直行 d=1.41
[INFO] [1790738984.520597835] [exploration]: v=+0.20 w=+0.00 | 直行 d=1.43
[INFO] [1790738984.618699331] [exploration]: v=+0.20 w=+0.00 | 直行 d=1.41
[INFO] [1790738984.718905867] [exploration]: v=+0.20 w=+0.00 | 直行 d=1.42
[INFO] [1790738984.919611759] [exploration]: v=+0.20 w=+0.00 | 直行 d=1.41
[INFO] [1790738985.018556728] [exploration]: v=+0.20 w=+0.00 | 直行 d=1.43
[INFO] [1790738985.219419923] [exploration]: v=+0.20 w=+0.00 | 直行 d=1.42
[INFO] [1790738985.319961844] [exploration]: v=+0.20 w=+0.00 | 直行 d=1.43
[INFO] [1790738985.419353880] [exploration]: v=+0.20 w=+0.00 | 直行 d=1.40
[INFO] [1790738985.519395278] [exploration]: v=+0.20 w=+0.00 | 直行 d=1.41
[INFO] [1790738985.619568463] [exploration]: v=+0.20 w=+0.00 | 直行 d=1.39
[INFO] [1790738985.719767588] [exploration]: v=+0.20 w=+0.00 | 直行 d=1.36
[INFO] [1790738985.820128857] [exploration]: v=+0.20 w=+0.00 | 直行 d=1.35
[INFO] [1790738985.919620466] [exploration]: v=+0.20 w=+0.00 | 直行 d=1.36
[INFO] [1790738986.019504239] [exploration]: v=+0.20 w=+0.00 | 直行 d=1.37
[INFO] [1790738986.120715751] [exploration]: v=+0.20 w=+0.00 | 直行 d=1.36
[INFO] [1790738986.220660212] [exploration]: v=+0.20 w=+0.00 | 直行 d=3.15
[INFO] [1790738986.319828294] [exploration]: v=+0.20 w=+0.00 | 直行 d=3.12
[INFO] [1790738986.420696328] [exploration]: v=+0.20 w=+0.00 | 直行 d=3.10
[INFO] [1790738986.521634385] [exploration]: v=+0.20 w=+0.00 | 直行 d=3.07
[INFO] [1790738986.721145258] [exploration]: v=+0.20 w=+0.00 | 直行 d=3.05
[INFO] [1790738986.821287162] [exploration]: v=+0.20 w=+0.00 | 直行 d=3.03
[INFO] [1790738986.920714639] [exploration]: v=+0.20 w=+0.00 | 直行 d=3.01
[INFO] [1790738987.021482650] [exploration]: v=+0.20 w=+0.00 | 直行 d=2.98
[INFO] [1790738987.121820476] [exploration]: v=+0.20 w=+0.00 | 直行 d=2.97
[INFO] [1790738987.222349120] [exploration]: v=+0.20 w=+0.00 | 直行 d=2.95
[INFO] [1790738987.323027424] [exploration]: v=+0.20 w=+0.00 | 直行 d=2.92
[INFO] [1790738987.422586633] [exploration]: v=+0.20 w=+0.00 | 直行 d=2.90
[INFO] [1790738987.522056028] [exploration]: v=+0.20 w=+0.00 | 直行 d=2.88
[INFO] [1790738987.621553436] [exploration]: v=+0.20 w=+0.00 | 直行 d=2.87
[INFO] [1790738987.722594594] [exploration]: v=+0.20 w=+0.00 | 直行 d=2.85
[INFO] [1790738987.822063806] [exploration]: v=+0.20 w=+0.00 | 直行 d=2.84
[INFO] [1790738987.923160268] [exploration]: v=+0.20 w=+0.00 | 直行 d=2.79
[INFO] [1790738988.123455015] [exploration]: v=+0.20 w=+0.00 | 直行 d=2.76
[INFO] [1790738988.223341152] [exploration]: v=+0.20 w=+0.00 | 直行 d=2.75
[INFO] [1790738988.323551207] [exploration]: v=+0.20 w=+0.00 | 直行 d=2.72
[INFO] [1790738988.425603563] [exploration]: v=+0.20 w=+0.00 | 直行 d=2.70
[INFO] [1790738988.524892696] [exploration]: v=+0.20 w=+0.00 | 直行 d=2.71
[INFO] [1790738988.624970740] [exploration]: v=+0.20 w=+0.00 | 直行 d=2.65
[INFO] [1790738988.724756466] [exploration]: v=+0.20 w=+0.00 | 直行 d=2.66
[INFO] [1790738988.825061276] [exploration]: v=+0.20 w=+0.00 | 直行 d=2.65
[INFO] [1790738988.925859646] [exploration]: v=+0.20 w=+0.00 | 直行 d=2.63
[INFO] [1790738989.025364407] [exploration]: v=+0.20 w=+0.00 | 直行 d=2.58
[INFO] [1790738989.124194339] [exploration]: v=+0.20 w=+0.00 | 直行 d=2.57
[INFO] [1790738989.224275352] [exploration]: v=+0.20 w=+0.00 | 直行 d=2.56
[INFO] [1790738989.325011906] [exploration]: v=+0.20 w=+0.00 | 直行 d=2.51
[INFO] [1790738989.425353198] [exploration]: v=+0.20 w=+0.00 | 直行 d=2.52
[INFO] [1790738989.525628646] [exploration]: v=+0.20 w=+0.00 | 直行 d=2.48
[INFO] [1790738989.625173181] [exploration]: v=+0.20 w=+0.00 | 直行 d=2.47
[INFO] [1790738989.725365043] [exploration]: v=+0.20 w=+0.00 | 直行 d=2.46
[INFO] [1790738989.925425892] [exploration]: v=+0.20 w=+0.00 | 直行 d=2.43
[INFO] [1790738990.024242264] [exploration]: v=+0.20 w=+0.00 | 直行 d=2.40
[INFO] [1790738990.125585835] [exploration]: v=+0.20 w=+0.00 | 直行 d=2.37
[INFO] [1790738990.226605131] [exploration]: v=+0.20 w=+0.00 | 直行 d=2.36
[INFO] [1790738990.327788893] [exploration]: v=+0.20 w=+0.00 | 直行 d=2.33
[INFO] [1790738990.427723079] [exploration]: v=+0.20 w=+0.00 | 直行 d=2.32
[INFO] [1790738990.528280298] [exploration]: v=+0.20 w=+0.00 | 直行 d=2.31
[INFO] [1790738990.627847186] [exploration]: v=+0.20 w=+0.00 | 直行 d=2.32
[INFO] [1790738990.728085850] [exploration]: v=+0.20 w=+0.00 | 直行 d=2.33
[INFO] [1790738990.828791522] [exploration]: v=+0.20 w=+0.00 | 直行 d=2.32
[INFO] [1790738991.029763536] [exploration]: v=+0.20 w=+0.00 | 直行 d=2.33
[INFO] [1790738991.129000317] [exploration]: v=+0.20 w=+0.00 | 直行 d=2.36
[INFO] [1790738991.429052204] [exploration]: v=+0.20 w=+0.00 | 直行 d=2.34
[INFO] [1790738991.529573512] [exploration]: v=+0.20 w=+0.00 | 直行 d=2.36
[INFO] [1790738991.629278110] [exploration]: v=+0.20 w=+0.00 | 直行 d=2.38
[INFO] [1790738991.729137479] [exploration]: v=+0.20 w=+0.00 | 直行 d=2.37
[INFO] [1790738991.829286963] [exploration]: v=+0.20 w=+0.00 | 直行 d=2.39
[INFO] [1790738991.930041125] [exploration]: v=+0.20 w=+0.00 | 直行 d=2.37
[INFO] [1790738992.030717267] [exploration]: v=+0.20 w=+0.00 | 直行 d=2.39
[INFO] [1790738992.230790154] [exploration]: v=+0.20 w=+0.00 | 直行 d=2.41
[INFO] [1790738992.329906421] [exploration]: v=+0.20 w=+0.00 | 直行 d=2.42
[INFO] [1790738992.431905277] [exploration]: v=+0.20 w=+0.00 | 直行 d=2.41
[INFO] [1790738992.531554834] [exploration]: v=+0.20 w=+0.00 | 直行 d=2.42
[INFO] [1790738992.632697512] [exploration]: v=+0.20 w=+0.00 | 直行 d=2.43
[INFO] [1790738992.731998921] [exploration]: v=+0.20 w=+0.00 | 直行 d=2.42
[INFO] [1790738992.832353600] [exploration]: v=+0.20 w=+0.00 | 直行 d=2.45
[INFO] [1790738992.932403295] [exploration]: v=+0.20 w=+0.00 | 直行 d=2.43
[INFO] [1790738993.031774998] [exploration]: v=+0.20 w=+0.00 | 直行 d=2.45
[INFO] [1790738993.130785093] [exploration]: v=+0.20 w=+0.00 | 直行 d=2.46
[INFO] [1790738993.232136583] [exploration]: v=+0.20 w=+0.00 | 直行 d=2.45
[INFO] [1790738993.332815062] [exploration]: v=+0.20 w=+0.00 | 直行 d=2.46
[INFO] [1790738993.433038177] [exploration]: v=+0.20 w=+0.00 | 直行 d=2.47
[INFO] [1790738993.632498330] [exploration]: v=+0.20 w=+0.00 | 直行 d=2.48
[INFO] [1790738993.732733818] [exploration]: v=+0.20 w=+0.00 | 直行 d=2.74
[INFO] [1790738993.833069500] [exploration]: v=+0.20 w=+0.00 | 直行 d=3.01
[INFO] [1790738993.932678686] [exploration]: v=+0.20 w=+0.00 | 直行 d=3.33
[INFO] [1790738994.032615132] [exploration]: v=+0.20 w=+0.00 | 直行 d=3.37
[INFO] [1790738994.132870718] [exploration]: v=+0.20 w=+0.00 | 直行 d=3.38
[INFO] [1790738994.234329592] [exploration]: v=+0.20 w=+0.00 | 直行 d=3.37
[INFO] [1790738994.434856893] [exploration]: v=+0.20 w=+0.00 | 直行 d=3.35
[INFO] [1790738994.533600347] [exploration]: v=+0.20 w=+0.00 | 直行 d=3.32
[INFO] [1790738994.634644560] [exploration]: v=+0.20 w=+0.00 | 直行 d=3.31
[INFO] [1790738994.734196156] [exploration]: v=+0.20 w=+0.00 | 直行 d=3.28
[INFO] [1790738994.835063628] [exploration]: v=+0.20 w=+0.00 | 直行 d=3.27
[INFO] [1790738994.934698032] [exploration]: v=+0.20 w=+0.00 | 直行 d=3.25
[INFO] [1790738995.035532913] [exploration]: v=+0.20 w=+0.00 | 直行 d=3.24
[INFO] [1790738995.135141785] [exploration]: v=+0.20 w=+0.00 | 直行 d=3.22
[INFO] [1790738995.235289228] [exploration]: v=+0.20 w=+0.00 | 直行 d=3.19
[INFO] [1790738995.335586236] [exploration]: v=+0.20 w=+0.00 | 直行 d=3.18
[INFO] [1790738995.436298996] [exploration]: v=+0.20 w=+0.00 | 直行 d=3.14
[INFO] [1790738995.535636029] [exploration]: v=+0.20 w=+0.00 | 直行 d=3.13
[INFO] [1790738995.636443990] [exploration]: v=+0.20 w=+0.00 | 直行 d=3.12
[INFO] [1790738995.736696335] [exploration]: v=+0.20 w=+0.00 | 直行 d=3.10
[INFO] [1790738995.836921136] [exploration]: v=+0.20 w=+0.00 | 直行 d=3.07
[INFO] [1790738995.936395630] [exploration]: v=+0.20 w=+0.00 | 直行 d=3.06
[INFO] [1790738996.036429279] [exploration]: v=+0.20 w=+0.00 | 直行 d=3.04
[INFO] [1790738996.136576301] [exploration]: v=+0.20 w=+0.00 | 直行 d=3.01
[INFO] [1790738996.236455372] [exploration]: v=+0.20 w=+0.00 | 直行 d=2.99
[INFO] [1790738996.336583231] [exploration]: v=+0.20 w=+0.00 | 直行 d=2.98
[INFO] [1790738996.438234898] [exploration]: v=+0.20 w=+0.00 | 直行 d=2.95
[INFO] [1790738996.538462775] [exploration]: v=+0.20 w=+0.00 | 直行 d=2.93
[INFO] [1790738996.637886650] [exploration]: v=+0.20 w=+0.00 | 直行 d=2.91
[INFO] [1790738996.738044639] [exploration]: v=+0.20 w=+0.00 | 直行 d=2.89
[INFO] [1790738996.838009718] [exploration]: v=+0.20 w=+0.00 | 直行 d=2.87
[INFO] [1790738996.939034682] [exploration]: v=+0.20 w=+0.00 | 直行 d=2.85
[INFO] [1790738997.038421335] [exploration]: v=+0.20 w=+0.00 | 直行 d=2.83
[INFO] [1790738997.139141089] [exploration]: v=+0.20 w=+0.00 | 直行 d=2.82
[INFO] [1790738997.238650978] [exploration]: v=+0.20 w=+0.00 | 直行 d=2.80
[INFO] [1790738997.338361228] [exploration]: v=+0.20 w=+0.00 | 直行 d=2.78
[INFO] [1790738997.438520997] [exploration]: v=+0.20 w=+0.00 | 直行 d=2.76
[INFO] [1790738997.539427555] [exploration]: v=+0.20 w=+0.00 | 直行 d=2.74
[INFO] [1790738997.640053709] [exploration]: v=+0.20 w=+0.00 | 直行 d=2.72
[INFO] [1790738997.739692480] [exploration]: v=+0.20 w=+0.00 | 直行 d=2.70
[INFO] [1790738997.839086537] [exploration]: v=+0.20 w=+0.00 | 直行 d=2.68
[INFO] [1790738997.939305392] [exploration]: v=+0.20 w=+0.00 | 直行 d=2.66
[INFO] [1790738998.039978732] [exploration]: v=+0.20 w=+0.00 | 直行 d=2.64
[INFO] [1790738998.139636182] [exploration]: v=+0.20 w=+0.00 | 直行 d=2.62
[INFO] [1790738998.239580789] [exploration]: v=+0.20 w=+0.00 | 直行 d=2.61
[INFO] [1790738998.340218932] [exploration]: v=+0.20 w=+0.00 | 直行 d=2.58
[INFO] [1790738998.441326414] [exploration]: v=+0.20 w=+0.00 | 直行 d=2.56
[INFO] [1790738998.541416261] [exploration]: v=+0.20 w=+0.00 | 直行 d=2.54
[INFO] [1790738998.642231715] [exploration]: v=+0.20 w=+0.00 | 直行 d=2.52
[INFO] [1790738998.742634221] [exploration]: v=+0.20 w=+0.00 | 直行 d=2.50
[INFO] [1790738998.841626135] [exploration]: v=+0.20 w=+0.00 | 直行 d=2.48
[INFO] [1790738998.940361162] [exploration]: v=+0.20 w=+0.00 | 直行 d=2.46
[INFO] [1790738999.041517351] [exploration]: v=+0.20 w=+0.00 | 直行 d=2.44
[INFO] [1790738999.141799182] [exploration]: v=+0.20 w=+0.00 | 直行 d=2.42
[INFO] [1790738999.241370067] [exploration]: v=+0.20 w=+0.00 | 直行 d=2.39
[INFO] [1790738999.340622350] [exploration]: v=+0.20 w=+0.00 | 直行 d=2.38
[INFO] [1790738999.442892454] [exploration]: v=+0.20 w=+0.00 | 直行 d=2.36
[INFO] [1790738999.543187214] [exploration]: v=+0.20 w=+0.00 | 直行 d=2.33
[INFO] [1790738999.642783024] [exploration]: v=+0.20 w=+0.00 | 直行 d=2.32
[INFO] [1790738999.742645021] [exploration]: v=+0.20 w=+0.00 | 直行 d=2.30
[INFO] [1790738999.842144805] [exploration]: v=+0.20 w=+0.00 | 直行 d=2.28
[INFO] [1790738999.943173292] [exploration]: v=+0.20 w=+0.00 | 直行 d=2.26
[INFO] [1790739000.042655420] [exploration]: v=+0.20 w=+0.00 | 直行 d=2.24
[INFO] [1790739000.143001899] [exploration]: v=+0.20 w=+0.00 | 直行 d=2.22
[INFO] [1790739000.243428901] [exploration]: v=+0.20 w=+0.00 | 直行 d=2.20
[INFO] [1790739000.343773909] [exploration]: v=+0.20 w=+0.00 | 直行 d=2.18
[INFO] [1790739000.443438530] [exploration]: v=+0.20 w=+0.00 | 直行 d=2.15
[INFO] [1790739000.543181399] [exploration]: v=+0.20 w=+0.00 | 直行 d=2.14
[INFO] [1790739000.642998394] [exploration]: v=+0.20 w=+0.00 | 直行 d=2.12
[INFO] [1790739000.745144497] [exploration]: v=+0.20 w=+0.00 | 直行 d=2.10
[INFO] [1790739000.844828379] [exploration]: v=+0.20 w=+0.00 | 直行 d=2.07
[INFO] [1790739000.943212630] [exploration]: v=+0.20 w=+0.00 | 直行 d=2.06
[INFO] [1790739001.044014119] [exploration]: v=+0.20 w=+0.00 | 直行 d=2.04
[INFO] [1790739001.144690051] [exploration]: v=+0.20 w=+0.00 | 直行 d=2.01
[INFO] [1790739001.245153945] [exploration]: v=+0.20 w=+0.00 | 直行 d=1.99
[INFO] [1790739001.345334957] [exploration]: v=+0.20 w=+0.00 | 直行 d=1.98
[INFO] [1790739001.445946932] [exploration]: v=+0.20 w=+0.00 | 直行 d=1.96
[INFO] [1790739001.545883667] [exploration]: v=+0.20 w=+0.00 | 直行 d=1.94
[INFO] [1790739001.645543744] [exploration]: v=+0.20 w=+0.00 | 直行 d=1.92
[INFO] [1790739001.747137775] [exploration]: v=+0.20 w=+0.00 | 直行 d=1.90
[INFO] [1790739001.846292193] [exploration]: v=+0.20 w=+0.00 | 直行 d=1.88
[INFO] [1790739001.946437368] [exploration]: v=+0.20 w=+0.00 | 直行 d=1.85
[INFO] [1790739002.046489417] [exploration]: v=+0.20 w=+0.00 | 直行 d=1.83
[INFO] [1790739002.147312261] [exploration]: v=+0.20 w=+0.00 | 直行 d=1.82
[INFO] [1790739002.247531787] [exploration]: v=+0.20 w=+0.00 | 直行 d=1.80
[INFO] [1790739002.347162611] [exploration]: v=+0.20 w=+0.00 | 直行 d=1.78
[INFO] [1790739002.448255990] [exploration]: v=+0.20 w=+0.00 | 直行 d=1.76
[INFO] [1790739002.548307702] [exploration]: v=+0.20 w=+0.00 | 直行 d=1.74
[INFO] [1790739002.647806994] [exploration]: v=+0.20 w=+0.00 | 直行 d=1.72
[INFO] [1790739002.748528560] [exploration]: v=+0.20 w=+0.00 | 直行 d=1.70
[INFO] [1790739002.848206824] [exploration]: v=+0.20 w=+0.00 | 直行 d=1.68
[INFO] [1790739002.948184663] [exploration]: v=+0.20 w=+0.00 | 直行 d=1.66
[INFO] [1790739003.049052504] [exploration]: v=+0.20 w=+0.00 | 直行 d=1.64
[INFO] [1790739003.148995974] [exploration]: v=+0.20 w=+0.00 | 直行 d=1.61
[INFO] [1790739003.249890751] [exploration]: v=+0.20 w=+0.00 | 直行 d=1.60
[INFO] [1790739003.349840746] [exploration]: v=+0.20 w=+0.00 | 直行 d=1.57
[INFO] [1790739003.449935686] [exploration]: v=+0.20 w=+0.00 | 直行 d=1.56
[INFO] [1790739003.549486070] [exploration]: v=+0.20 w=+0.00 | 直行 d=1.53
[INFO] [1790739003.649509808] [exploration]: v=+0.20 w=+0.00 | 直行 d=1.51
[INFO] [1790739003.749409612] [exploration]: v=+0.20 w=+0.00 | 直行 d=1.49
[INFO] [1790739003.849471719] [exploration]: v=+0.20 w=+0.00 | 直行 d=1.48
[INFO] [1790739003.950065088] [exploration]: v=+0.20 w=+0.00 | 直行 d=1.46
[INFO] [1790739004.049953676] [exploration]: v=+0.20 w=+0.00 | 直行 d=1.43
[INFO] [1790739004.150929569] [exploration]: v=+0.20 w=+0.00 | 直行 d=1.41
[INFO] [1790739004.251158628] [exploration]: v=+0.20 w=+0.00 | 直行 d=1.39
[INFO] [1790739004.350981824] [exploration]: v=+0.20 w=+0.00 | 直行 d=1.37
[INFO] [1790739004.451052580] [exploration]: v=+0.20 w=+0.00 | 直行 d=1.35
[INFO] [1790739004.551985690] [exploration]: v=+0.20 w=+0.00 | 直行 d=1.34
[INFO] [1790739004.651354952] [exploration]: v=+0.20 w=+0.00 | 直行 d=1.31
[INFO] [1790739004.751440394] [exploration]: v=+0.20 w=+0.00 | 直行 d=1.29
[INFO] [1790739004.851812605] [exploration]: v=+0.20 w=+0.00 | 直行 d=1.28
[INFO] [1790739004.952671370] [exploration]: v=+0.20 w=+0.00 | 直行 d=1.26
[INFO] [1790739005.051912284] [exploration]: v=+0.20 w=+0.00 | 直行 d=1.23
[INFO] [1790739005.152227327] [exploration]: v=+0.20 w=+0.00 | 直行 d=1.22
[INFO] [1790739005.252390191] [exploration]: v=+0.20 w=+0.00 | 直行 d=1.20
[INFO] [1790739005.353547384] [exploration]: v=+0.20 w=+0.00 | 直行 d=1.17
[INFO] [1790739005.453528819] [exploration]: v=+0.20 w=+0.00 | 直行 d=1.16
[INFO] [1790739005.552688936] [exploration]: v=+0.20 w=+0.00 | 直行 d=1.13
[INFO] [1790739005.652623304] [exploration]: v=+0.20 w=+0.00 | 直行 d=1.12
[INFO] [1790739005.752714214] [exploration]: v=+0.20 w=+0.00 | 直行 d=1.09
[INFO] [1790739005.853036285] [exploration]: v=+0.20 w=+0.00 | 直行 d=1.07
[INFO] [1790739005.952595041] [exploration]: v=+0.20 w=+0.00 | 直行 d=1.06
[INFO] [1790739006.053385912] [exploration]: v=+0.20 w=+0.00 | 直行 d=1.03
[INFO] [1790739006.155038097] [exploration]: v=+0.20 w=+0.00 | 直行 d=1.01
[INFO] [1790739006.253471484] [exploration]: v=+0.20 w=+0.00 | 直行 d=1.00
[INFO] [1790739006.354903883] [exploration]: v=+0.20 w=+0.00 | 直行 d=0.98
[INFO] [1790739006.454841766] [exploration]: v=+0.20 w=+0.00 | 直行 d=0.95
[INFO] [1790739006.554957987] [exploration]: v=+0.20 w=+0.00 | 直行 d=0.94
[INFO] [1790739006.654465193] [exploration]: v=+0.20 w=+0.00 | 直行 d=0.91
[INFO] [1790739006.754924773] [exploration]: v=+0.20 w=+0.00 | 直行 d=0.90
[INFO] [1790739006.854759033] [exploration]: v=+0.20 w=+0.00 | 直行 d=0.87
[INFO] [1790739006.954302943] [exploration]: v=+0.20 w=+0.00 | 直行 d=0.85
[INFO] [1790739007.054792840] [exploration]: v=+0.20 w=+0.00 | 直行 d=0.84
[INFO] [1790739007.154594324] [exploration]: v=+0.20 w=+0.00 | 直行 d=0.82
[INFO] [1790739007.255786946] [exploration]: v=+0.09 w=+0.00 | 减速 d=0.79
[INFO] [1790739007.355413185] [exploration]: v=+0.00 w=+0.50 | 转向，由于危险 d=0.16
[INFO] [1790739007.455905966] [exploration]: v=+0.00 w=+0.50 | 转向中 front=0.76 目标>0.8
[INFO] [1790739007.556407210] [exploration]: v=+0.00 w=+0.50 | 转向中 front=0.14 目标>0.8
[INFO] [1790739007.856682125] [exploration]: v=+0.00 w=+0.50 | 转向中 front=0.16 目标>0.8
[INFO] [1790739007.957229427] [exploration]: v=+0.00 w=+0.50 | 转向中 front=0.13 目标>0.8
[INFO] [1790739008.057298749] [exploration]: v=+0.00 w=+0.50 | 转向中 front=0.78 目标>0.8
[INFO] [1790739008.156665778] [exploration]: v=+0.00 w=+0.50 | 转向中 front=0.14 目标>0.8
[INFO] [1790739008.256752983] [exploration]: v=+0.00 w=+0.00 | 转向完成，停稳 front=0.80
[INFO] [1790739008.356831031] [exploration]: v=+0.20 w=+0.00 | 直行 d=0.81
[INFO] [1790739008.456795424] [exploration]: v=+0.20 w=+0.00 | 直行 d=0.80
[INFO] [1790739008.556601734] [exploration]: v=+0.09 w=+0.00 | 减速 d=0.79
[INFO] [1790739008.656697564] [exploration]: v=+0.08 w=+0.00 | 减速 d=0.77
[INFO] [1790739008.757881527] [exploration]: v=+0.00 w=-0.50 | 转向，由于危险 d=0.14
[INFO] [1790739008.857211143] [exploration]: v=+0.00 w=-0.50 | 转向中 front=0.13 目标>0.8
[INFO] [1790739008.972868708] [exploration]: v=+0.00 w=-0.50 | 转向中 front=0.14 目标>0.8
[INFO] [1790739009.159884912] [exploration]: v=+0.00 w=-0.50 | 转向中 front=0.72 目标>0.8
[INFO] [1790739009.259489235] [exploration]: v=+0.00 w=-0.50 | 转向中 front=0.13 目标>0.8
[INFO] [1790739009.360037698] [exploration]: v=+0.00 w=-0.50 | 转向中 front=0.72 目标>0.8
[INFO] [1790739009.459158828] [exploration]: v=+0.00 w=-0.50 | 转向中 front=0.73 目标>0.8
[INFO] [1790739009.560106984] [exploration]: v=+0.00 w=-0.50 | 转向中 front=0.72 目标>0.8
[INFO] [1790739010.259934644] [exploration]: v=+0.00 w=-0.50 | 转向中 front=0.73 目标>0.8
[INFO] [1790739010.459019641] [exploration]: v=+0.00 w=-0.50 | 转向中 front=0.74 目标>0.8
[INFO] [1790739010.659786194] [exploration]: v=+0.00 w=-0.50 | 转向中 front=0.75 目标>0.8
[INFO] [1790739010.760057327] [exploration]: v=+0.00 w=-0.50 | 转向中 front=0.76 目标>0.8
[INFO] [1790739010.859245944] [exploration]: v=+0.00 w=-0.50 | 转向中 front=0.79 目标>0.8
[INFO] [1790739010.958739039] [exploration]: v=+0.00 w=+0.00 | 转向完成，停稳 front=0.81
[INFO] [1790739011.059685729] [exploration]: v=+0.20 w=+0.00 | 直行 d=0.81
[INFO] [1790739011.360773464] [exploration]: v=+0.08 w=+0.00 | 减速 d=0.77
[INFO] [1790739011.461744871] [exploration]: v=+0.00 w=-0.50 | 转向，由于危险 d=0.15
[INFO] [1790739011.561110391] [exploration]: v=+0.00 w=-0.50 | 转向中 front=0.75 目标>0.8
[INFO] [1790739011.661650319] [exploration]: v=+0.00 w=-0.50 | 转向中 front=0.13 目标>0.8
[INFO] [1790739011.760984294] [exploration]: v=+0.00 w=-0.50 | 转向中 front=0.15 目标>0.8
[INFO] [1790739011.860736037] [exploration]: v=+0.00 w=-0.50 | 转向中 front=0.71 目标>0.8
[INFO] [1790739011.961378247] [exploration]: v=+0.00 w=-0.50 | 转向中 front=0.73 目标>0.8
[INFO] [1790739012.060875649] [exploration]: v=+0.00 w=-0.50 | 转向中 front=0.14 目标>0.8
[INFO] [1790739012.161889181] [exploration]: v=+0.00 w=-0.50 | 转向中 front=0.70 目标>0.8
[INFO] [1790739012.262571648] [exploration]: v=+0.00 w=-0.50 | 转向中 front=0.68 目标>0.8
[INFO] [1790739012.363157076] [exploration]: v=+0.00 w=-0.50 | 转向中 front=0.67 目标>0.8
[INFO] [1790739012.463384200] [exploration]: v=+0.00 w=-0.50 | 转向中 front=0.66 目标>0.8
[INFO] [1790739012.562665019] [exploration]: v=+0.00 w=-0.50 | 转向中 front=0.65 目标>0.8
[INFO] [1790739012.662930625] [exploration]: v=+0.00 w=-0.50 | 转向中 front=0.64 目标>0.8
[INFO] [1790739012.862970664] [exploration]: v=+0.00 w=-0.50 | 转向中 front=0.63 目标>0.8
[INFO] [1790739012.962566798] [exploration]: v=+0.00 w=-0.50 | 转向中 front=0.62 目标>0.8
[INFO] [1790739013.063624479] [exploration]: v=+0.00 w=-0.50 | 转向中 front=0.63 目标>0.8
[INFO] [1790739013.263599325] [exploration]: v=+0.00 w=-0.50 | 转向中 front=0.62 目标>0.8
[INFO] [1790739013.363864343] [exploration]: v=+0.00 w=-0.50 | 转向中 front=0.63 目标>0.8
[INFO] [1790739013.563925743] [exploration]: v=+0.00 w=-0.50 | 转向中 front=0.62 目标>0.8
[INFO] [1790739013.664364194] [exploration]: v=+0.00 w=-0.50 | 转向中 front=0.63 目标>0.8
[INFO] [1790739013.964905055] [exploration]: v=+0.00 w=-0.50 | 转向中 front=0.64 目标>0.8
[INFO] [1790739014.265505448] [exploration]: v=+0.00 w=-0.50 | 转向中 front=0.65 目标>0.8
[INFO] [1790739014.464587582] [exploration]: v=+0.00 w=-0.50 | 转向中 front=0.67 目标>0.8
[INFO] [1790739014.563757745] [exploration]: v=+0.00 w=-0.50 | 转向中 front=0.69 目标>0.8
[INFO] [1790739014.665871554] [exploration]: v=+0.00 w=-0.50 | 转向中 front=0.71 目标>0.8
[INFO] [1790739014.765797885] [exploration]: v=+0.00 w=-0.50 | 转向中 front=0.72 目标>0.8
[INFO] [1790739014.866008527] [exploration]: v=+0.00 w=-0.50 | 转向中 front=0.74 目标>0.8
[INFO] [1790739014.965796611] [exploration]: v=+0.00 w=-0.50 | 转向中 front=0.78 目标>0.8
[INFO] [1790739015.066413442] [exploration]: v=+0.00 w=+0.00 | 转向完成，停稳 front=0.81
[INFO] [1790739015.165924198] [exploration]: v=+0.20 w=+0.00 | 直行 d=0.80
[INFO] [1790739015.265470713] [exploration]: v=+0.20 w=+0.00 | 直行 d=0.82
[INFO] [1790739015.365616650] [exploration]: v=+0.20 w=+0.00 | 直行 d=0.80
[INFO] [1790739015.565312194] [exploration]: v=+0.08 w=+0.00 | 减速 d=0.78
[INFO] [1790739015.665162667] [exploration]: v=+0.00 w=-0.50 | 转向，由于危险 d=0.13
[INFO] [1790739015.765566736] [exploration]: v=+0.00 w=-0.50 | 转向中 front=0.74 目标>0.8
[INFO] [1790739015.865284861] [exploration]: v=+0.00 w=-0.50 | 转向中 front=0.73 目标>0.8
[INFO] [1790739015.965574851] [exploration]: v=+0.00 w=-0.50 | 转向中 front=0.14 目标>0.8
[INFO] [1790739016.065301587] [exploration]: v=+0.00 w=+0.00 | 转向完成，停稳 front=0.85
[INFO] [1790739016.166006855] [exploration]: v=+0.00 w=-0.50 | 转向，由于危险 d=0.13
[INFO] [1790739016.265883387] [exploration]: v=+0.00 w=+0.00 | 转向完成，停稳 front=0.92
[INFO] [1790739016.366108686] [exploration]: v=+0.20 w=+0.00 | 直行 d=0.96
[INFO] [1790739016.467403172] [exploration]: v=+0.20 w=+0.00 | 直行 d=0.95
[INFO] [1790739016.566978689] [exploration]: v=+0.20 w=+0.00 | 直行 d=0.94
[INFO] [1790739016.666794410] [exploration]: v=+0.20 w=+0.00 | 直行 d=0.92
[INFO] [1790739016.766274291] [exploration]: v=+0.20 w=+0.00 | 直行 d=0.91
[INFO] [1790739016.866697391] [exploration]: v=+0.20 w=+0.00 | 直行 d=0.89
[INFO] [1790739017.066288429] [exploration]: v=+0.20 w=+0.00 | 直行 d=0.87
[INFO] [1790739017.167807707] [exploration]: v=+0.20 w=+0.00 | 直行 d=0.85
[INFO] [1790739017.267935356] [exploration]: v=+0.20 w=+0.00 | 直行 d=0.84
[INFO] [1790739017.368015647] [exploration]: v=+0.20 w=+0.00 | 直行 d=0.83
[INFO] [1790739017.467461634] [exploration]: v=+0.20 w=+0.00 | 直行 d=0.81
[INFO] [1790739017.568300895] [exploration]: v=+0.20 w=+0.00 | 直行 d=0.80
[INFO] [1790739017.669744846] [exploration]: v=+0.09 w=+0.00 | 减速 d=0.79
[INFO] [1790739017.769530098] [exploration]: v=+0.08 w=+0.00 | 减速 d=0.78
[INFO] [1790739017.868592730] [exploration]: v=+0.00 w=-0.50 | 转向，由于危险 d=0.14
[INFO] [1790739017.968062989] [exploration]: v=+0.00 w=-0.50 | 转向中 front=0.14 目标>0.8
[INFO] [1790739018.068706025] [exploration]: v=+0.00 w=-0.50 | 转向中 front=0.13 目标>0.8
[INFO] [1790739018.168771821] [exploration]: v=+0.00 w=-0.50 | 转向中 front=0.14 目标>0.8
[INFO] [1790739018.268526435] [exploration]: v=+0.00 w=-0.50 | 转向中 front=0.13 目标>0.8
[INFO] [1790739018.468586214] [exploration]: v=+0.00 w=-0.50 | 转向中 front=0.14 目标>0.8
[INFO] [1790739018.569615945] [exploration]: v=+0.00 w=+0.00 | 转向完成，停稳 front=2.75
[INFO] [1790739018.669258258] [exploration]: v=+0.20 w=+0.00 | 直行 d=2.76
[INFO] [1790739018.870928700] [exploration]: v=+0.20 w=+0.00 | 直行 d=2.73
[INFO] [1790739018.969322054] [exploration]: v=+0.20 w=+0.00 | 直行 d=2.72
[INFO] [1790739019.069798927] [exploration]: v=+0.20 w=+0.00 | 直行 d=2.70
[INFO] [1790739019.169419730] [exploration]: v=+0.20 w=+0.00 | 直行 d=2.68
[INFO] [1790739019.270424758] [exploration]: v=+0.20 w=+0.00 | 直行 d=2.65
[INFO] [1790739019.369840406] [exploration]: v=+0.20 w=+0.00 | 直行 d=2.63
[INFO] [1790739019.469347358] [exploration]: v=+0.20 w=+0.00 | 直行 d=2.61
[INFO] [1790739019.569987339] [exploration]: v=+0.20 w=+0.00 | 直行 d=2.60
[INFO] [1790739019.670914812] [exploration]: v=+0.20 w=+0.00 | 直行 d=2.58
[INFO] [1790739019.771561484] [exploration]: v=+0.20 w=+0.00 | 直行 d=2.56
[INFO] [1790739019.870524376] [exploration]: v=+0.20 w=+0.00 | 直行 d=2.53
[INFO] [1790739019.972157939] [exploration]: v=+0.20 w=+0.00 | 直行 d=2.52
[INFO] [1790739020.071505060] [exploration]: v=+0.20 w=+0.00 | 直行 d=2.49
[INFO] [1790739020.171802627] [exploration]: v=+0.20 w=+0.00 | 直行 d=2.48
[INFO] [1790739020.271712068] [exploration]: v=+0.20 w=+0.00 | 直行 d=2.43
[INFO] [1790739020.372432429] [exploration]: v=+0.20 w=+0.00 | 直行 d=2.42
[INFO] [1790739020.473249115] [exploration]: v=+0.20 w=+0.00 | 直行 d=2.41
[INFO] [1790739020.572714128] [exploration]: v=+0.20 w=+0.00 | 直行 d=2.40
[INFO] [1790739020.672817012] [exploration]: v=+0.20 w=+0.00 | 直行 d=2.38
[INFO] [1790739020.772694591] [exploration]: v=+0.20 w=+0.00 | 直行 d=2.34
[INFO] [1790739020.873049286] [exploration]: v=+0.20 w=+0.00 | 直行 d=2.33
[INFO] [1790739020.973754174] [exploration]: v=+0.20 w=+0.00 | 直行 d=2.32
[INFO] [1790739021.074168731] [exploration]: v=+0.20 w=+0.00 | 直行 d=2.29
[INFO] [1790739021.172645881] [exploration]: v=+0.20 w=+0.00 | 直行 d=2.28
[INFO] [1790739021.273965776] [exploration]: v=+0.20 w=+0.00 | 直行 d=2.25
[INFO] [1790739021.373694766] [exploration]: v=+0.20 w=+0.00 | 直行 d=2.23
[INFO] [1790739021.473461226] [exploration]: v=+0.20 w=+0.00 | 直行 d=2.20
[INFO] [1790739021.673571651] [exploration]: v=+0.20 w=+0.00 | 直行 d=2.17
[INFO] [1790739021.772972168] [exploration]: v=+0.20 w=+0.00 | 直行 d=2.16
[INFO] [1790739021.874293553] [exploration]: v=+0.20 w=+0.00 | 直行 d=2.12
[INFO] [1790739021.974855018] [exploration]: v=+0.20 w=+0.00 | 直行 d=2.11
[INFO] [1790739022.074654793] [exploration]: v=+0.20 w=+0.00 | 直行 d=2.10
[INFO] [1790739022.174688967] [exploration]: v=+0.20 w=+0.00 | 直行 d=2.06
[INFO] [1790739022.275331773] [exploration]: v=+0.20 w=+0.00 | 直行 d=2.05
[INFO] [1790739022.375301927] [exploration]: v=+0.20 w=+0.00 | 直行 d=2.04
[INFO] [1790739022.474612096] [exploration]: v=+0.20 w=+0.00 | 直行 d=2.02
[INFO] [1790739022.575121845] [exploration]: v=+0.20 w=+0.00 | 直行 d=2.00
[INFO] [1790739022.675806474] [exploration]: v=+0.20 w=+0.00 | 直行 d=1.97
[INFO] [1790739022.776105321] [exploration]: v=+0.20 w=+0.00 | 直行 d=1.96
[INFO] [1790739022.875764772] [exploration]: v=+0.20 w=+0.00 | 直行 d=1.94
[INFO] [1790739022.975011616] [exploration]: v=+0.20 w=+0.00 | 直行 d=1.92
[INFO] [1790739023.076885184] [exploration]: v=+0.20 w=+0.00 | 直行 d=1.89
[INFO] [1790739023.176670913] [exploration]: v=+0.20 w=+0.00 | 直行 d=1.87
[INFO] [1790739023.276379997] [exploration]: v=+0.20 w=+0.00 | 直行 d=1.85
[INFO] [1790739023.377525699] [exploration]: v=+0.20 w=+0.00 | 直行 d=1.83
[INFO] [1790739023.478109527] [exploration]: v=+0.20 w=+0.00 | 直行 d=1.81
[INFO] [1790739023.577728483] [exploration]: v=+0.20 w=+0.00 | 直行 d=1.79
[INFO] [1790739023.677030840] [exploration]: v=+0.20 w=+0.00 | 直行 d=1.77
[INFO] [1790739023.777932164] [exploration]: v=+0.20 w=+0.00 | 直行 d=1.75
[INFO] [1790739023.878149179] [exploration]: v=+0.20 w=+0.00 | 直行 d=1.73
[INFO] [1790739023.977731932] [exploration]: v=+0.20 w=+0.00 | 直行 d=1.70
[INFO] [1790739024.177970370] [exploration]: v=+0.20 w=+0.00 | 直行 d=1.68
[INFO] [1790739024.278497074] [exploration]: v=+0.20 w=+0.00 | 直行 d=1.65
[INFO] [1790739024.378645037] [exploration]: v=+0.20 w=+0.00 | 直行 d=1.63
[INFO] [1790739024.477963262] [exploration]: v=+0.20 w=+0.00 | 直行 d=1.61
[INFO] [1790739024.578563036] [exploration]: v=+0.20 w=+0.00 | 直行 d=1.59
[INFO] [1790739024.679390341] [exploration]: v=+0.20 w=+0.00 | 直行 d=1.57
[INFO] [1790739024.779877306] [exploration]: v=+0.20 w=+0.00 | 直行 d=1.55
[INFO] [1790739024.879539311] [exploration]: v=+0.20 w=+0.00 | 直行 d=1.53
[INFO] [1790739024.978141043] [exploration]: v=+0.20 w=+0.00 | 直行 d=1.51
[INFO] [1790739025.078644270] [exploration]: v=+0.20 w=+0.00 | 直行 d=1.49
[INFO] [1790739025.179302218] [exploration]: v=+0.20 w=+0.00 | 直行 d=1.45
[INFO] [1790739025.379481145] [exploration]: v=+0.20 w=+0.00 | 直行 d=1.43
[INFO] [1790739025.480872570] [exploration]: v=+0.20 w=+0.00 | 直行 d=1.41
[INFO] [1790739025.580915269] [exploration]: v=+0.20 w=+0.00 | 直行 d=1.37
[INFO] [1790739025.779891937] [exploration]: v=+0.20 w=+0.00 | 直行 d=1.34
[INFO] [1790739025.880992957] [exploration]: v=+0.20 w=+0.00 | 直行 d=1.33
[INFO] [1790739025.981105154] [exploration]: v=+0.20 w=+0.00 | 直行 d=1.31
[INFO] [1790739026.080161045] [exploration]: v=+0.20 w=+0.00 | 直行 d=1.27
[INFO] [1790739026.182536026] [exploration]: v=+0.20 w=+0.00 | 直行 d=1.26
[INFO] [1790739026.281573956] [exploration]: v=+0.20 w=+0.00 | 直行 d=1.25
[INFO] [1790739026.381708137] [exploration]: v=+0.20 w=+0.00 | 直行 d=1.22
[INFO] [1790739026.481191486] [exploration]: v=+0.20 w=+0.00 | 直行 d=1.20
[INFO] [1790739026.581798581] [exploration]: v=+0.20 w=+0.00 | 直行 d=1.19
[INFO] [1790739026.682604923] [exploration]: v=+0.20 w=+0.00 | 直行 d=1.17
[INFO] [1790739026.782234301] [exploration]: v=+0.20 w=+0.00 | 直行 d=1.14
[INFO] [1790739026.882315456] [exploration]: v=+0.20 w=+0.00 | 直行 d=1.13
[INFO] [1790739026.981300500] [exploration]: v=+0.20 w=+0.00 | 直行 d=1.11
[INFO] [1790739027.081693811] [exploration]: v=+0.20 w=+0.00 | 直行 d=1.08
[INFO] [1790739027.182960000] [exploration]: v=+0.20 w=+0.00 | 直行 d=1.06
[INFO] [1790739027.282891357] [exploration]: v=+0.20 w=+0.00 | 直行 d=1.04
[INFO] [1790739027.384453302] [exploration]: v=+0.20 w=+0.00 | 直行 d=1.03
[INFO] [1790739027.483601957] [exploration]: v=+0.20 w=+0.00 | 直行 d=1.00
[INFO] [1790739027.583191802] [exploration]: v=+0.20 w=+0.00 | 直行 d=0.98
[INFO] [1790739027.684167907] [exploration]: v=+0.20 w=+0.00 | 直行 d=0.97
[INFO] [1790739027.785312242] [exploration]: v=+0.20 w=+0.00 | 直行 d=0.95
[INFO] [1790739027.883826500] [exploration]: v=+0.20 w=+0.00 | 直行 d=0.92
[INFO] [1790739027.984567611] [exploration]: v=+0.20 w=+0.00 | 直行 d=0.89
[INFO] [1790739028.085215836] [exploration]: v=+0.20 w=+0.00 | 直行 d=0.88
[INFO] [1790739028.184918937] [exploration]: v=+0.20 w=+0.00 | 直行 d=0.86
[INFO] [1790739028.284168605] [exploration]: v=+0.20 w=+0.00 | 直行 d=0.83
[INFO] [1790739028.383709721] [exploration]: v=+0.20 w=+0.00 | 直行 d=0.82
[INFO] [1790739028.485796087] [exploration]: v=+0.20 w=+0.00 | 直行 d=0.80
[INFO] [1790739028.586199021] [exploration]: v=+0.08 w=+0.00 | 减速 d=0.77
[INFO] [1790739028.684943373] [exploration]: v=+0.00 w=+0.50 | 转向，由于危险 d=0.14
[INFO] [1790739028.786125330] [exploration]: v=+0.00 w=+0.50 | 转向中 front=0.15 目标>0.8
[INFO] [1790739028.885549485] [exploration]: v=+0.00 w=+0.50 | 转向中 front=0.74 目标>0.8
[INFO] [1790739028.985217388] [exploration]: v=+0.00 w=+0.50 | 转向中 front=0.13 目标>0.8
[INFO] [1790739029.187082434] [exploration]: v=+0.00 w=+0.50 | 转向中 front=0.14 目标>0.8
[INFO] [1790739029.385912026] [exploration]: v=+0.00 w=+0.50 | 转向中 front=0.76 目标>0.8
[INFO] [1790739029.486002452] [exploration]: v=+0.00 w=+0.50 | 转向中 front=0.13 目标>0.8
[INFO] [1790739029.587191080] [exploration]: v=+0.00 w=+0.50 | 转向中 front=0.79 目标>0.8
[INFO] [1790739029.688892617] [exploration]: v=+0.00 w=+0.00 | 转向完成，停稳 front=0.80
[INFO] [1790739029.787769749] [exploration]: v=+0.20 w=+0.00 | 直行 d=0.81
[INFO] [1790739029.887051632] [exploration]: v=+0.20 w=+0.00 | 直行 d=0.80
[INFO] [1790739029.987938595] [exploration]: v=+0.09 w=+0.00 | 减速 d=0.80
[INFO] [1790739030.088842147] [exploration]: v=+0.08 w=+0.00 | 减速 d=0.77
[INFO] [1790739030.188680621] [exploration]: v=+0.00 w=-0.50 | 转向，由于危险 d=0.15
[INFO] [1790739030.288088802] [exploration]: v=+0.00 w=-0.50 | 转向中 front=0.76 目标>0.8
[INFO] [1790739030.388802732] [exploration]: v=+0.00 w=-0.50 | 转向中 front=0.74 目标>0.8
[INFO] [1790739030.488588341] [exploration]: v=+0.00 w=-0.50 | 转向中 front=0.14 目标>0.8
[INFO] [1790739030.789596858] [exploration]: v=+0.00 w=-0.50 | 转向中 front=0.71 目标>0.8
[INFO] [1790739031.189850912] [exploration]: v=+0.00 w=-0.50 | 转向中 front=0.70 目标>0.8
[INFO] [1790739031.290426266] [exploration]: v=+0.00 w=-0.50 | 转向中 front=0.71 目标>0.8
[INFO] [1790739031.389924772] [exploration]: v=+0.00 w=-0.50 | 转向中 front=0.70 目标>0.8
[INFO] [1790739031.591442700] [exploration]: v=+0.00 w=-0.50 | 转向中 front=0.71 目标>0.8
[INFO] [1790739031.690697129] [exploration]: v=+0.00 w=-0.50 | 转向中 front=0.70 目标>0.8
[INFO] [1790739031.790157782] [exploration]: v=+0.00 w=-0.50 | 转向中 front=0.71 目标>0.8
[INFO] [1790739031.889269002] [exploration]: v=+0.00 w=+0.00 | 转向完成，停稳 front=1.25
[INFO] [1790739031.990691835] [exploration]: v=+0.20 w=+0.00 | 直行 d=1.52
[INFO] [1790739032.091100952] [exploration]: v=+0.20 w=+0.00 | 直行 d=1.53
[INFO] [1790739032.191424528] [exploration]: v=+0.20 w=+0.00 | 直行 d=1.51
[INFO] [1790739032.292672625] [exploration]: v=+0.20 w=+0.00 | 直行 d=1.49
[INFO] [1790739032.392735625] [exploration]: v=+0.20 w=+0.00 | 直行 d=1.54
[INFO] [1790739032.492833405] [exploration]: v=+0.20 w=+0.00 | 直行 d=1.52
[INFO] [1790739032.592756774] [exploration]: v=+0.20 w=+0.00 | 直行 d=1.50
[INFO] [1790739032.793084822] [exploration]: v=+0.20 w=+0.00 | 直行 d=1.48
[INFO] [1790739032.893561335] [exploration]: v=+0.20 w=+0.00 | 直行 d=1.47
[INFO] [1790739033.093561792] [exploration]: v=+0.20 w=+0.00 | 直行 d=1.44
[INFO] [1790739033.294543670] [exploration]: v=+0.20 w=+0.00 | 直行 d=1.43
[INFO] [1790739033.394841257] [exploration]: v=+0.20 w=+0.00 | 直行 d=1.42
[INFO] [1790739033.494313942] [exploration]: v=+0.20 w=+0.00 | 直行 d=1.40
[INFO] [1790739033.594667202] [exploration]: v=+0.20 w=+0.00 | 直行 d=1.41
[INFO] [1790739033.694497119] [exploration]: v=+0.20 w=+0.00 | 直行 d=1.40
[INFO] [1790739033.794550840] [exploration]: v=+0.20 w=+0.00 | 直行 d=1.37
[INFO] [1790739033.895673665] [exploration]: v=+0.20 w=+0.00 | 直行 d=1.36
[INFO] [1790739033.995013818] [exploration]: v=+0.20 w=+0.00 | 直行 d=1.34
[INFO] [1790739034.195946576] [exploration]: v=+0.20 w=+0.00 | 直行 d=1.33
[INFO] [1790739034.395213784] [exploration]: v=+0.20 w=+0.00 | 直行 d=1.32
[INFO] [1790739034.495579324] [exploration]: v=+0.20 w=+0.00 | 直行 d=1.30
[INFO] [1790739034.595313454] [exploration]: v=+0.20 w=+0.00 | 直行 d=1.29
[INFO] [1790739034.695010913] [exploration]: v=+0.20 w=+0.00 | 直行 d=1.30
[INFO] [1790739034.795391468] [exploration]: v=+0.20 w=+0.00 | 直行 d=1.28
[INFO] [1790739034.895868818] [exploration]: v=+0.20 w=+0.00 | 直行 d=1.32
[INFO] [1790739034.995339688] [exploration]: v=+0.20 w=+0.00 | 直行 d=1.30
[INFO] [1790739035.096339271] [exploration]: v=+0.20 w=+0.00 | 直行 d=1.29
[INFO] [1790739035.196082270] [exploration]: v=+0.20 w=+0.00 | 直行 d=1.28
[INFO] [1790739035.296548311] [exploration]: v=+0.20 w=+0.00 | 直行 d=1.26
[INFO] [1790739035.496827450] [exploration]: v=+0.20 w=+0.00 | 直行 d=1.24
[INFO] [1790739035.597427283] [exploration]: v=+0.20 w=+0.00 | 直行 d=1.23
[INFO] [1790739035.698106645] [exploration]: v=+0.20 w=+0.00 | 直行 d=1.22
[INFO] [1790739035.798537221] [exploration]: v=+0.20 w=+0.00 | 直行 d=1.21
[INFO] [1790739035.898138904] [exploration]: v=+0.20 w=+0.00 | 直行 d=1.19
[INFO] [1790739035.998757882] [exploration]: v=+0.20 w=+0.00 | 直行 d=1.18
[INFO] [1790739036.098859947] [exploration]: v=+0.20 w=+0.00 | 直行 d=1.17
[INFO] [1790739036.199060693] [exploration]: v=+0.20 w=+0.00 | 直行 d=1.16
[INFO] [1790739036.299369497] [exploration]: v=+0.20 w=+0.00 | 直行 d=1.15
[INFO] [1790739036.399094027] [exploration]: v=+0.20 w=+0.00 | 直行 d=1.14
[INFO] [1790739036.498469066] [exploration]: v=+0.20 w=+0.00 | 直行 d=1.13
[INFO] [1790739036.598330273] [exploration]: v=+0.20 w=+0.00 | 直行 d=1.11
[INFO] [1790739036.698818780] [exploration]: v=+0.20 w=+0.00 | 直行 d=1.12
[INFO] [1790739036.798931986] [exploration]: v=+0.20 w=+0.00 | 直行 d=1.11
[INFO] [1790739036.899919720] [exploration]: v=+0.20 w=+0.00 | 直行 d=1.10
[INFO] [1790739036.998680140] [exploration]: v=+0.20 w=+0.00 | 直行 d=1.07
[INFO] [1790739037.100352798] [exploration]: v=+0.20 w=+0.00 | 直行 d=1.06
[INFO] [1790739037.302022295] [exploration]: v=+0.20 w=+0.00 | 直行 d=1.04
[INFO] [1790739037.401788423] [exploration]: v=+0.20 w=+0.00 | 直行 d=1.03
[INFO] [1790739037.501845947] [exploration]: v=+0.20 w=+0.00 | 直行 d=1.01
[INFO] [1790739037.601477891] [exploration]: v=+0.20 w=+0.00 | 直行 d=1.00
[INFO] [1790739037.801448381] [exploration]: v=+0.20 w=+0.00 | 直行 d=0.99
[INFO] [1790739037.901430900] [exploration]: v=+0.20 w=+0.00 | 直行 d=0.98
[INFO] [1790739038.001784776] [exploration]: v=+0.20 w=+0.00 | 直行 d=0.97
[INFO] [1790739038.102678021] [exploration]: v=+0.20 w=+0.00 | 直行 d=0.95
[INFO] [1790739038.201768974] [exploration]: v=+0.20 w=+0.00 | 直行 d=0.96
[INFO] [1790739038.301040408] [exploration]: v=+0.20 w=+0.00 | 直行 d=0.95
[INFO] [1790739038.401947656] [exploration]: v=+0.20 w=+0.00 | 直行 d=0.93
[INFO] [1790739038.502394939] [exploration]: v=+0.20 w=+0.00 | 直行 d=0.90
[INFO] [1790739038.602331485] [exploration]: v=+0.20 w=+0.00 | 直行 d=0.92
[INFO] [1790739038.702297173] [exploration]: v=+0.20 w=+0.00 | 直行 d=0.90
[INFO] [1790739038.802494069] [exploration]: v=+0.20 w=+0.00 | 直行 d=0.87
[INFO] [1790739039.002661463] [exploration]: v=+0.20 w=+0.00 | 直行 d=0.86
[INFO] [1790739039.104346056] [exploration]: v=+0.20 w=+0.00 | 直行 d=0.85
[INFO] [1790739039.203173387] [exploration]: v=+0.20 w=+0.00 | 直行 d=0.83
[INFO] [1790739039.304676248] [exploration]: v=+0.20 w=+0.00 | 直行 d=0.81
[INFO] [1790739039.403917540] [exploration]: v=+0.20 w=+0.00 | 直行 d=0.80
[INFO] [1790739039.504619106] [exploration]: v=+0.20 w=+0.00 | 直行 d=0.81
[INFO] [1790739039.705134625] [exploration]: v=+0.08 w=+0.00 | 减速 d=0.78
[INFO] [1790739039.804679142] [exploration]: v=+0.07 w=+0.00 | 减速 d=0.71
[INFO] [1790739039.905816933] [exploration]: v=+0.00 w=-0.50 | 转向，由于危险 d=0.13
[INFO] [1790739040.005369527] [exploration]: v=+0.00 w=-0.50 | 转向中 front=0.13 目标>0.8
[INFO] [1790739040.105548345] [exploration]: v=+0.00 w=-0.50 | 转向中 front=0.14 目标>0.8
[INFO] [1790739040.506804266] [exploration]: v=+0.00 w=-0.50 | 转向中 front=0.13 目标>0.8
[INFO] [1790739040.607235433] [exploration]: v=+0.00 w=-0.50 | 转向中 front=0.15 目标>0.8
[INFO] [1790739040.706532052] [exploration]: v=+0.00 w=-0.50 | 转向中 front=0.47 目标>0.8
[INFO] [1790739040.807557220] [exploration]: v=+0.00 w=-0.50 | 转向中 front=0.46 目标>0.8
[INFO] [1790739040.907375062] [exploration]: v=+0.00 w=-0.50 | 转向中 front=0.43 目标>0.8
[INFO] [1790739041.006622380] [exploration]: v=+0.00 w=-0.50 | 转向中 front=0.42 目标>0.8
[INFO] [1790739041.107653244] [exploration]: v=+0.00 w=-0.50 | 转向中 front=0.40 目标>0.8
[INFO] [1790739041.207711193] [exploration]: v=+0.00 w=-0.50 | 转向中 front=0.39 目标>0.8
[INFO] [1790739041.307935976] [exploration]: v=+0.00 w=-0.50 | 转向中 front=0.37 目标>0.8
[INFO] [1790739041.507781023] [exploration]: v=+0.00 w=-0.50 | 转向中 front=0.35 目标>0.8
[INFO] [1790739041.708572721] [exploration]: v=+0.00 w=-0.50 | 转向中 front=0.34 目标>0.8
[INFO] [1790739041.908523474] [exploration]: v=+0.00 w=-0.50 | 转向中 front=0.33 目标>0.8
[INFO] [1790739042.009873626] [exploration]: v=+0.00 w=-0.50 | 转向中 front=0.32 目标>0.8
[INFO] [1790739042.108514934] [exploration]: v=+0.00 w=-0.50 | 转向中 front=0.33 目标>0.8
[INFO] [1790739042.208280319] [exploration]: v=+0.00 w=-0.50 | 转向中 front=0.32 目标>0.8
[INFO] [1790739042.408717832] [exploration]: v=+0.00 w=-0.50 | 转向中 front=0.31 目标>0.8
[INFO] [1790739042.608301669] [exploration]: v=+0.00 w=-0.50 | 转向中 front=0.32 目标>0.8
[INFO] [1790739042.809769046] [exploration]: v=+0.00 w=-0.50 | 转向中 front=0.31 目标>0.8
[INFO] [1790739043.009321900] [exploration]: v=+0.00 w=-0.50 | 转向中 front=0.32 目标>0.8
[INFO] [1790739043.108788556] [exploration]: v=+0.00 w=-0.50 | 转向中 front=0.31 目标>0.8
[INFO] [1790739043.309591804] [exploration]: v=+0.00 w=-0.50 | 转向中 front=0.32 目标>0.8
[INFO] [1790739043.509734289] [exploration]: v=+0.00 w=-0.50 | 转向中 front=0.33 目标>0.8
[INFO] [1790739043.610367075] [exploration]: v=+0.00 w=-0.50 | 转向中 front=0.34 目标>0.8
[INFO] [1790739043.811173057] [exploration]: v=+0.00 w=-0.50 | 转向中 front=0.35 目标>0.8
[INFO] [1790739044.011456075] [exploration]: v=+0.00 w=-0.50 | 转向中 front=0.36 目标>0.8
[INFO] [1790739044.111892707] [exploration]: v=+0.00 w=-0.50 | 转向中 front=0.37 目标>0.8
[INFO] [1790739044.211144912] [exploration]: v=+0.00 w=-0.50 | 转向中 front=0.38 目标>0.8
[INFO] [1790739044.311865904] [exploration]: v=+0.00 w=-0.50 | 转向中 front=0.40 目标>0.8
[INFO] [1790739044.412669906] [exploration]: v=+0.00 w=-0.50 | 转向中 front=0.41 目标>0.8
[INFO] [1790739044.511955326] [exploration]: v=+0.00 w=-0.50 | 转向中 front=0.45 目标>0.8
[INFO] [1790739044.612688627] [exploration]: v=+0.00 w=-0.50 | 转向中 front=0.46 目标>0.8
[INFO] [1790739044.812228675] [exploration]: v=+0.00 w=-0.50 | 转向中 front=0.49 目标>0.8
[INFO] [1790739044.912571921] [exploration]: v=+0.00 w=-0.50 | 转向中 front=0.52 目标>0.8
[INFO] [1790739045.012137358] [exploration]: v=+0.00 w=-0.50 | 转向中 front=0.56 目标>0.8
[INFO] [1790739045.114210305] [exploration]: v=+0.00 w=-0.50 | 转向中 front=0.58 目标>0.8
[INFO] [1790739045.213805070] [exploration]: v=+0.00 w=-0.50 | 转向中 front=0.62 目标>0.8
[INFO] [1790739045.313380322] [exploration]: v=+0.00 w=-0.50 | 转向中 front=0.68 目标>0.8
[INFO] [1790739045.413365532] [exploration]: v=+0.00 w=-0.50 | 转向中 front=0.73 目标>0.8
[INFO] [1790739045.514073257] [exploration]: v=+0.00 w=+0.00 | 转向完成，停稳 front=0.84
[INFO] [1790739045.613101975] [exploration]: v=+0.20 w=+0.00 | 直行 d=3.48
[INFO] [1790739045.713843922] [exploration]: v=+0.20 w=+0.00 | 直行 d=3.42
[INFO] [1790739045.813070406] [exploration]: v=+0.20 w=+0.00 | 直行 d=3.37
[INFO] [1790739045.914147385] [exploration]: v=+0.20 w=+0.00 | 直行 d=3.36
[INFO] [1790739046.014723641] [exploration]: v=+0.20 w=+0.00 | 直行 d=3.37
[INFO] [1790739046.114807271] [exploration]: v=+0.20 w=+0.00 | 直行 d=3.39
[INFO] [1790739046.214031895] [exploration]: v=+0.20 w=+0.00 | 直行 d=3.40
[INFO] [1790739046.315277411] [exploration]: v=+0.20 w=+0.00 | 直行 d=3.41
[INFO] [1790739046.414767424] [exploration]: v=+0.20 w=+0.00 | 直行 d=3.42
[INFO] [1790739046.515037607] [exploration]: v=+0.20 w=+0.00 | 直行 d=3.43
[INFO] [1790739046.615286358] [exploration]: v=+0.20 w=+0.00 | 直行 d=3.44
[INFO] [1790739046.715417783] [exploration]: v=+0.20 w=+0.00 | 直行 d=3.46
[INFO] [1790739046.815414707] [exploration]: v=+0.20 w=+0.00 | 直行 d=3.47
[INFO] [1790739046.914447063] [exploration]: v=+0.20 w=+0.00 | 直行 d=3.48
[INFO] [1790739047.014745421] [exploration]: v=+0.20 w=+0.00 | 直行 d=3.50
[INFO] [1790739047.114946053] [exploration]: v=+0.20 w=+0.00 | 开阔（有效回波太少）
[INFO] [1790739050.721570271] [exploration]: v=+0.20 w=+0.00 | 直行 d=3.49
[INFO] [1790739050.821840541] [exploration]: v=+0.20 w=+0.00 | 直行 d=3.47
[INFO] [1790739050.921128764] [exploration]: v=+0.20 w=+0.00 | 直行 d=3.46
[INFO] [1790739051.020229102] [exploration]: v=+0.20 w=+0.00 | 直行 d=3.44
[INFO] [1790739051.121339899] [exploration]: v=+0.20 w=+0.00 | 直行 d=3.42
[INFO] [1790739051.221308931] [exploration]: v=+0.20 w=+0.00 | 直行 d=3.40
[INFO] [1790739051.321445940] [exploration]: v=+0.20 w=+0.00 | 直行 d=3.38
[INFO] [1790739051.421378936] [exploration]: v=+0.20 w=+0.00 | 直行 d=3.36
[INFO] [1790739051.521778060] [exploration]: v=+0.20 w=+0.00 | 直行 d=3.34
[INFO] [1790739051.622177316] [exploration]: v=+0.20 w=+0.00 | 直行 d=3.32
[INFO] [1790739051.722110670] [exploration]: v=+0.20 w=+0.00 | 直行 d=3.30
[INFO] [1790739051.821952827] [exploration]: v=+0.20 w=+0.00 | 直行 d=3.28
[INFO] [1790739051.922483282] [exploration]: v=+0.20 w=+0.00 | 直行 d=3.26
[INFO] [1790739052.022940291] [exploration]: v=+0.20 w=+0.00 | 直行 d=3.24
[INFO] [1790739052.123266659] [exploration]: v=+0.20 w=+0.00 | 直行 d=3.22
[INFO] [1790739052.223662629] [exploration]: v=+0.20 w=+0.00 | 直行 d=3.21
[INFO] [1790739052.322889543] [exploration]: v=+0.20 w=+0.00 | 直行 d=3.18
[INFO] [1790739052.424561617] [exploration]: v=+0.20 w=+0.00 | 直行 d=3.16
[INFO] [1790739052.524348654] [exploration]: v=+0.20 w=+0.00 | 直行 d=3.14
[INFO] [1790739052.625337639] [exploration]: v=+0.20 w=+0.00 | 直行 d=3.12
[INFO] [1790739052.725302402] [exploration]: v=+0.20 w=+0.00 | 直行 d=3.11
[INFO] [1790739052.824352945] [exploration]: v=+0.20 w=+0.00 | 直行 d=3.08
[INFO] [1790739052.924251240] [exploration]: v=+0.20 w=+0.00 | 直行 d=3.06
[INFO] [1790739053.024659544] [exploration]: v=+0.20 w=+0.00 | 直行 d=3.04
[INFO] [1790739053.125371161] [exploration]: v=+0.20 w=+0.00 | 直行 d=3.02
[INFO] [1790739053.224587792] [exploration]: v=+0.20 w=+0.00 | 直行 d=3.00
[INFO] [1790739053.325954945] [exploration]: v=+0.20 w=+0.00 | 直行 d=2.98
[INFO] [1790739053.425025048] [exploration]: v=+0.20 w=+0.00 | 直行 d=2.97
[INFO] [1790739053.525703764] [exploration]: v=+0.20 w=+0.00 | 直行 d=2.94
[INFO] [1790739053.626508095] [exploration]: v=+0.20 w=+0.00 | 直行 d=2.92
[INFO] [1790739053.726220681] [exploration]: v=+0.20 w=+0.00 | 直行 d=2.90
[INFO] [1790739053.826447033] [exploration]: v=+0.20 w=+0.00 | 直行 d=2.88
[INFO] [1790739053.926477323] [exploration]: v=+0.20 w=+0.00 | 直行 d=2.87
[INFO] [1790739054.026726155] [exploration]: v=+0.20 w=+0.00 | 直行 d=2.84
[INFO] [1790739054.126330715] [exploration]: v=+0.20 w=+0.00 | 直行 d=2.82
[INFO] [1790739054.226149171] [exploration]: v=+0.20 w=+0.00 | 直行 d=2.81
[INFO] [1790739054.328092821] [exploration]: v=+0.20 w=+0.00 | 直行 d=2.78
[INFO] [1790739054.428810314] [exploration]: v=+0.20 w=+0.00 | 直行 d=2.75
[INFO] [1790739054.527648575] [exploration]: v=+0.20 w=+0.00 | 直行 d=2.74
[INFO] [1790739054.627691173] [exploration]: v=+0.20 w=+0.00 | 直行 d=2.72
[INFO] [1790739054.727906401] [exploration]: v=+0.20 w=+0.00 | 直行 d=2.70
[INFO] [1790739054.826865777] [exploration]: v=+0.20 w=+0.00 | 直行 d=2.68
[INFO] [1790739054.927407627] [exploration]: v=+0.20 w=+0.00 | 直行 d=2.66
[INFO] [1790739055.026339096] [exploration]: v=+0.20 w=+0.00 | 直行 d=2.64
[INFO] [1790739055.127492548] [exploration]: v=+0.20 w=+0.00 | 直行 d=2.62
[INFO] [1790739055.227317548] [exploration]: v=+0.20 w=+0.00 | 直行 d=2.60
[INFO] [1790739055.328340763] [exploration]: v=+0.20 w=+0.00 | 直行 d=2.58
[INFO] [1790739055.429511399] [exploration]: v=+0.20 w=+0.00 | 直行 d=2.56
[INFO] [1790739055.529130004] [exploration]: v=+0.20 w=+0.00 | 直行 d=2.54
[INFO] [1790739055.628615731] [exploration]: v=+0.20 w=+0.00 | 直行 d=2.52
[INFO] [1790739055.729076645] [exploration]: v=+0.20 w=+0.00 | 直行 d=2.50
[INFO] [1790739055.830837287] [exploration]: v=+0.20 w=+0.00 | 直行 d=2.48
[INFO] [1790739055.929817135] [exploration]: v=+0.20 w=+0.00 | 直行 d=2.46
[INFO] [1790739056.029690099] [exploration]: v=+0.20 w=+0.00 | 直行 d=2.44
[INFO] [1790739056.130286610] [exploration]: v=+0.20 w=+0.00 | 直行 d=2.43
[INFO] [1790739056.230179519] [exploration]: v=+0.20 w=+0.00 | 直行 d=2.41
[INFO] [1790739056.330989401] [exploration]: v=+0.20 w=+0.00 | 直行 d=2.38
[INFO] [1790739056.430003468] [exploration]: v=+0.20 w=+0.00 | 直行 d=2.36
[INFO] [1790739056.531211219] [exploration]: v=+0.20 w=+0.00 | 直行 d=2.35
[INFO] [1790739056.630668407] [exploration]: v=+0.20 w=+0.00 | 直行 d=2.32
[INFO] [1790739056.730643691] [exploration]: v=+0.20 w=+0.00 | 直行 d=2.30
[INFO] [1790739056.831117655] [exploration]: v=+0.20 w=+0.00 | 直行 d=2.28
[INFO] [1790739056.931508144] [exploration]: v=+0.20 w=+0.00 | 直行 d=2.26
[INFO] [1790739057.031342177] [exploration]: v=+0.20 w=+0.00 | 直行 d=2.24
[INFO] [1790739057.132792310] [exploration]: v=+0.20 w=+0.00 | 直行 d=2.22
[INFO] [1790739057.231790174] [exploration]: v=+0.20 w=+0.00 | 直行 d=2.20
[INFO] [1790739057.332589279] [exploration]: v=+0.20 w=+0.00 | 直行 d=2.19
[INFO] [1790739057.432834200] [exploration]: v=+0.20 w=+0.00 | 直行 d=2.16
[INFO] [1790739057.532700865] [exploration]: v=+0.20 w=+0.00 | 直行 d=2.14
[INFO] [1790739057.632863649] [exploration]: v=+0.20 w=+0.00 | 直行 d=2.12
[INFO] [1790739057.733939272] [exploration]: v=+0.20 w=+0.00 | 直行 d=2.10
[INFO] [1790739057.832828347] [exploration]: v=+0.20 w=+0.00 | 直行 d=2.08
[INFO] [1790739057.933247461] [exploration]: v=+0.20 w=+0.00 | 直行 d=2.05
[INFO] [1790739058.134609428] [exploration]: v=+0.20 w=+0.00 | 直行 d=2.02
[INFO] [1790739058.233679295] [exploration]: v=+0.20 w=+0.00 | 直行 d=2.00
[INFO] [1790739058.334809412] [exploration]: v=+0.20 w=+0.00 | 直行 d=1.99
[INFO] [1790739058.434103533] [exploration]: v=+0.20 w=+0.00 | 直行 d=1.97
[INFO] [1790739058.535613721] [exploration]: v=+0.20 w=+0.00 | 直行 d=1.94
[INFO] [1790739058.635169581] [exploration]: v=+0.20 w=+0.00 | 直行 d=1.93
[INFO] [1790739058.734716422] [exploration]: v=+0.20 w=+0.00 | 直行 d=1.91
[INFO] [1790739058.835195170] [exploration]: v=+0.20 w=+0.00 | 直行 d=1.88
[INFO] [1790739058.934487362] [exploration]: v=+0.20 w=+0.00 | 直行 d=1.87
[INFO] [1790739059.034755118] [exploration]: v=+0.20 w=+0.00 | 直行 d=1.85
[INFO] [1790739059.135810443] [exploration]: v=+0.20 w=+0.00 | 直行 d=1.82
[INFO] [1790739059.236203546] [exploration]: v=+0.20 w=+0.00 | 直行 d=1.80
[INFO] [1790739059.336575637] [exploration]: v=+0.20 w=+0.00 | 直行 d=1.78
[INFO] [1790739059.435757357] [exploration]: v=+0.20 w=+0.00 | 直行 d=1.76
[INFO] [1790739059.535213090] [exploration]: v=+0.20 w=+0.00 | 直行 d=1.75
[INFO] [1790739059.636371958] [exploration]: v=+0.20 w=+0.00 | 直行 d=1.73
[INFO] [1790739059.737836205] [exploration]: v=+0.20 w=+0.00 | 直行 d=1.70
[INFO] [1790739059.836649974] [exploration]: v=+0.20 w=+0.00 | 直行 d=1.68
[INFO] [1790739059.937114969] [exploration]: v=+0.20 w=+0.00 | 直行 d=1.66
[INFO] [1790739060.038033361] [exploration]: v=+0.20 w=+0.00 | 直行 d=1.65
[INFO] [1790739060.136840332] [exploration]: v=+0.20 w=+0.00 | 直行 d=1.62
[INFO] [1790739060.237518490] [exploration]: v=+0.20 w=+0.00 | 直行 d=1.60
[INFO] [1790739060.337148008] [exploration]: v=+0.20 w=+0.00 | 直行 d=1.58
[INFO] [1790739060.437179993] [exploration]: v=+0.20 w=+0.00 | 直行 d=1.57
[INFO] [1790739060.537724508] [exploration]: v=+0.20 w=+0.00 | 直行 d=1.54
[INFO] [1790739060.636972289] [exploration]: v=+0.20 w=+0.00 | 直行 d=1.52
[INFO] [1790739060.737479573] [exploration]: v=+0.20 w=+0.00 | 直行 d=1.51
[INFO] [1790739060.837078547] [exploration]: v=+0.20 w=+0.00 | 直行 d=1.49
[INFO] [1790739060.937244329] [exploration]: v=+0.20 w=+0.00 | 直行 d=1.46
[INFO] [1790739061.038350023] [exploration]: v=+0.20 w=+0.00 | 直行 d=1.44
[INFO] [1790739061.138005751] [exploration]: v=+0.20 w=+0.00 | 直行 d=1.42
[INFO] [1790739061.237821336] [exploration]: v=+0.20 w=+0.00 | 直行 d=1.40
[INFO] [1790739061.339145498] [exploration]: v=+0.20 w=+0.00 | 直行 d=1.38
[INFO] [1790739061.438758486] [exploration]: v=+0.20 w=+0.00 | 直行 d=1.36
[INFO] [1790739061.539714529] [exploration]: v=+0.20 w=+0.00 | 直行 d=1.34
[INFO] [1790739061.640410668] [exploration]: v=+0.20 w=+0.00 | 直行 d=1.33
[INFO] [1790739061.740037177] [exploration]: v=+0.20 w=+0.00 | 直行 d=1.30
[INFO] [1790739061.840251203] [exploration]: v=+0.20 w=+0.00 | 直行 d=1.28
[INFO] [1790739061.940189425] [exploration]: v=+0.20 w=+0.00 | 直行 d=1.26
[INFO] [1790739062.039864769] [exploration]: v=+0.20 w=+0.00 | 直行 d=1.24
[INFO] [1790739062.139831939] [exploration]: v=+0.20 w=+0.00 | 直行 d=1.21
[INFO] [1790739062.240308162] [exploration]: v=+0.20 w=+0.00 | 直行 d=1.20
[INFO] [1790739062.340897983] [exploration]: v=+0.20 w=+0.00 | 直行 d=1.18
[INFO] [1790739062.440945525] [exploration]: v=+0.20 w=+0.00 | 直行 d=1.16
[INFO] [1790739062.539355597] [exploration]: v=+0.20 w=+0.00 | 直行 d=1.14
[INFO] [1790739062.640805625] [exploration]: v=+0.20 w=+0.00 | 直行 d=1.13
[INFO] [1790739062.741632045] [exploration]: v=+0.20 w=+0.00 | 直行 d=1.09
[INFO] [1790739062.841268564] [exploration]: v=+0.20 w=+0.00 | 直行 d=1.08
[INFO] [1790739062.940666133] [exploration]: v=+0.20 w=+0.00 | 直行 d=1.06
[INFO] [1790739063.041263158] [exploration]: v=+0.20 w=+0.00 | 直行 d=1.05
[INFO] [1790739063.142295118] [exploration]: v=+0.20 w=+0.00 | 直行 d=1.02
[INFO] [1790739063.242852159] [exploration]: v=+0.20 w=+0.00 | 直行 d=1.00
[INFO] [1790739063.342307000] [exploration]: v=+0.20 w=+0.00 | 直行 d=0.98
[INFO] [1790739063.442769140] [exploration]: v=+0.20 w=+0.00 | 直行 d=0.96
[INFO] [1790739063.542209593] [exploration]: v=+0.20 w=+0.00 | 直行 d=0.94
[INFO] [1790739063.642213909] [exploration]: v=+0.20 w=+0.00 | 直行 d=0.93
[INFO] [1790739063.742062095] [exploration]: v=+0.20 w=+0.00 | 直行 d=0.90
[INFO] [1790739063.841406152] [exploration]: v=+0.20 w=+0.00 | 直行 d=0.89
[INFO] [1790739063.942607354] [exploration]: v=+0.20 w=+0.00 | 直行 d=0.86
[INFO] [1790739064.042252035] [exploration]: v=+0.20 w=+0.00 | 直行 d=0.85
[INFO] [1790739064.142663815] [exploration]: v=+0.20 w=+0.00 | 直行 d=0.82
[INFO] [1790739064.242966278] [exploration]: v=+0.20 w=+0.00 | 直行 d=0.81
[INFO] [1790739064.343728340] [exploration]: v=+0.08 w=+0.00 | 减速 d=0.78
[INFO] [1790739064.443644891] [exploration]: v=+0.08 w=+0.00 | 减速 d=0.76
[INFO] [1790739064.543698933] [exploration]: v=+0.00 w=+0.50 | 转向，由于危险 d=0.40
[INFO] [1790739064.643599797] [exploration]: v=+0.00 w=+0.50 | 转向中 front=0.13 目标>0.8
[INFO] [1790739064.743469516] [exploration]: v=+0.00 w=+0.50 | 转向中 front=0.74 目标>0.8
[INFO] [1790739064.843528190] [exploration]: v=+0.00 w=+0.50 | 转向中 front=0.14 目标>0.8
[INFO] [1790739064.944010942] [exploration]: v=+0.00 w=+0.50 | 转向中 front=0.16 目标>0.8
[INFO] [1790739065.043236064] [exploration]: v=+0.00 w=+0.50 | 转向中 front=0.13 目标>0.8
[INFO] [1790739065.143292502] [exploration]: v=+0.00 w=+0.50 | 转向中 front=0.14 目标>0.8
[INFO] [1790739065.243578400] [exploration]: v=+0.00 w=+0.50 | 转向中 front=0.77 目标>0.8
[INFO] [1790739065.344062058] [exploration]: v=+0.00 w=+0.50 | 转向中 front=0.78 目标>0.8
[INFO] [1790739065.444747842] [exploration]: v=+0.00 w=+0.50 | 转向中 front=0.79 目标>0.8
[INFO] [1790739065.644560923] [exploration]: v=+0.00 w=+0.00 | 转向完成，停稳 front=0.83
[INFO] [1790739065.744459174] [exploration]: v=+0.20 w=+0.00 | 直行 d=0.82
[INFO] [1790739065.946099830] [exploration]: v=+0.20 w=+0.00 | 直行 d=0.80
[INFO] [1790739066.045884394] [exploration]: v=+0.08 w=+0.00 | 减速 d=0.78
[INFO] [1790739066.146419777] [exploration]: v=+0.00 w=+0.50 | 转向，由于危险 d=0.15
[INFO] [1790739066.246061375] [exploration]: v=+0.00 w=+0.50 | 转向中 front=0.13 目标>0.8
[INFO] [1790739066.345918360] [exploration]: v=+0.00 w=+0.50 | 转向中 front=0.14 目标>0.8
[INFO] [1790739066.446160651] [exploration]: v=+0.00 w=+0.50 | 转向中 front=0.13 目标>0.8
[INFO] [1790739066.745885735] [exploration]: v=+0.00 w=+0.50 | 转向中 front=0.14 目标>0.8
[INFO] [1790739066.845890767] [exploration]: v=+0.00 w=+0.00 | 转向完成，停稳 front=0.91
[INFO] [1790739066.946404379] [exploration]: v=+0.20 w=+0.00 | 直行 d=0.93
[INFO] [1790739067.046548991] [exploration]: v=+0.20 w=+0.00 | 直行 d=0.92
[INFO] [1790739067.147102103] [exploration]: v=+0.20 w=+0.00 | 直行 d=0.90
[INFO] [1790739067.246244697] [exploration]: v=+0.20 w=+0.00 | 直行 d=0.89
[INFO] [1790739067.347937596] [exploration]: v=+0.20 w=+0.00 | 直行 d=0.88
[INFO] [1790739067.447702734] [exploration]: v=+0.20 w=+0.00 | 直行 d=0.87
[INFO] [1790739067.547466881] [exploration]: v=+0.20 w=+0.00 | 直行 d=0.85
[INFO] [1790739067.647215800] [exploration]: v=+0.20 w=+0.00 | 直行 d=0.83
[INFO] [1790739067.747548212] [exploration]: v=+0.20 w=+0.00 | 直行 d=0.82
[INFO] [1790739067.847583297] [exploration]: v=+0.20 w=+0.00 | 直行 d=0.80
[INFO] [1790739067.947232246] [exploration]: v=+0.09 w=+0.00 | 减速 d=0.79
[INFO] [1790739068.047737839] [exploration]: v=+0.08 w=+0.00 | 减速 d=0.75
[INFO] [1790739068.148020905] [exploration]: v=+0.08 w=+0.00 | 减速 d=0.74
[INFO] [1790739068.247959455] [exploration]: v=+0.08 w=+0.00 | 减速 d=0.77
[INFO] [1790739068.347937258] [exploration]: v=+0.00 w=-0.50 | 转向，由于危险 d=0.40
[INFO] [1790739068.449723314] [exploration]: v=+0.00 w=-0.50 | 转向中 front=0.14 目标>0.8
[INFO] [1790739068.550336791] [exploration]: v=+0.00 w=-0.50 | 转向中 front=0.72 目标>0.8
[INFO] [1790739068.648359408] [exploration]: v=+0.00 w=-0.50 | 转向中 front=0.70 目标>0.8
[INFO] [1790739068.750586921] [exploration]: v=+0.00 w=-0.50 | 转向中 front=0.67 目标>0.8
[INFO] [1790739068.851803398] [exploration]: v=+0.00 w=-0.50 | 转向中 front=0.65 目标>0.8
[INFO] [1790739068.950300008] [exploration]: v=+0.00 w=-0.50 | 转向中 front=0.64 目标>0.8
[INFO] [1790739069.049574378] [exploration]: v=+0.00 w=-0.50 | 转向中 front=0.62 目标>0.8
[INFO] [1790739069.150818442] [exploration]: v=+0.00 w=-0.50 | 转向中 front=0.61 目标>0.8
[INFO] [1790739069.250327944] [exploration]: v=+0.00 w=-0.50 | 转向中 front=0.59 目标>0.8
[INFO] [1790739069.350798133] [exploration]: v=+0.00 w=-0.50 | 转向中 front=0.58 目标>0.8
[INFO] [1790739069.550043510] [exploration]: v=+0.00 w=-0.50 | 转向中 front=0.57 目标>0.8
[INFO] [1790739069.750769853] [exploration]: v=+0.00 w=-0.50 | 转向中 front=0.56 目标>0.8
[INFO] [1790739070.351813663] [exploration]: v=+0.00 w=-0.50 | 转向中 front=0.55 目标>0.8
[INFO] [1790739070.451368798] [exploration]: v=+0.00 w=-0.50 | 转向中 front=0.56 目标>0.8
[INFO] [1790739070.751302695] [exploration]: v=+0.00 w=-0.50 | 转向中 front=0.57 目标>0.8
[INFO] [1790739070.852974265] [exploration]: v=+0.00 w=-0.50 | 转向中 front=0.56 目标>0.8
[INFO] [1790739070.952697488] [exploration]: v=+0.00 w=-0.50 | 转向中 front=0.57 目标>0.8
[INFO] [1790739071.051693036] [exploration]: v=+0.00 w=-0.50 | 转向中 front=0.58 目标>0.8
[INFO] [1790739071.152417370] [exploration]: v=+0.00 w=-0.50 | 转向中 front=0.59 目标>0.8
[INFO] [1790739071.353466193] [exploration]: v=+0.00 w=-0.50 | 转向中 front=0.61 目标>0.8
[INFO] [1790739071.453788604] [exploration]: v=+0.00 w=-0.50 | 转向中 front=0.62 目标>0.8
[INFO] [1790739071.553788764] [exploration]: v=+0.00 w=-0.50 | 转向中 front=0.63 目标>0.8
[INFO] [1790739071.654159020] [exploration]: v=+0.00 w=-0.50 | 转向中 front=0.65 目标>0.8
[INFO] [1790739071.753425066] [exploration]: v=+0.00 w=-0.50 | 转向中 front=0.68 目标>0.8
[INFO] [1790739071.853420026] [exploration]: v=+0.00 w=-0.50 | 转向中 front=0.70 目标>0.8
[INFO] [1790739071.954069594] [exploration]: v=+0.00 w=-0.50 | 转向中 front=0.74 目标>0.8
[INFO] [1790739072.053628320] [exploration]: v=+0.00 w=-0.50 | 转向中 front=0.77 目标>0.8
[INFO] [1790739072.155045336] [exploration]: v=+0.00 w=+0.00 | 转向完成，停稳 front=0.81
[INFO] [1790739072.253682031] [exploration]: v=+0.20 w=+0.00 | 直行 d=0.82
[INFO] [1790739072.354808641] [exploration]: v=+0.20 w=+0.00 | 直行 d=0.83
[INFO] [1790739072.454345082] [exploration]: v=+0.20 w=+0.00 | 直行 d=0.81
[INFO] [1790739072.554706394] [exploration]: v=+0.20 w=+0.00 | 直行 d=0.82
[INFO] [1790739072.654963150] [exploration]: v=+0.09 w=+0.00 | 减速 d=0.80
[INFO] [1790739072.755419966] [exploration]: v=+0.00 w=-0.50 | 转向，由于危险 d=0.13
[INFO] [1790739072.855816542] [exploration]: v=+0.00 w=-0.50 | 转向中 front=0.13 目标>0.8
[INFO] [1790739072.956105758] [exploration]: v=+0.00 w=-0.50 | 转向中 front=0.78 目标>0.8
[INFO] [1790739073.055541266] [exploration]: v=+0.00 w=-0.50 | 转向中 front=0.14 目标>0.8
[INFO] [1790739073.155291967] [exploration]: v=+0.00 w=-0.50 | 转向中 front=0.15 目标>0.8
[INFO] [1790739073.255669306] [exploration]: v=+0.00 w=-0.50 | 转向中 front=0.13 目标>0.8
[INFO] [1790739073.455915260] [exploration]: v=+0.00 w=+0.00 | 转向完成，停稳 front=1.03
[INFO] [1790739073.558342891] [exploration]: v=+0.20 w=+0.00 | 直行 d=1.03
[INFO] [1790739073.756818557] [exploration]: v=+0.20 w=+0.00 | 直行 d=1.01
[INFO] [1790739073.856488448] [exploration]: v=+0.20 w=+0.00 | 直行 d=0.99
[INFO] [1790739073.956714360] [exploration]: v=+0.20 w=+0.00 | 直行 d=0.97
[INFO] [1790739074.057658291] [exploration]: v=+0.20 w=+0.00 | 直行 d=0.95
[INFO] [1790739074.156798077] [exploration]: v=+0.20 w=+0.00 | 直行 d=0.94
[INFO] [1790739074.257163812] [exploration]: v=+0.20 w=+0.00 | 直行 d=0.91
[INFO] [1790739074.359344449] [exploration]: v=+0.20 w=+0.00 | 直行 d=0.90
[INFO] [1790739074.457680242] [exploration]: v=+0.20 w=+0.00 | 直行 d=0.88
[INFO] [1790739074.556155542] [exploration]: v=+0.20 w=+0.00 | 直行 d=0.86
[INFO] [1790739074.657702827] [exploration]: v=+0.20 w=+0.00 | 直行 d=0.84
[INFO] [1790739074.757162621] [exploration]: v=+0.20 w=+0.00 | 直行 d=0.82
[INFO] [1790739074.858132064] [exploration]: v=+0.09 w=+0.00 | 减速 d=0.79
[INFO] [1790739074.958123340] [exploration]: v=+0.08 w=+0.00 | 减速 d=0.78
[INFO] [1790739075.159579835] [exploration]: v=+0.00 w=+0.50 | 转向，由于危险 d=0.13
[INFO] [1790739075.257747125] [exploration]: v=+0.00 w=+0.50 | 转向中 front=0.13 目标>0.8
[INFO] [1790739075.358062405] [exploration]: v=+0.00 w=+0.50 | 转向中 front=0.15 目标>0.8
[INFO] [1790739075.458970528] [exploration]: v=+0.00 w=+0.50 | 转向中 front=0.13 目标>0.8
[INFO] [1790739075.658349178] [exploration]: v=+0.00 w=+0.50 | 转向中 front=0.14 目标>0.8
[INFO] [1790739075.759246837] [exploration]: v=+0.00 w=+0.50 | 转向中 front=0.75 目标>0.8
[INFO] [1790739075.860550551] [exploration]: v=+0.00 w=+0.50 | 转向中 front=0.71 目标>0.8
[INFO] [1790739075.960877498] [exploration]: v=+0.00 w=+0.50 | 转向中 front=0.66 目标>0.8
[INFO] [1790739076.061081513] [exploration]: v=+0.00 w=+0.50 | 转向中 front=0.63 目标>0.8
[INFO] [1790739076.161095732] [exploration]: v=+0.00 w=+0.50 | 转向中 front=0.61 目标>0.8
[INFO] [1790739076.261192031] [exploration]: v=+0.00 w=+0.50 | 转向中 front=0.59 目标>0.8
[INFO] [1790739076.361152152] [exploration]: v=+0.00 w=+0.50 | 转向中 front=0.56 目标>0.8
[INFO] [1790739076.460656811] [exploration]: v=+0.00 w=+0.50 | 转向中 front=0.55 目标>0.8
[INFO] [1790739076.560993645] [exploration]: v=+0.00 w=+0.50 | 转向中 front=0.53 目标>0.8
[INFO] [1790739076.661964213] [exploration]: v=+0.00 w=+0.50 | 转向中 front=0.52 目标>0.8
[INFO] [1790739076.761072268] [exploration]: v=+0.00 w=+0.50 | 转向中 front=0.50 目标>0.8
[INFO] [1790739076.862534403] [exploration]: v=+0.00 w=+0.50 | 转向中 front=0.49 目标>0.8
[INFO] [1790739077.061076742] [exploration]: v=+0.00 w=+0.50 | 转向中 front=0.47 目标>0.8
[INFO] [1790739077.463204128] [exploration]: v=+0.00 w=+0.50 | 转向中 front=0.45 目标>0.8
[INFO] [1790739077.663889327] [exploration]: v=+0.00 w=+0.50 | 转向中 front=0.46 目标>0.8
[INFO] [1790739077.764853898] [exploration]: v=+0.00 w=+0.50 | 转向中 front=0.45 目标>0.8
[INFO] [1790739078.064479209] [exploration]: v=+0.00 w=+0.50 | 转向中 front=0.46 目标>0.8
[INFO] [1790739078.165830891] [exploration]: v=+0.00 w=+0.50 | 转向中 front=0.45 目标>0.8
[INFO] [1790739078.365225625] [exploration]: v=+0.00 w=+0.50 | 转向中 front=0.46 目标>0.8
[INFO] [1790739078.764419862] [exploration]: v=+0.00 w=+0.50 | 转向中 front=0.47 目标>0.8
[INFO] [1790739078.864642861] [exploration]: v=+0.00 w=+0.50 | 转向中 front=0.48 目标>0.8
[INFO] [1790739078.964739044] [exploration]: v=+0.00 w=+0.50 | 转向中 front=0.47 目标>0.8
[INFO] [1790739079.065395949] [exploration]: v=+0.00 w=+0.50 | 转向中 front=0.49 目标>0.8
[INFO] [1790739079.164253909] [exploration]: v=+0.00 w=+0.50 | 转向中 front=0.50 目标>0.8
[INFO] [1790739079.265539868] [exploration]: v=+0.00 w=+0.50 | 转向中 front=0.52 目标>0.8
[INFO] [1790739079.365715349] [exploration]: v=+0.00 w=+0.50 | 转向中 front=0.53 目标>0.8
[INFO] [1790739079.466082222] [exploration]: v=+0.00 w=+0.50 | 转向中 front=0.55 目标>0.8
[INFO] [1790739079.566175400] [exploration]: v=+0.00 w=+0.50 | 转向中 front=0.57 目标>0.8
[INFO] [1790739079.666366153] [exploration]: v=+0.00 w=+0.50 | 转向中 front=0.59 目标>0.8
[INFO] [1790739079.766703740] [exploration]: v=+0.00 w=+0.50 | 转向中 front=0.62 目标>0.8
[INFO] [1790739079.866105679] [exploration]: v=+0.00 w=+0.50 | 转向中 front=0.66 目标>0.8
[INFO] [1790739079.966093729] [exploration]: v=+0.00 w=+0.50 | 转向中 front=0.69 目标>0.8
[INFO] [1790739080.068434797] [exploration]: v=+0.00 w=+0.50 | 转向中 front=0.72 目标>0.8
[INFO] [1790739080.167719955] [exploration]: v=+0.00 w=+0.50 | 转向中 front=0.77 目标>0.8
[INFO] [1790739080.267389836] [exploration]: v=+0.00 w=+0.00 | 转向完成，停稳 front=0.82
[INFO] [1790739080.367371150] [exploration]: v=+0.20 w=+0.00 | 直行 d=0.87
[INFO] [1790739080.467758126] [exploration]: v=+0.20 w=+0.00 | 直行 d=0.86
[INFO] [1790739080.568127526] [exploration]: v=+0.20 w=+0.00 | 直行 d=0.87
[INFO] [1790739080.668195028] [exploration]: v=+0.20 w=+0.00 | 直行 d=0.84
[INFO] [1790739080.769665434] [exploration]: v=+0.20 w=+0.00 | 直行 d=0.83
[INFO] [1790739080.867542716] [exploration]: v=+0.20 w=+0.00 | 直行 d=0.81
[INFO] [1790739080.968769156] [exploration]: v=+0.20 w=+0.00 | 直行 d=0.82
[INFO] [1790739081.067160598] [exploration]: v=+0.20 w=+0.00 | 直行 d=0.81
[INFO] [1790739081.168169426] [exploration]: v=+0.08 w=+0.00 | 减速 d=0.77
[INFO] [1790739081.269702102] [exploration]: v=+0.07 w=+0.00 | 减速 d=0.73
[INFO] [1790739081.370401992] [exploration]: v=+0.00 w=+0.50 | 转向，由于危险 d=0.14
[INFO] [1790739081.469013526] [exploration]: v=+0.00 w=+0.50 | 转向中 front=0.76 目标>0.8
[INFO] [1790739081.569192796] [exploration]: v=+0.00 w=+0.50 | 转向中 front=0.77 目标>0.8
[INFO] [1790739081.670600669] [exploration]: v=+0.00 w=+0.50 | 转向中 front=0.14 目标>0.8
[INFO] [1790739081.970830134] [exploration]: v=+0.00 w=+0.00 | 转向完成，停稳 front=1.35
[INFO] [1790739082.071089047] [exploration]: v=+0.20 w=+0.00 | 直行 d=1.47
[INFO] [1790739082.471507585] [exploration]: v=+0.20 w=+0.00 | 直行 d=1.46
[INFO] [1790739082.571330777] [exploration]: v=+0.20 w=+0.00 | 直行 d=1.45
[INFO] [1790739082.670284372] [exploration]: v=+0.20 w=+0.00 | 直行 d=1.44
[INFO] [1790739082.871518450] [exploration]: v=+0.20 w=+0.00 | 直行 d=1.42
[INFO] [1790739083.171787985] [exploration]: v=+0.20 w=+0.00 | 直行 d=1.41
[INFO] [1790739083.273574725] [exploration]: v=+0.20 w=+0.00 | 直行 d=1.40
[INFO] [1790739083.373391049] [exploration]: v=+0.20 w=+0.00 | 直行 d=1.39
[INFO] [1790739083.472874175] [exploration]: v=+0.20 w=+0.00 | 直行 d=1.38
[INFO] [1790739083.572503213] [exploration]: v=+0.20 w=+0.00 | 直行 d=1.41
[INFO] [1790739083.674385284] [exploration]: v=+0.20 w=+0.00 | 直行 d=1.37
[INFO] [1790739083.773576898] [exploration]: v=+0.20 w=+0.00 | 直行 d=1.39
[INFO] [1790739083.873183032] [exploration]: v=+0.20 w=+0.00 | 直行 d=1.36
[INFO] [1790739083.973815894] [exploration]: v=+0.20 w=+0.00 | 直行 d=1.34
[INFO] [1790739084.173410094] [exploration]: v=+0.20 w=+0.00 | 直行 d=1.36
[INFO] [1790739084.274438832] [exploration]: v=+0.20 w=+0.00 | 直行 d=1.35
[INFO] [1790739084.375007150] [exploration]: v=+0.20 w=+0.00 | 直行 d=1.33
[INFO] [1790739084.474038429] [exploration]: v=+0.20 w=+0.00 | 直行 d=1.30
[INFO] [1790739084.574835727] [exploration]: v=+0.20 w=+0.00 | 直行 d=1.31
[INFO] [1790739084.673571865] [exploration]: v=+0.20 w=+0.00 | 直行 d=1.32
[INFO] [1790739084.775063421] [exploration]: v=+0.20 w=+0.00 | 直行 d=1.31
[INFO] [1790739084.974083166] [exploration]: v=+0.20 w=+0.00 | 直行 d=1.28
[INFO] [1790739085.173832013] [exploration]: v=+0.20 w=+0.00 | 直行 d=1.27
[INFO] [1790739085.275392686] [exploration]: v=+0.20 w=+0.00 | 直行 d=1.26
[INFO] [1790739085.475781045] [exploration]: v=+0.20 w=+0.00 | 直行 d=1.25
[INFO] [1790739085.576194489] [exploration]: v=+0.20 w=+0.00 | 直行 d=1.24
[INFO] [1790739085.675582062] [exploration]: v=+0.20 w=+0.00 | 直行 d=1.25
[INFO] [1790739085.776255718] [exploration]: v=+0.20 w=+0.00 | 直行 d=1.23
[INFO] [1790739085.876701400] [exploration]: v=+0.20 w=+0.00 | 直行 d=1.24
[INFO] [1790739085.977328338] [exploration]: v=+0.20 w=+0.00 | 直行 d=1.21
[INFO] [1790739086.176389022] [exploration]: v=+0.20 w=+0.00 | 直行 d=1.23
[INFO] [1790739086.277384986] [exploration]: v=+0.20 w=+0.00 | 直行 d=1.20
[INFO] [1790739086.378386687] [exploration]: v=+0.20 w=+0.00 | 直行 d=1.18
[INFO] [1790739086.478920466] [exploration]: v=+0.20 w=+0.00 | 直行 d=1.20
[INFO] [1790739086.578716300] [exploration]: v=+0.20 w=+0.00 | 直行 d=1.19
[INFO] [1790739086.678673024] [exploration]: v=+0.20 w=+0.00 | 直行 d=1.18
[INFO] [1790739086.778477980] [exploration]: v=+0.20 w=+0.00 | 直行 d=1.17
[INFO] [1790739086.976778734] [exploration]: v=+0.20 w=+0.00 | 直行 d=1.18
[INFO] [1790739087.078471249] [exploration]: v=+0.20 w=+0.00 | 直行 d=1.16
[INFO] [1790739087.177025431] [exploration]: v=+0.20 w=+0.00 | 直行 d=1.15
[INFO] [1790739087.278355405] [exploration]: v=+0.20 w=+0.00 | 直行 d=1.16
[INFO] [1790739087.378721373] [exploration]: v=+0.20 w=+0.00 | 直行 d=1.13
[INFO] [1790739087.678376248] [exploration]: v=+0.20 w=+0.00 | 直行 d=1.15
[INFO] [1790739087.779785126] [exploration]: v=+0.20 w=+0.00 | 直行 d=1.10
[INFO] [1790739087.879389917] [exploration]: v=+0.20 w=+0.00 | 直行 d=1.11
[INFO] [1790739087.979963821] [exploration]: v=+0.20 w=+0.00 | 直行 d=1.10
[INFO] [1790739088.079887280] [exploration]: v=+0.20 w=+0.00 | 直行 d=1.11
[INFO] [1790739088.180823539] [exploration]: v=+0.20 w=+0.00 | 直行 d=1.10
[INFO] [1790739088.280454751] [exploration]: v=+0.20 w=+0.00 | 直行 d=1.08
[INFO] [1790739088.379845883] [exploration]: v=+0.20 w=+0.00 | 直行 d=1.07
[INFO] [1790739088.481327026] [exploration]: v=+0.20 w=+0.00 | 直行 d=1.05
[INFO] [1790739088.581394861] [exploration]: v=+0.20 w=+0.00 | 直行 d=1.07
[INFO] [1790739088.681018057] [exploration]: v=+0.20 w=+0.00 | 直行 d=1.03
[INFO] [1790739088.780859707] [exploration]: v=+0.20 w=+0.00 | 直行 d=1.06
[INFO] [1790739088.880972757] [exploration]: v=+0.20 w=+0.00 | 直行 d=1.05
[INFO] [1790739088.979978577] [exploration]: v=+0.20 w=+0.00 | 直行 d=1.03
[INFO] [1790739089.079742309] [exploration]: v=+0.20 w=+0.00 | 直行 d=1.01
[INFO] [1790739089.179408569] [exploration]: v=+0.20 w=+0.00 | 直行 d=1.04
[INFO] [1790739089.280282483] [exploration]: v=+0.20 w=+0.00 | 直行 d=1.02
[INFO] [1790739089.381439705] [exploration]: v=+0.20 w=+0.00 | 直行 d=1.01
[INFO] [1790739089.581755275] [exploration]: v=+0.20 w=+0.00 | 直行 d=1.00
[INFO] [1790739089.682723718] [exploration]: v=+0.20 w=+0.00 | 直行 d=0.99
[INFO] [1790739089.782932506] [exploration]: v=+0.20 w=+0.00 | 直行 d=0.98
[INFO] [1790739089.882787744] [exploration]: v=+0.20 w=+0.00 | 直行 d=0.97
[INFO] [1790739090.083598631] [exploration]: v=+0.20 w=+0.00 | 直行 d=0.96
[INFO] [1790739090.282330228] [exploration]: v=+0.20 w=+0.00 | 直行 d=0.94
[INFO] [1790739090.382352896] [exploration]: v=+0.20 w=+0.00 | 直行 d=0.96
[INFO] [1790739090.482531770] [exploration]: v=+0.20 w=+0.00 | 直行 d=0.94
[INFO] [1790739090.782388256] [exploration]: v=+0.20 w=+0.00 | 直行 d=0.91
[INFO] [1790739090.984216333] [exploration]: v=+0.20 w=+0.00 | 直行 d=0.90
[INFO] [1790739091.183216944] [exploration]: v=+0.20 w=+0.00 | 直行 d=0.87
[INFO] [1790739091.385511779] [exploration]: v=+0.20 w=+0.00 | 直行 d=0.86
[INFO] [1790739091.484871904] [exploration]: v=+0.20 w=+0.00 | 直行 d=0.87
[INFO] [1790739091.584880956] [exploration]: v=+0.20 w=+0.00 | 直行 d=0.85
[INFO] [1790739091.684345060] [exploration]: v=+0.20 w=+0.00 | 直行 d=0.87
[INFO] [1790739091.784914481] [exploration]: v=+0.20 w=+0.00 | 直行 d=0.85
[INFO] [1790739091.884344174] [exploration]: v=+0.20 w=+0.00 | 直行 d=0.83
[INFO] [1790739091.985299081] [exploration]: v=+0.20 w=+0.00 | 直行 d=0.84
[INFO] [1790739092.085942828] [exploration]: v=+0.20 w=+0.00 | 直行 d=0.83
[INFO] [1790739092.185920310] [exploration]: v=+0.20 w=+0.00 | 直行 d=0.82
[INFO] [1790739092.284862164] [exploration]: v=+0.20 w=+0.00 | 直行 d=0.81
[INFO] [1790739092.386029000] [exploration]: v=+0.08 w=+0.00 | 减速 d=0.78
[INFO] [1790739092.486928767] [exploration]: v=+0.08 w=+0.00 | 减速 d=0.77
[INFO] [1790739092.685951738] [exploration]: v=+0.08 w=+0.00 | 减速 d=0.76
[INFO] [1790739092.786560992] [exploration]: v=+0.08 w=+0.00 | 减速 d=0.75
[INFO] [1790739092.887218901] [exploration]: v=+0.08 w=+0.00 | 减速 d=0.74
[INFO] [1790739092.988278980] [exploration]: v=+0.07 w=+0.00 | 减速 d=0.73
[INFO] [1790739093.188475314] [exploration]: v=+0.07 w=+0.00 | 减速 d=0.72
[INFO] [1790739093.389878009] [exploration]: v=+0.07 w=+0.00 | 减速 d=0.70
[INFO] [1790739093.688980003] [exploration]: v=+0.06 w=+0.00 | 减速 d=0.69
[INFO] [1790739093.788533030] [exploration]: v=+0.06 w=+0.00 | 减速 d=0.68
[INFO] [1790739094.089690222] [exploration]: v=+0.06 w=+0.00 | 减速 d=0.67
[INFO] [1790739094.189332964] [exploration]: v=+0.06 w=+0.00 | 减速 d=0.66
[INFO] [1790739094.490549551] [exploration]: v=+0.05 w=+0.00 | 减速 d=0.65
[INFO] [1790739094.589597290] [exploration]: v=+0.05 w=+0.00 | 减速 d=0.64
[INFO] [1790739094.689696678] [exploration]: v=+0.05 w=+0.00 | 减速 d=0.63
[INFO] [1790739095.091779941] [exploration]: v=+0.05 w=+0.00 | 减速 d=0.62
[INFO] [1790739095.191251178] [exploration]: v=+0.05 w=+0.00 | 减速 d=0.61
[INFO] [1790739095.290587454] [exploration]: v=+0.05 w=+0.00 | 减速 d=0.60
[INFO] [1790739095.590897110] [exploration]: v=+0.05 w=+0.00 | 减速 d=0.59
[INFO] [1790739095.790430834] [exploration]: v=+0.05 w=+0.00 | 减速 d=0.58
[INFO] [1790739096.091287315] [exploration]: v=+0.05 w=+0.00 | 减速 d=0.57
[INFO] [1790739096.191631164] [exploration]: v=+0.05 w=+0.00 | 减速 d=0.56
[INFO] [1790739096.392834473] [exploration]: v=+0.05 w=+0.00 | 减速 d=0.55
[INFO] [1790739096.492251294] [exploration]: v=+0.05 w=+0.00 | 减速 d=0.54
[INFO] [1790739096.891717405] [exploration]: v=+0.05 w=+0.00 | 减速 d=0.53
[INFO] [1790739097.092418318] [exploration]: v=+0.05 w=+0.00 | 减速 d=0.51
[INFO] [1790739097.292108418] [exploration]: v=+0.05 w=+0.00 | 减速 d=0.50
[INFO] [1790739097.392995724] [exploration]: v=+0.05 w=+0.00 | 减速 d=0.51
[INFO] [1790739097.494078114] [exploration]: v=+0.05 w=+0.00 | 减速 d=0.50
[INFO] [1790739097.594728665] [exploration]: v=+0.05 w=+0.00 | 减速 d=0.49
[INFO] [1790739097.794626484] [exploration]: v=+0.05 w=+0.00 | 减速 d=0.48
[INFO] [1790739097.994060369] [exploration]: v=+0.05 w=+0.00 | 减速 d=0.47
[INFO] [1790739098.094518370] [exploration]: v=+0.05 w=+0.00 | 减速 d=0.46
[INFO] [1790739098.194519081] [exploration]: v=+0.05 w=+0.00 | 减速 d=0.47
[INFO] [1790739098.295606833] [exploration]: v=+0.05 w=+0.00 | 减速 d=0.46
[INFO] [1790739098.394753157] [exploration]: v=+0.05 w=+0.00 | 减速 d=0.45
[INFO] [1790739098.596248146] [exploration]: v=+0.05 w=+0.00 | 减速 d=0.44
[INFO] [1790739098.697112877] [exploration]: v=+0.05 w=+0.00 | 减速 d=0.43
[INFO] [1790739099.095524016] [exploration]: v=+0.05 w=+0.00 | 减速 d=0.42
[INFO] [1790739099.196553075] [exploration]: v=+0.05 w=+0.00 | 减速 d=0.41
[INFO] [1790739099.396959958] [exploration]: v=+0.00 w=+0.50 | 转向，由于危险 d=0.40
[INFO] [1790739099.495597176] [exploration]: v=+0.00 w=+0.50 | 转向中 front=0.13 目标>0.8
[INFO] [1790739099.595151669] [exploration]: v=+0.00 w=+0.50 | 转向中 front=0.14 目标>0.8
[INFO] [1790739099.695653390] [exploration]: v=+0.00 w=+0.50 | 转向中 front=0.15 目标>0.8
[INFO] [1790739099.796716917] [exploration]: v=+0.00 w=+0.50 | 转向中 front=0.13 目标>0.8
[INFO] [1790739099.996395088] [exploration]: v=+0.00 w=+0.50 | 转向中 front=0.15 目标>0.8
[INFO] [1790739100.097336528] [exploration]: v=+0.00 w=+0.50 | 转向中 front=0.39 目标>0.8
[INFO] [1790739100.196515703] [exploration]: v=+0.00 w=+0.50 | 转向中 front=0.40 目标>0.8
[INFO] [1790739100.396376471] [exploration]: v=+0.00 w=+0.50 | 转向中 front=0.39 目标>0.8
[INFO] [1790739100.497701570] [exploration]: v=+0.00 w=+0.50 | 转向中 front=0.14 目标>0.8
[INFO] [1790739100.597849987] [exploration]: v=+0.00 w=+0.50 | 转向中 front=0.13 目标>0.8
[INFO] [1790739100.697727697] [exploration]: v=+0.00 w=+0.50 | 转向中 front=0.14 目标>0.8
[INFO] [1790739100.898513656] [exploration]: v=+0.00 w=+0.50 | 转向中 front=0.16 目标>0.8
[INFO] [1790739100.997808119] [exploration]: v=+0.00 w=+0.50 | 转向中 front=0.13 目标>0.8
[INFO] [1790739101.098912754] [exploration]: v=+0.00 w=+0.50 | 转向中 front=0.41 目标>0.8
[INFO] [1790739101.199248925] [exploration]: v=+0.00 w=+0.50 | 转向中 front=0.14 目标>0.8
[INFO] [1790739101.299886433] [exploration]: v=+0.00 w=+0.50 | 转向中 front=0.45 目标>0.8
[INFO] [1790739101.399787683] [exploration]: v=+0.00 w=+0.50 | 转向中 front=0.13 目标>0.8
[INFO] [1790739101.498399985] [exploration]: v=+0.00 w=+0.50 | 转向中 front=0.48 目标>0.8
[INFO] [1790739101.598133603] [exploration]: v=+0.00 w=+0.50 | 转向中 front=0.13 目标>0.8
[INFO] [1790739101.799138305] [exploration]: v=+0.00 w=+0.50 | 转向中 front=0.15 目标>0.8
[INFO] [1790739101.898821096] [exploration]: v=+0.00 w=+0.50 | 转向中 front=0.14 目标>0.8
[INFO] [1790739101.998448760] [exploration]: v=+0.00 w=+0.50 | 转向中 front=0.13 目标>0.8
[INFO] [1790739102.100019949] [exploration]: v=+0.00 w=+0.50 | 转向中 front=0.58 目标>0.8
[INFO] [1790739102.199791453] [exploration]: v=+0.00 w=+0.50 | 转向中 front=0.14 目标>0.8
[INFO] [1790739102.300413290] [exploration]: v=+0.00 w=+0.50 | 转向中 front=0.15 目标>0.8
[INFO] [1790739102.400311022] [exploration]: v=+0.00 w=+0.50 | 转向中 front=0.68 目标>0.8
[INFO] [1790739102.500136982] [exploration]: v=+0.00 w=+0.50 | 转向中 front=0.17 目标>0.8
[INFO] [1790739102.599991884] [exploration]: v=+0.00 w=+0.50 | 转向中 front=0.14 目标>0.8
[INFO] [1790739102.800810140] [exploration]: v=+0.00 w=+0.00 | 转向完成，停稳 front=0.87
[INFO] [1790739102.902623300] [exploration]: v=+0.20 w=+0.00 | 直行 d=0.87
[INFO] [1790739103.000709728] [exploration]: v=+0.00 w=+0.50 | 转向，由于危险 d=0.40
[INFO] [1790739103.101148370] [exploration]: v=+0.00 w=+0.50 | 转向中 front=0.13 目标>0.8
[INFO] [1790739103.200670927] [exploration]: v=+0.00 w=+0.00 | 转向完成，停稳 front=0.99
[INFO] [1790739103.300672372] [exploration]: v=+0.20 w=+0.00 | 直行 d=1.07
[INFO] [1790739103.401836345] [exploration]: v=+0.00 w=-0.50 | 转向，由于危险 d=0.14
[INFO] [1790739103.501773241] [exploration]: v=+0.00 w=+0.00 | 转向完成，停稳 front=1.22
[INFO] [1790739103.602115056] [exploration]: v=+0.00 w=-0.50 | 转向，由于危险 d=0.14
[INFO] [1790739103.702173141] [exploration]: v=+0.00 w=+0.00 | 转向完成，停稳 front=0.88
[INFO] [1790739103.802606516] [exploration]: v=+0.20 w=+0.00 | 直行 d=0.88
[INFO] [1790739103.903790740] [exploration]: v=+0.00 w=-0.50 | 转向，由于危险 d=0.13
[INFO] [1790739104.003510106] [exploration]: v=+0.00 w=-0.50 | 转向中 front=0.14 目标>0.8
[INFO] [1790739104.104383152] [exploration]: v=+0.00 w=-0.50 | 转向中 front=0.13 目标>0.8
[INFO] [1790739104.203907129] [exploration]: v=+0.00 w=+0.00 | 转向完成，停稳 front=0.80
[INFO] [1790739104.303953850] [exploration]: v=+0.00 w=-0.50 | 转向，由于危险 d=0.15
[INFO] [1790739104.405111072] [exploration]: v=+0.00 w=-0.50 | 转向中 front=0.13 目标>0.8
[INFO] [1790739104.504858812] [exploration]: v=+0.00 w=-0.50 | 转向中 front=0.74 目标>0.8
[INFO] [1790739104.604973475] [exploration]: v=+0.00 w=-0.50 | 转向中 front=0.70 目标>0.8
[INFO] [1790739104.705376020] [exploration]: v=+0.00 w=-0.50 | 转向中 front=0.13 目标>0.8
[INFO] [1790739104.805264305] [exploration]: v=+0.00 w=-0.50 | 转向中 front=0.14 目标>0.8
[INFO] [1790739105.005675648] [exploration]: v=+0.00 w=-0.50 | 转向中 front=0.51 目标>0.8
[INFO] [1790739105.105808523] [exploration]: v=+0.00 w=-0.50 | 转向中 front=0.13 目标>0.8
[INFO] [1790739105.205585710] [exploration]: v=+0.00 w=-0.50 | 转向中 front=0.50 目标>0.8
[INFO] [1790739105.305978994] [exploration]: v=+0.00 w=-0.50 | 转向中 front=0.14 目标>0.8
[INFO] [1790739105.407247017] [exploration]: v=+0.00 w=-0.50 | 转向中 front=0.13 目标>0.8
[INFO] [1790739105.506325201] [exploration]: v=+0.00 w=-0.50 | 转向中 front=0.14 目标>0.8
[INFO] [1790739105.805878375] [exploration]: v=+0.00 w=-0.50 | 转向中 front=0.13 目标>0.8
[INFO] [1790739105.906485661] [exploration]: v=+0.00 w=-0.50 | 转向中 front=0.42 目标>0.8
[INFO] [1790739106.006053236] [exploration]: v=+0.00 w=-0.50 | 转向中 front=0.41 目标>0.8
[INFO] [1790739106.106023529] [exploration]: v=+0.00 w=-0.50 | 转向中 front=0.14 目标>0.8
[INFO] [1790739106.207103378] [exploration]: v=+0.00 w=-0.50 | 转向中 front=0.41 目标>0.8
[INFO] [1790739106.506023209] [exploration]: v=+0.00 w=-0.50 | 转向中 front=0.14 目标>0.8
[INFO] [1790739106.607699602] [exploration]: v=+0.00 w=-0.50 | 转向中 front=0.41 目标>0.8
[INFO] [1790739106.707564965] [exploration]: v=+0.00 w=-0.50 | 转向中 front=0.39 目标>0.8
[INFO] [1790739106.808687802] [exploration]: v=+0.00 w=-0.50 | 转向中 front=0.13 目标>0.8
[INFO] [1790739107.007374639] [exploration]: v=+0.00 w=-0.50 | 转向中 front=0.14 目标>0.8
[INFO] [1790739107.309442363] [exploration]: v=+0.00 w=-0.50 | 转向中 front=0.41 目标>0.8
[INFO] [1790739107.409812516] [exploration]: v=+0.00 w=-0.50 | 转向中 front=0.14 目标>0.8
[INFO] [1790739107.610230363] [exploration]: v=+0.00 w=-0.50 | 转向中 front=0.13 目标>0.8
[INFO] [1790739107.710108406] [exploration]: v=+0.00 w=-0.50 | 转向中 front=0.14 目标>0.8
[INFO] [1790739108.010889918] [exploration]: v=+0.00 w=-0.50 | 转向中 front=0.13 目标>0.8
[INFO] [1790739108.211387497] [exploration]: v=+0.00 w=-0.50 | 转向中 front=0.29 目标>0.8
[INFO] [1790739108.310402199] [exploration]: v=+0.00 w=-0.50 | 转向中 front=0.30 目标>0.8
[INFO] [1790739108.410505776] [exploration]: v=+0.00 w=-0.50 | 转向中 front=0.14 目标>0.8
[INFO] [1790739108.610300923] [exploration]: v=+0.00 w=-0.50 | 转向中 front=0.26 目标>0.8
[INFO] [1790739108.711336672] [exploration]: v=+0.00 w=-0.50 | 转向中 front=0.24 目标>0.8
[INFO] [1790739108.810463111] [exploration]: v=+0.00 w=-0.50 | 转向中 front=0.14 目标>0.8
[INFO] [1790739108.911532419] [exploration]: v=+0.00 w=-0.50 | 转向中 front=0.25 目标>0.8
[INFO] [1790739109.010735802] [exploration]: v=+0.00 w=-0.50 | 转向中 front=0.23 目标>0.8
[INFO] [1790739109.112361102] [exploration]: v=+0.00 w=-0.50 | 转向中 front=0.14 目标>0.8
[INFO] [1790739109.311625391] [exploration]: v=+0.00 w=-0.50 | 转向中 front=0.22 目标>0.8
[INFO] [1790739109.412577512] [exploration]: v=+0.00 w=-0.50 | 转向中 front=0.15 目标>0.8
[INFO] [1790739109.511756832] [exploration]: v=+0.00 w=-0.50 | 转向中 front=0.16 目标>0.8
[INFO] [1790739109.611168088] [exploration]: v=+0.00 w=-0.50 | 转向中 front=0.14 目标>0.8
[INFO] [1790739109.712101597] [exploration]: v=+0.00 w=-0.50 | 转向中 front=0.22 目标>0.8
[INFO] [1790739109.912914420] [exploration]: v=+0.00 w=-0.50 | 转向中 front=0.13 目标>0.8
[INFO] [1790739110.012536708] [exploration]: v=+0.00 w=-0.50 | 转向中 front=0.15 目标>0.8
[INFO] [1790739110.114093303] [exploration]: v=+0.00 w=-0.50 | 转向中 front=0.14 目标>0.8
[INFO] [1790739110.313179281] [exploration]: v=+0.00 w=-0.50 | 转向中 front=0.13 目标>0.8
[INFO] [1790739110.513693083] [exploration]: v=+0.00 w=-0.50 | 转向中 front=0.22 目标>0.8
[INFO] [1790739110.613182601] [exploration]: v=+0.00 w=-0.50 | 转向中 front=0.13 目标>0.8
[INFO] [1790739110.713696828] [exploration]: v=+0.00 w=-0.50 | 转向中 front=0.14 目标>0.8
[INFO] [1790739111.014539950] [exploration]: v=+0.00 w=-0.50 | 转向中 front=0.25 目标>0.8
[INFO] [1790739111.216221232] [exploration]: v=+0.00 w=-0.50 | 转向中 front=0.26 目标>0.8
[INFO] [1790739111.315886549] [exploration]: v=+0.00 w=-0.50 | 转向中 front=0.27 目标>0.8
[INFO] [1790739111.415635467] [exploration]: v=+0.00 w=-0.50 | 转向中 front=0.14 目标>0.8
[INFO] [1790739111.615601638] [exploration]: v=+0.00 w=-0.50 | 转向中 front=0.13 目标>0.8
[INFO] [1790739111.715961987] [exploration]: v=+0.00 w=-0.50 | 转向中 front=0.32 目标>0.8
[INFO] [1790739111.816104386] [exploration]: v=+0.00 w=-0.50 | 转向中 front=0.13 目标>0.8
[INFO] [1790739111.915725980] [exploration]: v=+0.00 w=-0.50 | 转向中 front=0.33 目标>0.8
[INFO] [1790739112.015645424] [exploration]: v=+0.00 w=-0.50 | 转向中 front=0.38 目标>0.8
[INFO] [1790739112.116090205] [exploration]: v=+0.00 w=-0.50 | 转向中 front=0.39 目标>0.8
[INFO] [1790739112.216346568] [exploration]: v=+0.00 w=-0.50 | 转向中 front=0.14 目标>0.8
[INFO] [1790739112.315365031] [exploration]: v=+0.00 w=-0.50 | 转向中 front=0.45 目标>0.8
[INFO] [1790739112.416642551] [exploration]: v=+0.00 w=-0.50 | 转向中 front=0.51 目标>0.8
[INFO] [1790739112.516671535] [exploration]: v=+0.00 w=-0.50 | 转向中 front=0.52 目标>0.8
[INFO] [1790739112.617217081] [exploration]: v=+0.00 w=-0.50 | 转向中 front=0.14 目标>0.8
[INFO] [1790739112.817447392] [exploration]: v=+0.00 w=+0.00 | 转向完成，停稳 front=0.82
[INFO] [1790739112.917912874] [exploration]: v=+0.20 w=+0.00 | 直行 d=0.86
[INFO] [1790739113.018107627] [exploration]: v=+0.20 w=+0.00 | 直行 d=0.97
[INFO] [1790739113.118088258] [exploration]: v=+0.00 w=-0.50 | 转向，由于危险 d=0.13
[INFO] [1790739113.217951613] [exploration]: v=+0.00 w=+0.00 | 转向完成，停稳 front=0.99
[INFO] [1790739113.318544536] [exploration]: v=+0.20 w=+0.00 | 直行 d=0.98
[INFO] [1790739113.518960650] [exploration]: v=+0.20 w=+0.00 | 直行 d=1.01
[INFO] [1790739113.619451023] [exploration]: v=+0.00 w=-0.50 | 转向，由于危险 d=0.13
[INFO] [1790739113.719251440] [exploration]: v=+0.00 w=-0.50 | 转向中 front=0.13 目标>0.8
[INFO] [1790739113.819771197] [exploration]: v=+0.00 w=+0.00 | 转向完成，停稳 front=1.07
[INFO] [1790739113.920266777] [exploration]: v=+0.00 w=-0.50 | 转向，由于危险 d=0.14
[INFO] [1790739114.020606659] [exploration]: v=+0.00 w=+0.00 | 转向完成，停稳 front=1.27
[INFO] [1790739114.120504052] [exploration]: v=+0.00 w=-0.50 | 转向，由于危险 d=0.40
[INFO] [1790739114.220200219] [exploration]: v=+0.00 w=-0.50 | 转向中 front=0.14 目标>0.8
[INFO] [1790739114.321907170] [exploration]: v=+0.00 w=+0.00 | 转向完成，停稳 front=0.90
[INFO] [1790739114.420354648] [exploration]: v=+0.20 w=+0.00 | 直行 d=0.88
[INFO] [1790739114.520927486] [exploration]: v=+0.20 w=+0.00 | 直行 d=1.00
[INFO] [1790739114.620488216] [exploration]: v=+0.00 w=+0.50 | 转向，由于危险 d=0.14
[INFO] [1790739114.721326237] [exploration]: v=+0.00 w=+0.00 | 转向完成，停稳 front=3.20
[INFO] [1790739114.821774786] [exploration]: v=+0.20 w=+0.00 | 直行 d=2.81
[INFO] [1790739114.920644601] [exploration]: v=+0.00 w=+0.50 | 转向，由于危险 d=0.13
[INFO] [1790739115.020308163] [exploration]: v=+0.00 w=+0.00 | 转向完成，停稳 front=1.01
[INFO] [1790739115.122690741] [exploration]: v=+0.20 w=+0.00 | 直行 d=0.99
[INFO] [1790739115.220810999] [exploration]: v=+0.00 w=+0.50 | 转向，由于危险 d=0.13
[INFO] [1790739115.320975584] [exploration]: v=+0.00 w=+0.50 | 转向中 front=0.15 目标>0.8
[INFO] [1790739115.423206762] [exploration]: v=+0.00 w=+0.00 | 转向完成，停稳 front=2.21
[INFO] [1790739115.523230205] [exploration]: v=+0.00 w=-0.50 | 转向，由于危险 d=0.14
[INFO] [1790739115.622422179] [exploration]: v=+0.00 w=+0.00 | 转向完成，停稳 front=2.22
